-- The C compiler identification is GNU 11.4.0
-- The CXX compiler identification is GNU 11.4.0
-- Detecting C compiler ABI info
-- Detecting C compiler ABI info - done
-- Check for working C compiler: /usr/bin/cc - skipped
-- Detecting C compile features
-- Detecting C compile features - done
-- Detecting CXX compiler ABI info
-- Detecting CXX compiler ABI info - done
-- Check for working CXX compiler: /usr/bin/c++ - skipped
-- Detecting CXX compile features
-- Detecting CXX compile features - done
-- Found ament_cmake: 1.3.11 (/opt/ros/humble/share/ament_cmake/cmake)
-- Found Python3: /usr/bin/python3 (found version "3.10.12") found components: Interpreter 
-- Found rclpy: 3.3.16 (/opt/ros/humble/share/rclpy/cmake)
-- Found sensor_msgs: 4.8.0 (/opt/ros/humble/share/sensor_msgs/cmake)
-- Found rosidl_generator_c: 3.1.6 (/opt/ros/humble/share/rosidl_generator_c/cmake)
-- Found rosidl_adapter: 3.1.6 (/opt/ros/humble/share/rosidl_adapter/cmake)
-- Found rosidl_generator_cpp: 3.1.6 (/opt/ros/humble/share/rosidl_generator_cpp/cmake)
-- Using all available rosidl_typesupport_c: rosidl_typesupport_fastrtps_c;rosidl_typesupport_introspection_c
-- Using all available rosidl_typesupport_cpp: rosidl_typesupport_fastrtps_cpp;rosidl_typesupport_introspection_cpp
-- Found nav_msgs: 4.8.0 (/opt/ros/humble/share/nav_msgs/cmake)
-- Found tf2_ros: 0.25.12 (/opt/ros/humble/share/tf2_ros/cmake)
-- Found rmw_implementation_cmake: 6.1.2 (/opt/ros/humble/share/rmw_implementation_cmake/cmake)
-- Found rmw_fastrtps_cpp: 6.2.7 (/opt/ros/humble/share/rmw_fastrtps_cpp/cmake)
-- Found OpenSSL: /usr/lib/x86_64-linux-gnu/libcrypto.so (found version "3.0.2")  
-- Found FastRTPS: /opt/ros/humble/include  
-- Using RMW implementation 'rmw_fastrtps_cpp' as default
-- Looking for pthread.h
-- Looking for pthread.h - found
-- Performing Test CMAKE_HAVE_LIBC_PTHREAD
-- Performing Test CMAKE_HAVE_LIBC_PTHREAD - Success
-- Found Threads: TRUE  
-- Found ament_lint_auto: 0.12.12 (/opt/ros/humble/share/ament_lint_auto/cmake)
-- Added test 'flake8' to check Python code syntax and style conventions
-- Added test 'lint_cmake' to check CMake code style
-- Added test 'pep257' to check Python code against some of the docstring style conventions in PEP 257
-- Added test 'xmllint' to check XML markup files
-- Configuring done
-- Generating done
-- Build files have been written to: /home/pc/Documents/GitHub/HOME/src/build/bumperbot_mapping
Built target ament_cmake_python_copy_bumperbot_mapping
running egg_info
creating bumperbot_mapping.egg-info
writing bumperbot_mapping.egg-info/PKG-INFO
writing dependency_links to bumperbot_mapping.egg-info/dependency_links.txt
writing top-level names to bumperbot_mapping.egg-info/top_level.txt
writing manifest file 'bumperbot_mapping.egg-info/SOURCES.txt'
reading manifest file 'bumperbot_mapping.egg-info/SOURCES.txt'
writing manifest file 'bumperbot_mapping.egg-info/SOURCES.txt'
Built target ament_cmake_python_build_bumperbot_mapping_egg
-- Install configuration: ""
-- Installing: /home/pc/Documents/GitHub/HOME/src/install/bumperbot_mapping/share/bumperbot_mapping/environment/pythonpath.sh
-- Installing: /home/pc/Documents/GitHub/HOME/src/install/bumperbot_mapping/share/bumperbot_mapping/environment/pythonpath.dsv
-- Installing: /home/pc/Documents/GitHub/HOME/src/install/bumperbot_mapping/local/lib/python3.10/dist-packages/bumperbot_mapping-0.0.0-py3.10.egg-info
-- Installing: /home/pc/Documents/GitHub/HOME/src/install/bumperbot_mapping/local/lib/python3.10/dist-packages/bumperbot_mapping-0.0.0-py3.10.egg-info/dependency_links.txt
-- Installing: /home/pc/Documents/GitHub/HOME/src/install/bumperbot_mapping/local/lib/python3.10/dist-packages/bumperbot_mapping-0.0.0-py3.10.egg-info/top_level.txt
-- Installing: /home/pc/Documents/GitHub/HOME/src/install/bumperbot_mapping/local/lib/python3.10/dist-packages/bumperbot_mapping-0.0.0-py3.10.egg-info/SOURCES.txt
-- Installing: /home/pc/Documents/GitHub/HOME/src/install/bumperbot_mapping/local/lib/python3.10/dist-packages/bumperbot_mapping-0.0.0-py3.10.egg-info/PKG-INFO
-- Installing: /home/pc/Documents/GitHub/HOME/src/install/bumperbot_mapping/local/lib/python3.10/dist-packages/bumperbot_mapping
-- Installing: /home/pc/Documents/GitHub/HOME/src/install/bumperbot_mapping/local/lib/python3.10/dist-packages/bumperbot_mapping/mapping_with_known_poses.py
-- Installing: /home/pc/Documents/GitHub/HOME/src/install/bumperbot_mapping/local/lib/python3.10/dist-packages/bumperbot_mapping/__init__.py
Listing '/home/pc/Documents/GitHub/HOME/src/install/bumperbot_mapping/local/lib/python3.10/dist-packages/bumperbot_mapping'...
Compiling '/home/pc/Documents/GitHub/HOME/src/install/bumperbot_mapping/local/lib/python3.10/dist-packages/bumperbot_mapping/__init__.py'...
Compiling '/home/pc/Documents/GitHub/HOME/src/install/bumperbot_mapping/local/lib/python3.10/dist-packages/bumperbot_mapping/mapping_with_known_poses.py'...
-- Installing: /home/pc/Documents/GitHub/HOME/src/install/bumperbot_mapping/lib/bumperbot_mapping/mapping_with_known_poses.py
-- Installing: /home/pc/Documents/GitHub/HOME/src/install/bumperbot_mapping/share/bumperbot_mapping/config
-- Installing: /home/pc/Documents/GitHub/HOME/src/install/bumperbot_mapping/share/bumperbot_mapping/config/slam_toolbox.yaml
-- Installing: /home/pc/Documents/GitHub/HOME/src/install/bumperbot_mapping/share/bumperbot_mapping/launch
-- Installing: /home/pc/Documents/GitHub/HOME/src/install/bumperbot_mapping/share/bumperbot_mapping/launch/slam.launch.py
-- Installing: /home/pc/Documents/GitHub/HOME/src/install/bumperbot_mapping/share/bumperbot_mapping/maps
-- Installing: /home/pc/Documents/GitHub/HOME/src/install/bumperbot_mapping/share/bumperbot_mapping/maps/small_house
-- Installing: /home/pc/Documents/GitHub/HOME/src/install/bumperbot_mapping/share/bumperbot_mapping/maps/small_house/map.pgm
-- Installing: /home/pc/Documents/GitHub/HOME/src/install/bumperbot_mapping/share/bumperbot_mapping/maps/small_house/map.yaml
-- Installing: /home/pc/Documents/GitHub/HOME/src/install/bumperbot_mapping/share/ament_index/resource_index/package_run_dependencies/bumperbot_mapping
-- Installing: /home/pc/Documents/GitHub/HOME/src/install/bumperbot_mapping/share/ament_index/resource_index/parent_prefix_path/bumperbot_mapping
-- Installing: /home/pc/Documents/GitHub/HOME/src/install/bumperbot_mapping/share/bumperbot_mapping/environment/ament_prefix_path.sh
-- Installing: /home/pc/Documents/GitHub/HOME/src/install/bumperbot_mapping/share/bumperbot_mapping/environment/ament_prefix_path.dsv
-- Installing: /home/pc/Documents/GitHub/HOME/src/install/bumperbot_mapping/share/bumperbot_mapping/environment/path.sh
-- Installing: /home/pc/Documents/GitHub/HOME/src/install/bumperbot_mapping/share/bumperbot_mapping/environment/path.dsv
-- Installing: /home/pc/Documents/GitHub/HOME/src/install/bumperbot_mapping/share/bumperbot_mapping/local_setup.bash
-- Installing: /home/pc/Documents/GitHub/HOME/src/install/bumperbot_mapping/share/bumperbot_mapping/local_setup.sh
-- Installing: /home/pc/Documents/GitHub/HOME/src/install/bumperbot_mapping/share/bumperbot_mapping/local_setup.zsh
-- Installing: /home/pc/Documents/GitHub/HOME/src/install/bumperbot_mapping/share/bumperbot_mapping/local_setup.dsv
-- Installing: /home/pc/Documents/GitHub/HOME/src/install/bumperbot_mapping/share/bumperbot_mapping/package.dsv
-- Installing: /home/pc/Documents/GitHub/HOME/src/install/bumperbot_mapping/share/ament_index/resource_index/packages/bumperbot_mapping
-- Installing: /home/pc/Documents/GitHub/HOME/src/install/bumperbot_mapping/share/bumperbot_mapping/cmake/bumperbot_mappingConfig.cmake
-- Installing: /home/pc/Documents/GitHub/HOME/src/install/bumperbot_mapping/share/bumperbot_mapping/cmake/bumperbot_mappingConfig-version.cmake
-- Installing: /home/pc/Documents/GitHub/HOME/src/install/bumperbot_mapping/share/bumperbot_mapping/package.xml
