[0.022s] Invoking command in '/home/pc/Documents/GitHub/HOME/src/build/bumperbot_mapping': CMAKE_PREFIX_PATH=/opt/ros/humble /usr/bin/cmake /home/pc/Documents/GitHub/HOME/src/bumperbot_mapping -DCMAKE_INSTALL_PREFIX=/home/pc/Documents/GitHub/HOME/src/install/bumperbot_mapping
[0.376s] -- The C compiler identification is GNU 11.4.0
[0.376s] -- The CXX compiler identification is GNU 11.4.0
[0.376s] -- Detecting C compiler ABI info
[0.376s] -- Detecting C compiler ABI info - done
[0.376s] -- Check for working C compiler: /usr/bin/cc - skipped
[0.376s] -- Detecting C compile features
[0.377s] -- Detecting C compile features - done
[0.377s] -- Detecting CXX compiler ABI info
[0.377s] -- Detecting CXX compiler ABI info - done
[0.377s] -- Check for working CXX compiler: /usr/bin/c++ - skipped
[0.377s] -- Detecting CXX compile features
[0.377s] -- Detecting CXX compile features - done
[0.377s] -- Found ament_cmake: 1.3.11 (/opt/ros/humble/share/ament_cmake/cmake)
[0.406s] -- Found Python3: /usr/bin/python3 (found version "3.10.12") found components: Interpreter 
[0.473s] -- Found rclpy: 3.3.16 (/opt/ros/humble/share/rclpy/cmake)
[0.474s] -- Found sensor_msgs: 4.8.0 (/opt/ros/humble/share/sensor_msgs/cmake)
[0.508s] -- Found rosidl_generator_c: 3.1.6 (/opt/ros/humble/share/rosidl_generator_c/cmake)
[0.512s] -- Found rosidl_adapter: 3.1.6 (/opt/ros/humble/share/rosidl_adapter/cmake)
[0.520s] -- Found rosidl_generator_cpp: 3.1.6 (/opt/ros/humble/share/rosidl_generator_cpp/cmake)
[0.532s] -- Using all available rosidl_typesupport_c: rosidl_typesupport_fastrtps_c;rosidl_typesupport_introspection_c
[0.547s] -- Using all available rosidl_typesupport_cpp: rosidl_typesupport_fastrtps_cpp;rosidl_typesupport_introspection_cpp
[0.608s] -- Found nav_msgs: 4.8.0 (/opt/ros/humble/share/nav_msgs/cmake)
[0.626s] -- Found tf2_ros: 0.25.12 (/opt/ros/humble/share/tf2_ros/cmake)
[0.696s] -- Found rmw_implementation_cmake: 6.1.2 (/opt/ros/humble/share/rmw_implementation_cmake/cmake)
[0.698s] -- Found rmw_fastrtps_cpp: 6.2.7 (/opt/ros/humble/share/rmw_fastrtps_cpp/cmake)
[0.774s] -- Found OpenSSL: /usr/lib/x86_64-linux-gnu/libcrypto.so (found version "3.0.2")  
[0.795s] -- Found FastRTPS: /opt/ros/humble/include  
[0.829s] -- Using RMW implementation 'rmw_fastrtps_cpp' as default
[0.837s] -- Looking for pthread.h
[0.898s] -- Looking for pthread.h - found
[0.898s] -- Performing Test CMAKE_HAVE_LIBC_PTHREAD
[0.953s] -- Performing Test CMAKE_HAVE_LIBC_PTHREAD - Success
[0.955s] -- Found Threads: TRUE  
[1.091s] -- Found ament_lint_auto: 0.12.12 (/opt/ros/humble/share/ament_lint_auto/cmake)
[1.138s] -- Added test 'flake8' to check Python code syntax and style conventions
[1.138s] -- Added test 'lint_cmake' to check CMake code style
[1.139s] -- Added test 'pep257' to check Python code against some of the docstring style conventions in PEP 257
[1.139s] -- Added test 'xmllint' to check XML markup files
[1.140s] -- Configuring done
[1.143s] -- Generating done
[1.145s] -- Build files have been written to: /home/pc/Documents/GitHub/HOME/src/build/bumperbot_mapping
[1.153s] Invoked command in '/home/pc/Documents/GitHub/HOME/src/build/bumperbot_mapping' returned '0': CMAKE_PREFIX_PATH=/opt/ros/humble /usr/bin/cmake /home/pc/Documents/GitHub/HOME/src/bumperbot_mapping -DCMAKE_INSTALL_PREFIX=/home/pc/Documents/GitHub/HOME/src/install/bumperbot_mapping
[1.153s] Invoking command in '/home/pc/Documents/GitHub/HOME/src/build/bumperbot_mapping': CMAKE_PREFIX_PATH=/opt/ros/humble /usr/bin/cmake --build /home/pc/Documents/GitHub/HOME/src/build/bumperbot_mapping -- -j12 -l12
[1.195s] Built target ament_cmake_python_copy_bumperbot_mapping
[1.334s] running egg_info
[1.334s] creating bumperbot_mapping.egg-info
[1.334s] writing bumperbot_mapping.egg-info/PKG-INFO
[1.334s] writing dependency_links to bumperbot_mapping.egg-info/dependency_links.txt
[1.335s] writing top-level names to bumperbot_mapping.egg-info/top_level.txt
[1.335s] writing manifest file 'bumperbot_mapping.egg-info/SOURCES.txt'
[1.336s] reading manifest file 'bumperbot_mapping.egg-info/SOURCES.txt'
[1.336s] writing manifest file 'bumperbot_mapping.egg-info/SOURCES.txt'
[1.357s] Built target ament_cmake_python_build_bumperbot_mapping_egg
[1.364s] Invoked command in '/home/pc/Documents/GitHub/HOME/src/build/bumperbot_mapping' returned '0': CMAKE_PREFIX_PATH=/opt/ros/humble /usr/bin/cmake --build /home/pc/Documents/GitHub/HOME/src/build/bumperbot_mapping -- -j12 -l12
[1.365s] Invoking command in '/home/pc/Documents/GitHub/HOME/src/build/bumperbot_mapping': CMAKE_PREFIX_PATH=/opt/ros/humble /usr/bin/cmake --install /home/pc/Documents/GitHub/HOME/src/build/bumperbot_mapping
[1.371s] -- Install configuration: ""
[1.371s] -- Installing: /home/pc/Documents/GitHub/HOME/src/install/bumperbot_mapping/share/bumperbot_mapping/environment/pythonpath.sh
[1.371s] -- Installing: /home/pc/Documents/GitHub/HOME/src/install/bumperbot_mapping/share/bumperbot_mapping/environment/pythonpath.dsv
[1.371s] -- Installing: /home/pc/Documents/GitHub/HOME/src/install/bumperbot_mapping/local/lib/python3.10/dist-packages/bumperbot_mapping-0.0.0-py3.10.egg-info
[1.371s] -- Installing: /home/pc/Documents/GitHub/HOME/src/install/bumperbot_mapping/local/lib/python3.10/dist-packages/bumperbot_mapping-0.0.0-py3.10.egg-info/dependency_links.txt
[1.371s] -- Installing: /home/pc/Documents/GitHub/HOME/src/install/bumperbot_mapping/local/lib/python3.10/dist-packages/bumperbot_mapping-0.0.0-py3.10.egg-info/top_level.txt
[1.371s] -- Installing: /home/pc/Documents/GitHub/HOME/src/install/bumperbot_mapping/local/lib/python3.10/dist-packages/bumperbot_mapping-0.0.0-py3.10.egg-info/SOURCES.txt
[1.371s] -- Installing: /home/pc/Documents/GitHub/HOME/src/install/bumperbot_mapping/local/lib/python3.10/dist-packages/bumperbot_mapping-0.0.0-py3.10.egg-info/PKG-INFO
[1.371s] -- Installing: /home/pc/Documents/GitHub/HOME/src/install/bumperbot_mapping/local/lib/python3.10/dist-packages/bumperbot_mapping
[1.371s] -- Installing: /home/pc/Documents/GitHub/HOME/src/install/bumperbot_mapping/local/lib/python3.10/dist-packages/bumperbot_mapping/mapping_with_known_poses.py
[1.371s] -- Installing: /home/pc/Documents/GitHub/HOME/src/install/bumperbot_mapping/local/lib/python3.10/dist-packages/bumperbot_mapping/__init__.py
[1.394s] Listing '/home/pc/Documents/GitHub/HOME/src/install/bumperbot_mapping/local/lib/python3.10/dist-packages/bumperbot_mapping'...
[1.394s] Compiling '/home/pc/Documents/GitHub/HOME/src/install/bumperbot_mapping/local/lib/python3.10/dist-packages/bumperbot_mapping/__init__.py'...
[1.394s] Compiling '/home/pc/Documents/GitHub/HOME/src/install/bumperbot_mapping/local/lib/python3.10/dist-packages/bumperbot_mapping/mapping_with_known_poses.py'...
[1.398s] -- Installing: /home/pc/Documents/GitHub/HOME/src/install/bumperbot_mapping/lib/bumperbot_mapping/mapping_with_known_poses.py
[1.398s] -- Installing: /home/pc/Documents/GitHub/HOME/src/install/bumperbot_mapping/share/bumperbot_mapping/config
[1.399s] -- Installing: /home/pc/Documents/GitHub/HOME/src/install/bumperbot_mapping/share/bumperbot_mapping/config/slam_toolbox.yaml
[1.399s] -- Installing: /home/pc/Documents/GitHub/HOME/src/install/bumperbot_mapping/share/bumperbot_mapping/launch
[1.399s] -- Installing: /home/pc/Documents/GitHub/HOME/src/install/bumperbot_mapping/share/bumperbot_mapping/launch/slam.launch.py
[1.399s] -- Installing: /home/pc/Documents/GitHub/HOME/src/install/bumperbot_mapping/share/bumperbot_mapping/maps
[1.399s] -- Installing: /home/pc/Documents/GitHub/HOME/src/install/bumperbot_mapping/share/bumperbot_mapping/maps/small_house
[1.399s] -- Installing: /home/pc/Documents/GitHub/HOME/src/install/bumperbot_mapping/share/bumperbot_mapping/maps/small_house/map.pgm
[1.399s] -- Installing: /home/pc/Documents/GitHub/HOME/src/install/bumperbot_mapping/share/bumperbot_mapping/maps/small_house/map.yaml
[1.400s] -- Installing: /home/pc/Documents/GitHub/HOME/src/install/bumperbot_mapping/share/ament_index/resource_index/package_run_dependencies/bumperbot_mapping
[1.400s] -- Installing: /home/pc/Documents/GitHub/HOME/src/install/bumperbot_mapping/share/ament_index/resource_index/parent_prefix_path/bumperbot_mapping
[1.400s] -- Installing: /home/pc/Documents/GitHub/HOME/src/install/bumperbot_mapping/share/bumperbot_mapping/environment/ament_prefix_path.sh
[1.400s] -- Installing: /home/pc/Documents/GitHub/HOME/src/install/bumperbot_mapping/share/bumperbot_mapping/environment/ament_prefix_path.dsv
[1.400s] -- Installing: /home/pc/Documents/GitHub/HOME/src/install/bumperbot_mapping/share/bumperbot_mapping/environment/path.sh
[1.400s] -- Installing: /home/pc/Documents/GitHub/HOME/src/install/bumperbot_mapping/share/bumperbot_mapping/environment/path.dsv
[1.400s] -- Installing: /home/pc/Documents/GitHub/HOME/src/install/bumperbot_mapping/share/bumperbot_mapping/local_setup.bash
[1.400s] -- Installing: /home/pc/Documents/GitHub/HOME/src/install/bumperbot_mapping/share/bumperbot_mapping/local_setup.sh
[1.400s] -- Installing: /home/pc/Documents/GitHub/HOME/src/install/bumperbot_mapping/share/bumperbot_mapping/local_setup.zsh
[1.401s] -- Installing: /home/pc/Documents/GitHub/HOME/src/install/bumperbot_mapping/share/bumperbot_mapping/local_setup.dsv
[1.401s] -- Installing: /home/pc/Documents/GitHub/HOME/src/install/bumperbot_mapping/share/bumperbot_mapping/package.dsv
[1.401s] -- Installing: /home/pc/Documents/GitHub/HOME/src/install/bumperbot_mapping/share/ament_index/resource_index/packages/bumperbot_mapping
[1.401s] -- Installing: /home/pc/Documents/GitHub/HOME/src/install/bumperbot_mapping/share/bumperbot_mapping/cmake/bumperbot_mappingConfig.cmake
[1.401s] -- Installing: /home/pc/Documents/GitHub/HOME/src/install/bumperbot_mapping/share/bumperbot_mapping/cmake/bumperbot_mappingConfig-version.cmake
[1.401s] -- Installing: /home/pc/Documents/GitHub/HOME/src/install/bumperbot_mapping/share/bumperbot_mapping/package.xml
[1.402s] Invoked command in '/home/pc/Documents/GitHub/HOME/src/build/bumperbot_mapping' returned '0': CMAKE_PREFIX_PATH=/opt/ros/humble /usr/bin/cmake --install /home/pc/Documents/GitHub/HOME/src/build/bumperbot_mapping
