[0.024s] Invoking command in '/home/emzx/ros2_ws/build/bumperbot_mapping': CMAKE_PREFIX_PATH=${CMAKE_PREFIX_PATH}:/home/emzx/ros2_ws/install/turtlesim_catch_them_all:/home/emzx/ros2_ws/install/pacote_teste:/home/emzx/ros2_ws/install/bumperbot_utils:/home/emzx/ros2_ws/install/bumperbot_py:/opt/ros/jazzy DEBUGINFOD_URLS=https://debuginfod.ubuntu.com /usr/bin/cmake --build /home/emzx/ros2_ws/build/bumperbot_mapping -- -j8 -l8
[0.486s] Invoked command in '/home/emzx/ros2_ws/build/bumperbot_mapping' returned '0': CMAKE_PREFIX_PATH=${CMAKE_PREFIX_PATH}:/home/emzx/ros2_ws/install/turtlesim_catch_them_all:/home/emzx/ros2_ws/install/pacote_teste:/home/emzx/ros2_ws/install/bumperbot_utils:/home/emzx/ros2_ws/install/bumperbot_py:/opt/ros/jazzy DEBUGINFOD_URLS=https://debuginfod.ubuntu.com /usr/bin/cmake --build /home/emzx/ros2_ws/build/bumperbot_mapping -- -j8 -l8
[0.487s] Invoking command in '/home/emzx/ros2_ws/build/bumperbot_mapping': CMAKE_PREFIX_PATH=${CMAKE_PREFIX_PATH}:/home/emzx/ros2_ws/install/turtlesim_catch_them_all:/home/emzx/ros2_ws/install/pacote_teste:/home/emzx/ros2_ws/install/bumperbot_utils:/home/emzx/ros2_ws/install/bumperbot_py:/opt/ros/jazzy DEBUGINFOD_URLS=https://debuginfod.ubuntu.com /usr/bin/cmake --install /home/emzx/ros2_ws/build/bumperbot_mapping
[0.495s] -- Install configuration: ""
[0.495s] -- Up-to-date: /home/emzx/ros2_ws/install/bumperbot_mapping/share/bumperbot_mapping/maps
[0.495s] -- Up-to-date: /home/emzx/ros2_ws/install/bumperbot_mapping/share/bumperbot_mapping/maps/small_house
[0.495s] -- Up-to-date: /home/emzx/ros2_ws/install/bumperbot_mapping/share/bumperbot_mapping/maps/small_house/map.pgm
[0.496s] -- Up-to-date: /home/emzx/ros2_ws/install/bumperbot_mapping/share/bumperbot_mapping/maps/small_house/map.yaml
[0.496s] -- Up-to-date: /home/emzx/ros2_ws/install/bumperbot_mapping/share/ament_index/resource_index/package_run_dependencies/bumperbot_mapping
[0.496s] -- Up-to-date: /home/emzx/ros2_ws/install/bumperbot_mapping/share/ament_index/resource_index/parent_prefix_path/bumperbot_mapping
[0.496s] -- Up-to-date: /home/emzx/ros2_ws/install/bumperbot_mapping/share/bumperbot_mapping/environment/ament_prefix_path.sh
[0.497s] -- Up-to-date: /home/emzx/ros2_ws/install/bumperbot_mapping/share/bumperbot_mapping/environment/ament_prefix_path.dsv
[0.497s] -- Up-to-date: /home/emzx/ros2_ws/install/bumperbot_mapping/share/bumperbot_mapping/environment/path.sh
[0.497s] -- Up-to-date: /home/emzx/ros2_ws/install/bumperbot_mapping/share/bumperbot_mapping/environment/path.dsv
[0.497s] -- Up-to-date: /home/emzx/ros2_ws/install/bumperbot_mapping/share/bumperbot_mapping/local_setup.bash
[0.497s] -- Up-to-date: /home/emzx/ros2_ws/install/bumperbot_mapping/share/bumperbot_mapping/local_setup.sh
[0.497s] -- Up-to-date: /home/emzx/ros2_ws/install/bumperbot_mapping/share/bumperbot_mapping/local_setup.zsh
[0.497s] -- Up-to-date: /home/emzx/ros2_ws/install/bumperbot_mapping/share/bumperbot_mapping/local_setup.dsv
[0.497s] -- Up-to-date: /home/emzx/ros2_ws/install/bumperbot_mapping/share/bumperbot_mapping/package.dsv
[0.497s] -- Up-to-date: /home/emzx/ros2_ws/install/bumperbot_mapping/share/ament_index/resource_index/packages/bumperbot_mapping
[0.497s] -- Up-to-date: /home/emzx/ros2_ws/install/bumperbot_mapping/share/bumperbot_mapping/cmake/bumperbot_mappingConfig.cmake
[0.497s] -- Up-to-date: /home/emzx/ros2_ws/install/bumperbot_mapping/share/bumperbot_mapping/cmake/bumperbot_mappingConfig-version.cmake
[0.497s] -- Up-to-date: /home/emzx/ros2_ws/install/bumperbot_mapping/share/bumperbot_mapping/package.xml
[0.501s] Invoked command in '/home/emzx/ros2_ws/build/bumperbot_mapping' returned '0': CMAKE_PREFIX_PATH=${CMAKE_PREFIX_PATH}:/home/emzx/ros2_ws/install/turtlesim_catch_them_all:/home/emzx/ros2_ws/install/pacote_teste:/home/emzx/ros2_ws/install/bumperbot_utils:/home/emzx/ros2_ws/install/bumperbot_py:/opt/ros/jazzy DEBUGINFOD_URLS=https://debuginfod.ubuntu.com /usr/bin/cmake --install /home/emzx/ros2_ws/build/bumperbot_mapping
