[0.089s] Invoking command in '/home/emzx/neuronbot2_ros2_ws/build/serial': CMAKE_PREFIX_PATH=${CMAKE_PREFIX_PATH}:/home/emzx/ros2_ws/install/yolo_ros:/home/emzx/ros2_ws/install/vision_pipeline_openvino:/home/emzx/ros2_ws/install/rtabmap_python:/home/emzx/ros2_ws/install/box_follower_pkg:/home/emzx/neuronbot2_ros2_ws/install/neuronbot2_led:/opt/ros/humble PS1=(opencv_env) \[\e]0;\u@\h: \w\a\]${debian_chroot:+($debian_chroot)}\[\033[01;32m\]\u@\h\[\033[00m\]:\[\033[01;34m\]\w\[\033[00m\]\$ VIRTUAL_ENV_PROMPT=(opencv_env) /usr/bin/cmake /home/emzx/neuronbot2_ros2_ws/src/serial -DAMENT_CMAKE_SYMLINK_INSTALL=1 -DCMAKE_INSTALL_PREFIX=/home/emzx/neuronbot2_ros2_ws/install/serial
[0.883s] -- Found ament_cmake: 1.3.12 (/opt/ros/humble/share/ament_cmake/cmake)
[0.883s] -- Override CMake install command with custom implementation using symlinks instead of copying resources
[0.885s] -- Configuring done
[0.886s] -- Generating done
[0.886s] -- Build files have been written to: /home/emzx/neuronbot2_ros2_ws/build/serial
[0.902s] Invoked command in '/home/emzx/neuronbot2_ros2_ws/build/serial' returned '0': CMAKE_PREFIX_PATH=${CMAKE_PREFIX_PATH}:/home/emzx/ros2_ws/install/yolo_ros:/home/emzx/ros2_ws/install/vision_pipeline_openvino:/home/emzx/ros2_ws/install/rtabmap_python:/home/emzx/ros2_ws/install/box_follower_pkg:/home/emzx/neuronbot2_ros2_ws/install/neuronbot2_led:/opt/ros/humble PS1=(opencv_env) \[\e]0;\u@\h: \w\a\]${debian_chroot:+($debian_chroot)}\[\033[01;32m\]\u@\h\[\033[00m\]:\[\033[01;34m\]\w\[\033[00m\]\$ VIRTUAL_ENV_PROMPT=(opencv_env) /usr/bin/cmake /home/emzx/neuronbot2_ros2_ws/src/serial -DAMENT_CMAKE_SYMLINK_INSTALL=1 -DCMAKE_INSTALL_PREFIX=/home/emzx/neuronbot2_ros2_ws/install/serial
[0.903s] Invoking command in '/home/emzx/neuronbot2_ros2_ws/build/serial': CMAKE_PREFIX_PATH=${CMAKE_PREFIX_PATH}:/home/emzx/ros2_ws/install/yolo_ros:/home/emzx/ros2_ws/install/vision_pipeline_openvino:/home/emzx/ros2_ws/install/rtabmap_python:/home/emzx/ros2_ws/install/box_follower_pkg:/home/emzx/neuronbot2_ros2_ws/install/neuronbot2_led:/opt/ros/humble PS1=(opencv_env) \[\e]0;\u@\h: \w\a\]${debian_chroot:+($debian_chroot)}\[\033[01;32m\]\u@\h\[\033[00m\]:\[\033[01;34m\]\w\[\033[00m\]\$ VIRTUAL_ENV_PROMPT=(opencv_env) /usr/bin/cmake --build /home/emzx/neuronbot2_ros2_ws/build/serial -- -j8 -l8
[1.050s] [35m[1mConsolidate compiler generated dependencies of target serial[0m
[1.122s] [100%] Built target serial
[1.167s] Invoked command in '/home/emzx/neuronbot2_ros2_ws/build/serial' returned '0': CMAKE_PREFIX_PATH=${CMAKE_PREFIX_PATH}:/home/emzx/ros2_ws/install/yolo_ros:/home/emzx/ros2_ws/install/vision_pipeline_openvino:/home/emzx/ros2_ws/install/rtabmap_python:/home/emzx/ros2_ws/install/box_follower_pkg:/home/emzx/neuronbot2_ros2_ws/install/neuronbot2_led:/opt/ros/humble PS1=(opencv_env) \[\e]0;\u@\h: \w\a\]${debian_chroot:+($debian_chroot)}\[\033[01;32m\]\u@\h\[\033[00m\]:\[\033[01;34m\]\w\[\033[00m\]\$ VIRTUAL_ENV_PROMPT=(opencv_env) /usr/bin/cmake --build /home/emzx/neuronbot2_ros2_ws/build/serial -- -j8 -l8
[1.230s] Invoking command in '/home/emzx/neuronbot2_ros2_ws/build/serial': CMAKE_PREFIX_PATH=${CMAKE_PREFIX_PATH}:/home/emzx/ros2_ws/install/yolo_ros:/home/emzx/ros2_ws/install/vision_pipeline_openvino:/home/emzx/ros2_ws/install/rtabmap_python:/home/emzx/ros2_ws/install/box_follower_pkg:/home/emzx/neuronbot2_ros2_ws/install/neuronbot2_led:/opt/ros/humble PS1=(opencv_env) \[\e]0;\u@\h: \w\a\]${debian_chroot:+($debian_chroot)}\[\033[01;32m\]\u@\h\[\033[00m\]:\[\033[01;34m\]\w\[\033[00m\]\$ VIRTUAL_ENV_PROMPT=(opencv_env) /usr/bin/cmake --install /home/emzx/neuronbot2_ros2_ws/build/serial
[1.265s] -- Install configuration: "Release"
[1.267s] -- Execute custom install script
[1.268s] -- Up-to-date symlink: /home/emzx/neuronbot2_ros2_ws/install/serial/share/serial/environment/library_path.sh
[1.269s] -- Up-to-date symlink: /home/emzx/neuronbot2_ros2_ws/install/serial/share/serial/environment/library_path.dsv
[1.270s] -- Up-to-date symlink: /home/emzx/neuronbot2_ros2_ws/install/serial/lib/libserial.so
[1.271s] -- Up-to-date symlink: /home/emzx/neuronbot2_ros2_ws/install/serial/include/serial/serial.h
[1.272s] -- Up-to-date symlink: /home/emzx/neuronbot2_ros2_ws/install/serial/include/serial/v8stdint.h
[1.273s] -- Up-to-date symlink: /home/emzx/neuronbot2_ros2_ws/install/serial/share/ament_index/resource_index/package_run_dependencies/serial
[1.274s] -- Up-to-date symlink: /home/emzx/neuronbot2_ros2_ws/install/serial/share/ament_index/resource_index/parent_prefix_path/serial
[1.274s] -- Up-to-date symlink: /home/emzx/neuronbot2_ros2_ws/install/serial/share/serial/environment/ament_prefix_path.sh
[1.275s] -- Up-to-date symlink: /home/emzx/neuronbot2_ros2_ws/install/serial/share/serial/environment/ament_prefix_path.dsv
[1.276s] -- Up-to-date symlink: /home/emzx/neuronbot2_ros2_ws/install/serial/share/serial/environment/path.sh
[1.277s] -- Up-to-date symlink: /home/emzx/neuronbot2_ros2_ws/install/serial/share/serial/environment/path.dsv
[1.278s] -- Up-to-date symlink: /home/emzx/neuronbot2_ros2_ws/install/serial/share/serial/local_setup.bash
[1.279s] -- Up-to-date symlink: /home/emzx/neuronbot2_ros2_ws/install/serial/share/serial/local_setup.sh
[1.280s] -- Up-to-date symlink: /home/emzx/neuronbot2_ros2_ws/install/serial/share/serial/local_setup.zsh
[1.280s] -- Up-to-date symlink: /home/emzx/neuronbot2_ros2_ws/install/serial/share/serial/local_setup.dsv
[1.281s] -- Symlinking: /home/emzx/neuronbot2_ros2_ws/install/serial/share/serial/package.dsv
[1.307s] -- Up-to-date symlink: /home/emzx/neuronbot2_ros2_ws/install/serial/share/ament_index/resource_index/packages/serial
[1.308s] -- Up-to-date symlink: /home/emzx/neuronbot2_ros2_ws/install/serial/share/serial/cmake/ament_cmake_export_include_directories-extras.cmake
[1.309s] -- Up-to-date symlink: /home/emzx/neuronbot2_ros2_ws/install/serial/share/serial/cmake/ament_cmake_export_libraries-extras.cmake
[1.310s] -- Up-to-date symlink: /home/emzx/neuronbot2_ros2_ws/install/serial/share/serial/cmake/serialConfig.cmake
[1.311s] -- Up-to-date symlink: /home/emzx/neuronbot2_ros2_ws/install/serial/share/serial/cmake/serialConfig-version.cmake
[1.314s] -- Up-to-date symlink: /home/emzx/neuronbot2_ros2_ws/install/serial/share/serial/package.xml
[1.332s] Invoked command in '/home/emzx/neuronbot2_ros2_ws/build/serial' returned '0': CMAKE_PREFIX_PATH=${CMAKE_PREFIX_PATH}:/home/emzx/ros2_ws/install/yolo_ros:/home/emzx/ros2_ws/install/vision_pipeline_openvino:/home/emzx/ros2_ws/install/rtabmap_python:/home/emzx/ros2_ws/install/box_follower_pkg:/home/emzx/neuronbot2_ros2_ws/install/neuronbot2_led:/opt/ros/humble PS1=(opencv_env) \[\e]0;\u@\h: \w\a\]${debian_chroot:+($debian_chroot)}\[\033[01;32m\]\u@\h\[\033[00m\]:\[\033[01;34m\]\w\[\033[00m\]\$ VIRTUAL_ENV_PROMPT=(opencv_env) /usr/bin/cmake --install /home/emzx/neuronbot2_ros2_ws/build/serial
