[0.027s] Invoking command in '/home/emzx/ros2_ws/build/bumperbot_bringup': CMAKE_PREFIX_PATH=${CMAKE_PREFIX_PATH}:/home/emzx/ros2_ws/install/turtlesim_catch_them_all:/home/emzx/ros2_ws/install/pacote_teste:/home/emzx/ros2_ws/install/bumperbot_utils:/home/emzx/ros2_ws/install/bumperbot_py:/opt/ros/jazzy DEBUGINFOD_URLS=https://debuginfod.ubuntu.com /usr/bin/cmake --build /home/emzx/ros2_ws/build/bumperbot_bringup -- -j8 -l8
[0.454s] Invoked command in '/home/emzx/ros2_ws/build/bumperbot_bringup' returned '0': CMAKE_PREFIX_PATH=${CMAKE_PREFIX_PATH}:/home/emzx/ros2_ws/install/turtlesim_catch_them_all:/home/emzx/ros2_ws/install/pacote_teste:/home/emzx/ros2_ws/install/bumperbot_utils:/home/emzx/ros2_ws/install/bumperbot_py:/opt/ros/jazzy DEBUGINFOD_URLS=https://debuginfod.ubuntu.com /usr/bin/cmake --build /home/emzx/ros2_ws/build/bumperbot_bringup -- -j8 -l8
[0.463s] Invoking command in '/home/emzx/ros2_ws/build/bumperbot_bringup': CMAKE_PREFIX_PATH=${CMAKE_PREFIX_PATH}:/home/emzx/ros2_ws/install/turtlesim_catch_them_all:/home/emzx/ros2_ws/install/pacote_teste:/home/emzx/ros2_ws/install/bumperbot_utils:/home/emzx/ros2_ws/install/bumperbot_py:/opt/ros/jazzy DEBUGINFOD_URLS=https://debuginfod.ubuntu.com /usr/bin/cmake --install /home/emzx/ros2_ws/build/bumperbot_bringup
[0.472s] -- Install configuration: ""
[0.472s] -- Up-to-date: /home/emzx/ros2_ws/install/bumperbot_bringup/share/bumperbot_bringup/launch
[0.472s] -- Up-to-date: /home/emzx/ros2_ws/install/bumperbot_bringup/share/bumperbot_bringup/launch/simulated_robot.launch.py
[0.472s] -- Up-to-date: /home/emzx/ros2_ws/install/bumperbot_bringup/share/ament_index/resource_index/package_run_dependencies/bumperbot_bringup
[0.472s] -- Up-to-date: /home/emzx/ros2_ws/install/bumperbot_bringup/share/ament_index/resource_index/parent_prefix_path/bumperbot_bringup
[0.472s] -- Up-to-date: /home/emzx/ros2_ws/install/bumperbot_bringup/share/bumperbot_bringup/environment/ament_prefix_path.sh
[0.472s] -- Up-to-date: /home/emzx/ros2_ws/install/bumperbot_bringup/share/bumperbot_bringup/environment/ament_prefix_path.dsv
[0.472s] -- Up-to-date: /home/emzx/ros2_ws/install/bumperbot_bringup/share/bumperbot_bringup/environment/path.sh
[0.472s] -- Up-to-date: /home/emzx/ros2_ws/install/bumperbot_bringup/share/bumperbot_bringup/environment/path.dsv
[0.476s] -- Up-to-date: /home/emzx/ros2_ws/install/bumperbot_bringup/share/bumperbot_bringup/local_setup.bash
[0.476s] -- Up-to-date: /home/emzx/ros2_ws/install/bumperbot_bringup/share/bumperbot_bringup/local_setup.sh
[0.477s] -- Up-to-date: /home/emzx/ros2_ws/install/bumperbot_bringup/share/bumperbot_bringup/local_setup.zsh
[0.477s] -- Up-to-date: /home/emzx/ros2_ws/install/bumperbot_bringup/share/bumperbot_bringup/local_setup.dsv
[0.477s] -- Installing: /home/emzx/ros2_ws/install/bumperbot_bringup/share/bumperbot_bringup/package.dsv
[0.477s] -- Up-to-date: /home/emzx/ros2_ws/install/bumperbot_bringup/share/ament_index/resource_index/packages/bumperbot_bringup
[0.477s] -- Up-to-date: /home/emzx/ros2_ws/install/bumperbot_bringup/share/bumperbot_bringup/cmake/bumperbot_bringupConfig.cmake
[0.477s] -- Up-to-date: /home/emzx/ros2_ws/install/bumperbot_bringup/share/bumperbot_bringup/cmake/bumperbot_bringupConfig-version.cmake
[0.477s] -- Up-to-date: /home/emzx/ros2_ws/install/bumperbot_bringup/share/bumperbot_bringup/package.xml
[0.483s] Invoked command in '/home/emzx/ros2_ws/build/bumperbot_bringup' returned '0': CMAKE_PREFIX_PATH=${CMAKE_PREFIX_PATH}:/home/emzx/ros2_ws/install/turtlesim_catch_them_all:/home/emzx/ros2_ws/install/pacote_teste:/home/emzx/ros2_ws/install/bumperbot_utils:/home/emzx/ros2_ws/install/bumperbot_py:/opt/ros/jazzy DEBUGINFOD_URLS=https://debuginfod.ubuntu.com /usr/bin/cmake --install /home/emzx/ros2_ws/build/bumperbot_bringup
