[0.085s] Invoking command in '/home/emzx/ros2_ws/build/bumperbot_bringup': CMAKE_PREFIX_PATH=${CMAKE_PREFIX_PATH}:/home/emzx/ros2_ws/install/turtlesim_catch_them_all:/home/emzx/ros2_ws/install/pacote_teste:/home/emzx/ros2_ws/install/bumperbot_utils:/home/emzx/ros2_ws/install/bumperbot_py:/opt/ros/jazzy DEBUGINFOD_URLS=https://debuginfod.ubuntu.com /usr/bin/cmake --build /home/emzx/ros2_ws/build/bumperbot_bringup -- -j8 -l8
[1.411s] Invoked command in '/home/emzx/ros2_ws/build/bumperbot_bringup' returned '0': CMAKE_PREFIX_PATH=${CMAKE_PREFIX_PATH}:/home/emzx/ros2_ws/install/turtlesim_catch_them_all:/home/emzx/ros2_ws/install/pacote_teste:/home/emzx/ros2_ws/install/bumperbot_utils:/home/emzx/ros2_ws/install/bumperbot_py:/opt/ros/jazzy DEBUGINFOD_URLS=https://debuginfod.ubuntu.com /usr/bin/cmake --build /home/emzx/ros2_ws/build/bumperbot_bringup -- -j8 -l8
[1.428s] Invoking command in '/home/emzx/ros2_ws/build/bumperbot_bringup': CMAKE_PREFIX_PATH=${CMAKE_PREFIX_PATH}:/home/emzx/ros2_ws/install/turtlesim_catch_them_all:/home/emzx/ros2_ws/install/pacote_teste:/home/emzx/ros2_ws/install/bumperbot_utils:/home/emzx/ros2_ws/install/bumperbot_py:/opt/ros/jazzy DEBUGINFOD_URLS=https://debuginfod.ubuntu.com /usr/bin/cmake --install /home/emzx/ros2_ws/build/bumperbot_bringup
[1.445s] -- Install configuration: ""
[1.446s] -- Up-to-date: /home/emzx/ros2_ws/install/bumperbot_bringup/share/bumperbot_bringup/launch
[1.447s] -- Installing: /home/emzx/ros2_ws/install/bumperbot_bringup/share/bumperbot_bringup/launch/simulated_robot.launch.py
[1.447s] -- Up-to-date: /home/emzx/ros2_ws/install/bumperbot_bringup/share/ament_index/resource_index/package_run_dependencies/bumperbot_bringup
[1.448s] -- Up-to-date: /home/emzx/ros2_ws/install/bumperbot_bringup/share/ament_index/resource_index/parent_prefix_path/bumperbot_bringup
[1.448s] -- Up-to-date: /home/emzx/ros2_ws/install/bumperbot_bringup/share/bumperbot_bringup/environment/ament_prefix_path.sh
[1.448s] -- Up-to-date: /home/emzx/ros2_ws/install/bumperbot_bringup/share/bumperbot_bringup/environment/ament_prefix_path.dsv
[1.449s] -- Up-to-date: /home/emzx/ros2_ws/install/bumperbot_bringup/share/bumperbot_bringup/environment/path.sh
[1.449s] -- Up-to-date: /home/emzx/ros2_ws/install/bumperbot_bringup/share/bumperbot_bringup/environment/path.dsv
[1.449s] -- Up-to-date: /home/emzx/ros2_ws/install/bumperbot_bringup/share/bumperbot_bringup/local_setup.bash
[1.450s] -- Up-to-date: /home/emzx/ros2_ws/install/bumperbot_bringup/share/bumperbot_bringup/local_setup.sh
[1.450s] -- Up-to-date: /home/emzx/ros2_ws/install/bumperbot_bringup/share/bumperbot_bringup/local_setup.zsh
[1.450s] -- Up-to-date: /home/emzx/ros2_ws/install/bumperbot_bringup/share/bumperbot_bringup/local_setup.dsv
[1.450s] -- Installing: /home/emzx/ros2_ws/install/bumperbot_bringup/share/bumperbot_bringup/package.dsv
[1.451s] -- Up-to-date: /home/emzx/ros2_ws/install/bumperbot_bringup/share/ament_index/resource_index/packages/bumperbot_bringup
[1.452s] -- Up-to-date: /home/emzx/ros2_ws/install/bumperbot_bringup/share/bumperbot_bringup/cmake/bumperbot_bringupConfig.cmake
[1.452s] -- Up-to-date: /home/emzx/ros2_ws/install/bumperbot_bringup/share/bumperbot_bringup/cmake/bumperbot_bringupConfig-version.cmake
[1.452s] -- Up-to-date: /home/emzx/ros2_ws/install/bumperbot_bringup/share/bumperbot_bringup/package.xml
[1.529s] Invoked command in '/home/emzx/ros2_ws/build/bumperbot_bringup' returned '0': CMAKE_PREFIX_PATH=${CMAKE_PREFIX_PATH}:/home/emzx/ros2_ws/install/turtlesim_catch_them_all:/home/emzx/ros2_ws/install/pacote_teste:/home/emzx/ros2_ws/install/bumperbot_utils:/home/emzx/ros2_ws/install/bumperbot_py:/opt/ros/jazzy DEBUGINFOD_URLS=https://debuginfod.ubuntu.com /usr/bin/cmake --install /home/emzx/ros2_ws/build/bumperbot_bringup
