/home/pc/Documents/GitHub/HOME/src/install/bumperbot_utils/lib/python3.10/site-packages/bumperbot_utils/safety_stop.py
/home/pc/Documents/GitHub/HOME/src/install/bumperbot_utils/lib/python3.10/site-packages/bumperbot_utils/__init__.py
/home/pc/Documents/GitHub/HOME/src/install/bumperbot_utils/lib/python3.10/site-packages/bumperbot_utils/scan_republish.py
/home/pc/Documents/GitHub/HOME/src/install/bumperbot_utils/lib/python3.10/site-packages/bumperbot_utils/simple_trajectory.py
/home/pc/Documents/GitHub/HOME/src/install/bumperbot_utils/lib/python3.10/site-packages/bumperbot_utils/__pycache__/safety_stop.cpython-310.pyc
/home/pc/Documents/GitHub/HOME/src/install/bumperbot_utils/lib/python3.10/site-packages/bumperbot_utils/__pycache__/__init__.cpython-310.pyc
/home/pc/Documents/GitHub/HOME/src/install/bumperbot_utils/lib/python3.10/site-packages/bumperbot_utils/__pycache__/scan_republish.cpython-310.pyc
/home/pc/Documents/GitHub/HOME/src/install/bumperbot_utils/lib/python3.10/site-packages/bumperbot_utils/__pycache__/simple_trajectory.cpython-310.pyc
/home/pc/Documents/GitHub/HOME/src/install/bumperbot_utils/share/ament_index/resource_index/packages/bumperbot_utils
/home/pc/Documents/GitHub/HOME/src/install/bumperbot_utils/share/bumperbot_utils/package.xml
/home/pc/Documents/GitHub/HOME/src/install/bumperbot_utils/lib/python3.10/site-packages/bumperbot_utils-0.0.0-py3.10.egg-info/dependency_links.txt
/home/pc/Documents/GitHub/HOME/src/install/bumperbot_utils/lib/python3.10/site-packages/bumperbot_utils-0.0.0-py3.10.egg-info/zip-safe
/home/pc/Documents/GitHub/HOME/src/install/bumperbot_utils/lib/python3.10/site-packages/bumperbot_utils-0.0.0-py3.10.egg-info/top_level.txt
/home/pc/Documents/GitHub/HOME/src/install/bumperbot_utils/lib/python3.10/site-packages/bumperbot_utils-0.0.0-py3.10.egg-info/SOURCES.txt
/home/pc/Documents/GitHub/HOME/src/install/bumperbot_utils/lib/python3.10/site-packages/bumperbot_utils-0.0.0-py3.10.egg-info/PKG-INFO
/home/pc/Documents/GitHub/HOME/src/install/bumperbot_utils/lib/python3.10/site-packages/bumperbot_utils-0.0.0-py3.10.egg-info/entry_points.txt
/home/pc/Documents/GitHub/HOME/src/install/bumperbot_utils/lib/python3.10/site-packages/bumperbot_utils-0.0.0-py3.10.egg-info/requires.txt
/home/pc/Documents/GitHub/HOME/src/install/bumperbot_utils/lib/bumperbot_utils/desenho_trajetoria
/home/pc/Documents/GitHub/HOME/src/install/bumperbot_utils/lib/bumperbot_utils/parada_segura
/home/pc/Documents/GitHub/HOME/src/install/bumperbot_utils/lib/bumperbot_utils/scan_republish
