[0.075s] Invoking command in '/home/emzx/ros2_ws/build/bumperbot_description': CMAKE_PREFIX_PATH=${CMAKE_PREFIX_PATH}:/home/emzx/ros2_ws/install/turtlesim_catch_them_all:/home/emzx/ros2_ws/install/pacote_teste:/home/emzx/ros2_ws/install/bumperbot_utils:/home/emzx/ros2_ws/install/bumperbot_py:/opt/ros/jazzy DEBUGINFOD_URLS=https://debuginfod.ubuntu.com /usr/bin/cmake --build /home/emzx/ros2_ws/build/bumperbot_description -- -j8 -l8
[1.322s] Invoked command in '/home/emzx/ros2_ws/build/bumperbot_description' returned '0': CMAKE_PREFIX_PATH=${CMAKE_PREFIX_PATH}:/home/emzx/ros2_ws/install/turtlesim_catch_them_all:/home/emzx/ros2_ws/install/pacote_teste:/home/emzx/ros2_ws/install/bumperbot_utils:/home/emzx/ros2_ws/install/bumperbot_py:/opt/ros/jazzy DEBUGINFOD_URLS=https://debuginfod.ubuntu.com /usr/bin/cmake --build /home/emzx/ros2_ws/build/bumperbot_description -- -j8 -l8
[1.324s] Invoking command in '/home/emzx/ros2_ws/build/bumperbot_description': CMAKE_PREFIX_PATH=${CMAKE_PREFIX_PATH}:/home/emzx/ros2_ws/install/turtlesim_catch_them_all:/home/emzx/ros2_ws/install/pacote_teste:/home/emzx/ros2_ws/install/bumperbot_utils:/home/emzx/ros2_ws/install/bumperbot_py:/opt/ros/jazzy DEBUGINFOD_URLS=https://debuginfod.ubuntu.com /usr/bin/cmake --install /home/emzx/ros2_ws/build/bumperbot_description
[1.344s] -- Install configuration: ""
[1.345s] -- Execute custom install script
[1.346s] -- Up-to-date symlink: /home/emzx/ros2_ws/install/bumperbot_description/share/bumperbot_description/meshes/base_link.STL
[1.346s] -- Up-to-date symlink: /home/emzx/ros2_ws/install/bumperbot_description/share/bumperbot_description/meshes/can_link.STL
[1.346s] -- Up-to-date symlink: /home/emzx/ros2_ws/install/bumperbot_description/share/bumperbot_description/meshes/caster_front_link.STL
[1.347s] -- Up-to-date symlink: /home/emzx/ros2_ws/install/bumperbot_description/share/bumperbot_description/meshes/caster_rear_link.STL
[1.347s] -- Up-to-date symlink: /home/emzx/ros2_ws/install/bumperbot_description/share/bumperbot_description/meshes/imu_link.STL
[1.347s] -- Up-to-date symlink: /home/emzx/ros2_ws/install/bumperbot_description/share/bumperbot_description/meshes/laser_link.STL
[1.348s] -- Up-to-date symlink: /home/emzx/ros2_ws/install/bumperbot_description/share/bumperbot_description/meshes/rplidar c1.stl
[1.348s] -- Up-to-date symlink: /home/emzx/ros2_ws/install/bumperbot_description/share/bumperbot_description/meshes/wheel_left_link.STL
[1.348s] -- Up-to-date symlink: /home/emzx/ros2_ws/install/bumperbot_description/share/bumperbot_description/meshes/wheel_right_link.STL
[1.348s] -- Up-to-date symlink: /home/emzx/ros2_ws/install/bumperbot_description/share/bumperbot_description/urdf/bumperbot.urdf.xacro
[1.349s] -- Up-to-date symlink: /home/emzx/ros2_ws/install/bumperbot_description/share/bumperbot_description/urdf/bumperbot_gazebo.xacro
[1.349s] -- Up-to-date symlink: /home/emzx/ros2_ws/install/bumperbot_description/share/bumperbot_description/urdf/bumperbot_ros2_control.xacro
[1.350s] -- Up-to-date symlink: /home/emzx/ros2_ws/install/bumperbot_description/share/bumperbot_description/launch/display.launch.py
[1.353s] -- Up-to-date symlink: /home/emzx/ros2_ws/install/bumperbot_description/share/bumperbot_description/launch/gazebo.launch.py
[1.353s] -- Up-to-date symlink: /home/emzx/ros2_ws/install/bumperbot_description/share/bumperbot_description/rviz/display.rviz
[1.411s] -- Up-to-date symlink: /home/emzx/ros2_ws/install/bumperbot_description/share/bumperbot_description/models/aws_robomaker_residential_AirconditionerA_01/materials/textures/aws_AirconditionerA_01.png
[1.411s] -- Up-to-date symlink: /home/emzx/ros2_ws/install/bumperbot_description/share/bumperbot_description/models/aws_robomaker_residential_AirconditionerA_01/meshes/aws_AirconditionerA_01_collision.DAE
[1.411s] -- Up-to-date symlink: /home/emzx/ros2_ws/install/bumperbot_description/share/bumperbot_description/models/aws_robomaker_residential_AirconditionerA_01/meshes/aws_AirconditionerA_01_visual.DAE
[1.416s] -- Up-to-date symlink: /home/emzx/ros2_ws/install/bumperbot_description/share/bumperbot_description/models/aws_robomaker_residential_AirconditionerA_01/meshes/aws__Air conditioner_01.DAE
[1.431s] -- Up-to-date symlink: /home/emzx/ros2_ws/install/bumperbot_description/share/bumperbot_description/models/aws_robomaker_residential_AirconditionerA_01/model.config
[1.431s] -- Up-to-date symlink: /home/emzx/ros2_ws/install/bumperbot_description/share/bumperbot_description/models/aws_robomaker_residential_AirconditionerA_01/model.sdf
[1.431s] -- Up-to-date symlink: /home/emzx/ros2_ws/install/bumperbot_description/share/bumperbot_description/models/aws_robomaker_residential_AirconditionerB_01/materials/textures/aws_AirconditionerB_01.png
[1.432s] -- Up-to-date symlink: /home/emzx/ros2_ws/install/bumperbot_description/share/bumperbot_description/models/aws_robomaker_residential_AirconditionerB_01/meshes/aws_AirconditionerB_01_collision.DAE
[1.432s] -- Up-to-date symlink: /home/emzx/ros2_ws/install/bumperbot_description/share/bumperbot_description/models/aws_robomaker_residential_AirconditionerB_01/meshes/aws_AirconditionerB_01_visual.DAE
[1.433s] -- Up-to-date symlink: /home/emzx/ros2_ws/install/bumperbot_description/share/bumperbot_description/models/aws_robomaker_residential_AirconditionerB_01/model.config
[1.433s] -- Up-to-date symlink: /home/emzx/ros2_ws/install/bumperbot_description/share/bumperbot_description/models/aws_robomaker_residential_AirconditionerB_01/model.sdf
[1.434s] -- Up-to-date symlink: /home/emzx/ros2_ws/install/bumperbot_description/share/bumperbot_description/models/aws_robomaker_residential_BalconyTable_01/materials/textures/aws_BalconyTable_01.png
[1.436s] -- Up-to-date symlink: /home/emzx/ros2_ws/install/bumperbot_description/share/bumperbot_description/models/aws_robomaker_residential_BalconyTable_01/meshes/aws_BalconyTable_01_collision.DAE
[1.441s] -- Up-to-date symlink: /home/emzx/ros2_ws/install/bumperbot_description/share/bumperbot_description/models/aws_robomaker_residential_BalconyTable_01/meshes/aws_BalconyTable_01_visual.DAE
[1.450s] -- Up-to-date symlink: /home/emzx/ros2_ws/install/bumperbot_description/share/bumperbot_description/models/aws_robomaker_residential_BalconyTable_01/model.config
[1.450s] -- Up-to-date symlink: /home/emzx/ros2_ws/install/bumperbot_description/share/bumperbot_description/models/aws_robomaker_residential_BalconyTable_01/model.sdf
[1.450s] -- Up-to-date symlink: /home/emzx/ros2_ws/install/bumperbot_description/share/bumperbot_description/models/aws_robomaker_residential_Ball_01/materials/textures/aws_Ball_01.png
[1.451s] -- Up-to-date symlink: /home/emzx/ros2_ws/install/bumperbot_description/share/bumperbot_description/models/aws_robomaker_residential_Ball_01/meshes/aws_Ball_01_collision.DAE
[1.455s] -- Up-to-date symlink: /home/emzx/ros2_ws/install/bumperbot_description/share/bumperbot_description/models/aws_robomaker_residential_Ball_01/meshes/aws_Ball_01_visual.DAE
[1.461s] -- Up-to-date symlink: /home/emzx/ros2_ws/install/bumperbot_description/share/bumperbot_description/models/aws_robomaker_residential_Ball_01/model.config
[1.462s] -- Up-to-date symlink: /home/emzx/ros2_ws/install/bumperbot_description/share/bumperbot_description/models/aws_robomaker_residential_Ball_01/model.sdf
[1.462s] -- Up-to-date symlink: /home/emzx/ros2_ws/install/bumperbot_description/share/bumperbot_description/models/aws_robomaker_residential_Bed_01/materials/textures/aws_BedA_01.png
[1.463s] -- Up-to-date symlink: /home/emzx/ros2_ws/install/bumperbot_description/share/bumperbot_description/models/aws_robomaker_residential_Bed_01/materials/textures/aws_BedB_01.png
[1.463s] -- Up-to-date symlink: /home/emzx/ros2_ws/install/bumperbot_description/share/bumperbot_description/models/aws_robomaker_residential_Bed_01/materials/textures/aws_BedC_01.png
[1.470s] -- Up-to-date symlink: /home/emzx/ros2_ws/install/bumperbot_description/share/bumperbot_description/models/aws_robomaker_residential_Bed_01/materials/textures/aws_Bed_01.png
[1.481s] -- Up-to-date symlink: /home/emzx/ros2_ws/install/bumperbot_description/share/bumperbot_description/models/aws_robomaker_residential_Bed_01/meshes/aws_Bed_01_collision.DAE
[1.482s] -- Up-to-date symlink: /home/emzx/ros2_ws/install/bumperbot_description/share/bumperbot_description/models/aws_robomaker_residential_Bed_01/meshes/aws_Bed_01_visual.DAE
[1.483s] -- Up-to-date symlink: /home/emzx/ros2_ws/install/bumperbot_description/share/bumperbot_description/models/aws_robomaker_residential_Bed_01/model.config
[1.485s] -- Up-to-date symlink: /home/emzx/ros2_ws/install/bumperbot_description/share/bumperbot_description/models/aws_robomaker_residential_Bed_01/model.sdf
[1.497s] -- Up-to-date symlink: /home/emzx/ros2_ws/install/bumperbot_description/share/bumperbot_description/models/aws_robomaker_residential_Board_01/materials/textures/aws_Board_01.png
[1.499s] -- Up-to-date symlink: /home/emzx/ros2_ws/install/bumperbot_description/share/bumperbot_description/models/aws_robomaker_residential_Board_01/meshes/aws_Board_01_collision.DAE
[1.503s] -- Up-to-date symlink: /home/emzx/ros2_ws/install/bumperbot_description/share/bumperbot_description/models/aws_robomaker_residential_Board_01/meshes/aws_Board_01_visual.DAE
[1.503s] -- Up-to-date symlink: /home/emzx/ros2_ws/install/bumperbot_description/share/bumperbot_description/models/aws_robomaker_residential_Board_01/model.config
[1.504s] -- Up-to-date symlink: /home/emzx/ros2_ws/install/bumperbot_description/share/bumperbot_description/models/aws_robomaker_residential_Board_01/model.sdf
[1.506s] -- Up-to-date symlink: /home/emzx/ros2_ws/install/bumperbot_description/share/bumperbot_description/models/aws_robomaker_residential_Carpet_01/materials/textures/aws_Carpet_01.png
[1.509s] -- Up-to-date symlink: /home/emzx/ros2_ws/install/bumperbot_description/share/bumperbot_description/models/aws_robomaker_residential_Carpet_01/meshes/aws_Carpet_01_collision.DAE
[1.515s] -- Up-to-date symlink: /home/emzx/ros2_ws/install/bumperbot_description/share/bumperbot_description/models/aws_robomaker_residential_Carpet_01/meshes/aws_Carpet_01_visual.DAE
[1.516s] -- Up-to-date symlink: /home/emzx/ros2_ws/install/bumperbot_description/share/bumperbot_description/models/aws_robomaker_residential_Carpet_01/model.config
[1.516s] -- Up-to-date symlink: /home/emzx/ros2_ws/install/bumperbot_description/share/bumperbot_description/models/aws_robomaker_residential_Carpet_01/model.sdf
[1.516s] -- Up-to-date symlink: /home/emzx/ros2_ws/install/bumperbot_description/share/bumperbot_description/models/aws_robomaker_residential_ChairA_01/materials/textures/aws_ChairA_01.png
[1.517s] -- Up-to-date symlink: /home/emzx/ros2_ws/install/bumperbot_description/share/bumperbot_description/models/aws_robomaker_residential_ChairA_01/meshes/aws_ChairA_01_collision.DAE
[1.517s] -- Up-to-date symlink: /home/emzx/ros2_ws/install/bumperbot_description/share/bumperbot_description/models/aws_robomaker_residential_ChairA_01/meshes/aws_ChairA_01_visual.DAE
[1.519s] -- Up-to-date symlink: /home/emzx/ros2_ws/install/bumperbot_description/share/bumperbot_description/models/aws_robomaker_residential_ChairA_01/model.config
[1.519s] -- Up-to-date symlink: /home/emzx/ros2_ws/install/bumperbot_description/share/bumperbot_description/models/aws_robomaker_residential_ChairA_01/model.sdf
[1.519s] -- Up-to-date symlink: /home/emzx/ros2_ws/install/bumperbot_description/share/bumperbot_description/models/aws_robomaker_residential_ChairD_01/materials/textures/aws_ChairD_01.png
[1.520s] -- Up-to-date symlink: /home/emzx/ros2_ws/install/bumperbot_description/share/bumperbot_description/models/aws_robomaker_residential_ChairD_01/meshes/aws_ChairD_01_collision.DAE
[1.520s] -- Up-to-date symlink: /home/emzx/ros2_ws/install/bumperbot_description/share/bumperbot_description/models/aws_robomaker_residential_ChairD_01/meshes/aws_ChairD_01_visual.DAE
[1.520s] -- Up-to-date symlink: /home/emzx/ros2_ws/install/bumperbot_description/share/bumperbot_description/models/aws_robomaker_residential_ChairD_01/model.config
[1.520s] -- Up-to-date symlink: /home/emzx/ros2_ws/install/bumperbot_description/share/bumperbot_description/models/aws_robomaker_residential_ChairD_01/model.sdf
[1.523s] -- Up-to-date symlink: /home/emzx/ros2_ws/install/bumperbot_description/share/bumperbot_description/models/aws_robomaker_residential_Chandelier_01/materials/textures/aws_Chandelier_01.png
[1.524s] -- Up-to-date symlink: /home/emzx/ros2_ws/install/bumperbot_description/share/bumperbot_description/models/aws_robomaker_residential_Chandelier_01/meshes/aws_Chandelier_01.DAE
[1.524s] -- Up-to-date symlink: /home/emzx/ros2_ws/install/bumperbot_description/share/bumperbot_description/models/aws_robomaker_residential_Chandelier_01/meshes/aws_Chandelier_01_collision.DAE
[1.525s] -- Up-to-date symlink: /home/emzx/ros2_ws/install/bumperbot_description/share/bumperbot_description/models/aws_robomaker_residential_Chandelier_01/meshes/aws_Chandelier_01_visual.DAE
[1.525s] -- Up-to-date symlink: /home/emzx/ros2_ws/install/bumperbot_description/share/bumperbot_description/models/aws_robomaker_residential_Chandelier_01/model.config
[1.525s] -- Up-to-date symlink: /home/emzx/ros2_ws/install/bumperbot_description/share/bumperbot_description/models/aws_robomaker_residential_Chandelier_01/model.sdf
[1.525s] -- Up-to-date symlink: /home/emzx/ros2_ws/install/bumperbot_description/share/bumperbot_description/models/aws_robomaker_residential_CoffeeTable_01/materials/textures/aws_CoffeeTable_01.png
[1.526s] -- Up-to-date symlink: /home/emzx/ros2_ws/install/bumperbot_description/share/bumperbot_description/models/aws_robomaker_residential_CoffeeTable_01/meshes/aws_CoffeeTable_01_collision.DAE
[1.526s] -- Up-to-date symlink: /home/emzx/ros2_ws/install/bumperbot_description/share/bumperbot_description/models/aws_robomaker_residential_CoffeeTable_01/meshes/aws_CoffeeTable_01_visual.DAE
[1.526s] -- Up-to-date symlink: /home/emzx/ros2_ws/install/bumperbot_description/share/bumperbot_description/models/aws_robomaker_residential_CoffeeTable_01/model.config
[1.526s] -- Up-to-date symlink: /home/emzx/ros2_ws/install/bumperbot_description/share/bumperbot_description/models/aws_robomaker_residential_CoffeeTable_01/model.sdf
[1.530s] -- Up-to-date symlink: /home/emzx/ros2_ws/install/bumperbot_description/share/bumperbot_description/models/aws_robomaker_residential_CookingBench_01/materials/textures/aws_CookingBench_01.png
[1.531s] -- Up-to-date symlink: /home/emzx/ros2_ws/install/bumperbot_description/share/bumperbot_description/models/aws_robomaker_residential_CookingBench_01/meshes/aws_CookingBench_01.DAE
[1.531s] -- Up-to-date symlink: /home/emzx/ros2_ws/install/bumperbot_description/share/bumperbot_description/models/aws_robomaker_residential_CookingBench_01/meshes/aws_CookingBench_01_collision.DAE
[1.531s] -- Up-to-date symlink: /home/emzx/ros2_ws/install/bumperbot_description/share/bumperbot_description/models/aws_robomaker_residential_CookingBench_01/meshes/aws_CookingBench_01_visual.DAE
[1.534s] -- Up-to-date symlink: /home/emzx/ros2_ws/install/bumperbot_description/share/bumperbot_description/models/aws_robomaker_residential_CookingBench_01/model.config
[1.540s] -- Up-to-date symlink: /home/emzx/ros2_ws/install/bumperbot_description/share/bumperbot_description/models/aws_robomaker_residential_CookingBench_01/model.sdf
[1.540s] -- Up-to-date symlink: /home/emzx/ros2_ws/install/bumperbot_description/share/bumperbot_description/models/aws_robomaker_residential_Curtain_01/materials/textures/aws_Curtain_01.png
[1.540s] -- Up-to-date symlink: /home/emzx/ros2_ws/install/bumperbot_description/share/bumperbot_description/models/aws_robomaker_residential_Curtain_01/meshes/aws_Curtain_01_collision.DAE
[1.540s] -- Up-to-date symlink: /home/emzx/ros2_ws/install/bumperbot_description/share/bumperbot_description/models/aws_robomaker_residential_Curtain_01/meshes/aws_Curtain_01_visual.DAE
[1.540s] -- Up-to-date symlink: /home/emzx/ros2_ws/install/bumperbot_description/share/bumperbot_description/models/aws_robomaker_residential_Curtain_01/model.config
[1.540s] -- Up-to-date symlink: /home/emzx/ros2_ws/install/bumperbot_description/share/bumperbot_description/models/aws_robomaker_residential_Curtain_01/model.sdf
[1.542s] -- Up-to-date symlink: /home/emzx/ros2_ws/install/bumperbot_description/share/bumperbot_description/models/aws_robomaker_residential_DeskPortraitA_01/materials/textures/aws_DeskPortraitA_01.png
[1.543s] -- Up-to-date symlink: /home/emzx/ros2_ws/install/bumperbot_description/share/bumperbot_description/models/aws_robomaker_residential_DeskPortraitA_01/materials/textures/aws_DeskPortraitA_02.png
[1.543s] -- Up-to-date symlink: /home/emzx/ros2_ws/install/bumperbot_description/share/bumperbot_description/models/aws_robomaker_residential_DeskPortraitA_01/meshes/aws_DeskPortraitA_01_collision.DAE
[1.543s] -- Up-to-date symlink: /home/emzx/ros2_ws/install/bumperbot_description/share/bumperbot_description/models/aws_robomaker_residential_DeskPortraitA_01/meshes/aws_DeskPortraitA_01_visual.DAE
[1.543s] -- Up-to-date symlink: /home/emzx/ros2_ws/install/bumperbot_description/share/bumperbot_description/models/aws_robomaker_residential_DeskPortraitA_01/model.config
[1.544s] -- Up-to-date symlink: /home/emzx/ros2_ws/install/bumperbot_description/share/bumperbot_description/models/aws_robomaker_residential_DeskPortraitA_01/model.sdf
[1.544s] -- Up-to-date symlink: /home/emzx/ros2_ws/install/bumperbot_description/share/bumperbot_description/models/aws_robomaker_residential_DeskPortraitA_02/materials/textures/aws_DeskPortraitA_01.png
[1.544s] -- Up-to-date symlink: /home/emzx/ros2_ws/install/bumperbot_description/share/bumperbot_description/models/aws_robomaker_residential_DeskPortraitA_02/materials/textures/aws_DeskPortraitA_02.png
[1.544s] -- Up-to-date symlink: /home/emzx/ros2_ws/install/bumperbot_description/share/bumperbot_description/models/aws_robomaker_residential_DeskPortraitA_02/meshes/aws_DeskPortraitA_01_collision.DAE
[1.548s] -- Up-to-date symlink: /home/emzx/ros2_ws/install/bumperbot_description/share/bumperbot_description/models/aws_robomaker_residential_DeskPortraitA_02/meshes/aws_DeskPortraitA_01_visual.DAE
[1.549s] -- Up-to-date symlink: /home/emzx/ros2_ws/install/bumperbot_description/share/bumperbot_description/models/aws_robomaker_residential_DeskPortraitA_02/model.config
[1.549s] -- Up-to-date symlink: /home/emzx/ros2_ws/install/bumperbot_description/share/bumperbot_description/models/aws_robomaker_residential_DeskPortraitA_02/model.sdf
[1.549s] -- Up-to-date symlink: /home/emzx/ros2_ws/install/bumperbot_description/share/bumperbot_description/models/aws_robomaker_residential_DeskPortraitB_01/materials/textures/aws_DeskPortraitB_01.png
[1.549s] -- Up-to-date symlink: /home/emzx/ros2_ws/install/bumperbot_description/share/bumperbot_description/models/aws_robomaker_residential_DeskPortraitB_01/materials/textures/aws_DeskPortraitB_02.png
[1.549s] -- Up-to-date symlink: /home/emzx/ros2_ws/install/bumperbot_description/share/bumperbot_description/models/aws_robomaker_residential_DeskPortraitB_01/meshes/aws_DeskPortraitB_01_collision.DAE
[1.550s] -- Up-to-date symlink: /home/emzx/ros2_ws/install/bumperbot_description/share/bumperbot_description/models/aws_robomaker_residential_DeskPortraitB_01/meshes/aws_DeskPortraitB_01_visual.DAE
[1.550s] -- Up-to-date symlink: /home/emzx/ros2_ws/install/bumperbot_description/share/bumperbot_description/models/aws_robomaker_residential_DeskPortraitB_01/model.config
[1.550s] -- Up-to-date symlink: /home/emzx/ros2_ws/install/bumperbot_description/share/bumperbot_description/models/aws_robomaker_residential_DeskPortraitB_01/model.sdf
[1.550s] -- Up-to-date symlink: /home/emzx/ros2_ws/install/bumperbot_description/share/bumperbot_description/models/aws_robomaker_residential_DeskPortraitB_02/materials/textures/aws_DeskPortraitB_01.png
[1.550s] -- Up-to-date symlink: /home/emzx/ros2_ws/install/bumperbot_description/share/bumperbot_description/models/aws_robomaker_residential_DeskPortraitB_02/materials/textures/aws_DeskPortraitB_02.png
[1.550s] -- Up-to-date symlink: /home/emzx/ros2_ws/install/bumperbot_description/share/bumperbot_description/models/aws_robomaker_residential_DeskPortraitB_02/meshes/aws_DeskPortraitB_01_collision.DAE
[1.551s] -- Up-to-date symlink: /home/emzx/ros2_ws/install/bumperbot_description/share/bumperbot_description/models/aws_robomaker_residential_DeskPortraitB_02/meshes/aws_DeskPortraitB_01_visual.DAE
[1.551s] -- Up-to-date symlink: /home/emzx/ros2_ws/install/bumperbot_description/share/bumperbot_description/models/aws_robomaker_residential_DeskPortraitB_02/model.config
[1.551s] -- Up-to-date symlink: /home/emzx/ros2_ws/install/bumperbot_description/share/bumperbot_description/models/aws_robomaker_residential_DeskPortraitB_02/model.sdf
[1.551s] -- Up-to-date symlink: /home/emzx/ros2_ws/install/bumperbot_description/share/bumperbot_description/models/aws_robomaker_residential_DeskPortraitC_01/materials/textures/aws_DeskPortraitC_01.png
[1.551s] -- Up-to-date symlink: /home/emzx/ros2_ws/install/bumperbot_description/share/bumperbot_description/models/aws_robomaker_residential_DeskPortraitC_01/materials/textures/aws_DeskPortraitC_02.png
[1.552s] -- Up-to-date symlink: /home/emzx/ros2_ws/install/bumperbot_description/share/bumperbot_description/models/aws_robomaker_residential_DeskPortraitC_01/meshes/aws_DeskPortraitC_01_collision.DAE
[1.552s] -- Up-to-date symlink: /home/emzx/ros2_ws/install/bumperbot_description/share/bumperbot_description/models/aws_robomaker_residential_DeskPortraitC_01/meshes/aws_DeskPortraitC_01_visual.DAE
[1.552s] -- Up-to-date symlink: /home/emzx/ros2_ws/install/bumperbot_description/share/bumperbot_description/models/aws_robomaker_residential_DeskPortraitC_01/model.config
[1.553s] -- Up-to-date symlink: /home/emzx/ros2_ws/install/bumperbot_description/share/bumperbot_description/models/aws_robomaker_residential_DeskPortraitC_01/model.sdf
[1.553s] -- Up-to-date symlink: /home/emzx/ros2_ws/install/bumperbot_description/share/bumperbot_description/models/aws_robomaker_residential_DeskPortraitC_02/materials/textures/aws_DeskPortraitC_01.png
[1.553s] -- Up-to-date symlink: /home/emzx/ros2_ws/install/bumperbot_description/share/bumperbot_description/models/aws_robomaker_residential_DeskPortraitC_02/materials/textures/aws_DeskPortraitC_02.png
[1.553s] -- Up-to-date symlink: /home/emzx/ros2_ws/install/bumperbot_description/share/bumperbot_description/models/aws_robomaker_residential_DeskPortraitC_02/meshes/aws_DeskPortraitC_01_collision.DAE
[1.554s] -- Up-to-date symlink: /home/emzx/ros2_ws/install/bumperbot_description/share/bumperbot_description/models/aws_robomaker_residential_DeskPortraitC_02/meshes/aws_DeskPortraitC_01_visual.DAE
[1.556s] -- Up-to-date symlink: /home/emzx/ros2_ws/install/bumperbot_description/share/bumperbot_description/models/aws_robomaker_residential_DeskPortraitC_02/model.config
[1.556s] -- Up-to-date symlink: /home/emzx/ros2_ws/install/bumperbot_description/share/bumperbot_description/models/aws_robomaker_residential_DeskPortraitC_02/model.sdf
[1.556s] -- Up-to-date symlink: /home/emzx/ros2_ws/install/bumperbot_description/share/bumperbot_description/models/aws_robomaker_residential_DeskPortraitD_01/materials/textures/aws_DeskPortraitD_01.png
[1.557s] -- Up-to-date symlink: /home/emzx/ros2_ws/install/bumperbot_description/share/bumperbot_description/models/aws_robomaker_residential_DeskPortraitD_01/materials/textures/aws_DeskPortraitD_02.png
[1.557s] -- Up-to-date symlink: /home/emzx/ros2_ws/install/bumperbot_description/share/bumperbot_description/models/aws_robomaker_residential_DeskPortraitD_01/meshes/aws_DeskPortraitD_01_collision.DAE
[1.557s] -- Up-to-date symlink: /home/emzx/ros2_ws/install/bumperbot_description/share/bumperbot_description/models/aws_robomaker_residential_DeskPortraitD_01/meshes/aws_DeskPortraitD_01_visual.DAE
[1.558s] -- Up-to-date symlink: /home/emzx/ros2_ws/install/bumperbot_description/share/bumperbot_description/models/aws_robomaker_residential_DeskPortraitD_01/model.config
[1.558s] -- Up-to-date symlink: /home/emzx/ros2_ws/install/bumperbot_description/share/bumperbot_description/models/aws_robomaker_residential_DeskPortraitD_01/model.sdf
[1.558s] -- Up-to-date symlink: /home/emzx/ros2_ws/install/bumperbot_description/share/bumperbot_description/models/aws_robomaker_residential_DeskPortraitD_02/materials/textures/aws_DeskPortraitD_01.png
[1.559s] -- Up-to-date symlink: /home/emzx/ros2_ws/install/bumperbot_description/share/bumperbot_description/models/aws_robomaker_residential_DeskPortraitD_02/materials/textures/aws_DeskPortraitD_02.png
[1.559s] -- Up-to-date symlink: /home/emzx/ros2_ws/install/bumperbot_description/share/bumperbot_description/models/aws_robomaker_residential_DeskPortraitD_02/meshes/aws_DeskPortraitD_01_collision.DAE
[1.559s] -- Up-to-date symlink: /home/emzx/ros2_ws/install/bumperbot_description/share/bumperbot_description/models/aws_robomaker_residential_DeskPortraitD_02/meshes/aws_DeskPortraitD_01_visual.DAE
[1.560s] -- Up-to-date symlink: /home/emzx/ros2_ws/install/bumperbot_description/share/bumperbot_description/models/aws_robomaker_residential_DeskPortraitD_02/model.config
[1.560s] -- Up-to-date symlink: /home/emzx/ros2_ws/install/bumperbot_description/share/bumperbot_description/models/aws_robomaker_residential_DeskPortraitD_02/model.sdf
[1.560s] -- Up-to-date symlink: /home/emzx/ros2_ws/install/bumperbot_description/share/bumperbot_description/models/aws_robomaker_residential_DeskPortraitD_03/materials/textures/aws_DeskPortraitD_01.png
[1.560s] -- Up-to-date symlink: /home/emzx/ros2_ws/install/bumperbot_description/share/bumperbot_description/models/aws_robomaker_residential_DeskPortraitD_03/materials/textures/aws_DeskPortraitD_02.png
[1.561s] -- Up-to-date symlink: /home/emzx/ros2_ws/install/bumperbot_description/share/bumperbot_description/models/aws_robomaker_residential_DeskPortraitD_03/meshes/aws_DeskPortraitD_01_collision.DAE
[1.561s] -- Up-to-date symlink: /home/emzx/ros2_ws/install/bumperbot_description/share/bumperbot_description/models/aws_robomaker_residential_DeskPortraitD_03/meshes/aws_DeskPortraitD_01_visual.DAE
[1.561s] -- Up-to-date symlink: /home/emzx/ros2_ws/install/bumperbot_description/share/bumperbot_description/models/aws_robomaker_residential_DeskPortraitD_03/model.config
[1.561s] -- Up-to-date symlink: /home/emzx/ros2_ws/install/bumperbot_description/share/bumperbot_description/models/aws_robomaker_residential_DeskPortraitD_03/model.sdf
[1.562s] -- Up-to-date symlink: /home/emzx/ros2_ws/install/bumperbot_description/share/bumperbot_description/models/aws_robomaker_residential_DeskPortraitD_04/materials/textures/aws_DeskPortraitD_01.png
[1.562s] -- Up-to-date symlink: /home/emzx/ros2_ws/install/bumperbot_description/share/bumperbot_description/models/aws_robomaker_residential_DeskPortraitD_04/materials/textures/aws_DeskPortraitD_02.png
[1.563s] -- Up-to-date symlink: /home/emzx/ros2_ws/install/bumperbot_description/share/bumperbot_description/models/aws_robomaker_residential_DeskPortraitD_04/meshes/aws_DeskPortraitD_01_collision.DAE
[1.564s] -- Up-to-date symlink: /home/emzx/ros2_ws/install/bumperbot_description/share/bumperbot_description/models/aws_robomaker_residential_DeskPortraitD_04/meshes/aws_DeskPortraitD_01_visual.DAE
[1.564s] -- Up-to-date symlink: /home/emzx/ros2_ws/install/bumperbot_description/share/bumperbot_description/models/aws_robomaker_residential_DeskPortraitD_04/model.config
[1.564s] -- Up-to-date symlink: /home/emzx/ros2_ws/install/bumperbot_description/share/bumperbot_description/models/aws_robomaker_residential_DeskPortraitD_04/model.sdf
[1.564s] -- Up-to-date symlink: /home/emzx/ros2_ws/install/bumperbot_description/share/bumperbot_description/models/aws_robomaker_residential_Door_01/materials/textures/aws_Door_01.png
[1.565s] -- Up-to-date symlink: /home/emzx/ros2_ws/install/bumperbot_description/share/bumperbot_description/models/aws_robomaker_residential_Door_01/meshes/aws_Door_01_collision.DAE
[1.566s] -- Up-to-date symlink: /home/emzx/ros2_ws/install/bumperbot_description/share/bumperbot_description/models/aws_robomaker_residential_Door_01/meshes/aws_Door_01_visual.DAE
[1.566s] -- Up-to-date symlink: /home/emzx/ros2_ws/install/bumperbot_description/share/bumperbot_description/models/aws_robomaker_residential_Door_01/model.config
[1.567s] -- Up-to-date symlink: /home/emzx/ros2_ws/install/bumperbot_description/share/bumperbot_description/models/aws_robomaker_residential_Door_01/model.sdf
[1.567s] -- Up-to-date symlink: /home/emzx/ros2_ws/install/bumperbot_description/share/bumperbot_description/models/aws_robomaker_residential_Dumbbell_01/materials/textures/aws_Dumbbell_01.png
[1.567s] -- Up-to-date symlink: /home/emzx/ros2_ws/install/bumperbot_description/share/bumperbot_description/models/aws_robomaker_residential_Dumbbell_01/meshes/aws_Dumbbell_01_collision.DAE
[1.567s] -- Up-to-date symlink: /home/emzx/ros2_ws/install/bumperbot_description/share/bumperbot_description/models/aws_robomaker_residential_Dumbbell_01/meshes/aws_Dumbbell_01_visual.DAE
[1.569s] -- Up-to-date symlink: /home/emzx/ros2_ws/install/bumperbot_description/share/bumperbot_description/models/aws_robomaker_residential_Dumbbell_01/model.config
[1.570s] -- Up-to-date symlink: /home/emzx/ros2_ws/install/bumperbot_description/share/bumperbot_description/models/aws_robomaker_residential_Dumbbell_01/model.sdf
[1.570s] -- Up-to-date symlink: /home/emzx/ros2_ws/install/bumperbot_description/share/bumperbot_description/models/aws_robomaker_residential_FitnessEquipment_01/materials/textures/aws_FitnessEquipment_01.png
[1.570s] -- Up-to-date symlink: /home/emzx/ros2_ws/install/bumperbot_description/share/bumperbot_description/models/aws_robomaker_residential_FitnessEquipment_01/meshes/aws_FitnessEquipment_01_collision.DAE
[1.570s] -- Up-to-date symlink: /home/emzx/ros2_ws/install/bumperbot_description/share/bumperbot_description/models/aws_robomaker_residential_FitnessEquipment_01/meshes/aws_FitnessEquipment_01_visual.DAE
[1.571s] -- Up-to-date symlink: /home/emzx/ros2_ws/install/bumperbot_description/share/bumperbot_description/models/aws_robomaker_residential_FitnessEquipment_01/model.config
[1.571s] -- Up-to-date symlink: /home/emzx/ros2_ws/install/bumperbot_description/share/bumperbot_description/models/aws_robomaker_residential_FitnessEquipment_01/model.sdf
[1.574s] -- Up-to-date symlink: /home/emzx/ros2_ws/install/bumperbot_description/share/bumperbot_description/models/aws_robomaker_residential_FloorB_01/materials/textures/aws_FloorB_01.png
[1.575s] -- Up-to-date symlink: /home/emzx/ros2_ws/install/bumperbot_description/share/bumperbot_description/models/aws_robomaker_residential_FloorB_01/meshes/aws_FloorB_01_collision.DAE
[1.575s] -- Up-to-date symlink: /home/emzx/ros2_ws/install/bumperbot_description/share/bumperbot_description/models/aws_robomaker_residential_FloorB_01/meshes/aws_FloorB_01_visual.DAE
[1.575s] -- Up-to-date symlink: /home/emzx/ros2_ws/install/bumperbot_description/share/bumperbot_description/models/aws_robomaker_residential_FloorB_01/model.config
[1.576s] -- Up-to-date symlink: /home/emzx/ros2_ws/install/bumperbot_description/share/bumperbot_description/models/aws_robomaker_residential_FloorB_01/model.sdf
[1.576s] -- Up-to-date symlink: /home/emzx/ros2_ws/install/bumperbot_description/share/bumperbot_description/models/aws_robomaker_residential_FoldingDoor_01/materials/textures/aws_FoldingDoor_01.png
[1.576s] -- Up-to-date symlink: /home/emzx/ros2_ws/install/bumperbot_description/share/bumperbot_description/models/aws_robomaker_residential_FoldingDoor_01/meshes/aws_FoldingDoor_01_collision.DAE
[1.577s] -- Up-to-date symlink: /home/emzx/ros2_ws/install/bumperbot_description/share/bumperbot_description/models/aws_robomaker_residential_FoldingDoor_01/meshes/aws_FoldingDoor_01_visual.DAE
[1.577s] -- Up-to-date symlink: /home/emzx/ros2_ws/install/bumperbot_description/share/bumperbot_description/models/aws_robomaker_residential_FoldingDoor_01/model.config
[1.577s] -- Up-to-date symlink: /home/emzx/ros2_ws/install/bumperbot_description/share/bumperbot_description/models/aws_robomaker_residential_FoldingDoor_01/model.sdf
[1.577s] -- Up-to-date symlink: /home/emzx/ros2_ws/install/bumperbot_description/share/bumperbot_description/models/aws_robomaker_residential_FoldingDoor_02/materials/textures/aws_FoldingDoor_02.png
[1.578s] -- Up-to-date symlink: /home/emzx/ros2_ws/install/bumperbot_description/share/bumperbot_description/models/aws_robomaker_residential_FoldingDoor_02/meshes/aws_FoldingDoor_02_collision.DAE
[1.578s] -- Up-to-date symlink: /home/emzx/ros2_ws/install/bumperbot_description/share/bumperbot_description/models/aws_robomaker_residential_FoldingDoor_02/meshes/aws_FoldingDoor_02_visual.DAE
[1.579s] -- Up-to-date symlink: /home/emzx/ros2_ws/install/bumperbot_description/share/bumperbot_description/models/aws_robomaker_residential_FoldingDoor_02/model.config
[1.579s] -- Up-to-date symlink: /home/emzx/ros2_ws/install/bumperbot_description/share/bumperbot_description/models/aws_robomaker_residential_FoldingDoor_02/model.sdf
[1.579s] -- Up-to-date symlink: /home/emzx/ros2_ws/install/bumperbot_description/share/bumperbot_description/models/aws_robomaker_residential_Handle_01/materials/textures/aws_Handle_01.png
[1.580s] -- Up-to-date symlink: /home/emzx/ros2_ws/install/bumperbot_description/share/bumperbot_description/models/aws_robomaker_residential_Handle_01/meshes/aws_ handle_01_collision.DAE
[1.580s] -- Up-to-date symlink: /home/emzx/ros2_ws/install/bumperbot_description/share/bumperbot_description/models/aws_robomaker_residential_Handle_01/meshes/aws_Handle_01_collision.DAE
[1.580s] -- Up-to-date symlink: /home/emzx/ros2_ws/install/bumperbot_description/share/bumperbot_description/models/aws_robomaker_residential_Handle_01/meshes/aws_Handle_01_visual.DAE
[1.580s] -- Up-to-date symlink: /home/emzx/ros2_ws/install/bumperbot_description/share/bumperbot_description/models/aws_robomaker_residential_Handle_01/model.config
[1.581s] -- Up-to-date symlink: /home/emzx/ros2_ws/install/bumperbot_description/share/bumperbot_description/models/aws_robomaker_residential_Handle_01/model.sdf
[1.583s] -- Up-to-date symlink: /home/emzx/ros2_ws/install/bumperbot_description/share/bumperbot_description/models/aws_robomaker_residential_HouseWallB_01/materials/textures/aws_HouseWallB_01.png
[1.584s] -- Up-to-date symlink: /home/emzx/ros2_ws/install/bumperbot_description/share/bumperbot_description/models/aws_robomaker_residential_HouseWallB_01/meshes/aws_HouseWallB_01_collision.DAE
[1.584s] -- Up-to-date symlink: /home/emzx/ros2_ws/install/bumperbot_description/share/bumperbot_description/models/aws_robomaker_residential_HouseWallB_01/meshes/aws_HouseWallB_01_visual.DAE
[1.586s] -- Up-to-date symlink: /home/emzx/ros2_ws/install/bumperbot_description/share/bumperbot_description/models/aws_robomaker_residential_HouseWallB_01/model.config
[1.586s] -- Up-to-date symlink: /home/emzx/ros2_ws/install/bumperbot_description/share/bumperbot_description/models/aws_robomaker_residential_HouseWallB_01/model.sdf
[1.586s] -- Up-to-date symlink: /home/emzx/ros2_ws/install/bumperbot_description/share/bumperbot_description/models/aws_robomaker_residential_KitchenCabinet_01/materials/textures/aws_KitchenCabinet_01.png
[1.586s] -- Up-to-date symlink: /home/emzx/ros2_ws/install/bumperbot_description/share/bumperbot_description/models/aws_robomaker_residential_KitchenCabinet_01/meshes/aws_KitchenCabinet_01_collision.DAE
[1.586s] -- Up-to-date symlink: /home/emzx/ros2_ws/install/bumperbot_description/share/bumperbot_description/models/aws_robomaker_residential_KitchenCabinet_01/meshes/aws_KitchenCabinet_01_visual.DAE
[1.586s] -- Up-to-date symlink: /home/emzx/ros2_ws/install/bumperbot_description/share/bumperbot_description/models/aws_robomaker_residential_KitchenCabinet_01/model.config
[1.587s] -- Up-to-date symlink: /home/emzx/ros2_ws/install/bumperbot_description/share/bumperbot_description/models/aws_robomaker_residential_KitchenCabinet_01/model.sdf
[1.587s] -- Up-to-date symlink: /home/emzx/ros2_ws/install/bumperbot_description/share/bumperbot_description/models/aws_robomaker_residential_KitchenTable_01/materials/textures/aws_KitchenTable_01.png
[1.587s] -- Up-to-date symlink: /home/emzx/ros2_ws/install/bumperbot_description/share/bumperbot_description/models/aws_robomaker_residential_KitchenTable_01/meshes/aws_KitchenTable_01_collision.DAE
[1.587s] -- Up-to-date symlink: /home/emzx/ros2_ws/install/bumperbot_description/share/bumperbot_description/models/aws_robomaker_residential_KitchenTable_01/meshes/aws_KitchenTable_01_visual.DAE
[1.588s] -- Up-to-date symlink: /home/emzx/ros2_ws/install/bumperbot_description/share/bumperbot_description/models/aws_robomaker_residential_KitchenTable_01/model.config
[1.588s] -- Up-to-date symlink: /home/emzx/ros2_ws/install/bumperbot_description/share/bumperbot_description/models/aws_robomaker_residential_KitchenTable_01/model.sdf
[1.588s] -- Up-to-date symlink: /home/emzx/ros2_ws/install/bumperbot_description/share/bumperbot_description/models/aws_robomaker_residential_KitchenUtensils_01/materials/textures/aws_KitchenUtensils_01.png
[1.588s] -- Up-to-date symlink: /home/emzx/ros2_ws/install/bumperbot_description/share/bumperbot_description/models/aws_robomaker_residential_KitchenUtensils_01/meshes/aws_KitchenUtensils_01_collision.DAE
[1.589s] -- Up-to-date symlink: /home/emzx/ros2_ws/install/bumperbot_description/share/bumperbot_description/models/aws_robomaker_residential_KitchenUtensils_01/meshes/aws_KitchenUtensils_01_visual.DAE
[1.589s] -- Up-to-date symlink: /home/emzx/ros2_ws/install/bumperbot_description/share/bumperbot_description/models/aws_robomaker_residential_KitchenUtensils_01/model.config
[1.589s] -- Up-to-date symlink: /home/emzx/ros2_ws/install/bumperbot_description/share/bumperbot_description/models/aws_robomaker_residential_KitchenUtensils_01/model.sdf
[1.590s] -- Up-to-date symlink: /home/emzx/ros2_ws/install/bumperbot_description/share/bumperbot_description/models/aws_robomaker_residential_LightC_01/materials/textures/aws_LightC_01.png
[1.590s] -- Up-to-date symlink: /home/emzx/ros2_ws/install/bumperbot_description/share/bumperbot_description/models/aws_robomaker_residential_LightC_01/meshes/aws_LightC_01_collision.DAE
[1.590s] -- Up-to-date symlink: /home/emzx/ros2_ws/install/bumperbot_description/share/bumperbot_description/models/aws_robomaker_residential_LightC_01/meshes/aws_LightC_01_visual.DAE
[1.590s] -- Up-to-date symlink: /home/emzx/ros2_ws/install/bumperbot_description/share/bumperbot_description/models/aws_robomaker_residential_LightC_01/model.config
[1.591s] -- Up-to-date symlink: /home/emzx/ros2_ws/install/bumperbot_description/share/bumperbot_description/models/aws_robomaker_residential_LightC_01/model.sdf
[1.591s] -- Up-to-date symlink: /home/emzx/ros2_ws/install/bumperbot_description/share/bumperbot_description/models/aws_robomaker_residential_NightStand_01/materials/textures/aws_NightStand_01.png
[1.591s] -- Up-to-date symlink: /home/emzx/ros2_ws/install/bumperbot_description/share/bumperbot_description/models/aws_robomaker_residential_NightStand_01/meshes/aws_NightStand_01_collision.DAE
[1.591s] -- Up-to-date symlink: /home/emzx/ros2_ws/install/bumperbot_description/share/bumperbot_description/models/aws_robomaker_residential_NightStand_01/meshes/aws_NightStand_01_visual.DAE
[1.591s] -- Up-to-date symlink: /home/emzx/ros2_ws/install/bumperbot_description/share/bumperbot_description/models/aws_robomaker_residential_NightStand_01/model.config
[1.592s] -- Up-to-date symlink: /home/emzx/ros2_ws/install/bumperbot_description/share/bumperbot_description/models/aws_robomaker_residential_NightStand_01/model.sdf
[1.592s] -- Up-to-date symlink: /home/emzx/ros2_ws/install/bumperbot_description/share/bumperbot_description/models/aws_robomaker_residential_Pillow_01/materials/textures/aws_Pillow_01.png
[1.593s] -- Up-to-date symlink: /home/emzx/ros2_ws/install/bumperbot_description/share/bumperbot_description/models/aws_robomaker_residential_Pillow_01/meshes/aws_Pillow_01_collision.DAE
[1.593s] -- Up-to-date symlink: /home/emzx/ros2_ws/install/bumperbot_description/share/bumperbot_description/models/aws_robomaker_residential_Pillow_01/meshes/aws_Pillow_01_visual.DAE
[1.593s] -- Up-to-date symlink: /home/emzx/ros2_ws/install/bumperbot_description/share/bumperbot_description/models/aws_robomaker_residential_Pillow_01/model.config
[1.593s] -- Up-to-date symlink: /home/emzx/ros2_ws/install/bumperbot_description/share/bumperbot_description/models/aws_robomaker_residential_Pillow_01/model.sdf
[1.593s] -- Up-to-date symlink: /home/emzx/ros2_ws/install/bumperbot_description/share/bumperbot_description/models/aws_robomaker_residential_PortraitA_01/materials/textures/aws_PortraitA_01.png
[1.594s] -- Up-to-date symlink: /home/emzx/ros2_ws/install/bumperbot_description/share/bumperbot_description/models/aws_robomaker_residential_PortraitA_01/materials/textures/aws_PortraitA_02.png
[1.595s] -- Up-to-date symlink: /home/emzx/ros2_ws/install/bumperbot_description/share/bumperbot_description/models/aws_robomaker_residential_PortraitA_01/meshes/aws_PortraitA_01_collision.DAE
[1.595s] -- Up-to-date symlink: /home/emzx/ros2_ws/install/bumperbot_description/share/bumperbot_description/models/aws_robomaker_residential_PortraitA_01/meshes/aws_PortraitA_01_visual.DAE
[1.596s] -- Up-to-date symlink: /home/emzx/ros2_ws/install/bumperbot_description/share/bumperbot_description/models/aws_robomaker_residential_PortraitA_01/model.config
[1.596s] -- Up-to-date symlink: /home/emzx/ros2_ws/install/bumperbot_description/share/bumperbot_description/models/aws_robomaker_residential_PortraitA_01/model.sdf
[1.597s] -- Up-to-date symlink: /home/emzx/ros2_ws/install/bumperbot_description/share/bumperbot_description/models/aws_robomaker_residential_PortraitA_02/materials/textures/aws_PortraitA_01.png
[1.597s] -- Up-to-date symlink: /home/emzx/ros2_ws/install/bumperbot_description/share/bumperbot_description/models/aws_robomaker_residential_PortraitA_02/materials/textures/aws_PortraitA_02.png
[1.598s] -- Up-to-date symlink: /home/emzx/ros2_ws/install/bumperbot_description/share/bumperbot_description/models/aws_robomaker_residential_PortraitA_02/meshes/aws_PortraitA_01_collision.DAE
[1.598s] -- Up-to-date symlink: /home/emzx/ros2_ws/install/bumperbot_description/share/bumperbot_description/models/aws_robomaker_residential_PortraitA_02/meshes/aws_PortraitA_01_visual.DAE
[1.599s] -- Up-to-date symlink: /home/emzx/ros2_ws/install/bumperbot_description/share/bumperbot_description/models/aws_robomaker_residential_PortraitA_02/model.config
[1.599s] -- Up-to-date symlink: /home/emzx/ros2_ws/install/bumperbot_description/share/bumperbot_description/models/aws_robomaker_residential_PortraitA_02/model.sdf
[1.600s] -- Up-to-date symlink: /home/emzx/ros2_ws/install/bumperbot_description/share/bumperbot_description/models/aws_robomaker_residential_PortraitB_01/materials/textures/aws_PortraitB_01.png
[1.601s] -- Up-to-date symlink: /home/emzx/ros2_ws/install/bumperbot_description/share/bumperbot_description/models/aws_robomaker_residential_PortraitB_01/materials/textures/aws_PortraitB_02.png
[1.601s] -- Up-to-date symlink: /home/emzx/ros2_ws/install/bumperbot_description/share/bumperbot_description/models/aws_robomaker_residential_PortraitB_01/meshes/aws_PortraitB_01_collision.DAE
[1.602s] -- Up-to-date symlink: /home/emzx/ros2_ws/install/bumperbot_description/share/bumperbot_description/models/aws_robomaker_residential_PortraitB_01/meshes/aws_PortraitB_01_visual.DAE
[1.602s] -- Up-to-date symlink: /home/emzx/ros2_ws/install/bumperbot_description/share/bumperbot_description/models/aws_robomaker_residential_PortraitB_01/model.config
[1.602s] -- Up-to-date symlink: /home/emzx/ros2_ws/install/bumperbot_description/share/bumperbot_description/models/aws_robomaker_residential_PortraitB_01/model.sdf
[1.602s] -- Up-to-date symlink: /home/emzx/ros2_ws/install/bumperbot_description/share/bumperbot_description/models/aws_robomaker_residential_PortraitB_02/materials/textures/aws_PortraitB_01.png
[1.603s] -- Up-to-date symlink: /home/emzx/ros2_ws/install/bumperbot_description/share/bumperbot_description/models/aws_robomaker_residential_PortraitB_02/materials/textures/aws_PortraitB_02.png
[1.603s] -- Up-to-date symlink: /home/emzx/ros2_ws/install/bumperbot_description/share/bumperbot_description/models/aws_robomaker_residential_PortraitB_02/meshes/aws_PortraitB_01_collision.DAE
[1.604s] -- Up-to-date symlink: /home/emzx/ros2_ws/install/bumperbot_description/share/bumperbot_description/models/aws_robomaker_residential_PortraitB_02/meshes/aws_PortraitB_01_visual.DAE
[1.604s] -- Up-to-date symlink: /home/emzx/ros2_ws/install/bumperbot_description/share/bumperbot_description/models/aws_robomaker_residential_PortraitB_02/model.config
[1.605s] -- Up-to-date symlink: /home/emzx/ros2_ws/install/bumperbot_description/share/bumperbot_description/models/aws_robomaker_residential_PortraitB_02/model.sdf
[1.605s] -- Up-to-date symlink: /home/emzx/ros2_ws/install/bumperbot_description/share/bumperbot_description/models/aws_robomaker_residential_PortraitB_03/materials/textures/aws_PortraitB_01.png
[1.605s] -- Up-to-date symlink: /home/emzx/ros2_ws/install/bumperbot_description/share/bumperbot_description/models/aws_robomaker_residential_PortraitB_03/materials/textures/aws_PortraitB_02.png
[1.606s] -- Up-to-date symlink: /home/emzx/ros2_ws/install/bumperbot_description/share/bumperbot_description/models/aws_robomaker_residential_PortraitB_03/meshes/aws_PortraitB_01_collision.DAE
[1.606s] -- Up-to-date symlink: /home/emzx/ros2_ws/install/bumperbot_description/share/bumperbot_description/models/aws_robomaker_residential_PortraitB_03/meshes/aws_PortraitB_01_visual.DAE
[1.606s] -- Up-to-date symlink: /home/emzx/ros2_ws/install/bumperbot_description/share/bumperbot_description/models/aws_robomaker_residential_PortraitB_03/model.config
[1.606s] -- Up-to-date symlink: /home/emzx/ros2_ws/install/bumperbot_description/share/bumperbot_description/models/aws_robomaker_residential_PortraitB_03/model.sdf
[1.607s] -- Up-to-date symlink: /home/emzx/ros2_ws/install/bumperbot_description/share/bumperbot_description/models/aws_robomaker_residential_PortraitC_01/materials/textures/aws_PortraitC_01.png
[1.607s] -- Up-to-date symlink: /home/emzx/ros2_ws/install/bumperbot_description/share/bumperbot_description/models/aws_robomaker_residential_PortraitC_01/materials/textures/aws_PortraitC_02.png
[1.607s] -- Up-to-date symlink: /home/emzx/ros2_ws/install/bumperbot_description/share/bumperbot_description/models/aws_robomaker_residential_PortraitC_01/meshes/aws_PortraitC_01_collision.DAE
[1.608s] -- Up-to-date symlink: /home/emzx/ros2_ws/install/bumperbot_description/share/bumperbot_description/models/aws_robomaker_residential_PortraitC_01/meshes/aws_PortraitC_01_visual.DAE
[1.608s] -- Up-to-date symlink: /home/emzx/ros2_ws/install/bumperbot_description/share/bumperbot_description/models/aws_robomaker_residential_PortraitC_01/model.config
[1.608s] -- Up-to-date symlink: /home/emzx/ros2_ws/install/bumperbot_description/share/bumperbot_description/models/aws_robomaker_residential_PortraitC_01/model.sdf
[1.609s] -- Up-to-date symlink: /home/emzx/ros2_ws/install/bumperbot_description/share/bumperbot_description/models/aws_robomaker_residential_PortraitD_01/materials/textures/aws_PortraitD_01.png
[1.609s] -- Up-to-date symlink: /home/emzx/ros2_ws/install/bumperbot_description/share/bumperbot_description/models/aws_robomaker_residential_PortraitD_01/materials/textures/aws_PortraitD_02.png
[1.609s] -- Up-to-date symlink: /home/emzx/ros2_ws/install/bumperbot_description/share/bumperbot_description/models/aws_robomaker_residential_PortraitD_01/meshes/aws_PortraitD_01_collision.DAE
[1.609s] -- Up-to-date symlink: /home/emzx/ros2_ws/install/bumperbot_description/share/bumperbot_description/models/aws_robomaker_residential_PortraitD_01/meshes/aws_PortraitD_01_visual.DAE
[1.609s] -- Up-to-date symlink: /home/emzx/ros2_ws/install/bumperbot_description/share/bumperbot_description/models/aws_robomaker_residential_PortraitD_01/model.config
[1.610s] -- Up-to-date symlink: /home/emzx/ros2_ws/install/bumperbot_description/share/bumperbot_description/models/aws_robomaker_residential_PortraitD_01/model.sdf
[1.610s] -- Up-to-date symlink: /home/emzx/ros2_ws/install/bumperbot_description/share/bumperbot_description/models/aws_robomaker_residential_PortraitD_02/materials/textures/aws_PortraitD_01.png
[1.610s] -- Up-to-date symlink: /home/emzx/ros2_ws/install/bumperbot_description/share/bumperbot_description/models/aws_robomaker_residential_PortraitD_02/materials/textures/aws_PortraitD_02.png
[1.610s] -- Up-to-date symlink: /home/emzx/ros2_ws/install/bumperbot_description/share/bumperbot_description/models/aws_robomaker_residential_PortraitD_02/meshes/aws_PortraitD_01_collision.DAE
[1.611s] -- Up-to-date symlink: /home/emzx/ros2_ws/install/bumperbot_description/share/bumperbot_description/models/aws_robomaker_residential_PortraitD_02/meshes/aws_PortraitD_01_visual.DAE
[1.611s] -- Up-to-date symlink: /home/emzx/ros2_ws/install/bumperbot_description/share/bumperbot_description/models/aws_robomaker_residential_PortraitD_02/model.config
[1.611s] -- Up-to-date symlink: /home/emzx/ros2_ws/install/bumperbot_description/share/bumperbot_description/models/aws_robomaker_residential_PortraitD_02/model.sdf
[1.612s] -- Up-to-date symlink: /home/emzx/ros2_ws/install/bumperbot_description/share/bumperbot_description/models/aws_robomaker_residential_PortraitE_01/materials/textures/aws_PortraitE_01.png
[1.612s] -- Up-to-date symlink: /home/emzx/ros2_ws/install/bumperbot_description/share/bumperbot_description/models/aws_robomaker_residential_PortraitE_01/materials/textures/aws_PortraitE_02.png
[1.612s] -- Up-to-date symlink: /home/emzx/ros2_ws/install/bumperbot_description/share/bumperbot_description/models/aws_robomaker_residential_PortraitE_01/meshes/aws_PortraitE_01_collision.DAE
[1.613s] -- Up-to-date symlink: /home/emzx/ros2_ws/install/bumperbot_description/share/bumperbot_description/models/aws_robomaker_residential_PortraitE_01/meshes/aws_PortraitE_01_visual.DAE
[1.613s] -- Up-to-date symlink: /home/emzx/ros2_ws/install/bumperbot_description/share/bumperbot_description/models/aws_robomaker_residential_PortraitE_01/model.config
[1.613s] -- Up-to-date symlink: /home/emzx/ros2_ws/install/bumperbot_description/share/bumperbot_description/models/aws_robomaker_residential_PortraitE_01/model.sdf
[1.613s] -- Up-to-date symlink: /home/emzx/ros2_ws/install/bumperbot_description/share/bumperbot_description/models/aws_robomaker_residential_PortraitE_02/materials/textures/aws_PortraitE_01.png
[1.613s] -- Up-to-date symlink: /home/emzx/ros2_ws/install/bumperbot_description/share/bumperbot_description/models/aws_robomaker_residential_PortraitE_02/materials/textures/aws_PortraitE_02.png
[1.613s] -- Up-to-date symlink: /home/emzx/ros2_ws/install/bumperbot_description/share/bumperbot_description/models/aws_robomaker_residential_PortraitE_02/meshes/aws_PortraitE_01_collision.DAE
[1.614s] -- Up-to-date symlink: /home/emzx/ros2_ws/install/bumperbot_description/share/bumperbot_description/models/aws_robomaker_residential_PortraitE_02/meshes/aws_PortraitE_01_visual.DAE
[1.614s] -- Up-to-date symlink: /home/emzx/ros2_ws/install/bumperbot_description/share/bumperbot_description/models/aws_robomaker_residential_PortraitE_02/model.config
[1.614s] -- Up-to-date symlink: /home/emzx/ros2_ws/install/bumperbot_description/share/bumperbot_description/models/aws_robomaker_residential_PortraitE_02/model.sdf
[1.614s] -- Up-to-date symlink: /home/emzx/ros2_ws/install/bumperbot_description/share/bumperbot_description/models/aws_robomaker_residential_Quilt_01/materials/textures/aws_Quilt_01.png
[1.614s] -- Up-to-date symlink: /home/emzx/ros2_ws/install/bumperbot_description/share/bumperbot_description/models/aws_robomaker_residential_Quilt_01/meshes/aws_Quilt_01_collision.DAE
[1.614s] -- Up-to-date symlink: /home/emzx/ros2_ws/install/bumperbot_description/share/bumperbot_description/models/aws_robomaker_residential_Quilt_01/meshes/aws_Quilt_01_visual.DAE
[1.615s] -- Up-to-date symlink: /home/emzx/ros2_ws/install/bumperbot_description/share/bumperbot_description/models/aws_robomaker_residential_Quilt_01/model.config
[1.615s] -- Up-to-date symlink: /home/emzx/ros2_ws/install/bumperbot_description/share/bumperbot_description/models/aws_robomaker_residential_Quilt_01/model.sdf
[1.615s] -- Up-to-date symlink: /home/emzx/ros2_ws/install/bumperbot_description/share/bumperbot_description/models/aws_robomaker_residential_Rangehood_01/materials/textures/aws_Rangehood_01.png
[1.616s] -- Up-to-date symlink: /home/emzx/ros2_ws/install/bumperbot_description/share/bumperbot_description/models/aws_robomaker_residential_Rangehood_01/meshes/aws_Rangehood_01_collision.DAE
[1.616s] -- Up-to-date symlink: /home/emzx/ros2_ws/install/bumperbot_description/share/bumperbot_description/models/aws_robomaker_residential_Rangehood_01/meshes/aws_Rangehood_01_visual.DAE
[1.616s] -- Up-to-date symlink: /home/emzx/ros2_ws/install/bumperbot_description/share/bumperbot_description/models/aws_robomaker_residential_Rangehood_01/model.config
[1.616s] -- Up-to-date symlink: /home/emzx/ros2_ws/install/bumperbot_description/share/bumperbot_description/models/aws_robomaker_residential_Rangehood_01/model.sdf
[1.616s] -- Up-to-date symlink: /home/emzx/ros2_ws/install/bumperbot_description/share/bumperbot_description/models/aws_robomaker_residential_ReadingDesk_01/materials/textures/aws_ReadingDesk_01.png
[1.617s] -- Up-to-date symlink: /home/emzx/ros2_ws/install/bumperbot_description/share/bumperbot_description/models/aws_robomaker_residential_ReadingDesk_01/meshes/aws_ReadingDesk_01_collision.DAE
[1.617s] -- Up-to-date symlink: /home/emzx/ros2_ws/install/bumperbot_description/share/bumperbot_description/models/aws_robomaker_residential_ReadingDesk_01/meshes/aws_ReadingDesk_01_visual.DAE
[1.617s] -- Up-to-date symlink: /home/emzx/ros2_ws/install/bumperbot_description/share/bumperbot_description/models/aws_robomaker_residential_ReadingDesk_01/model.config
[1.617s] -- Up-to-date symlink: /home/emzx/ros2_ws/install/bumperbot_description/share/bumperbot_description/models/aws_robomaker_residential_ReadingDesk_01/model.sdf
[1.617s] -- Up-to-date symlink: /home/emzx/ros2_ws/install/bumperbot_description/share/bumperbot_description/models/aws_robomaker_residential_Refrigerator_01/materials/textures/aws_Refrigerator_01.png
[1.617s] -- Up-to-date symlink: /home/emzx/ros2_ws/install/bumperbot_description/share/bumperbot_description/models/aws_robomaker_residential_Refrigerator_01/materials/textures/aws_Refrigerator_02.png
[1.617s] -- Up-to-date symlink: /home/emzx/ros2_ws/install/bumperbot_description/share/bumperbot_description/models/aws_robomaker_residential_Refrigerator_01/meshes/aws_Refrigerator_01.DAE
[1.618s] -- Up-to-date symlink: /home/emzx/ros2_ws/install/bumperbot_description/share/bumperbot_description/models/aws_robomaker_residential_Refrigerator_01/meshes/aws_Refrigerator_01_collision.DAE
[1.618s] -- Up-to-date symlink: /home/emzx/ros2_ws/install/bumperbot_description/share/bumperbot_description/models/aws_robomaker_residential_Refrigerator_01/meshes/aws_Refrigerator_01_visual.DAE
[1.618s] -- Up-to-date symlink: /home/emzx/ros2_ws/install/bumperbot_description/share/bumperbot_description/models/aws_robomaker_residential_Refrigerator_01/model.config
[1.618s] -- Up-to-date symlink: /home/emzx/ros2_ws/install/bumperbot_description/share/bumperbot_description/models/aws_robomaker_residential_Refrigerator_01/model.sdf
[1.618s] -- Up-to-date symlink: /home/emzx/ros2_ws/install/bumperbot_description/share/bumperbot_description/models/aws_robomaker_residential_RoomCeiling_01/materials/textures/aws_RoomCeiling_01.png
[1.618s] -- Up-to-date symlink: /home/emzx/ros2_ws/install/bumperbot_description/share/bumperbot_description/models/aws_robomaker_residential_RoomCeiling_01/meshes/aws_RoomCeiling_01_collision.DAE
[1.619s] -- Up-to-date symlink: /home/emzx/ros2_ws/install/bumperbot_description/share/bumperbot_description/models/aws_robomaker_residential_RoomCeiling_01/meshes/aws_RoomCeiling_01_visual.DAE
[1.619s] -- Up-to-date symlink: /home/emzx/ros2_ws/install/bumperbot_description/share/bumperbot_description/models/aws_robomaker_residential_RoomCeiling_01/model.config
[1.619s] -- Up-to-date symlink: /home/emzx/ros2_ws/install/bumperbot_description/share/bumperbot_description/models/aws_robomaker_residential_RoomCeiling_01/model.sdf
[1.619s] -- Up-to-date symlink: /home/emzx/ros2_ws/install/bumperbot_description/share/bumperbot_description/models/aws_robomaker_residential_RoomWall_01/materials/textures/aws_RoomWall_01.png
[1.619s] -- Up-to-date symlink: /home/emzx/ros2_ws/install/bumperbot_description/share/bumperbot_description/models/aws_robomaker_residential_RoomWall_01/meshes/aws_RoomWall_01_collision.DAE
[1.620s] -- Up-to-date symlink: /home/emzx/ros2_ws/install/bumperbot_description/share/bumperbot_description/models/aws_robomaker_residential_RoomWall_01/meshes/aws_RoomWall_01_visual.DAE
[1.621s] -- Up-to-date symlink: /home/emzx/ros2_ws/install/bumperbot_description/share/bumperbot_description/models/aws_robomaker_residential_RoomWall_01/model.config
[1.621s] -- Up-to-date symlink: /home/emzx/ros2_ws/install/bumperbot_description/share/bumperbot_description/models/aws_robomaker_residential_RoomWall_01/model.sdf
[1.621s] -- Up-to-date symlink: /home/emzx/ros2_ws/install/bumperbot_description/share/bumperbot_description/models/aws_robomaker_residential_RoomWindow_01/materials/textures/aws_RoomWindow_01.png
[1.621s] -- Up-to-date symlink: /home/emzx/ros2_ws/install/bumperbot_description/share/bumperbot_description/models/aws_robomaker_residential_RoomWindow_01/meshes/aws_RoomWindow_01_collision.DAE
[1.622s] -- Up-to-date symlink: /home/emzx/ros2_ws/install/bumperbot_description/share/bumperbot_description/models/aws_robomaker_residential_RoomWindow_01/meshes/aws_RoomWindow_01_visual.DAE
[1.622s] -- Up-to-date symlink: /home/emzx/ros2_ws/install/bumperbot_description/share/bumperbot_description/models/aws_robomaker_residential_RoomWindow_01/model.config
[1.622s] -- Up-to-date symlink: /home/emzx/ros2_ws/install/bumperbot_description/share/bumperbot_description/models/aws_robomaker_residential_RoomWindow_01/model.sdf
[1.622s] -- Up-to-date symlink: /home/emzx/ros2_ws/install/bumperbot_description/share/bumperbot_description/models/aws_robomaker_residential_SeasoningBox_01/materials/textures/aws_SeasoningBox_01.png
[1.622s] -- Up-to-date symlink: /home/emzx/ros2_ws/install/bumperbot_description/share/bumperbot_description/models/aws_robomaker_residential_SeasoningBox_01/meshes/aws_SeasoningBox_01_collision.DAE
[1.623s] -- Up-to-date symlink: /home/emzx/ros2_ws/install/bumperbot_description/share/bumperbot_description/models/aws_robomaker_residential_SeasoningBox_01/meshes/aws_SeasoningBox_01_visual.DAE
[1.623s] -- Up-to-date symlink: /home/emzx/ros2_ws/install/bumperbot_description/share/bumperbot_description/models/aws_robomaker_residential_SeasoningBox_01/model.config
[1.623s] -- Up-to-date symlink: /home/emzx/ros2_ws/install/bumperbot_description/share/bumperbot_description/models/aws_robomaker_residential_SeasoningBox_01/model.sdf
[1.623s] -- Up-to-date symlink: /home/emzx/ros2_ws/install/bumperbot_description/share/bumperbot_description/models/aws_robomaker_residential_SecurityCamera_01/materials/textures/aws_SecurityCamera_01.png
[1.623s] -- Up-to-date symlink: /home/emzx/ros2_ws/install/bumperbot_description/share/bumperbot_description/models/aws_robomaker_residential_SecurityCamera_01/meshes/aws_SecurityCamera_01_collision.DAE
[1.623s] -- Up-to-date symlink: /home/emzx/ros2_ws/install/bumperbot_description/share/bumperbot_description/models/aws_robomaker_residential_SecurityCamera_01/meshes/aws_SecurityCamera_01_visual.DAE
[1.624s] -- Up-to-date symlink: /home/emzx/ros2_ws/install/bumperbot_description/share/bumperbot_description/models/aws_robomaker_residential_SecurityCamera_01/model.config
[1.624s] -- Up-to-date symlink: /home/emzx/ros2_ws/install/bumperbot_description/share/bumperbot_description/models/aws_robomaker_residential_SecurityCamera_01/model.sdf
[1.624s] -- Up-to-date symlink: /home/emzx/ros2_ws/install/bumperbot_description/share/bumperbot_description/models/aws_robomaker_residential_ShoeRack_01/materials/textures/aws_ShoeRack_01.png
[1.624s] -- Up-to-date symlink: /home/emzx/ros2_ws/install/bumperbot_description/share/bumperbot_description/models/aws_robomaker_residential_ShoeRack_01/meshes/aws_ShoeRack_01_collision.DAE
[1.624s] -- Up-to-date symlink: /home/emzx/ros2_ws/install/bumperbot_description/share/bumperbot_description/models/aws_robomaker_residential_ShoeRack_01/meshes/aws_ShoeRack_01_visual.DAE
[1.624s] -- Up-to-date symlink: /home/emzx/ros2_ws/install/bumperbot_description/share/bumperbot_description/models/aws_robomaker_residential_ShoeRack_01/model.config
[1.624s] -- Up-to-date symlink: /home/emzx/ros2_ws/install/bumperbot_description/share/bumperbot_description/models/aws_robomaker_residential_ShoeRack_01/model.sdf
[1.625s] -- Up-to-date symlink: /home/emzx/ros2_ws/install/bumperbot_description/share/bumperbot_description/models/aws_robomaker_residential_SofaB_01/materials/textures/aws_SofaB_01.png
[1.625s] -- Up-to-date symlink: /home/emzx/ros2_ws/install/bumperbot_description/share/bumperbot_description/models/aws_robomaker_residential_SofaB_01/meshes/aws_SofaB_01_collision.DAE
[1.625s] -- Up-to-date symlink: /home/emzx/ros2_ws/install/bumperbot_description/share/bumperbot_description/models/aws_robomaker_residential_SofaB_01/meshes/aws_SofaB_01_visual.DAE
[1.625s] -- Up-to-date symlink: /home/emzx/ros2_ws/install/bumperbot_description/share/bumperbot_description/models/aws_robomaker_residential_SofaB_01/model.config
[1.626s] -- Up-to-date symlink: /home/emzx/ros2_ws/install/bumperbot_description/share/bumperbot_description/models/aws_robomaker_residential_SofaB_01/model.sdf
[1.626s] -- Up-to-date symlink: /home/emzx/ros2_ws/install/bumperbot_description/share/bumperbot_description/models/aws_robomaker_residential_SofaC_01/materials/textures/aws_SofaC_01.png
[1.626s] -- Up-to-date symlink: /home/emzx/ros2_ws/install/bumperbot_description/share/bumperbot_description/models/aws_robomaker_residential_SofaC_01/meshes/aws_SofaC_01_collision.DAE
[1.626s] -- Up-to-date symlink: /home/emzx/ros2_ws/install/bumperbot_description/share/bumperbot_description/models/aws_robomaker_residential_SofaC_01/meshes/aws_SofaC_01_visual.DAE
[1.627s] -- Up-to-date symlink: /home/emzx/ros2_ws/install/bumperbot_description/share/bumperbot_description/models/aws_robomaker_residential_SofaC_01/model.config
[1.627s] -- Up-to-date symlink: /home/emzx/ros2_ws/install/bumperbot_description/share/bumperbot_description/models/aws_robomaker_residential_SofaC_01/model.sdf
[1.628s] -- Up-to-date symlink: /home/emzx/ros2_ws/install/bumperbot_description/share/bumperbot_description/models/aws_robomaker_residential_Sofa_01/materials/textures/aws_Sofa_01.png
[1.629s] -- Up-to-date symlink: /home/emzx/ros2_ws/install/bumperbot_description/share/bumperbot_description/models/aws_robomaker_residential_Sofa_01/meshes/aws_Sofa_01.DAE
[1.629s] -- Up-to-date symlink: /home/emzx/ros2_ws/install/bumperbot_description/share/bumperbot_description/models/aws_robomaker_residential_Sofa_01/meshes/aws_Sofa_01_collision.DAE
[1.629s] -- Up-to-date symlink: /home/emzx/ros2_ws/install/bumperbot_description/share/bumperbot_description/models/aws_robomaker_residential_Sofa_01/meshes/aws_Sofa_01_visual.DAE
[1.629s] -- Up-to-date symlink: /home/emzx/ros2_ws/install/bumperbot_description/share/bumperbot_description/models/aws_robomaker_residential_Sofa_01/model.config
[1.629s] -- Up-to-date symlink: /home/emzx/ros2_ws/install/bumperbot_description/share/bumperbot_description/models/aws_robomaker_residential_Sofa_01/model.sdf
[1.630s] -- Up-to-date symlink: /home/emzx/ros2_ws/install/bumperbot_description/share/bumperbot_description/models/aws_robomaker_residential_TVCabinet_01/materials/textures/aws_TVCabinet_01.png
[1.630s] -- Up-to-date symlink: /home/emzx/ros2_ws/install/bumperbot_description/share/bumperbot_description/models/aws_robomaker_residential_TVCabinet_01/meshes/aws_TVCabinet_01_collision.DAE
[1.630s] -- Up-to-date symlink: /home/emzx/ros2_ws/install/bumperbot_description/share/bumperbot_description/models/aws_robomaker_residential_TVCabinet_01/meshes/aws_TVCabinet_01_visual.DAE
[1.630s] -- Up-to-date symlink: /home/emzx/ros2_ws/install/bumperbot_description/share/bumperbot_description/models/aws_robomaker_residential_TVCabinet_01/model.config
[1.631s] -- Up-to-date symlink: /home/emzx/ros2_ws/install/bumperbot_description/share/bumperbot_description/models/aws_robomaker_residential_TVCabinet_01/model.sdf
[1.631s] -- Up-to-date symlink: /home/emzx/ros2_ws/install/bumperbot_description/share/bumperbot_description/models/aws_robomaker_residential_TV_01/materials/textures/aws_TV_01.png
[1.631s] -- Up-to-date symlink: /home/emzx/ros2_ws/install/bumperbot_description/share/bumperbot_description/models/aws_robomaker_residential_TV_01/meshes/aws_TV_01_collision.DAE
[1.631s] -- Up-to-date symlink: /home/emzx/ros2_ws/install/bumperbot_description/share/bumperbot_description/models/aws_robomaker_residential_TV_01/meshes/aws_TV_01_visual.DAE
[1.631s] -- Up-to-date symlink: /home/emzx/ros2_ws/install/bumperbot_description/share/bumperbot_description/models/aws_robomaker_residential_TV_01/model.config
[1.632s] -- Up-to-date symlink: /home/emzx/ros2_ws/install/bumperbot_description/share/bumperbot_description/models/aws_robomaker_residential_TV_01/model.sdf
[1.632s] -- Up-to-date symlink: /home/emzx/ros2_ws/install/bumperbot_description/share/bumperbot_description/models/aws_robomaker_residential_TV_02/materials/textures/aws_TV_01.png
[1.633s] -- Up-to-date symlink: /home/emzx/ros2_ws/install/bumperbot_description/share/bumperbot_description/models/aws_robomaker_residential_TV_02/meshes/aws_TV_01_collision.DAE
[1.633s] -- Up-to-date symlink: /home/emzx/ros2_ws/install/bumperbot_description/share/bumperbot_description/models/aws_robomaker_residential_TV_02/meshes/aws_TV_01_visual.DAE
[1.633s] -- Up-to-date symlink: /home/emzx/ros2_ws/install/bumperbot_description/share/bumperbot_description/models/aws_robomaker_residential_TV_02/model.config
[1.633s] -- Up-to-date symlink: /home/emzx/ros2_ws/install/bumperbot_description/share/bumperbot_description/models/aws_robomaker_residential_TV_02/model.sdf
[1.633s] -- Up-to-date symlink: /home/emzx/ros2_ws/install/bumperbot_description/share/bumperbot_description/models/aws_robomaker_residential_Tablet_01/materials/textures/aws_Tablet_01_nologo.png
[1.633s] -- Up-to-date symlink: /home/emzx/ros2_ws/install/bumperbot_description/share/bumperbot_description/models/aws_robomaker_residential_Tablet_01/meshes/aws_Tablet_01_collision.DAE
[1.633s] -- Up-to-date symlink: /home/emzx/ros2_ws/install/bumperbot_description/share/bumperbot_description/models/aws_robomaker_residential_Tablet_01/meshes/aws_Tablet_01_visual.DAE
[1.634s] -- Up-to-date symlink: /home/emzx/ros2_ws/install/bumperbot_description/share/bumperbot_description/models/aws_robomaker_residential_Tablet_01/model.config
[1.634s] -- Up-to-date symlink: /home/emzx/ros2_ws/install/bumperbot_description/share/bumperbot_description/models/aws_robomaker_residential_Tablet_01/model.sdf
[1.634s] -- Up-to-date symlink: /home/emzx/ros2_ws/install/bumperbot_description/share/bumperbot_description/models/aws_robomaker_residential_Tableware_01/materials/textures/aws_Tableware_01.png
[1.634s] -- Up-to-date symlink: /home/emzx/ros2_ws/install/bumperbot_description/share/bumperbot_description/models/aws_robomaker_residential_Tableware_01/meshes/aws_Tableware_01_collision.DAE
[1.634s] -- Up-to-date symlink: /home/emzx/ros2_ws/install/bumperbot_description/share/bumperbot_description/models/aws_robomaker_residential_Tableware_01/meshes/aws_Tableware_01_visual.DAE
[1.634s] -- Up-to-date symlink: /home/emzx/ros2_ws/install/bumperbot_description/share/bumperbot_description/models/aws_robomaker_residential_Tableware_01/model.config
[1.635s] -- Up-to-date symlink: /home/emzx/ros2_ws/install/bumperbot_description/share/bumperbot_description/models/aws_robomaker_residential_Tableware_01/model.sdf
[1.635s] -- Up-to-date symlink: /home/emzx/ros2_ws/install/bumperbot_description/share/bumperbot_description/models/aws_robomaker_residential_Trash_01/materials/textures/aws_Trash_01.png
[1.635s] -- Up-to-date symlink: /home/emzx/ros2_ws/install/bumperbot_description/share/bumperbot_description/models/aws_robomaker_residential_Trash_01/meshes/aws_Trash_01_collision.DAE
[1.636s] -- Up-to-date symlink: /home/emzx/ros2_ws/install/bumperbot_description/share/bumperbot_description/models/aws_robomaker_residential_Trash_01/meshes/aws_Trash_01_visual.DAE
[1.636s] -- Up-to-date symlink: /home/emzx/ros2_ws/install/bumperbot_description/share/bumperbot_description/models/aws_robomaker_residential_Trash_01/model.config
[1.636s] -- Up-to-date symlink: /home/emzx/ros2_ws/install/bumperbot_description/share/bumperbot_description/models/aws_robomaker_residential_Trash_01/model.sdf
[1.636s] -- Up-to-date symlink: /home/emzx/ros2_ws/install/bumperbot_description/share/bumperbot_description/models/aws_robomaker_residential_Vase_01/materials/textures/aws_Vase_01.png
[1.637s] -- Up-to-date symlink: /home/emzx/ros2_ws/install/bumperbot_description/share/bumperbot_description/models/aws_robomaker_residential_Vase_01/meshes/aws_Vase_01_collision.DAE
[1.637s] -- Up-to-date symlink: /home/emzx/ros2_ws/install/bumperbot_description/share/bumperbot_description/models/aws_robomaker_residential_Vase_01/meshes/aws_Vase_01_visual.DAE
[1.637s] -- Up-to-date symlink: /home/emzx/ros2_ws/install/bumperbot_description/share/bumperbot_description/models/aws_robomaker_residential_Vase_01/model.config
[1.638s] -- Up-to-date symlink: /home/emzx/ros2_ws/install/bumperbot_description/share/bumperbot_description/models/aws_robomaker_residential_Vase_01/model.sdf
[1.638s] -- Up-to-date symlink: /home/emzx/ros2_ws/install/bumperbot_description/share/bumperbot_description/models/aws_robomaker_residential_Wardrobe_01/materials/textures/aws_Wardrobe_01.png
[1.639s] -- Up-to-date symlink: /home/emzx/ros2_ws/install/bumperbot_description/share/bumperbot_description/models/aws_robomaker_residential_Wardrobe_01/meshes/aws_Wardrobe_01_collision.DAE
[1.639s] -- Up-to-date symlink: /home/emzx/ros2_ws/install/bumperbot_description/share/bumperbot_description/models/aws_robomaker_residential_Wardrobe_01/meshes/aws_Wardrobe_01_visual.DAE
[1.642s] -- Up-to-date symlink: /home/emzx/ros2_ws/install/bumperbot_description/share/bumperbot_description/models/aws_robomaker_residential_Wardrobe_01/model.config
[1.643s] -- Up-to-date symlink: /home/emzx/ros2_ws/install/bumperbot_description/share/bumperbot_description/models/aws_robomaker_residential_Wardrobe_01/model.sdf
[1.643s] -- Up-to-date symlink: /home/emzx/ros2_ws/install/bumperbot_description/share/bumperbot_description/models/aws_robomaker_warehouse_Bucket_01/.DS_Store
[1.643s] -- Up-to-date symlink: /home/emzx/ros2_ws/install/bumperbot_description/share/bumperbot_description/models/aws_robomaker_warehouse_Bucket_01/materials/.DS_Store
[1.644s] -- Up-to-date symlink: /home/emzx/ros2_ws/install/bumperbot_description/share/bumperbot_description/models/aws_robomaker_warehouse_Bucket_01/materials/textures/aws_robomaker_warehouse_Bucket_01.png
[1.644s] -- Up-to-date symlink: /home/emzx/ros2_ws/install/bumperbot_description/share/bumperbot_description/models/aws_robomaker_warehouse_Bucket_01/meshes/aws_robomaker_warehouse_Bucket_01_collision.DAE
[1.644s] -- Up-to-date symlink: /home/emzx/ros2_ws/install/bumperbot_description/share/bumperbot_description/models/aws_robomaker_warehouse_Bucket_01/meshes/aws_robomaker_warehouse_Bucket_01_visual.DAE
[1.644s] -- Up-to-date symlink: /home/emzx/ros2_ws/install/bumperbot_description/share/bumperbot_description/models/aws_robomaker_warehouse_Bucket_01/model.config
[1.644s] -- Up-to-date symlink: /home/emzx/ros2_ws/install/bumperbot_description/share/bumperbot_description/models/aws_robomaker_warehouse_Bucket_01/model.sdf
[1.644s] -- Up-to-date symlink: /home/emzx/ros2_ws/install/bumperbot_description/share/bumperbot_description/models/aws_robomaker_warehouse_ClutteringA_01/.DS_Store
[1.645s] -- Up-to-date symlink: /home/emzx/ros2_ws/install/bumperbot_description/share/bumperbot_description/models/aws_robomaker_warehouse_ClutteringA_01/materials/.DS_Store
[1.645s] -- Up-to-date symlink: /home/emzx/ros2_ws/install/bumperbot_description/share/bumperbot_description/models/aws_robomaker_warehouse_ClutteringA_01/materials/textures/.DS_Store
[1.645s] -- Up-to-date symlink: /home/emzx/ros2_ws/install/bumperbot_description/share/bumperbot_description/models/aws_robomaker_warehouse_ClutteringA_01/materials/textures/aws_robomaker_warehouse_ClutteringA_01.png
[1.645s] -- Up-to-date symlink: /home/emzx/ros2_ws/install/bumperbot_description/share/bumperbot_description/models/aws_robomaker_warehouse_ClutteringA_01/materials/textures/aws_robomaker_warehouse_ClutteringA_02.png
[1.645s] -- Up-to-date symlink: /home/emzx/ros2_ws/install/bumperbot_description/share/bumperbot_description/models/aws_robomaker_warehouse_ClutteringA_01/materials/textures/aws_robomaker_warehouse_ClutteringA_03.png
[1.646s] -- Up-to-date symlink: /home/emzx/ros2_ws/install/bumperbot_description/share/bumperbot_description/models/aws_robomaker_warehouse_ClutteringA_01/meshes/aws_robomaker_warehouse_ClutteringA_01_collision.DAE
[1.646s] -- Up-to-date symlink: /home/emzx/ros2_ws/install/bumperbot_description/share/bumperbot_description/models/aws_robomaker_warehouse_ClutteringA_01/meshes/aws_robomaker_warehouse_ClutteringA_01_visual.DAE
[1.646s] -- Up-to-date symlink: /home/emzx/ros2_ws/install/bumperbot_description/share/bumperbot_description/models/aws_robomaker_warehouse_ClutteringA_01/model.config
[1.646s] -- Up-to-date symlink: /home/emzx/ros2_ws/install/bumperbot_description/share/bumperbot_description/models/aws_robomaker_warehouse_ClutteringA_01/model.sdf
[1.646s] -- Up-to-date symlink: /home/emzx/ros2_ws/install/bumperbot_description/share/bumperbot_description/models/aws_robomaker_warehouse_ClutteringC_01/materials/textures/aws_robomaker_warehouse_ClutteringC_01.png
[1.646s] -- Up-to-date symlink: /home/emzx/ros2_ws/install/bumperbot_description/share/bumperbot_description/models/aws_robomaker_warehouse_ClutteringC_01/materials/textures/aws_robomaker_warehouse_ClutteringC_02.png
[1.647s] -- Up-to-date symlink: /home/emzx/ros2_ws/install/bumperbot_description/share/bumperbot_description/models/aws_robomaker_warehouse_ClutteringC_01/meshes/aws_robomaker_warehouse_ClutteringC_01_collision.DAE
[1.647s] -- Up-to-date symlink: /home/emzx/ros2_ws/install/bumperbot_description/share/bumperbot_description/models/aws_robomaker_warehouse_ClutteringC_01/meshes/aws_robomaker_warehouse_ClutteringC_01_visual.DAE
[1.647s] -- Up-to-date symlink: /home/emzx/ros2_ws/install/bumperbot_description/share/bumperbot_description/models/aws_robomaker_warehouse_ClutteringC_01/model.config
[1.647s] -- Up-to-date symlink: /home/emzx/ros2_ws/install/bumperbot_description/share/bumperbot_description/models/aws_robomaker_warehouse_ClutteringC_01/model.sdf
[1.647s] -- Up-to-date symlink: /home/emzx/ros2_ws/install/bumperbot_description/share/bumperbot_description/models/aws_robomaker_warehouse_ClutteringD_01/materials/textures/aws_robomaker_warehouse_ClutteringD_01.png
[1.647s] -- Up-to-date symlink: /home/emzx/ros2_ws/install/bumperbot_description/share/bumperbot_description/models/aws_robomaker_warehouse_ClutteringD_01/materials/textures/aws_robomaker_warehouse_ClutteringD_02.png
[1.647s] -- Up-to-date symlink: /home/emzx/ros2_ws/install/bumperbot_description/share/bumperbot_description/models/aws_robomaker_warehouse_ClutteringD_01/meshes/aws_robomaker_warehouse_ClutteringD_01_collision.DAE
[1.648s] -- Up-to-date symlink: /home/emzx/ros2_ws/install/bumperbot_description/share/bumperbot_description/models/aws_robomaker_warehouse_ClutteringD_01/meshes/aws_robomaker_warehouse_ClutteringD_01_visual.DAE
[1.648s] -- Up-to-date symlink: /home/emzx/ros2_ws/install/bumperbot_description/share/bumperbot_description/models/aws_robomaker_warehouse_ClutteringD_01/model.config
[1.648s] -- Up-to-date symlink: /home/emzx/ros2_ws/install/bumperbot_description/share/bumperbot_description/models/aws_robomaker_warehouse_ClutteringD_01/model.sdf
[1.648s] -- Up-to-date symlink: /home/emzx/ros2_ws/install/bumperbot_description/share/bumperbot_description/models/aws_robomaker_warehouse_DeskC_01/materials/.DS_Store
[1.648s] -- Up-to-date symlink: /home/emzx/ros2_ws/install/bumperbot_description/share/bumperbot_description/models/aws_robomaker_warehouse_DeskC_01/materials/textures/aws_robomaker_warehouse_DeskC_01.png
[1.648s] -- Up-to-date symlink: /home/emzx/ros2_ws/install/bumperbot_description/share/bumperbot_description/models/aws_robomaker_warehouse_DeskC_01/materials/textures/aws_robomaker_warehouse_DeskC_02.png
[1.648s] -- Up-to-date symlink: /home/emzx/ros2_ws/install/bumperbot_description/share/bumperbot_description/models/aws_robomaker_warehouse_DeskC_01/materials/textures/aws_robomaker_warehouse_DeskC_03.png
[1.648s] -- Up-to-date symlink: /home/emzx/ros2_ws/install/bumperbot_description/share/bumperbot_description/models/aws_robomaker_warehouse_DeskC_01/materials/textures/aws_robomaker_warehouse_DeskC_03.psd
[1.649s] -- Up-to-date symlink: /home/emzx/ros2_ws/install/bumperbot_description/share/bumperbot_description/models/aws_robomaker_warehouse_DeskC_01/materials/textures/aws_robomaker_warehouse_DeskC_04.png
[1.649s] -- Up-to-date symlink: /home/emzx/ros2_ws/install/bumperbot_description/share/bumperbot_description/models/aws_robomaker_warehouse_DeskC_01/meshes/aws_robomaker_warehouse_DeskC_01_collision.DAE
[1.649s] -- Up-to-date symlink: /home/emzx/ros2_ws/install/bumperbot_description/share/bumperbot_description/models/aws_robomaker_warehouse_DeskC_01/meshes/aws_robomaker_warehouse_DeskC_01_visual.DAE
[1.649s] -- Up-to-date symlink: /home/emzx/ros2_ws/install/bumperbot_description/share/bumperbot_description/models/aws_robomaker_warehouse_DeskC_01/model.config
[1.649s] -- Up-to-date symlink: /home/emzx/ros2_ws/install/bumperbot_description/share/bumperbot_description/models/aws_robomaker_warehouse_DeskC_01/model.sdf
[1.649s] -- Up-to-date symlink: /home/emzx/ros2_ws/install/bumperbot_description/share/bumperbot_description/models/aws_robomaker_warehouse_GroundB_01/materials/textures/aws_robomaker_warehouse_GroundB_01.png
[1.650s] -- Up-to-date symlink: /home/emzx/ros2_ws/install/bumperbot_description/share/bumperbot_description/models/aws_robomaker_warehouse_GroundB_01/materials/textures/aws_robomaker_warehouse_GroundB_02.png
[1.650s] -- Up-to-date symlink: /home/emzx/ros2_ws/install/bumperbot_description/share/bumperbot_description/models/aws_robomaker_warehouse_GroundB_01/meshes/aws_robomaker_warehouse_GroundB_01_collision.DAE
[1.650s] -- Up-to-date symlink: /home/emzx/ros2_ws/install/bumperbot_description/share/bumperbot_description/models/aws_robomaker_warehouse_GroundB_01/meshes/aws_robomaker_warehouse_GroundB_01_visual.DAE
[1.650s] -- Up-to-date symlink: /home/emzx/ros2_ws/install/bumperbot_description/share/bumperbot_description/models/aws_robomaker_warehouse_GroundB_01/model.config
[1.652s] -- Up-to-date symlink: /home/emzx/ros2_ws/install/bumperbot_description/share/bumperbot_description/models/aws_robomaker_warehouse_GroundB_01/model.sdf
[1.652s] -- Up-to-date symlink: /home/emzx/ros2_ws/install/bumperbot_description/share/bumperbot_description/models/aws_robomaker_warehouse_Lamp_01/materials/textures/aws_robomaker_warehouse_Lamp_01.png
[1.652s] -- Up-to-date symlink: /home/emzx/ros2_ws/install/bumperbot_description/share/bumperbot_description/models/aws_robomaker_warehouse_Lamp_01/meshes/aws_robomaker_warehouse_Lamp_01_collision.DAE
[1.652s] -- Up-to-date symlink: /home/emzx/ros2_ws/install/bumperbot_description/share/bumperbot_description/models/aws_robomaker_warehouse_Lamp_01/meshes/aws_robomaker_warehouse_Lamp_01_visual.DAE
[1.653s] -- Up-to-date symlink: /home/emzx/ros2_ws/install/bumperbot_description/share/bumperbot_description/models/aws_robomaker_warehouse_Lamp_01/model.config
[1.653s] -- Up-to-date symlink: /home/emzx/ros2_ws/install/bumperbot_description/share/bumperbot_description/models/aws_robomaker_warehouse_Lamp_01/model.sdf
[1.653s] -- Up-to-date symlink: /home/emzx/ros2_ws/install/bumperbot_description/share/bumperbot_description/models/aws_robomaker_warehouse_PalletJackB_01/.DS_Store
[1.653s] -- Up-to-date symlink: /home/emzx/ros2_ws/install/bumperbot_description/share/bumperbot_description/models/aws_robomaker_warehouse_PalletJackB_01/materials/.DS_Store
[1.653s] -- Up-to-date symlink: /home/emzx/ros2_ws/install/bumperbot_description/share/bumperbot_description/models/aws_robomaker_warehouse_PalletJackB_01/materials/textures/aws_robomaker_warehouse_PalletJackB_01.png
[1.653s] -- Up-to-date symlink: /home/emzx/ros2_ws/install/bumperbot_description/share/bumperbot_description/models/aws_robomaker_warehouse_PalletJackB_01/materials/textures/aws_robomaker_warehouse_PalletJackB_02.png
[1.654s] -- Up-to-date symlink: /home/emzx/ros2_ws/install/bumperbot_description/share/bumperbot_description/models/aws_robomaker_warehouse_PalletJackB_01/meshes/aws_robomaker_warehouse_PalletJackB_01_collision.DAE
[1.654s] -- Up-to-date symlink: /home/emzx/ros2_ws/install/bumperbot_description/share/bumperbot_description/models/aws_robomaker_warehouse_PalletJackB_01/meshes/aws_robomaker_warehouse_PalletJackB_01_visual.DAE
[1.656s] -- Up-to-date symlink: /home/emzx/ros2_ws/install/bumperbot_description/share/bumperbot_description/models/aws_robomaker_warehouse_PalletJackB_01/model.config
[1.656s] -- Up-to-date symlink: /home/emzx/ros2_ws/install/bumperbot_description/share/bumperbot_description/models/aws_robomaker_warehouse_PalletJackB_01/model.sdf
[1.658s] -- Up-to-date symlink: /home/emzx/ros2_ws/install/bumperbot_description/share/bumperbot_description/models/aws_robomaker_warehouse_RoofB_01/materials/textures/aws_robomaker_warehouse_RoofB_01.png
[1.658s] -- Up-to-date symlink: /home/emzx/ros2_ws/install/bumperbot_description/share/bumperbot_description/models/aws_robomaker_warehouse_RoofB_01/meshes/aws_robomaker_warehouse_RoofB_01_collision.DAE
[1.659s] -- Up-to-date symlink: /home/emzx/ros2_ws/install/bumperbot_description/share/bumperbot_description/models/aws_robomaker_warehouse_RoofB_01/meshes/aws_robomaker_warehouse_RoofB_01_visual.DAE
[1.659s] -- Up-to-date symlink: /home/emzx/ros2_ws/install/bumperbot_description/share/bumperbot_description/models/aws_robomaker_warehouse_RoofB_01/model.config
[1.659s] -- Up-to-date symlink: /home/emzx/ros2_ws/install/bumperbot_description/share/bumperbot_description/models/aws_robomaker_warehouse_RoofB_01/model.sdf
[1.659s] -- Up-to-date symlink: /home/emzx/ros2_ws/install/bumperbot_description/share/bumperbot_description/models/aws_robomaker_warehouse_ShelfD_01/materials/textures/aws_robomaker_warehouse_ShelfD_01.png
[1.659s] -- Up-to-date symlink: /home/emzx/ros2_ws/install/bumperbot_description/share/bumperbot_description/models/aws_robomaker_warehouse_ShelfD_01/materials/textures/aws_robomaker_warehouse_ShelfD_02.png
[1.660s] -- Up-to-date symlink: /home/emzx/ros2_ws/install/bumperbot_description/share/bumperbot_description/models/aws_robomaker_warehouse_ShelfD_01/materials/textures/aws_robomaker_warehouse_ShelfD_03.png
[1.660s] -- Up-to-date symlink: /home/emzx/ros2_ws/install/bumperbot_description/share/bumperbot_description/models/aws_robomaker_warehouse_ShelfD_01/materials/textures/aws_robomaker_warehouse_ShelfD_04.png
[1.660s] -- Up-to-date symlink: /home/emzx/ros2_ws/install/bumperbot_description/share/bumperbot_description/models/aws_robomaker_warehouse_ShelfD_01/meshes/aws_robomaker_warehouse_ShelfD_01_collision.DAE
[1.660s] -- Up-to-date symlink: /home/emzx/ros2_ws/install/bumperbot_description/share/bumperbot_description/models/aws_robomaker_warehouse_ShelfD_01/meshes/aws_robomaker_warehouse_ShelfD_01_visual.DAE
[1.660s] -- Up-to-date symlink: /home/emzx/ros2_ws/install/bumperbot_description/share/bumperbot_description/models/aws_robomaker_warehouse_ShelfD_01/model.config
[1.661s] -- Up-to-date symlink: /home/emzx/ros2_ws/install/bumperbot_description/share/bumperbot_description/models/aws_robomaker_warehouse_ShelfD_01/model.sdf
[1.661s] -- Up-to-date symlink: /home/emzx/ros2_ws/install/bumperbot_description/share/bumperbot_description/models/aws_robomaker_warehouse_ShelfE_01/.DS_Store
[1.661s] -- Up-to-date symlink: /home/emzx/ros2_ws/install/bumperbot_description/share/bumperbot_description/models/aws_robomaker_warehouse_ShelfE_01/materials/.DS_Store
[1.661s] -- Up-to-date symlink: /home/emzx/ros2_ws/install/bumperbot_description/share/bumperbot_description/models/aws_robomaker_warehouse_ShelfE_01/materials/textures/aws_robomaker_warehouse_ShelfE_01.png
[1.661s] -- Up-to-date symlink: /home/emzx/ros2_ws/install/bumperbot_description/share/bumperbot_description/models/aws_robomaker_warehouse_ShelfE_01/materials/textures/aws_robomaker_warehouse_ShelfE_02.png
[1.661s] -- Up-to-date symlink: /home/emzx/ros2_ws/install/bumperbot_description/share/bumperbot_description/models/aws_robomaker_warehouse_ShelfE_01/materials/textures/aws_robomaker_warehouse_ShelfE_03.png
[1.662s] -- Up-to-date symlink: /home/emzx/ros2_ws/install/bumperbot_description/share/bumperbot_description/models/aws_robomaker_warehouse_ShelfE_01/materials/textures/aws_robomaker_warehouse_ShelfE_04.png
[1.662s] -- Up-to-date symlink: /home/emzx/ros2_ws/install/bumperbot_description/share/bumperbot_description/models/aws_robomaker_warehouse_ShelfE_01/meshes/aws_robomaker_warehouse_ShelfE_01_collision.DAE
[1.662s] -- Up-to-date symlink: /home/emzx/ros2_ws/install/bumperbot_description/share/bumperbot_description/models/aws_robomaker_warehouse_ShelfE_01/meshes/aws_robomaker_warehouse_ShelfE_01_visual.DAE
[1.662s] -- Up-to-date symlink: /home/emzx/ros2_ws/install/bumperbot_description/share/bumperbot_description/models/aws_robomaker_warehouse_ShelfE_01/model.config
[1.662s] -- Up-to-date symlink: /home/emzx/ros2_ws/install/bumperbot_description/share/bumperbot_description/models/aws_robomaker_warehouse_ShelfE_01/model.sdf
[1.663s] -- Up-to-date symlink: /home/emzx/ros2_ws/install/bumperbot_description/share/bumperbot_description/models/aws_robomaker_warehouse_ShelfF_01/materials/textures/aws_robomaker_warehouse_ShelfF_01.png
[1.663s] -- Up-to-date symlink: /home/emzx/ros2_ws/install/bumperbot_description/share/bumperbot_description/models/aws_robomaker_warehouse_ShelfF_01/materials/textures/aws_robomaker_warehouse_ShelfF_02.png
[1.663s] -- Up-to-date symlink: /home/emzx/ros2_ws/install/bumperbot_description/share/bumperbot_description/models/aws_robomaker_warehouse_ShelfF_01/materials/textures/aws_robomaker_warehouse_ShelfF_03.png
[1.663s] -- Up-to-date symlink: /home/emzx/ros2_ws/install/bumperbot_description/share/bumperbot_description/models/aws_robomaker_warehouse_ShelfF_01/meshes/aws_robomaker_warehouse_ShelfF_01_collision.DAE
[1.663s] -- Up-to-date symlink: /home/emzx/ros2_ws/install/bumperbot_description/share/bumperbot_description/models/aws_robomaker_warehouse_ShelfF_01/meshes/aws_robomaker_warehouse_ShelfF_01_visual.DAE
[1.664s] -- Up-to-date symlink: /home/emzx/ros2_ws/install/bumperbot_description/share/bumperbot_description/models/aws_robomaker_warehouse_ShelfF_01/model.config
[1.664s] -- Up-to-date symlink: /home/emzx/ros2_ws/install/bumperbot_description/share/bumperbot_description/models/aws_robomaker_warehouse_ShelfF_01/model.sdf
[1.664s] -- Up-to-date symlink: /home/emzx/ros2_ws/install/bumperbot_description/share/bumperbot_description/models/aws_robomaker_warehouse_TrashCanC_01/materials/textures/aws_robomaker_warehouse_TrashCanC_01.png
[1.664s] -- Up-to-date symlink: /home/emzx/ros2_ws/install/bumperbot_description/share/bumperbot_description/models/aws_robomaker_warehouse_TrashCanC_01/meshes/aws_robomaker_warehouse_TrashCanC_01_collision.DAE
[1.664s] -- Up-to-date symlink: /home/emzx/ros2_ws/install/bumperbot_description/share/bumperbot_description/models/aws_robomaker_warehouse_TrashCanC_01/meshes/aws_robomaker_warehouse_TrashCanC_01_visual.DAE
[1.664s] -- Up-to-date symlink: /home/emzx/ros2_ws/install/bumperbot_description/share/bumperbot_description/models/aws_robomaker_warehouse_TrashCanC_01/model.config
[1.664s] -- Up-to-date symlink: /home/emzx/ros2_ws/install/bumperbot_description/share/bumperbot_description/models/aws_robomaker_warehouse_TrashCanC_01/model.sdf
[1.665s] -- Up-to-date symlink: /home/emzx/ros2_ws/install/bumperbot_description/share/bumperbot_description/models/aws_robomaker_warehouse_WallB_01/materials/textures/aws_robomaker_warehouse_WallB_01.png
[1.665s] -- Up-to-date symlink: /home/emzx/ros2_ws/install/bumperbot_description/share/bumperbot_description/models/aws_robomaker_warehouse_WallB_01/meshes/aws_robomaker_warehouse_WallB_01_collision.DAE
[1.665s] -- Up-to-date symlink: /home/emzx/ros2_ws/install/bumperbot_description/share/bumperbot_description/models/aws_robomaker_warehouse_WallB_01/meshes/aws_robomaker_warehouse_WallB_01_visual.DAE
[1.665s] -- Up-to-date symlink: /home/emzx/ros2_ws/install/bumperbot_description/share/bumperbot_description/models/aws_robomaker_warehouse_WallB_01/model.config
[1.665s] -- Up-to-date symlink: /home/emzx/ros2_ws/install/bumperbot_description/share/bumperbot_description/models/aws_robomaker_warehouse_WallB_01/model.sdf
[1.665s] -- Up-to-date symlink: /home/emzx/ros2_ws/install/bumperbot_description/share/bumperbot_description/worlds/empty.world
[1.666s] -- Up-to-date symlink: /home/emzx/ros2_ws/install/bumperbot_description/share/bumperbot_description/worlds/small_house.world
[1.666s] -- Up-to-date symlink: /home/emzx/ros2_ws/install/bumperbot_description/share/bumperbot_description/worlds/small_warehouse.world
[1.666s] -- Up-to-date symlink: /home/emzx/ros2_ws/install/bumperbot_description/share/bumperbot_description/photos/DeskPortraitA_01.jpg
[1.666s] -- Up-to-date symlink: /home/emzx/ros2_ws/install/bumperbot_description/share/bumperbot_description/photos/DeskPortraitA_02.jpg
[1.666s] -- Up-to-date symlink: /home/emzx/ros2_ws/install/bumperbot_description/share/bumperbot_description/photos/DeskPortraitB_01.jpg
[1.666s] -- Up-to-date symlink: /home/emzx/ros2_ws/install/bumperbot_description/share/bumperbot_description/photos/DeskPortraitB_02.jpg
[1.667s] -- Up-to-date symlink: /home/emzx/ros2_ws/install/bumperbot_description/share/bumperbot_description/photos/DeskPortraitC_01.jpg
[1.667s] -- Up-to-date symlink: /home/emzx/ros2_ws/install/bumperbot_description/share/bumperbot_description/photos/DeskPortraitC_02.jpg
[1.667s] -- Up-to-date symlink: /home/emzx/ros2_ws/install/bumperbot_description/share/bumperbot_description/photos/DeskPortraitD_01.jpg
[1.667s] -- Up-to-date symlink: /home/emzx/ros2_ws/install/bumperbot_description/share/bumperbot_description/photos/DeskPortraitD_02.jpg
[1.667s] -- Up-to-date symlink: /home/emzx/ros2_ws/install/bumperbot_description/share/bumperbot_description/photos/DeskPortraitD_03.jpg
[1.668s] -- Up-to-date symlink: /home/emzx/ros2_ws/install/bumperbot_description/share/bumperbot_description/photos/DeskPortraitD_04.jpg
[1.668s] -- Up-to-date symlink: /home/emzx/ros2_ws/install/bumperbot_description/share/bumperbot_description/photos/PortraitA_01.jpg
[1.668s] -- Up-to-date symlink: /home/emzx/ros2_ws/install/bumperbot_description/share/bumperbot_description/photos/PortraitA_02.jpg
[1.668s] -- Up-to-date symlink: /home/emzx/ros2_ws/install/bumperbot_description/share/bumperbot_description/photos/PortraitB_01.jpg
[1.668s] -- Up-to-date symlink: /home/emzx/ros2_ws/install/bumperbot_description/share/bumperbot_description/photos/PortraitB_02.jpg
[1.668s] -- Up-to-date symlink: /home/emzx/ros2_ws/install/bumperbot_description/share/bumperbot_description/photos/PortraitB_03.jpg
[1.668s] -- Up-to-date symlink: /home/emzx/ros2_ws/install/bumperbot_description/share/bumperbot_description/photos/PortraitC_01.jpg
[1.669s] -- Up-to-date symlink: /home/emzx/ros2_ws/install/bumperbot_description/share/bumperbot_description/photos/PortraitD_01.jpg
[1.669s] -- Up-to-date symlink: /home/emzx/ros2_ws/install/bumperbot_description/share/bumperbot_description/photos/PortraitD_02.jpg
[1.669s] -- Up-to-date symlink: /home/emzx/ros2_ws/install/bumperbot_description/share/bumperbot_description/photos/PortraitE_01.jpg
[1.669s] -- Up-to-date symlink: /home/emzx/ros2_ws/install/bumperbot_description/share/bumperbot_description/photos/PortraitE_02.jpg
[1.669s] -- Up-to-date symlink: /home/emzx/ros2_ws/install/bumperbot_description/share/ament_index/resource_index/package_run_dependencies/bumperbot_description
[1.669s] -- Up-to-date symlink: /home/emzx/ros2_ws/install/bumperbot_description/share/ament_index/resource_index/parent_prefix_path/bumperbot_description
[1.672s] -- Up-to-date symlink: /home/emzx/ros2_ws/install/bumperbot_description/share/bumperbot_description/environment/ament_prefix_path.sh
[1.672s] -- Up-to-date symlink: /home/emzx/ros2_ws/install/bumperbot_description/share/bumperbot_description/environment/ament_prefix_path.dsv
[1.672s] -- Up-to-date symlink: /home/emzx/ros2_ws/install/bumperbot_description/share/bumperbot_description/environment/path.sh
[1.672s] -- Up-to-date symlink: /home/emzx/ros2_ws/install/bumperbot_description/share/bumperbot_description/environment/path.dsv
[1.673s] -- Up-to-date symlink: /home/emzx/ros2_ws/install/bumperbot_description/share/bumperbot_description/local_setup.bash
[1.674s] -- Up-to-date symlink: /home/emzx/ros2_ws/install/bumperbot_description/share/bumperbot_description/local_setup.sh
[1.674s] -- Up-to-date symlink: /home/emzx/ros2_ws/install/bumperbot_description/share/bumperbot_description/local_setup.zsh
[1.675s] -- Up-to-date symlink: /home/emzx/ros2_ws/install/bumperbot_description/share/bumperbot_description/local_setup.dsv
[1.675s] -- Symlinking: /home/emzx/ros2_ws/install/bumperbot_description/share/bumperbot_description/package.dsv
[1.694s] -- Up-to-date symlink: /home/emzx/ros2_ws/install/bumperbot_description/share/ament_index/resource_index/packages/bumperbot_description
[1.694s] -- Up-to-date symlink: /home/emzx/ros2_ws/install/bumperbot_description/share/bumperbot_description/cmake/bumperbot_descriptionConfig.cmake
[1.695s] -- Up-to-date symlink: /home/emzx/ros2_ws/install/bumperbot_description/share/bumperbot_description/cmake/bumperbot_descriptionConfig-version.cmake
[1.695s] -- Up-to-date symlink: /home/emzx/ros2_ws/install/bumperbot_description/share/bumperbot_description/package.xml
[1.750s] Invoked command in '/home/emzx/ros2_ws/build/bumperbot_description' returned '0': CMAKE_PREFIX_PATH=${CMAKE_PREFIX_PATH}:/home/emzx/ros2_ws/install/turtlesim_catch_them_all:/home/emzx/ros2_ws/install/pacote_teste:/home/emzx/ros2_ws/install/bumperbot_utils:/home/emzx/ros2_ws/install/bumperbot_py:/opt/ros/jazzy DEBUGINFOD_URLS=https://debuginfod.ubuntu.com /usr/bin/cmake --install /home/emzx/ros2_ws/build/bumperbot_description
