[0.263s] Invoking command in '/home/emzx/ros2_ws/build/rplidar_ros': CMAKE_PREFIX_PATH=${CMAKE_PREFIX_PATH}:/home/emzx/ros2_ws/install/turtlesim_catch_them_all:/home/emzx/ros2_ws/install/pacote_teste:/home/emzx/ros2_ws/install/bumperbot_utils:/home/emzx/ros2_ws/install/bumperbot_py:/opt/ros/jazzy DEBUGINFOD_URLS=https://debuginfod.ubuntu.com /usr/bin/cmake --build /home/emzx/ros2_ws/build/rplidar_ros -- -j8 -l8
[0.381s] [  5%] Built target rplidar_client
[0.399s] [ 52%] Built target rplidar_composition
[0.405s] [100%] Built target rplidar_node
[1.273s] Invoked command in '/home/emzx/ros2_ws/build/rplidar_ros' returned '0': CMAKE_PREFIX_PATH=${CMAKE_PREFIX_PATH}:/home/emzx/ros2_ws/install/turtlesim_catch_them_all:/home/emzx/ros2_ws/install/pacote_teste:/home/emzx/ros2_ws/install/bumperbot_utils:/home/emzx/ros2_ws/install/bumperbot_py:/opt/ros/jazzy DEBUGINFOD_URLS=https://debuginfod.ubuntu.com /usr/bin/cmake --build /home/emzx/ros2_ws/build/rplidar_ros -- -j8 -l8
[1.275s] Invoking command in '/home/emzx/ros2_ws/build/rplidar_ros': CMAKE_PREFIX_PATH=${CMAKE_PREFIX_PATH}:/home/emzx/ros2_ws/install/turtlesim_catch_them_all:/home/emzx/ros2_ws/install/pacote_teste:/home/emzx/ros2_ws/install/bumperbot_utils:/home/emzx/ros2_ws/install/bumperbot_py:/opt/ros/jazzy DEBUGINFOD_URLS=https://debuginfod.ubuntu.com /usr/bin/cmake --install /home/emzx/ros2_ws/build/rplidar_ros
[1.292s] -- Install configuration: ""
[1.292s] -- Execute custom install script
[1.293s] -- Up-to-date symlink: /home/emzx/ros2_ws/install/rplidar_ros/share/rplidar_ros/launch/rplidar_a1_launch.py
[1.293s] -- Up-to-date symlink: /home/emzx/ros2_ws/install/rplidar_ros/share/rplidar_ros/launch/rplidar_a2m12_launch.py
[1.293s] -- Up-to-date symlink: /home/emzx/ros2_ws/install/rplidar_ros/share/rplidar_ros/launch/rplidar_a2m7_launch.py
[1.294s] -- Up-to-date symlink: /home/emzx/ros2_ws/install/rplidar_ros/share/rplidar_ros/launch/rplidar_a2m8_launch.py
[1.294s] -- Up-to-date symlink: /home/emzx/ros2_ws/install/rplidar_ros/share/rplidar_ros/launch/rplidar_a3_launch.py
[1.294s] -- Up-to-date symlink: /home/emzx/ros2_ws/install/rplidar_ros/share/rplidar_ros/launch/rplidar_c1_launch.py
[1.295s] -- Up-to-date symlink: /home/emzx/ros2_ws/install/rplidar_ros/share/rplidar_ros/launch/rplidar_s1_launch.py
[1.295s] -- Up-to-date symlink: /home/emzx/ros2_ws/install/rplidar_ros/share/rplidar_ros/launch/rplidar_s1_tcp_launch.py
[1.295s] -- Up-to-date symlink: /home/emzx/ros2_ws/install/rplidar_ros/share/rplidar_ros/launch/rplidar_s2_launch.py
[1.296s] -- Up-to-date symlink: /home/emzx/ros2_ws/install/rplidar_ros/share/rplidar_ros/launch/rplidar_s2e_launch.py
[1.296s] -- Up-to-date symlink: /home/emzx/ros2_ws/install/rplidar_ros/share/rplidar_ros/launch/rplidar_s3_launch.py
[1.296s] -- Up-to-date symlink: /home/emzx/ros2_ws/install/rplidar_ros/share/rplidar_ros/launch/rplidar_t1_launch.py
[1.297s] -- Up-to-date symlink: /home/emzx/ros2_ws/install/rplidar_ros/share/rplidar_ros/launch/view_rplidar_a1_launch.py
[1.297s] -- Up-to-date symlink: /home/emzx/ros2_ws/install/rplidar_ros/share/rplidar_ros/launch/view_rplidar_a2m12_launch.py
[1.297s] -- Up-to-date symlink: /home/emzx/ros2_ws/install/rplidar_ros/share/rplidar_ros/launch/view_rplidar_a2m7_launch.py
[1.298s] -- Up-to-date symlink: /home/emzx/ros2_ws/install/rplidar_ros/share/rplidar_ros/launch/view_rplidar_a2m8_launch.py
[1.298s] -- Up-to-date symlink: /home/emzx/ros2_ws/install/rplidar_ros/share/rplidar_ros/launch/view_rplidar_a3_launch.py
[1.299s] -- Up-to-date symlink: /home/emzx/ros2_ws/install/rplidar_ros/share/rplidar_ros/launch/view_rplidar_c1_launch.py
[1.299s] -- Up-to-date symlink: /home/emzx/ros2_ws/install/rplidar_ros/share/rplidar_ros/launch/view_rplidar_s1_launch.py
[1.300s] -- Up-to-date symlink: /home/emzx/ros2_ws/install/rplidar_ros/share/rplidar_ros/launch/view_rplidar_s1_tcp_launch.py
[1.300s] -- Up-to-date symlink: /home/emzx/ros2_ws/install/rplidar_ros/share/rplidar_ros/launch/view_rplidar_s2_launch.py
[1.300s] -- Up-to-date symlink: /home/emzx/ros2_ws/install/rplidar_ros/share/rplidar_ros/launch/view_rplidar_s2e_launch.py
[1.300s] -- Up-to-date symlink: /home/emzx/ros2_ws/install/rplidar_ros/share/rplidar_ros/launch/view_rplidar_s3_launch.py
[1.301s] -- Up-to-date symlink: /home/emzx/ros2_ws/install/rplidar_ros/share/rplidar_ros/launch/view_rplidar_t1_launch.py
[1.301s] -- Up-to-date symlink: /home/emzx/ros2_ws/install/rplidar_ros/share/rplidar_ros/rviz/rplidar_ros.rviz
[1.302s] -- Up-to-date symlink: /home/emzx/ros2_ws/install/rplidar_ros/lib/rplidar_ros/rplidar_node
[1.302s] -- Up-to-date symlink: /home/emzx/ros2_ws/install/rplidar_ros/lib/rplidar_ros/rplidar_composition
[1.302s] -- Up-to-date symlink: /home/emzx/ros2_ws/install/rplidar_ros/lib/rplidar_ros/rplidar_client
[1.303s] -- Up-to-date symlink: /home/emzx/ros2_ws/install/rplidar_ros/share/ament_index/resource_index/package_run_dependencies/rplidar_ros
[1.304s] -- Up-to-date symlink: /home/emzx/ros2_ws/install/rplidar_ros/share/ament_index/resource_index/parent_prefix_path/rplidar_ros
[1.304s] -- Up-to-date symlink: /home/emzx/ros2_ws/install/rplidar_ros/share/rplidar_ros/environment/ament_prefix_path.sh
[1.305s] -- Up-to-date symlink: /home/emzx/ros2_ws/install/rplidar_ros/share/rplidar_ros/environment/ament_prefix_path.dsv
[1.305s] -- Up-to-date symlink: /home/emzx/ros2_ws/install/rplidar_ros/share/rplidar_ros/environment/path.sh
[1.306s] -- Up-to-date symlink: /home/emzx/ros2_ws/install/rplidar_ros/share/rplidar_ros/environment/path.dsv
[1.306s] -- Up-to-date symlink: /home/emzx/ros2_ws/install/rplidar_ros/share/rplidar_ros/local_setup.bash
[1.307s] -- Up-to-date symlink: /home/emzx/ros2_ws/install/rplidar_ros/share/rplidar_ros/local_setup.sh
[1.307s] -- Up-to-date symlink: /home/emzx/ros2_ws/install/rplidar_ros/share/rplidar_ros/local_setup.zsh
[1.308s] -- Up-to-date symlink: /home/emzx/ros2_ws/install/rplidar_ros/share/rplidar_ros/local_setup.dsv
[1.308s] -- Symlinking: /home/emzx/ros2_ws/install/rplidar_ros/share/rplidar_ros/package.dsv
[1.333s] -- Up-to-date symlink: /home/emzx/ros2_ws/install/rplidar_ros/share/ament_index/resource_index/packages/rplidar_ros
[1.334s] -- Up-to-date symlink: /home/emzx/ros2_ws/install/rplidar_ros/share/rplidar_ros/cmake/ament_cmake_export_dependencies-extras.cmake
[1.334s] -- Up-to-date symlink: /home/emzx/ros2_ws/install/rplidar_ros/share/rplidar_ros/cmake/ament_cmake_export_include_directories-extras.cmake
[1.334s] -- Up-to-date symlink: /home/emzx/ros2_ws/install/rplidar_ros/share/rplidar_ros/cmake/rplidar_rosConfig.cmake
[1.335s] -- Up-to-date symlink: /home/emzx/ros2_ws/install/rplidar_ros/share/rplidar_ros/cmake/rplidar_rosConfig-version.cmake
[1.335s] -- Up-to-date symlink: /home/emzx/ros2_ws/install/rplidar_ros/share/rplidar_ros/package.xml
[1.341s] Invoked command in '/home/emzx/ros2_ws/build/rplidar_ros' returned '0': CMAKE_PREFIX_PATH=${CMAKE_PREFIX_PATH}:/home/emzx/ros2_ws/install/turtlesim_catch_them_all:/home/emzx/ros2_ws/install/pacote_teste:/home/emzx/ros2_ws/install/bumperbot_utils:/home/emzx/ros2_ws/install/bumperbot_py:/opt/ros/jazzy DEBUGINFOD_URLS=https://debuginfod.ubuntu.com /usr/bin/cmake --install /home/emzx/ros2_ws/build/rplidar_ros
