[1.650s] Invoking command in '/home/emzx/ros2_ws/src/bumperbot_py': DEBUGINFOD_URLS=https://debuginfod.ubuntu.com PYTHONPATH=/home/emzx/ros2_ws/build/bumperbot_py/prefix_override:/usr/lib/python3/dist-packages/colcon_core/task/python/colcon_distutils_commands:/home/emzx/ros2_ws/install/bumperbot_py/lib/python3.12/site-packages:${PYTHONPATH} /usr/bin/python3 -W ignore:setup.py install is deprecated -W ignore:easy_install command is deprecated setup.py egg_info --egg-base ../../build/bumperbot_py build --build-base /home/emzx/ros2_ws/build/bumperbot_py/build install --record /home/emzx/ros2_ws/build/bumperbot_py/install.log --single-version-externally-managed install_data
[2.037s] running egg_info
[2.071s] writing ../../build/bumperbot_py/bumperbot_py.egg-info/PKG-INFO
[2.072s] writing dependency_links to ../../build/bumperbot_py/bumperbot_py.egg-info/dependency_links.txt
[2.072s] writing entry points to ../../build/bumperbot_py/bumperbot_py.egg-info/entry_points.txt
[2.072s] writing requirements to ../../build/bumperbot_py/bumperbot_py.egg-info/requires.txt
[2.072s] writing top-level names to ../../build/bumperbot_py/bumperbot_py.egg-info/top_level.txt
[2.144s] reading manifest file '../../build/bumperbot_py/bumperbot_py.egg-info/SOURCES.txt'
[2.146s] writing manifest file '../../build/bumperbot_py/bumperbot_py.egg-info/SOURCES.txt'
[2.146s] running build
[2.146s] running build_py
[2.147s] copying bumperbot_py/simple_action_client.py -> /home/emzx/ros2_ws/build/bumperbot_py/build/lib/bumperbot_py
[2.147s] running install
[2.161s] running install_lib
[2.199s] copying /home/emzx/ros2_ws/build/bumperbot_py/build/lib/bumperbot_py/simple_action_client.py -> /home/emzx/ros2_ws/install/bumperbot_py/lib/python3.12/site-packages/bumperbot_py
[2.200s] byte-compiling /home/emzx/ros2_ws/install/bumperbot_py/lib/python3.12/site-packages/bumperbot_py/simple_action_client.py to simple_action_client.cpython-312.pyc
[2.202s] running install_data
[2.202s] running install_egg_info
[2.241s] removing '/home/emzx/ros2_ws/install/bumperbot_py/lib/python3.12/site-packages/bumperbot_py-0.0.0-py3.12.egg-info' (and everything under it)
[2.241s] Copying ../../build/bumperbot_py/bumperbot_py.egg-info to /home/emzx/ros2_ws/install/bumperbot_py/lib/python3.12/site-packages/bumperbot_py-0.0.0-py3.12.egg-info
[2.242s] running install_scripts
[2.464s] Installing simple_action_client script to /home/emzx/ros2_ws/install/bumperbot_py/lib/bumperbot_py
[2.465s] Installing simple_action_server script to /home/emzx/ros2_ws/install/bumperbot_py/lib/bumperbot_py
[2.465s] Installing simple_parameter script to /home/emzx/ros2_ws/install/bumperbot_py/lib/bumperbot_py
[2.465s] Installing simple_tf_kinematics script to /home/emzx/ros2_ws/install/bumperbot_py/lib/bumperbot_py
[2.465s] Installing simple_turtlesim_kinematics script to /home/emzx/ros2_ws/install/bumperbot_py/lib/bumperbot_py
[2.465s] Installing twist_converter script to /home/emzx/ros2_ws/install/bumperbot_py/lib/bumperbot_py
[2.466s] writing list of installed files to '/home/emzx/ros2_ws/build/bumperbot_py/install.log'
[2.496s] Invoked command in '/home/emzx/ros2_ws/src/bumperbot_py' returned '0': DEBUGINFOD_URLS=https://debuginfod.ubuntu.com PYTHONPATH=/home/emzx/ros2_ws/build/bumperbot_py/prefix_override:/usr/lib/python3/dist-packages/colcon_core/task/python/colcon_distutils_commands:/home/emzx/ros2_ws/install/bumperbot_py/lib/python3.12/site-packages:${PYTHONPATH} /usr/bin/python3 -W ignore:setup.py install is deprecated -W ignore:easy_install command is deprecated setup.py egg_info --egg-base ../../build/bumperbot_py build --build-base /home/emzx/ros2_ws/build/bumperbot_py/build install --record /home/emzx/ros2_ws/build/bumperbot_py/install.log --single-version-externally-managed install_data
