[0.247s] DEBUG:colcon:Command line arguments: ['/usr/bin/colcon', 'build', '--packages-select', 'person_follower']
[0.247s] DEBUG:colcon:Parsed command line arguments: Namespace(log_base=None, log_level=None, verb_name='build', build_base='build', install_base='install', merge_install=False, symlink_install=False, test_result_base=None, continue_on_error=False, executor='parallel', parallel_workers=8, event_handlers=None, ignore_user_meta=False, metas=['./colcon.meta'], base_paths=['.'], packages_ignore=None, packages_ignore_regex=None, paths=None, packages_up_to=None, packages_up_to_regex=None, packages_above=None, packages_above_and_dependencies=None, packages_above_depth=None, packages_select_by_dep=None, packages_skip_by_dep=None, packages_skip_up_to=None, packages_select_build_failed=False, packages_skip_build_finished=False, packages_select_test_failures=False, packages_skip_test_passed=False, packages_select=['person_follower'], packages_skip=None, packages_select_regex=None, packages_skip_regex=None, packages_start=None, packages_end=None, allow_overriding=[], cmake_args=None, cmake_target=None, cmake_target_skip_unavailable=False, cmake_clean_cache=False, cmake_clean_first=False, cmake_force_configure=False, ament_cmake_args=None, catkin_cmake_args=None, catkin_skip_building_tests=False, mixin_files=None, mixin=None, verb_parser=<colcon_mixin.mixin.mixin_argument.MixinArgumentDecorator object at 0x703a08caad70>, verb_extension=<colcon_core.verb.build.BuildVerb object at 0x703a08caa6e0>, main=<bound method BuildVerb.main of <colcon_core.verb.build.BuildVerb object at 0x703a08caa6e0>>, mixin_verb=('build',))
[0.628s] Level 1:colcon.colcon_core.package_discovery:discover_packages(colcon_meta) check parameters
[0.628s] Level 1:colcon.colcon_core.package_discovery:discover_packages(recursive) check parameters
[0.628s] Level 1:colcon.colcon_core.package_discovery:discover_packages(ignore) check parameters
[0.628s] Level 1:colcon.colcon_core.package_discovery:discover_packages(path) check parameters
[0.628s] Level 1:colcon.colcon_core.package_discovery:discover_packages(colcon_meta) discover
[0.629s] Level 1:colcon.colcon_core.package_discovery:discover_packages(recursive) discover
[0.629s] INFO:colcon.colcon_core.package_discovery:Crawling recursively for packages in '/home/emzx/neuronbot2_ros2_ws'
[0.629s] Level 1:colcon.colcon_core.package_identification:_identify(.) by extensions ['ignore', 'ignore_ament_install']
[0.629s] Level 1:colcon.colcon_core.package_identification:_identify(.) by extension 'ignore'
[0.629s] Level 1:colcon.colcon_core.package_identification:_identify(.) by extension 'ignore_ament_install'
[0.629s] Level 1:colcon.colcon_core.package_identification:_identify(.) by extensions ['colcon_pkg']
[0.629s] Level 1:colcon.colcon_core.package_identification:_identify(.) by extension 'colcon_pkg'
[0.629s] Level 1:colcon.colcon_core.package_identification:_identify(.) by extensions ['colcon_meta']
[0.629s] Level 1:colcon.colcon_core.package_identification:_identify(.) by extension 'colcon_meta'
[0.629s] Level 1:colcon.colcon_core.package_identification:_identify(.) by extensions ['ros']
[0.630s] Level 1:colcon.colcon_core.package_identification:_identify(.) by extension 'ros'
[0.691s] Level 1:colcon.colcon_core.package_identification:_identify(.) by extensions ['cmake', 'python']
[0.692s] Level 1:colcon.colcon_core.package_identification:_identify(.) by extension 'cmake'
[0.692s] Level 1:colcon.colcon_core.package_identification:_identify(.) by extension 'python'
[0.692s] Level 1:colcon.colcon_core.package_identification:_identify(.) by extensions ['python_setup_py']
[0.692s] Level 1:colcon.colcon_core.package_identification:_identify(.) by extension 'python_setup_py'
[0.692s] Level 1:colcon.colcon_core.package_identification:_identify(build) by extensions ['ignore', 'ignore_ament_install']
[0.692s] Level 1:colcon.colcon_core.package_identification:_identify(build) by extension 'ignore'
[0.692s] Level 1:colcon.colcon_core.package_identification:_identify(build) ignored
[0.692s] Level 1:colcon.colcon_core.package_identification:_identify(install) by extensions ['ignore', 'ignore_ament_install']
[0.693s] Level 1:colcon.colcon_core.package_identification:_identify(install) by extension 'ignore'
[0.693s] Level 1:colcon.colcon_core.package_identification:_identify(install) ignored
[0.693s] Level 1:colcon.colcon_core.package_identification:_identify(log) by extensions ['ignore', 'ignore_ament_install']
[0.693s] Level 1:colcon.colcon_core.package_identification:_identify(log) by extension 'ignore'
[0.693s] Level 1:colcon.colcon_core.package_identification:_identify(log) ignored
[0.693s] Level 1:colcon.colcon_core.package_identification:_identify(src) by extensions ['ignore', 'ignore_ament_install']
[0.693s] Level 1:colcon.colcon_core.package_identification:_identify(src) by extension 'ignore'
[0.693s] Level 1:colcon.colcon_core.package_identification:_identify(src) by extension 'ignore_ament_install'
[0.694s] Level 1:colcon.colcon_core.package_identification:_identify(src) by extensions ['colcon_pkg']
[0.694s] Level 1:colcon.colcon_core.package_identification:_identify(src) by extension 'colcon_pkg'
[0.694s] Level 1:colcon.colcon_core.package_identification:_identify(src) by extensions ['colcon_meta']
[0.694s] Level 1:colcon.colcon_core.package_identification:_identify(src) by extension 'colcon_meta'
[0.694s] Level 1:colcon.colcon_core.package_identification:_identify(src) by extensions ['ros']
[0.694s] Level 1:colcon.colcon_core.package_identification:_identify(src) by extension 'ros'
[0.694s] Level 1:colcon.colcon_core.package_identification:_identify(src) by extensions ['cmake', 'python']
[0.694s] Level 1:colcon.colcon_core.package_identification:_identify(src) by extension 'cmake'
[0.694s] Level 1:colcon.colcon_core.package_identification:_identify(src) by extension 'python'
[0.694s] Level 1:colcon.colcon_core.package_identification:_identify(src) by extensions ['python_setup_py']
[0.694s] Level 1:colcon.colcon_core.package_identification:_identify(src) by extension 'python_setup_py'
[0.694s] Level 1:colcon.colcon_core.package_identification:_identify(src/neuronbot2) by extensions ['ignore', 'ignore_ament_install']
[0.694s] Level 1:colcon.colcon_core.package_identification:_identify(src/neuronbot2) by extension 'ignore'
[0.695s] Level 1:colcon.colcon_core.package_identification:_identify(src/neuronbot2) by extension 'ignore_ament_install'
[0.695s] Level 1:colcon.colcon_core.package_identification:_identify(src/neuronbot2) by extensions ['colcon_pkg']
[0.695s] Level 1:colcon.colcon_core.package_identification:_identify(src/neuronbot2) by extension 'colcon_pkg'
[0.695s] Level 1:colcon.colcon_core.package_identification:_identify(src/neuronbot2) by extensions ['colcon_meta']
[0.695s] Level 1:colcon.colcon_core.package_identification:_identify(src/neuronbot2) by extension 'colcon_meta'
[0.695s] Level 1:colcon.colcon_core.package_identification:_identify(src/neuronbot2) by extensions ['ros']
[0.695s] Level 1:colcon.colcon_core.package_identification:_identify(src/neuronbot2) by extension 'ros'
[0.695s] Level 1:colcon.colcon_core.package_identification:_identify(src/neuronbot2) by extensions ['cmake', 'python']
[0.695s] Level 1:colcon.colcon_core.package_identification:_identify(src/neuronbot2) by extension 'cmake'
[0.695s] Level 1:colcon.colcon_core.package_identification:_identify(src/neuronbot2) by extension 'python'
[0.695s] Level 1:colcon.colcon_core.package_identification:_identify(src/neuronbot2) by extensions ['python_setup_py']
[0.695s] Level 1:colcon.colcon_core.package_identification:_identify(src/neuronbot2) by extension 'python_setup_py'
[0.696s] Level 1:colcon.colcon_core.package_identification:_identify(src/neuronbot2/neuronbot2_bringup) by extensions ['ignore', 'ignore_ament_install']
[0.696s] Level 1:colcon.colcon_core.package_identification:_identify(src/neuronbot2/neuronbot2_bringup) by extension 'ignore'
[0.696s] Level 1:colcon.colcon_core.package_identification:_identify(src/neuronbot2/neuronbot2_bringup) by extension 'ignore_ament_install'
[0.696s] Level 1:colcon.colcon_core.package_identification:_identify(src/neuronbot2/neuronbot2_bringup) by extensions ['colcon_pkg']
[0.696s] Level 1:colcon.colcon_core.package_identification:_identify(src/neuronbot2/neuronbot2_bringup) by extension 'colcon_pkg'
[0.696s] Level 1:colcon.colcon_core.package_identification:_identify(src/neuronbot2/neuronbot2_bringup) by extensions ['colcon_meta']
[0.696s] Level 1:colcon.colcon_core.package_identification:_identify(src/neuronbot2/neuronbot2_bringup) by extension 'colcon_meta'
[0.696s] Level 1:colcon.colcon_core.package_identification:_identify(src/neuronbot2/neuronbot2_bringup) by extensions ['ros']
[0.696s] Level 1:colcon.colcon_core.package_identification:_identify(src/neuronbot2/neuronbot2_bringup) by extension 'ros'
[0.703s] DEBUG:colcon.colcon_core.package_identification:Package 'src/neuronbot2/neuronbot2_bringup' with type 'ros.ament_cmake' and name 'neuronbot2_bringup'
[0.703s] Level 1:colcon.colcon_core.package_identification:_identify(src/neuronbot2/neuronbot2_description) by extensions ['ignore', 'ignore_ament_install']
[0.704s] Level 1:colcon.colcon_core.package_identification:_identify(src/neuronbot2/neuronbot2_description) by extension 'ignore'
[0.704s] Level 1:colcon.colcon_core.package_identification:_identify(src/neuronbot2/neuronbot2_description) by extension 'ignore_ament_install'
[0.704s] Level 1:colcon.colcon_core.package_identification:_identify(src/neuronbot2/neuronbot2_description) by extensions ['colcon_pkg']
[0.704s] Level 1:colcon.colcon_core.package_identification:_identify(src/neuronbot2/neuronbot2_description) by extension 'colcon_pkg'
[0.704s] Level 1:colcon.colcon_core.package_identification:_identify(src/neuronbot2/neuronbot2_description) by extensions ['colcon_meta']
[0.704s] Level 1:colcon.colcon_core.package_identification:_identify(src/neuronbot2/neuronbot2_description) by extension 'colcon_meta'
[0.704s] Level 1:colcon.colcon_core.package_identification:_identify(src/neuronbot2/neuronbot2_description) by extensions ['ros']
[0.704s] Level 1:colcon.colcon_core.package_identification:_identify(src/neuronbot2/neuronbot2_description) by extension 'ros'
[0.705s] DEBUG:colcon.colcon_core.package_identification:Package 'src/neuronbot2/neuronbot2_description' with type 'ros.ament_cmake' and name 'neuronbot2_description'
[0.705s] Level 1:colcon.colcon_core.package_identification:_identify(src/neuronbot2/neuronbot2_gazebo) by extensions ['ignore', 'ignore_ament_install']
[0.705s] Level 1:colcon.colcon_core.package_identification:_identify(src/neuronbot2/neuronbot2_gazebo) by extension 'ignore'
[0.706s] Level 1:colcon.colcon_core.package_identification:_identify(src/neuronbot2/neuronbot2_gazebo) by extension 'ignore_ament_install'
[0.706s] Level 1:colcon.colcon_core.package_identification:_identify(src/neuronbot2/neuronbot2_gazebo) by extensions ['colcon_pkg']
[0.706s] Level 1:colcon.colcon_core.package_identification:_identify(src/neuronbot2/neuronbot2_gazebo) by extension 'colcon_pkg'
[0.706s] Level 1:colcon.colcon_core.package_identification:_identify(src/neuronbot2/neuronbot2_gazebo) by extensions ['colcon_meta']
[0.706s] Level 1:colcon.colcon_core.package_identification:_identify(src/neuronbot2/neuronbot2_gazebo) by extension 'colcon_meta'
[0.706s] Level 1:colcon.colcon_core.package_identification:_identify(src/neuronbot2/neuronbot2_gazebo) by extensions ['ros']
[0.706s] Level 1:colcon.colcon_core.package_identification:_identify(src/neuronbot2/neuronbot2_gazebo) by extension 'ros'
[0.708s] DEBUG:colcon.colcon_core.package_identification:Package 'src/neuronbot2/neuronbot2_gazebo' with type 'ros.ament_cmake' and name 'neuronbot2_gazebo'
[0.708s] Level 1:colcon.colcon_core.package_identification:_identify(src/neuronbot2/neuronbot2_nav) by extensions ['ignore', 'ignore_ament_install']
[0.708s] Level 1:colcon.colcon_core.package_identification:_identify(src/neuronbot2/neuronbot2_nav) by extension 'ignore'
[0.708s] Level 1:colcon.colcon_core.package_identification:_identify(src/neuronbot2/neuronbot2_nav) by extension 'ignore_ament_install'
[0.708s] Level 1:colcon.colcon_core.package_identification:_identify(src/neuronbot2/neuronbot2_nav) by extensions ['colcon_pkg']
[0.709s] Level 1:colcon.colcon_core.package_identification:_identify(src/neuronbot2/neuronbot2_nav) by extension 'colcon_pkg'
[0.709s] Level 1:colcon.colcon_core.package_identification:_identify(src/neuronbot2/neuronbot2_nav) by extensions ['colcon_meta']
[0.709s] Level 1:colcon.colcon_core.package_identification:_identify(src/neuronbot2/neuronbot2_nav) by extension 'colcon_meta'
[0.709s] Level 1:colcon.colcon_core.package_identification:_identify(src/neuronbot2/neuronbot2_nav) by extensions ['ros']
[0.709s] Level 1:colcon.colcon_core.package_identification:_identify(src/neuronbot2/neuronbot2_nav) by extension 'ros'
[0.710s] DEBUG:colcon.colcon_core.package_identification:Package 'src/neuronbot2/neuronbot2_nav' with type 'ros.ament_cmake' and name 'neuronbot2_nav'
[0.710s] Level 1:colcon.colcon_core.package_identification:_identify(src/neuronbot2/neuronbot2_slam) by extensions ['ignore', 'ignore_ament_install']
[0.710s] Level 1:colcon.colcon_core.package_identification:_identify(src/neuronbot2/neuronbot2_slam) by extension 'ignore'
[0.710s] Level 1:colcon.colcon_core.package_identification:_identify(src/neuronbot2/neuronbot2_slam) by extension 'ignore_ament_install'
[0.711s] Level 1:colcon.colcon_core.package_identification:_identify(src/neuronbot2/neuronbot2_slam) by extensions ['colcon_pkg']
[0.711s] Level 1:colcon.colcon_core.package_identification:_identify(src/neuronbot2/neuronbot2_slam) by extension 'colcon_pkg'
[0.711s] Level 1:colcon.colcon_core.package_identification:_identify(src/neuronbot2/neuronbot2_slam) by extensions ['colcon_meta']
[0.711s] Level 1:colcon.colcon_core.package_identification:_identify(src/neuronbot2/neuronbot2_slam) by extension 'colcon_meta'
[0.711s] Level 1:colcon.colcon_core.package_identification:_identify(src/neuronbot2/neuronbot2_slam) by extensions ['ros']
[0.711s] Level 1:colcon.colcon_core.package_identification:_identify(src/neuronbot2/neuronbot2_slam) by extension 'ros'
[0.712s] DEBUG:colcon.colcon_core.package_identification:Package 'src/neuronbot2/neuronbot2_slam' with type 'ros.ament_cmake' and name 'neuronbot2_slam'
[0.712s] Level 1:colcon.colcon_core.package_identification:_identify(src/neuronbot2/neuronbot2_tools) by extensions ['ignore', 'ignore_ament_install']
[0.712s] Level 1:colcon.colcon_core.package_identification:_identify(src/neuronbot2/neuronbot2_tools) by extension 'ignore'
[0.713s] Level 1:colcon.colcon_core.package_identification:_identify(src/neuronbot2/neuronbot2_tools) by extension 'ignore_ament_install'
[0.713s] Level 1:colcon.colcon_core.package_identification:_identify(src/neuronbot2/neuronbot2_tools) by extensions ['colcon_pkg']
[0.713s] Level 1:colcon.colcon_core.package_identification:_identify(src/neuronbot2/neuronbot2_tools) by extension 'colcon_pkg'
[0.713s] Level 1:colcon.colcon_core.package_identification:_identify(src/neuronbot2/neuronbot2_tools) by extensions ['colcon_meta']
[0.713s] Level 1:colcon.colcon_core.package_identification:_identify(src/neuronbot2/neuronbot2_tools) by extension 'colcon_meta'
[0.713s] Level 1:colcon.colcon_core.package_identification:_identify(src/neuronbot2/neuronbot2_tools) by extensions ['ros']
[0.713s] Level 1:colcon.colcon_core.package_identification:_identify(src/neuronbot2/neuronbot2_tools) by extension 'ros'
[0.713s] Level 1:colcon.colcon_core.package_identification:_identify(src/neuronbot2/neuronbot2_tools) by extensions ['cmake', 'python']
[0.713s] Level 1:colcon.colcon_core.package_identification:_identify(src/neuronbot2/neuronbot2_tools) by extension 'cmake'
[0.713s] Level 1:colcon.colcon_core.package_identification:_identify(src/neuronbot2/neuronbot2_tools) by extension 'python'
[0.713s] Level 1:colcon.colcon_core.package_identification:_identify(src/neuronbot2/neuronbot2_tools) by extensions ['python_setup_py']
[0.713s] Level 1:colcon.colcon_core.package_identification:_identify(src/neuronbot2/neuronbot2_tools) by extension 'python_setup_py'
[0.714s] Level 1:colcon.colcon_core.package_identification:_identify(src/neuronbot2/neuronbot2_tools/neuronbot2_init) by extensions ['ignore', 'ignore_ament_install']
[0.714s] Level 1:colcon.colcon_core.package_identification:_identify(src/neuronbot2/neuronbot2_tools/neuronbot2_init) by extension 'ignore'
[0.714s] Level 1:colcon.colcon_core.package_identification:_identify(src/neuronbot2/neuronbot2_tools/neuronbot2_init) by extension 'ignore_ament_install'
[0.714s] Level 1:colcon.colcon_core.package_identification:_identify(src/neuronbot2/neuronbot2_tools/neuronbot2_init) by extensions ['colcon_pkg']
[0.714s] Level 1:colcon.colcon_core.package_identification:_identify(src/neuronbot2/neuronbot2_tools/neuronbot2_init) by extension 'colcon_pkg'
[0.714s] Level 1:colcon.colcon_core.package_identification:_identify(src/neuronbot2/neuronbot2_tools/neuronbot2_init) by extensions ['colcon_meta']
[0.714s] Level 1:colcon.colcon_core.package_identification:_identify(src/neuronbot2/neuronbot2_tools/neuronbot2_init) by extension 'colcon_meta'
[0.714s] Level 1:colcon.colcon_core.package_identification:_identify(src/neuronbot2/neuronbot2_tools/neuronbot2_init) by extensions ['ros']
[0.714s] Level 1:colcon.colcon_core.package_identification:_identify(src/neuronbot2/neuronbot2_tools/neuronbot2_init) by extension 'ros'
[0.714s] Level 1:colcon.colcon_core.package_identification:_identify(src/neuronbot2/neuronbot2_tools/neuronbot2_init) by extensions ['cmake', 'python']
[0.714s] Level 1:colcon.colcon_core.package_identification:_identify(src/neuronbot2/neuronbot2_tools/neuronbot2_init) by extension 'cmake'
[0.714s] Level 1:colcon.colcon_core.package_identification:_identify(src/neuronbot2/neuronbot2_tools/neuronbot2_init) by extension 'python'
[0.715s] Level 1:colcon.colcon_core.package_identification:_identify(src/neuronbot2/neuronbot2_tools/neuronbot2_init) by extensions ['python_setup_py']
[0.715s] Level 1:colcon.colcon_core.package_identification:_identify(src/neuronbot2/neuronbot2_tools/neuronbot2_init) by extension 'python_setup_py'
[0.715s] Level 1:colcon.colcon_core.package_identification:_identify(src/neuronbot2/neuronbot2_tools/neuronbot2_led) by extensions ['ignore', 'ignore_ament_install']
[0.715s] Level 1:colcon.colcon_core.package_identification:_identify(src/neuronbot2/neuronbot2_tools/neuronbot2_led) by extension 'ignore'
[0.715s] Level 1:colcon.colcon_core.package_identification:_identify(src/neuronbot2/neuronbot2_tools/neuronbot2_led) by extension 'ignore_ament_install'
[0.715s] Level 1:colcon.colcon_core.package_identification:_identify(src/neuronbot2/neuronbot2_tools/neuronbot2_led) by extensions ['colcon_pkg']
[0.715s] Level 1:colcon.colcon_core.package_identification:_identify(src/neuronbot2/neuronbot2_tools/neuronbot2_led) by extension 'colcon_pkg'
[0.715s] Level 1:colcon.colcon_core.package_identification:_identify(src/neuronbot2/neuronbot2_tools/neuronbot2_led) by extensions ['colcon_meta']
[0.715s] Level 1:colcon.colcon_core.package_identification:_identify(src/neuronbot2/neuronbot2_tools/neuronbot2_led) by extension 'colcon_meta'
[0.716s] Level 1:colcon.colcon_core.package_identification:_identify(src/neuronbot2/neuronbot2_tools/neuronbot2_led) by extensions ['ros']
[0.716s] Level 1:colcon.colcon_core.package_identification:_identify(src/neuronbot2/neuronbot2_tools/neuronbot2_led) by extension 'ros'
[0.717s] DEBUG:colcon.colcon_core.package_identification:Package 'src/neuronbot2/neuronbot2_tools/neuronbot2_led' with type 'ros.ament_python' and name 'neuronbot2_led'
[0.717s] Level 1:colcon.colcon_core.package_identification:_identify(src/neuronbot2/readme_resource) by extensions ['ignore', 'ignore_ament_install']
[0.717s] Level 1:colcon.colcon_core.package_identification:_identify(src/neuronbot2/readme_resource) by extension 'ignore'
[0.717s] Level 1:colcon.colcon_core.package_identification:_identify(src/neuronbot2/readme_resource) by extension 'ignore_ament_install'
[0.717s] Level 1:colcon.colcon_core.package_identification:_identify(src/neuronbot2/readme_resource) by extensions ['colcon_pkg']
[0.717s] Level 1:colcon.colcon_core.package_identification:_identify(src/neuronbot2/readme_resource) by extension 'colcon_pkg'
[0.717s] Level 1:colcon.colcon_core.package_identification:_identify(src/neuronbot2/readme_resource) by extensions ['colcon_meta']
[0.717s] Level 1:colcon.colcon_core.package_identification:_identify(src/neuronbot2/readme_resource) by extension 'colcon_meta'
[0.718s] Level 1:colcon.colcon_core.package_identification:_identify(src/neuronbot2/readme_resource) by extensions ['ros']
[0.718s] Level 1:colcon.colcon_core.package_identification:_identify(src/neuronbot2/readme_resource) by extension 'ros'
[0.718s] Level 1:colcon.colcon_core.package_identification:_identify(src/neuronbot2/readme_resource) by extensions ['cmake', 'python']
[0.718s] Level 1:colcon.colcon_core.package_identification:_identify(src/neuronbot2/readme_resource) by extension 'cmake'
[0.718s] Level 1:colcon.colcon_core.package_identification:_identify(src/neuronbot2/readme_resource) by extension 'python'
[0.718s] Level 1:colcon.colcon_core.package_identification:_identify(src/neuronbot2/readme_resource) by extensions ['python_setup_py']
[0.718s] Level 1:colcon.colcon_core.package_identification:_identify(src/neuronbot2/readme_resource) by extension 'python_setup_py'
[0.718s] Level 1:colcon.colcon_core.package_identification:_identify(src/person_follower) by extensions ['ignore', 'ignore_ament_install']
[0.718s] Level 1:colcon.colcon_core.package_identification:_identify(src/person_follower) by extension 'ignore'
[0.718s] Level 1:colcon.colcon_core.package_identification:_identify(src/person_follower) by extension 'ignore_ament_install'
[0.718s] Level 1:colcon.colcon_core.package_identification:_identify(src/person_follower) by extensions ['colcon_pkg']
[0.719s] Level 1:colcon.colcon_core.package_identification:_identify(src/person_follower) by extension 'colcon_pkg'
[0.719s] Level 1:colcon.colcon_core.package_identification:_identify(src/person_follower) by extensions ['colcon_meta']
[0.719s] Level 1:colcon.colcon_core.package_identification:_identify(src/person_follower) by extension 'colcon_meta'
[0.719s] Level 1:colcon.colcon_core.package_identification:_identify(src/person_follower) by extensions ['ros']
[0.719s] Level 1:colcon.colcon_core.package_identification:_identify(src/person_follower) by extension 'ros'
[0.721s] DEBUG:colcon.colcon_core.package_identification:Package 'src/person_follower' with type 'ros.ament_python' and name 'person_follower'
[0.721s] Level 1:colcon.colcon_core.package_identification:_identify(src/rplidar_ros) by extensions ['ignore', 'ignore_ament_install']
[0.721s] Level 1:colcon.colcon_core.package_identification:_identify(src/rplidar_ros) by extension 'ignore'
[0.721s] Level 1:colcon.colcon_core.package_identification:_identify(src/rplidar_ros) by extension 'ignore_ament_install'
[0.721s] Level 1:colcon.colcon_core.package_identification:_identify(src/rplidar_ros) by extensions ['colcon_pkg']
[0.721s] Level 1:colcon.colcon_core.package_identification:_identify(src/rplidar_ros) by extension 'colcon_pkg'
[0.721s] Level 1:colcon.colcon_core.package_identification:_identify(src/rplidar_ros) by extensions ['colcon_meta']
[0.721s] Level 1:colcon.colcon_core.package_identification:_identify(src/rplidar_ros) by extension 'colcon_meta'
[0.721s] Level 1:colcon.colcon_core.package_identification:_identify(src/rplidar_ros) by extensions ['ros']
[0.721s] Level 1:colcon.colcon_core.package_identification:_identify(src/rplidar_ros) by extension 'ros'
[0.723s] DEBUG:colcon.colcon_core.package_identification:Package 'src/rplidar_ros' with type 'ros.ament_cmake' and name 'rplidar_ros2'
[0.723s] Level 1:colcon.colcon_core.package_identification:_identify(src/serial) by extensions ['ignore', 'ignore_ament_install']
[0.723s] Level 1:colcon.colcon_core.package_identification:_identify(src/serial) by extension 'ignore'
[0.723s] Level 1:colcon.colcon_core.package_identification:_identify(src/serial) by extension 'ignore_ament_install'
[0.723s] Level 1:colcon.colcon_core.package_identification:_identify(src/serial) by extensions ['colcon_pkg']
[0.723s] Level 1:colcon.colcon_core.package_identification:_identify(src/serial) by extension 'colcon_pkg'
[0.723s] Level 1:colcon.colcon_core.package_identification:_identify(src/serial) by extensions ['colcon_meta']
[0.723s] Level 1:colcon.colcon_core.package_identification:_identify(src/serial) by extension 'colcon_meta'
[0.723s] Level 1:colcon.colcon_core.package_identification:_identify(src/serial) by extensions ['ros']
[0.724s] Level 1:colcon.colcon_core.package_identification:_identify(src/serial) by extension 'ros'
[0.725s] DEBUG:colcon.colcon_core.package_identification:Package 'src/serial' with type 'ros.ament_cmake' and name 'serial'
[0.725s] Level 1:colcon.colcon_core.package_identification:_identify(src/slam_gmapping) by extensions ['ignore', 'ignore_ament_install']
[0.725s] Level 1:colcon.colcon_core.package_identification:_identify(src/slam_gmapping) by extension 'ignore'
[0.725s] Level 1:colcon.colcon_core.package_identification:_identify(src/slam_gmapping) by extension 'ignore_ament_install'
[0.725s] Level 1:colcon.colcon_core.package_identification:_identify(src/slam_gmapping) by extensions ['colcon_pkg']
[0.725s] Level 1:colcon.colcon_core.package_identification:_identify(src/slam_gmapping) by extension 'colcon_pkg'
[0.725s] Level 1:colcon.colcon_core.package_identification:_identify(src/slam_gmapping) by extensions ['colcon_meta']
[0.725s] Level 1:colcon.colcon_core.package_identification:_identify(src/slam_gmapping) by extension 'colcon_meta'
[0.725s] Level 1:colcon.colcon_core.package_identification:_identify(src/slam_gmapping) by extensions ['ros']
[0.725s] Level 1:colcon.colcon_core.package_identification:_identify(src/slam_gmapping) by extension 'ros'
[0.726s] Level 1:colcon.colcon_core.package_identification:_identify(src/slam_gmapping) by extensions ['cmake', 'python']
[0.726s] Level 1:colcon.colcon_core.package_identification:_identify(src/slam_gmapping) by extension 'cmake'
[0.726s] Level 1:colcon.colcon_core.package_identification:_identify(src/slam_gmapping) by extension 'python'
[0.726s] Level 1:colcon.colcon_core.package_identification:_identify(src/slam_gmapping) by extensions ['python_setup_py']
[0.726s] Level 1:colcon.colcon_core.package_identification:_identify(src/slam_gmapping) by extension 'python_setup_py'
[0.726s] Level 1:colcon.colcon_core.package_identification:_identify(src/slam_gmapping/openslam_gmapping) by extensions ['ignore', 'ignore_ament_install']
[0.726s] Level 1:colcon.colcon_core.package_identification:_identify(src/slam_gmapping/openslam_gmapping) by extension 'ignore'
[0.726s] Level 1:colcon.colcon_core.package_identification:_identify(src/slam_gmapping/openslam_gmapping) by extension 'ignore_ament_install'
[0.726s] Level 1:colcon.colcon_core.package_identification:_identify(src/slam_gmapping/openslam_gmapping) by extensions ['colcon_pkg']
[0.726s] Level 1:colcon.colcon_core.package_identification:_identify(src/slam_gmapping/openslam_gmapping) by extension 'colcon_pkg'
[0.727s] Level 1:colcon.colcon_core.package_identification:_identify(src/slam_gmapping/openslam_gmapping) by extensions ['colcon_meta']
[0.727s] Level 1:colcon.colcon_core.package_identification:_identify(src/slam_gmapping/openslam_gmapping) by extension 'colcon_meta'
[0.727s] Level 1:colcon.colcon_core.package_identification:_identify(src/slam_gmapping/openslam_gmapping) by extensions ['ros']
[0.727s] Level 1:colcon.colcon_core.package_identification:_identify(src/slam_gmapping/openslam_gmapping) by extension 'ros'
[0.728s] DEBUG:colcon.colcon_core.package_identification:Package 'src/slam_gmapping/openslam_gmapping' with type 'ros.ament_cmake' and name 'openslam_gmapping'
[0.728s] Level 1:colcon.colcon_core.package_identification:_identify(src/slam_gmapping/slam_gmapping) by extensions ['ignore', 'ignore_ament_install']
[0.728s] Level 1:colcon.colcon_core.package_identification:_identify(src/slam_gmapping/slam_gmapping) by extension 'ignore'
[0.728s] Level 1:colcon.colcon_core.package_identification:_identify(src/slam_gmapping/slam_gmapping) by extension 'ignore_ament_install'
[0.728s] Level 1:colcon.colcon_core.package_identification:_identify(src/slam_gmapping/slam_gmapping) by extensions ['colcon_pkg']
[0.728s] Level 1:colcon.colcon_core.package_identification:_identify(src/slam_gmapping/slam_gmapping) by extension 'colcon_pkg'
[0.729s] Level 1:colcon.colcon_core.package_identification:_identify(src/slam_gmapping/slam_gmapping) by extensions ['colcon_meta']
[0.729s] Level 1:colcon.colcon_core.package_identification:_identify(src/slam_gmapping/slam_gmapping) by extension 'colcon_meta'
[0.729s] Level 1:colcon.colcon_core.package_identification:_identify(src/slam_gmapping/slam_gmapping) by extensions ['ros']
[0.729s] Level 1:colcon.colcon_core.package_identification:_identify(src/slam_gmapping/slam_gmapping) by extension 'ros'
[0.731s] DEBUG:colcon.colcon_core.package_identification:Package 'src/slam_gmapping/slam_gmapping' with type 'ros.ament_cmake' and name 'slam_gmapping'
[0.731s] Level 1:colcon.colcon_core.package_identification:_identify(src/yolo_ros) by extensions ['ignore', 'ignore_ament_install']
[0.732s] Level 1:colcon.colcon_core.package_identification:_identify(src/yolo_ros) by extension 'ignore'
[0.732s] Level 1:colcon.colcon_core.package_identification:_identify(src/yolo_ros) by extension 'ignore_ament_install'
[0.732s] Level 1:colcon.colcon_core.package_identification:_identify(src/yolo_ros) by extensions ['colcon_pkg']
[0.732s] Level 1:colcon.colcon_core.package_identification:_identify(src/yolo_ros) by extension 'colcon_pkg'
[0.732s] Level 1:colcon.colcon_core.package_identification:_identify(src/yolo_ros) by extensions ['colcon_meta']
[0.732s] Level 1:colcon.colcon_core.package_identification:_identify(src/yolo_ros) by extension 'colcon_meta'
[0.732s] Level 1:colcon.colcon_core.package_identification:_identify(src/yolo_ros) by extensions ['ros']
[0.732s] Level 1:colcon.colcon_core.package_identification:_identify(src/yolo_ros) by extension 'ros'
[0.732s] Level 1:colcon.colcon_core.package_identification:_identify(src/yolo_ros) by extensions ['cmake', 'python']
[0.732s] Level 1:colcon.colcon_core.package_identification:_identify(src/yolo_ros) by extension 'cmake'
[0.732s] Level 1:colcon.colcon_core.package_identification:_identify(src/yolo_ros) by extension 'python'
[0.732s] Level 1:colcon.colcon_core.package_identification:_identify(src/yolo_ros) by extensions ['python_setup_py']
[0.732s] Level 1:colcon.colcon_core.package_identification:_identify(src/yolo_ros) by extension 'python_setup_py'
[0.733s] Level 1:colcon.colcon_core.package_identification:_identify(src/yolo_ros/docs) by extensions ['ignore', 'ignore_ament_install']
[0.733s] Level 1:colcon.colcon_core.package_identification:_identify(src/yolo_ros/docs) by extension 'ignore'
[0.733s] Level 1:colcon.colcon_core.package_identification:_identify(src/yolo_ros/docs) by extension 'ignore_ament_install'
[0.733s] Level 1:colcon.colcon_core.package_identification:_identify(src/yolo_ros/docs) by extensions ['colcon_pkg']
[0.733s] Level 1:colcon.colcon_core.package_identification:_identify(src/yolo_ros/docs) by extension 'colcon_pkg'
[0.733s] Level 1:colcon.colcon_core.package_identification:_identify(src/yolo_ros/docs) by extensions ['colcon_meta']
[0.733s] Level 1:colcon.colcon_core.package_identification:_identify(src/yolo_ros/docs) by extension 'colcon_meta'
[0.733s] Level 1:colcon.colcon_core.package_identification:_identify(src/yolo_ros/docs) by extensions ['ros']
[0.733s] Level 1:colcon.colcon_core.package_identification:_identify(src/yolo_ros/docs) by extension 'ros'
[0.733s] Level 1:colcon.colcon_core.package_identification:_identify(src/yolo_ros/docs) by extensions ['cmake', 'python']
[0.733s] Level 1:colcon.colcon_core.package_identification:_identify(src/yolo_ros/docs) by extension 'cmake'
[0.733s] Level 1:colcon.colcon_core.package_identification:_identify(src/yolo_ros/docs) by extension 'python'
[0.734s] Level 1:colcon.colcon_core.package_identification:_identify(src/yolo_ros/docs) by extensions ['python_setup_py']
[0.734s] Level 1:colcon.colcon_core.package_identification:_identify(src/yolo_ros/docs) by extension 'python_setup_py'
[0.734s] Level 1:colcon.colcon_core.package_identification:_identify(src/yolo_ros/yolo_bringup) by extensions ['ignore', 'ignore_ament_install']
[0.734s] Level 1:colcon.colcon_core.package_identification:_identify(src/yolo_ros/yolo_bringup) by extension 'ignore'
[0.734s] Level 1:colcon.colcon_core.package_identification:_identify(src/yolo_ros/yolo_bringup) by extension 'ignore_ament_install'
[0.734s] Level 1:colcon.colcon_core.package_identification:_identify(src/yolo_ros/yolo_bringup) by extensions ['colcon_pkg']
[0.734s] Level 1:colcon.colcon_core.package_identification:_identify(src/yolo_ros/yolo_bringup) by extension 'colcon_pkg'
[0.734s] Level 1:colcon.colcon_core.package_identification:_identify(src/yolo_ros/yolo_bringup) by extensions ['colcon_meta']
[0.734s] Level 1:colcon.colcon_core.package_identification:_identify(src/yolo_ros/yolo_bringup) by extension 'colcon_meta'
[0.734s] Level 1:colcon.colcon_core.package_identification:_identify(src/yolo_ros/yolo_bringup) by extensions ['ros']
[0.734s] Level 1:colcon.colcon_core.package_identification:_identify(src/yolo_ros/yolo_bringup) by extension 'ros'
[0.735s] DEBUG:colcon.colcon_core.package_identification:Package 'src/yolo_ros/yolo_bringup' with type 'ros.ament_cmake' and name 'yolo_bringup'
[0.735s] Level 1:colcon.colcon_core.package_identification:_identify(src/yolo_ros/yolo_msgs) by extensions ['ignore', 'ignore_ament_install']
[0.736s] Level 1:colcon.colcon_core.package_identification:_identify(src/yolo_ros/yolo_msgs) by extension 'ignore'
[0.736s] Level 1:colcon.colcon_core.package_identification:_identify(src/yolo_ros/yolo_msgs) by extension 'ignore_ament_install'
[0.736s] Level 1:colcon.colcon_core.package_identification:_identify(src/yolo_ros/yolo_msgs) by extensions ['colcon_pkg']
[0.736s] Level 1:colcon.colcon_core.package_identification:_identify(src/yolo_ros/yolo_msgs) by extension 'colcon_pkg'
[0.736s] Level 1:colcon.colcon_core.package_identification:_identify(src/yolo_ros/yolo_msgs) by extensions ['colcon_meta']
[0.736s] Level 1:colcon.colcon_core.package_identification:_identify(src/yolo_ros/yolo_msgs) by extension 'colcon_meta'
[0.736s] Level 1:colcon.colcon_core.package_identification:_identify(src/yolo_ros/yolo_msgs) by extensions ['ros']
[0.736s] Level 1:colcon.colcon_core.package_identification:_identify(src/yolo_ros/yolo_msgs) by extension 'ros'
[0.737s] DEBUG:colcon.colcon_core.package_identification:Package 'src/yolo_ros/yolo_msgs' with type 'ros.ament_cmake' and name 'yolo_msgs'
[0.737s] Level 1:colcon.colcon_core.package_identification:_identify(src/yolo_ros/yolo_ros) by extensions ['ignore', 'ignore_ament_install']
[0.738s] Level 1:colcon.colcon_core.package_identification:_identify(src/yolo_ros/yolo_ros) by extension 'ignore'
[0.738s] Level 1:colcon.colcon_core.package_identification:_identify(src/yolo_ros/yolo_ros) by extension 'ignore_ament_install'
[0.738s] Level 1:colcon.colcon_core.package_identification:_identify(src/yolo_ros/yolo_ros) by extensions ['colcon_pkg']
[0.738s] Level 1:colcon.colcon_core.package_identification:_identify(src/yolo_ros/yolo_ros) by extension 'colcon_pkg'
[0.738s] Level 1:colcon.colcon_core.package_identification:_identify(src/yolo_ros/yolo_ros) by extensions ['colcon_meta']
[0.738s] Level 1:colcon.colcon_core.package_identification:_identify(src/yolo_ros/yolo_ros) by extension 'colcon_meta'
[0.738s] Level 1:colcon.colcon_core.package_identification:_identify(src/yolo_ros/yolo_ros) by extensions ['ros']
[0.738s] Level 1:colcon.colcon_core.package_identification:_identify(src/yolo_ros/yolo_ros) by extension 'ros'
[0.740s] DEBUG:colcon.colcon_core.package_identification:Package 'src/yolo_ros/yolo_ros' with type 'ros.ament_python' and name 'yolo_ros'
[0.740s] Level 1:colcon.colcon_core.package_discovery:discover_packages(recursive) using defaults
[0.740s] Level 1:colcon.colcon_core.package_discovery:discover_packages(ignore) discover
[0.740s] Level 1:colcon.colcon_core.package_discovery:discover_packages(ignore) using defaults
[0.740s] Level 1:colcon.colcon_core.package_discovery:discover_packages(path) discover
[0.740s] Level 1:colcon.colcon_core.package_discovery:discover_packages(path) using defaults
[0.785s] INFO:colcon.colcon_core.package_selection:Skipping not selected package 'neuronbot2_description' in 'src/neuronbot2/neuronbot2_description'
[0.785s] INFO:colcon.colcon_core.package_selection:Skipping not selected package 'neuronbot2_gazebo' in 'src/neuronbot2/neuronbot2_gazebo'
[0.785s] INFO:colcon.colcon_core.package_selection:Skipping not selected package 'neuronbot2_led' in 'src/neuronbot2/neuronbot2_tools/neuronbot2_led'
[0.785s] INFO:colcon.colcon_core.package_selection:Skipping not selected package 'neuronbot2_nav' in 'src/neuronbot2/neuronbot2_nav'
[0.785s] INFO:colcon.colcon_core.package_selection:Skipping not selected package 'neuronbot2_slam' in 'src/neuronbot2/neuronbot2_slam'
[0.785s] INFO:colcon.colcon_core.package_selection:Skipping not selected package 'openslam_gmapping' in 'src/slam_gmapping/openslam_gmapping'
[0.785s] INFO:colcon.colcon_core.package_selection:Skipping not selected package 'rplidar_ros2' in 'src/rplidar_ros'
[0.785s] INFO:colcon.colcon_core.package_selection:Skipping not selected package 'serial' in 'src/serial'
[0.785s] INFO:colcon.colcon_core.package_selection:Skipping not selected package 'yolo_msgs' in 'src/yolo_ros/yolo_msgs'
[0.785s] INFO:colcon.colcon_core.package_selection:Skipping not selected package 'neuronbot2_bringup' in 'src/neuronbot2/neuronbot2_bringup'
[0.785s] INFO:colcon.colcon_core.package_selection:Skipping not selected package 'slam_gmapping' in 'src/slam_gmapping/slam_gmapping'
[0.785s] INFO:colcon.colcon_core.package_selection:Skipping not selected package 'yolo_ros' in 'src/yolo_ros/yolo_ros'
[0.785s] INFO:colcon.colcon_core.package_selection:Skipping not selected package 'yolo_bringup' in 'src/yolo_ros/yolo_bringup'
[0.786s] Level 1:colcon.colcon_core.package_discovery:discover_packages(prefix_path) check parameters
[0.787s] Level 1:colcon.colcon_core.package_discovery:discover_packages(prefix_path) discover
[0.792s] DEBUG:colcon.colcon_installed_package_information.package_discovery:Found 12 installed packages in /home/emzx/ros2_ws/install
[0.793s] DEBUG:colcon.colcon_installed_package_information.package_discovery:Found 13 installed packages in /home/emzx/neuronbot2_ros2_ws/install
[0.797s] DEBUG:colcon.colcon_installed_package_information.package_discovery:Found 459 installed packages in /opt/ros/humble
[0.802s] Level 1:colcon.colcon_core.package_discovery:discover_packages(prefix_path) using defaults
[0.917s] Level 5:colcon.colcon_core.verb:set package 'person_follower' build argument 'cmake_args' from command line to 'None'
[0.918s] Level 5:colcon.colcon_core.verb:set package 'person_follower' build argument 'cmake_target' from command line to 'None'
[0.918s] Level 5:colcon.colcon_core.verb:set package 'person_follower' build argument 'cmake_target_skip_unavailable' from command line to 'False'
[0.918s] Level 5:colcon.colcon_core.verb:set package 'person_follower' build argument 'cmake_clean_cache' from command line to 'False'
[0.918s] Level 5:colcon.colcon_core.verb:set package 'person_follower' build argument 'cmake_clean_first' from command line to 'False'
[0.918s] Level 5:colcon.colcon_core.verb:set package 'person_follower' build argument 'cmake_force_configure' from command line to 'False'
[0.918s] Level 5:colcon.colcon_core.verb:set package 'person_follower' build argument 'ament_cmake_args' from command line to 'None'
[0.918s] Level 5:colcon.colcon_core.verb:set package 'person_follower' build argument 'catkin_cmake_args' from command line to 'None'
[0.918s] Level 5:colcon.colcon_core.verb:set package 'person_follower' build argument 'catkin_skip_building_tests' from command line to 'False'
[0.918s] DEBUG:colcon.colcon_core.verb:Building package 'person_follower' with the following arguments: {'ament_cmake_args': None, 'build_base': '/home/emzx/neuronbot2_ros2_ws/build/person_follower', 'catkin_cmake_args': None, 'catkin_skip_building_tests': False, 'cmake_args': None, 'cmake_clean_cache': False, 'cmake_clean_first': False, 'cmake_force_configure': False, 'cmake_target': None, 'cmake_target_skip_unavailable': False, 'install_base': '/home/emzx/neuronbot2_ros2_ws/install/person_follower', 'merge_install': False, 'path': '/home/emzx/neuronbot2_ros2_ws/src/person_follower', 'symlink_install': False, 'test_result_base': None}
[0.918s] INFO:colcon.colcon_core.executor:Executing jobs using 'parallel' executor
[0.920s] DEBUG:colcon.colcon_parallel_executor.executor.parallel:run_until_complete
[0.920s] INFO:colcon.colcon_ros.task.ament_python.build:Building ROS package in '/home/emzx/neuronbot2_ros2_ws/src/person_follower' with build type 'ament_python'
[0.920s] Level 1:colcon.colcon_core.shell:create_environment_hook('person_follower', 'ament_prefix_path')
[0.926s] INFO:colcon.colcon_core.plugin_system:Skipping extension 'colcon_core.shell.bat': Not used on non-Windows systems
[0.926s] INFO:colcon.colcon_core.shell:Creating environment hook '/home/emzx/neuronbot2_ros2_ws/install/person_follower/share/person_follower/hook/ament_prefix_path.ps1'
[0.928s] INFO:colcon.colcon_core.shell:Creating environment descriptor '/home/emzx/neuronbot2_ros2_ws/install/person_follower/share/person_follower/hook/ament_prefix_path.dsv'
[0.928s] INFO:colcon.colcon_core.shell:Creating environment hook '/home/emzx/neuronbot2_ros2_ws/install/person_follower/share/person_follower/hook/ament_prefix_path.sh'
[0.930s] INFO:colcon.colcon_core.shell:Skip shell extension 'powershell' for command environment: Not usable outside of PowerShell
[0.930s] DEBUG:colcon.colcon_core.shell:Skip shell extension 'dsv' for command environment
[1.497s] INFO:colcon.colcon_core.task.python.build:Building Python package in '/home/emzx/neuronbot2_ros2_ws/src/person_follower'
[1.498s] INFO:colcon.colcon_core.shell:Skip shell extension 'powershell' for command environment: Not usable outside of PowerShell
[1.498s] DEBUG:colcon.colcon_core.shell:Skip shell extension 'dsv' for command environment
[2.309s] DEBUG:colcon.colcon_core.event_handler.log_command:Invoking command in '/home/emzx/neuronbot2_ros2_ws/src/person_follower': PYTHONPATH=/home/emzx/neuronbot2_ros2_ws/build/person_follower/prefix_override:/usr/lib/python3/dist-packages/colcon_core/task/python/colcon_distutils_commands:/home/emzx/neuronbot2_ros2_ws/install/person_follower/lib/python3.10/site-packages:${PYTHONPATH} /usr/bin/python3 -W ignore:setup.py install is deprecated -W ignore:easy_install command is deprecated setup.py egg_info --egg-base ../../build/person_follower build --build-base /home/emzx/neuronbot2_ros2_ws/build/person_follower/build install --record /home/emzx/neuronbot2_ros2_ws/build/person_follower/install.log --single-version-externally-managed install_data
[2.950s] DEBUG:colcon.colcon_core.event_handler.log_command:Invoked command in '/home/emzx/neuronbot2_ros2_ws/src/person_follower' returned '0': PYTHONPATH=/home/emzx/neuronbot2_ros2_ws/build/person_follower/prefix_override:/usr/lib/python3/dist-packages/colcon_core/task/python/colcon_distutils_commands:/home/emzx/neuronbot2_ros2_ws/install/person_follower/lib/python3.10/site-packages:${PYTHONPATH} /usr/bin/python3 -W ignore:setup.py install is deprecated -W ignore:easy_install command is deprecated setup.py egg_info --egg-base ../../build/person_follower build --build-base /home/emzx/neuronbot2_ros2_ws/build/person_follower/build install --record /home/emzx/neuronbot2_ros2_ws/build/person_follower/install.log --single-version-externally-managed install_data
[2.959s] Level 1:colcon.colcon_core.environment:checking '/home/emzx/neuronbot2_ros2_ws/install/person_follower' for CMake module files
[2.960s] Level 1:colcon.colcon_core.environment:checking '/home/emzx/neuronbot2_ros2_ws/install/person_follower' for CMake config files
[2.961s] Level 1:colcon.colcon_core.environment:checking '/home/emzx/neuronbot2_ros2_ws/install/person_follower/lib'
[2.961s] Level 1:colcon.colcon_core.environment:checking '/home/emzx/neuronbot2_ros2_ws/install/person_follower/bin'
[2.962s] Level 1:colcon.colcon_core.environment:checking '/home/emzx/neuronbot2_ros2_ws/install/person_follower/lib/pkgconfig/person_follower.pc'
[2.962s] Level 1:colcon.colcon_core.environment:checking '/home/emzx/neuronbot2_ros2_ws/install/person_follower/lib/python3.10/site-packages'
[2.962s] Level 1:colcon.colcon_core.shell:create_environment_hook('person_follower', 'pythonpath')
[2.963s] INFO:colcon.colcon_core.shell:Creating environment hook '/home/emzx/neuronbot2_ros2_ws/install/person_follower/share/person_follower/hook/pythonpath.ps1'
[2.963s] INFO:colcon.colcon_core.shell:Creating environment descriptor '/home/emzx/neuronbot2_ros2_ws/install/person_follower/share/person_follower/hook/pythonpath.dsv'
[2.964s] INFO:colcon.colcon_core.shell:Creating environment hook '/home/emzx/neuronbot2_ros2_ws/install/person_follower/share/person_follower/hook/pythonpath.sh'
[2.965s] Level 1:colcon.colcon_core.environment:checking '/home/emzx/neuronbot2_ros2_ws/install/person_follower/bin'
[2.965s] Level 1:colcon.colcon_core.environment:create_environment_scripts_only(person_follower)
[2.966s] INFO:colcon.colcon_core.shell:Creating package script '/home/emzx/neuronbot2_ros2_ws/install/person_follower/share/person_follower/package.ps1'
[2.968s] INFO:colcon.colcon_core.shell:Creating package descriptor '/home/emzx/neuronbot2_ros2_ws/install/person_follower/share/person_follower/package.dsv'
[2.970s] INFO:colcon.colcon_core.shell:Creating package script '/home/emzx/neuronbot2_ros2_ws/install/person_follower/share/person_follower/package.sh'
[2.972s] INFO:colcon.colcon_core.shell:Creating package script '/home/emzx/neuronbot2_ros2_ws/install/person_follower/share/person_follower/package.bash'
[2.975s] INFO:colcon.colcon_core.shell:Creating package script '/home/emzx/neuronbot2_ros2_ws/install/person_follower/share/person_follower/package.zsh'
[2.977s] Level 1:colcon.colcon_core.environment:create_file_with_runtime_dependencies(/home/emzx/neuronbot2_ros2_ws/install/person_follower/share/colcon-core/packages/person_follower)
[2.978s] DEBUG:colcon.colcon_parallel_executor.executor.parallel:closing loop
[2.979s] DEBUG:colcon.colcon_parallel_executor.executor.parallel:loop closed
[2.979s] DEBUG:colcon.colcon_parallel_executor.executor.parallel:run_until_complete finished with '0'
[2.979s] DEBUG:colcon.colcon_core.event_reactor:joining thread
[2.992s] INFO:colcon.colcon_core.plugin_system:Skipping extension 'colcon_notification.desktop_notification.terminal_notifier': Not used on non-Darwin systems
[2.993s] INFO:colcon.colcon_core.plugin_system:Skipping extension 'colcon_notification.desktop_notification.win32': Not used on non-Windows systems
[2.993s] INFO:colcon.colcon_notification.desktop_notification:Sending desktop notification using 'notify2'
[3.017s] DEBUG:colcon.colcon_core.event_reactor:joined thread
[3.017s] INFO:colcon.colcon_core.shell:Creating prefix script '/home/emzx/neuronbot2_ros2_ws/install/local_setup.ps1'
[3.020s] INFO:colcon.colcon_core.shell:Creating prefix util module '/home/emzx/neuronbot2_ros2_ws/install/_local_setup_util_ps1.py'
[3.024s] INFO:colcon.colcon_core.shell:Creating prefix chain script '/home/emzx/neuronbot2_ros2_ws/install/setup.ps1'
[3.028s] INFO:colcon.colcon_core.shell:Creating prefix script '/home/emzx/neuronbot2_ros2_ws/install/local_setup.sh'
[3.030s] INFO:colcon.colcon_core.shell:Creating prefix util module '/home/emzx/neuronbot2_ros2_ws/install/_local_setup_util_sh.py'
[3.031s] INFO:colcon.colcon_core.shell:Creating prefix chain script '/home/emzx/neuronbot2_ros2_ws/install/setup.sh'
[3.036s] INFO:colcon.colcon_core.shell:Creating prefix script '/home/emzx/neuronbot2_ros2_ws/install/local_setup.bash'
[3.038s] INFO:colcon.colcon_core.shell:Creating prefix chain script '/home/emzx/neuronbot2_ros2_ws/install/setup.bash'
[3.042s] INFO:colcon.colcon_core.shell:Creating prefix script '/home/emzx/neuronbot2_ros2_ws/install/local_setup.zsh'
[3.043s] INFO:colcon.colcon_core.shell:Creating prefix chain script '/home/emzx/neuronbot2_ros2_ws/install/setup.zsh'
