[0.993s] Invoking command in '/home/emzx/ros2_ws/src/bumperbot_py': DEBUGINFOD_URLS=https://debuginfod.ubuntu.com PYTHONPATH=/home/emzx/ros2_ws/build/bumperbot_py/prefix_override:/usr/lib/python3/dist-packages/colcon_core/task/python/colcon_distutils_commands:/home/emzx/ros2_ws/install/bumperbot_py/lib/python3.12/site-packages:${PYTHONPATH} /usr/bin/python3 -W ignore:setup.py install is deprecated -W ignore:easy_install command is deprecated setup.py egg_info --egg-base ../../build/bumperbot_py build --build-base /home/emzx/ros2_ws/build/bumperbot_py/build install --record /home/emzx/ros2_ws/build/bumperbot_py/install.log --single-version-externally-managed install_data
[1.256s] running egg_info
[1.275s] writing ../../build/bumperbot_py/bumperbot_py.egg-info/PKG-INFO
[1.275s] writing dependency_links to ../../build/bumperbot_py/bumperbot_py.egg-info/dependency_links.txt
[1.276s] writing entry points to ../../build/bumperbot_py/bumperbot_py.egg-info/entry_points.txt
[1.276s] writing requirements to ../../build/bumperbot_py/bumperbot_py.egg-info/requires.txt
[1.276s] writing top-level names to ../../build/bumperbot_py/bumperbot_py.egg-info/top_level.txt
[1.317s] reading manifest file '../../build/bumperbot_py/bumperbot_py.egg-info/SOURCES.txt'
[1.318s] writing manifest file '../../build/bumperbot_py/bumperbot_py.egg-info/SOURCES.txt'
[1.318s] running build
[1.318s] running build_py
[1.318s] copying bumperbot_py/simple_tf_kinematics.py -> /home/emzx/ros2_ws/build/bumperbot_py/build/lib/bumperbot_py
[1.319s] running install
[1.325s] running install_lib
[1.346s] copying /home/emzx/ros2_ws/build/bumperbot_py/build/lib/bumperbot_py/simple_tf_kinematics.py -> /home/emzx/ros2_ws/install/bumperbot_py/lib/python3.12/site-packages/bumperbot_py
[1.347s] byte-compiling /home/emzx/ros2_ws/install/bumperbot_py/lib/python3.12/site-packages/bumperbot_py/simple_tf_kinematics.py to simple_tf_kinematics.cpython-312.pyc
[1.348s] running install_data
[1.348s] running install_egg_info
[1.369s] removing '/home/emzx/ros2_ws/install/bumperbot_py/lib/python3.12/site-packages/bumperbot_py-0.0.0-py3.12.egg-info' (and everything under it)
[1.369s] Copying ../../build/bumperbot_py/bumperbot_py.egg-info to /home/emzx/ros2_ws/install/bumperbot_py/lib/python3.12/site-packages/bumperbot_py-0.0.0-py3.12.egg-info
[1.370s] running install_scripts
[1.502s] Installing simple_parameter script to /home/emzx/ros2_ws/install/bumperbot_py/lib/bumperbot_py
[1.502s] Installing simple_tf_kinematics script to /home/emzx/ros2_ws/install/bumperbot_py/lib/bumperbot_py
[1.502s] Installing simple_turtlesim_kinematics script to /home/emzx/ros2_ws/install/bumperbot_py/lib/bumperbot_py
[1.502s] Installing twist_converter script to /home/emzx/ros2_ws/install/bumperbot_py/lib/bumperbot_py
[1.502s] writing list of installed files to '/home/emzx/ros2_ws/build/bumperbot_py/install.log'
[1.530s] Invoked command in '/home/emzx/ros2_ws/src/bumperbot_py' returned '0': DEBUGINFOD_URLS=https://debuginfod.ubuntu.com PYTHONPATH=/home/emzx/ros2_ws/build/bumperbot_py/prefix_override:/usr/lib/python3/dist-packages/colcon_core/task/python/colcon_distutils_commands:/home/emzx/ros2_ws/install/bumperbot_py/lib/python3.12/site-packages:${PYTHONPATH} /usr/bin/python3 -W ignore:setup.py install is deprecated -W ignore:easy_install command is deprecated setup.py egg_info --egg-base ../../build/bumperbot_py build --build-base /home/emzx/ros2_ws/build/bumperbot_py/build install --record /home/emzx/ros2_ws/build/bumperbot_py/install.log --single-version-externally-managed install_data
