running egg_info
creating ../build/bumperbot_py/bumperbot_py.egg-info
writing ../build/bumperbot_py/bumperbot_py.egg-info/PKG-INFO
writing dependency_links to ../build/bumperbot_py/bumperbot_py.egg-info/dependency_links.txt
writing entry points to ../build/bumperbot_py/bumperbot_py.egg-info/entry_points.txt
writing requirements to ../build/bumperbot_py/bumperbot_py.egg-info/requires.txt
writing top-level names to ../build/bumperbot_py/bumperbot_py.egg-info/top_level.txt
writing manifest file '../build/bumperbot_py/bumperbot_py.egg-info/SOURCES.txt'
reading manifest file '../build/bumperbot_py/bumperbot_py.egg-info/SOURCES.txt'
writing manifest file '../build/bumperbot_py/bumperbot_py.egg-info/SOURCES.txt'
running build
running build_py
creating /home/pc/Documents/GitHub/HOME/src/build/bumperbot_py/build
creating /home/pc/Documents/GitHub/HOME/src/build/bumperbot_py/build/lib
creating /home/pc/Documents/GitHub/HOME/src/build/bumperbot_py/build/lib/bumperbot_py
copying bumperbot_py/turtlesim_kinematics.py -> /home/pc/Documents/GitHub/HOME/src/build/bumperbot_py/build/lib/bumperbot_py
copying bumperbot_py/simple_action_server.py -> /home/pc/Documents/GitHub/HOME/src/build/bumperbot_py/build/lib/bumperbot_py
copying bumperbot_py/simple_action_client.py -> /home/pc/Documents/GitHub/HOME/src/build/bumperbot_py/build/lib/bumperbot_py
copying bumperbot_py/simple_qos_subscriber.py -> /home/pc/Documents/GitHub/HOME/src/build/bumperbot_py/build/lib/bumperbot_py
copying bumperbot_py/simple_qos_publisher.py -> /home/pc/Documents/GitHub/HOME/src/build/bumperbot_py/build/lib/bumperbot_py
copying bumperbot_py/simple_tf_kinematics.py -> /home/pc/Documents/GitHub/HOME/src/build/bumperbot_py/build/lib/bumperbot_py
copying bumperbot_py/__init__.py -> /home/pc/Documents/GitHub/HOME/src/build/bumperbot_py/build/lib/bumperbot_py
copying bumperbot_py/simple_parameter.py -> /home/pc/Documents/GitHub/HOME/src/build/bumperbot_py/build/lib/bumperbot_py
copying bumperbot_py/simple_lifecycle_node.py -> /home/pc/Documents/GitHub/HOME/src/build/bumperbot_py/build/lib/bumperbot_py
copying bumperbot_py/twist_converter.py -> /home/pc/Documents/GitHub/HOME/src/build/bumperbot_py/build/lib/bumperbot_py
running install
running install_lib
creating /home/pc/Documents/GitHub/HOME/src/install/bumperbot_py/lib/python3.10/site-packages/bumperbot_py
copying /home/pc/Documents/GitHub/HOME/src/build/bumperbot_py/build/lib/bumperbot_py/turtlesim_kinematics.py -> /home/pc/Documents/GitHub/HOME/src/install/bumperbot_py/lib/python3.10/site-packages/bumperbot_py
copying /home/pc/Documents/GitHub/HOME/src/build/bumperbot_py/build/lib/bumperbot_py/simple_action_server.py -> /home/pc/Documents/GitHub/HOME/src/install/bumperbot_py/lib/python3.10/site-packages/bumperbot_py
copying /home/pc/Documents/GitHub/HOME/src/build/bumperbot_py/build/lib/bumperbot_py/simple_action_client.py -> /home/pc/Documents/GitHub/HOME/src/install/bumperbot_py/lib/python3.10/site-packages/bumperbot_py
copying /home/pc/Documents/GitHub/HOME/src/build/bumperbot_py/build/lib/bumperbot_py/simple_qos_subscriber.py -> /home/pc/Documents/GitHub/HOME/src/install/bumperbot_py/lib/python3.10/site-packages/bumperbot_py
copying /home/pc/Documents/GitHub/HOME/src/build/bumperbot_py/build/lib/bumperbot_py/simple_qos_publisher.py -> /home/pc/Documents/GitHub/HOME/src/install/bumperbot_py/lib/python3.10/site-packages/bumperbot_py
copying /home/pc/Documents/GitHub/HOME/src/build/bumperbot_py/build/lib/bumperbot_py/simple_tf_kinematics.py -> /home/pc/Documents/GitHub/HOME/src/install/bumperbot_py/lib/python3.10/site-packages/bumperbot_py
copying /home/pc/Documents/GitHub/HOME/src/build/bumperbot_py/build/lib/bumperbot_py/__init__.py -> /home/pc/Documents/GitHub/HOME/src/install/bumperbot_py/lib/python3.10/site-packages/bumperbot_py
copying /home/pc/Documents/GitHub/HOME/src/build/bumperbot_py/build/lib/bumperbot_py/simple_parameter.py -> /home/pc/Documents/GitHub/HOME/src/install/bumperbot_py/lib/python3.10/site-packages/bumperbot_py
copying /home/pc/Documents/GitHub/HOME/src/build/bumperbot_py/build/lib/bumperbot_py/simple_lifecycle_node.py -> /home/pc/Documents/GitHub/HOME/src/install/bumperbot_py/lib/python3.10/site-packages/bumperbot_py
copying /home/pc/Documents/GitHub/HOME/src/build/bumperbot_py/build/lib/bumperbot_py/twist_converter.py -> /home/pc/Documents/GitHub/HOME/src/install/bumperbot_py/lib/python3.10/site-packages/bumperbot_py
byte-compiling /home/pc/Documents/GitHub/HOME/src/install/bumperbot_py/lib/python3.10/site-packages/bumperbot_py/turtlesim_kinematics.py to turtlesim_kinematics.cpython-310.pyc
byte-compiling /home/pc/Documents/GitHub/HOME/src/install/bumperbot_py/lib/python3.10/site-packages/bumperbot_py/simple_action_server.py to simple_action_server.cpython-310.pyc
byte-compiling /home/pc/Documents/GitHub/HOME/src/install/bumperbot_py/lib/python3.10/site-packages/bumperbot_py/simple_action_client.py to simple_action_client.cpython-310.pyc
byte-compiling /home/pc/Documents/GitHub/HOME/src/install/bumperbot_py/lib/python3.10/site-packages/bumperbot_py/simple_qos_subscriber.py to simple_qos_subscriber.cpython-310.pyc
byte-compiling /home/pc/Documents/GitHub/HOME/src/install/bumperbot_py/lib/python3.10/site-packages/bumperbot_py/simple_qos_publisher.py to simple_qos_publisher.cpython-310.pyc
byte-compiling /home/pc/Documents/GitHub/HOME/src/install/bumperbot_py/lib/python3.10/site-packages/bumperbot_py/simple_tf_kinematics.py to simple_tf_kinematics.cpython-310.pyc
byte-compiling /home/pc/Documents/GitHub/HOME/src/install/bumperbot_py/lib/python3.10/site-packages/bumperbot_py/__init__.py to __init__.cpython-310.pyc
byte-compiling /home/pc/Documents/GitHub/HOME/src/install/bumperbot_py/lib/python3.10/site-packages/bumperbot_py/simple_parameter.py to simple_parameter.cpython-310.pyc
byte-compiling /home/pc/Documents/GitHub/HOME/src/install/bumperbot_py/lib/python3.10/site-packages/bumperbot_py/simple_lifecycle_node.py to simple_lifecycle_node.cpython-310.pyc
byte-compiling /home/pc/Documents/GitHub/HOME/src/install/bumperbot_py/lib/python3.10/site-packages/bumperbot_py/twist_converter.py to twist_converter.cpython-310.pyc
running install_data
creating /home/pc/Documents/GitHub/HOME/src/install/bumperbot_py/share/ament_index
creating /home/pc/Documents/GitHub/HOME/src/install/bumperbot_py/share/ament_index/resource_index
creating /home/pc/Documents/GitHub/HOME/src/install/bumperbot_py/share/ament_index/resource_index/packages
copying resource/bumperbot_py -> /home/pc/Documents/GitHub/HOME/src/install/bumperbot_py/share/ament_index/resource_index/packages
copying package.xml -> /home/pc/Documents/GitHub/HOME/src/install/bumperbot_py/share/bumperbot_py
running install_egg_info
Copying ../build/bumperbot_py/bumperbot_py.egg-info to /home/pc/Documents/GitHub/HOME/src/install/bumperbot_py/lib/python3.10/site-packages/bumperbot_py-0.0.0-py3.10.egg-info
running install_scripts
Installing keyboard_controller script to /home/pc/Documents/GitHub/HOME/src/install/bumperbot_py/lib/bumperbot_py
Installing simple_action_client script to /home/pc/Documents/GitHub/HOME/src/install/bumperbot_py/lib/bumperbot_py
Installing simple_action_server script to /home/pc/Documents/GitHub/HOME/src/install/bumperbot_py/lib/bumperbot_py
Installing simple_lifecycle_node script to /home/pc/Documents/GitHub/HOME/src/install/bumperbot_py/lib/bumperbot_py
Installing simple_parameter script to /home/pc/Documents/GitHub/HOME/src/install/bumperbot_py/lib/bumperbot_py
Installing simple_qos_publisher script to /home/pc/Documents/GitHub/HOME/src/install/bumperbot_py/lib/bumperbot_py
Installing simple_qos_subscriber script to /home/pc/Documents/GitHub/HOME/src/install/bumperbot_py/lib/bumperbot_py
Installing simple_tf_kinematics script to /home/pc/Documents/GitHub/HOME/src/install/bumperbot_py/lib/bumperbot_py
Installing simple_turtlesim_kinematics script to /home/pc/Documents/GitHub/HOME/src/install/bumperbot_py/lib/bumperbot_py
Installing twist_converter script to /home/pc/Documents/GitHub/HOME/src/install/bumperbot_py/lib/bumperbot_py
writing list of installed files to '/home/pc/Documents/GitHub/HOME/src/build/bumperbot_py/install.log'
