running egg_info
writing ../../build/bumperbot_utils/bumperbot_utils.egg-info/PKG-INFO
writing dependency_links to ../../build/bumperbot_utils/bumperbot_utils.egg-info/dependency_links.txt
writing entry points to ../../build/bumperbot_utils/bumperbot_utils.egg-info/entry_points.txt
writing requirements to ../../build/bumperbot_utils/bumperbot_utils.egg-info/requires.txt
writing top-level names to ../../build/bumperbot_utils/bumperbot_utils.egg-info/top_level.txt
reading manifest file '../../build/bumperbot_utils/bumperbot_utils.egg-info/SOURCES.txt'
writing manifest file '../../build/bumperbot_utils/bumperbot_utils.egg-info/SOURCES.txt'
running build
running build_py
running install
running install_lib
running install_data
running install_egg_info
removing '/home/emzx/ros2_ws/install/bumperbot_utils/lib/python3.12/site-packages/bumperbot_utils-0.0.0-py3.12.egg-info' (and everything under it)
Copying ../../build/bumperbot_utils/bumperbot_utils.egg-info to /home/emzx/ros2_ws/install/bumperbot_utils/lib/python3.12/site-packages/bumperbot_utils-0.0.0-py3.12.egg-info
running install_scripts
Installing desenho_trajetoria script to /home/emzx/ros2_ws/install/bumperbot_utils/lib/bumperbot_utils
Installing parada_segura script to /home/emzx/ros2_ws/install/bumperbot_utils/lib/bumperbot_utils
Installing scan_republish script to /home/emzx/ros2_ws/install/bumperbot_utils/lib/bumperbot_utils
writing list of installed files to '/home/emzx/ros2_ws/build/bumperbot_utils/install.log'
