[0.018s] Invoking command in '/home/emzx/ros2_ws/build/bumperbot_controller': CMAKE_PREFIX_PATH=${CMAKE_PREFIX_PATH}:/home/emzx/ros2_ws/install/turtlesim_catch_them_all:/home/emzx/ros2_ws/install/pacote_teste:/home/emzx/ros2_ws/install/bumperbot_py:/opt/ros/jazzy DEBUGINFOD_URLS=https://debuginfod.ubuntu.com /usr/bin/cmake --build /home/emzx/ros2_ws/build/bumperbot_controller -- -j8 -l8
[0.191s] -- Found ament_cmake: 2.5.3 (/opt/ros/jazzy/share/ament_cmake/cmake)
[0.194s] -- Override CMake install command with custom implementation using symlinks instead of copying resources
[0.202s] -- Found rclpy: 7.1.3 (/opt/ros/jazzy/share/rclpy/cmake)
[0.202s] -- Found std_msgs: 5.3.5 (/opt/ros/jazzy/share/std_msgs/cmake)
[0.223s] -- Found rosidl_generator_c: 4.6.5 (/opt/ros/jazzy/share/rosidl_generator_c/cmake)
[0.229s] -- Found rosidl_generator_cpp: 4.6.5 (/opt/ros/jazzy/share/rosidl_generator_cpp/cmake)
[0.238s] -- Using all available rosidl_typesupport_c: rosidl_typesupport_fastrtps_c;rosidl_typesupport_introspection_c
[0.247s] -- Using all available rosidl_typesupport_cpp: rosidl_typesupport_fastrtps_cpp;rosidl_typesupport_introspection_cpp
[0.266s] -- Found geometry_msgs: 5.3.5 (/opt/ros/jazzy/share/geometry_msgs/cmake)
[0.277s] -- Found sensor_msgs: 5.3.5 (/opt/ros/jazzy/share/sensor_msgs/cmake)
[0.302s] -- Found nav_msgs: 5.3.5 (/opt/ros/jazzy/share/nav_msgs/cmake)
[0.321s] -- Found tf2_ros: 0.36.8 (/opt/ros/jazzy/share/tf2_ros/cmake)
[0.370s] -- Found rmw_implementation_cmake: 7.3.1 (/opt/ros/jazzy/share/rmw_implementation_cmake/cmake)
[0.371s] -- Found rmw_fastrtps_cpp: 8.4.1 (/opt/ros/jazzy/share/rmw_fastrtps_cpp/cmake)
[0.421s] -- Using RMW implementation 'rmw_fastrtps_cpp' as default
[0.586s] -- Found ament_lint_auto: 0.17.1 (/opt/ros/jazzy/share/ament_lint_auto/cmake)
[0.654s] -- Added test 'flake8' to check Python code syntax and style conventions
[0.654s] -- Configured 'flake8' exclude dirs and/or files: 
[0.654s] -- Added test 'lint_cmake' to check CMake code style
[0.654s] -- Added test 'pep257' to check Python code against some of the docstring style conventions in PEP 257
[0.655s] -- Added test 'xmllint' to check XML markup files
[0.655s] -- Configuring done (0.6s)
[0.659s] -- Generating done (0.0s)
[0.661s] -- Build files have been written to: /home/emzx/ros2_ws/build/bumperbot_controller
[0.695s] Built target ament_cmake_python_symlink_bumperbot_controller
[0.855s] running egg_info
[0.855s] creating bumperbot_controller.egg-info
[0.869s] writing bumperbot_controller.egg-info/PKG-INFO
[0.869s] writing dependency_links to bumperbot_controller.egg-info/dependency_links.txt
[0.869s] writing top-level names to bumperbot_controller.egg-info/top_level.txt
[0.869s] writing manifest file 'bumperbot_controller.egg-info/SOURCES.txt'
[0.911s] reading manifest file 'bumperbot_controller.egg-info/SOURCES.txt'
[0.912s] writing manifest file 'bumperbot_controller.egg-info/SOURCES.txt'
[0.930s] Built target ament_cmake_python_build_bumperbot_controller_egg
