[0.033s] Invoking command in '/home/emzx/ros2_ws/build/bumperbot_bringup': CMAKE_PREFIX_PATH=${CMAKE_PREFIX_PATH}:/home/emzx/ros2_ws/install/turtlesim_catch_them_all:/home/emzx/ros2_ws/install/pacote_teste:/home/emzx/ros2_ws/install/bumperbot_utils:/home/emzx/ros2_ws/install/bumperbot_py:/opt/ros/jazzy DEBUGINFOD_URLS=https://debuginfod.ubuntu.com /usr/bin/cmake /home/emzx/ros2_ws/src/bumperbot_bringup -DCMAKE_INSTALL_PREFIX=/home/emzx/ros2_ws/install/bumperbot_bringup
[0.357s] -- Found ament_cmake: 2.5.3 (/opt/ros/jazzy/share/ament_cmake/cmake)
[0.357s] -- Override CMake install command with custom implementation using symlinks instead of copying resources
[0.357s] -- Found ament_lint_auto: 0.17.1 (/opt/ros/jazzy/share/ament_lint_auto/cmake)
[0.458s] -- Added test 'flake8' to check Python code syntax and style conventions
[0.458s] -- Configured 'flake8' exclude dirs and/or files: 
[0.458s] -- Added test 'lint_cmake' to check CMake code style
[0.459s] -- Added test 'pep257' to check Python code against some of the docstring style conventions in PEP 257
[0.460s] -- Added test 'xmllint' to check XML markup files
[0.461s] -- Configuring done (0.4s)
[0.468s] -- Generating done (0.0s)
[0.469s] -- Build files have been written to: /home/emzx/ros2_ws/build/bumperbot_bringup
[0.657s] Invoked command in '/home/emzx/ros2_ws/build/bumperbot_bringup' returned '0': CMAKE_PREFIX_PATH=${CMAKE_PREFIX_PATH}:/home/emzx/ros2_ws/install/turtlesim_catch_them_all:/home/emzx/ros2_ws/install/pacote_teste:/home/emzx/ros2_ws/install/bumperbot_utils:/home/emzx/ros2_ws/install/bumperbot_py:/opt/ros/jazzy DEBUGINFOD_URLS=https://debuginfod.ubuntu.com /usr/bin/cmake /home/emzx/ros2_ws/src/bumperbot_bringup -DCMAKE_INSTALL_PREFIX=/home/emzx/ros2_ws/install/bumperbot_bringup
[0.659s] Invoking command in '/home/emzx/ros2_ws/build/bumperbot_bringup': CMAKE_PREFIX_PATH=${CMAKE_PREFIX_PATH}:/home/emzx/ros2_ws/install/turtlesim_catch_them_all:/home/emzx/ros2_ws/install/pacote_teste:/home/emzx/ros2_ws/install/bumperbot_utils:/home/emzx/ros2_ws/install/bumperbot_py:/opt/ros/jazzy DEBUGINFOD_URLS=https://debuginfod.ubuntu.com /usr/bin/cmake --build /home/emzx/ros2_ws/build/bumperbot_bringup -- -j8 -l8
[0.710s] Invoked command in '/home/emzx/ros2_ws/build/bumperbot_bringup' returned '0': CMAKE_PREFIX_PATH=${CMAKE_PREFIX_PATH}:/home/emzx/ros2_ws/install/turtlesim_catch_them_all:/home/emzx/ros2_ws/install/pacote_teste:/home/emzx/ros2_ws/install/bumperbot_utils:/home/emzx/ros2_ws/install/bumperbot_py:/opt/ros/jazzy DEBUGINFOD_URLS=https://debuginfod.ubuntu.com /usr/bin/cmake --build /home/emzx/ros2_ws/build/bumperbot_bringup -- -j8 -l8
[0.724s] Invoking command in '/home/emzx/ros2_ws/build/bumperbot_bringup': CMAKE_PREFIX_PATH=${CMAKE_PREFIX_PATH}:/home/emzx/ros2_ws/install/turtlesim_catch_them_all:/home/emzx/ros2_ws/install/pacote_teste:/home/emzx/ros2_ws/install/bumperbot_utils:/home/emzx/ros2_ws/install/bumperbot_py:/opt/ros/jazzy DEBUGINFOD_URLS=https://debuginfod.ubuntu.com /usr/bin/cmake --install /home/emzx/ros2_ws/build/bumperbot_bringup
[0.736s] -- Install configuration: ""
[0.736s] -- Execute custom install script
[0.737s] -- Up-to-date symlink: /home/emzx/ros2_ws/install/bumperbot_bringup/share/bumperbot_bringup/launch/simulated_robot.launch.py
[0.737s] -- Up-to-date symlink: /home/emzx/ros2_ws/install/bumperbot_bringup/share/ament_index/resource_index/package_run_dependencies/bumperbot_bringup
[0.738s] -- Up-to-date symlink: /home/emzx/ros2_ws/install/bumperbot_bringup/share/ament_index/resource_index/parent_prefix_path/bumperbot_bringup
[0.738s] -- Up-to-date symlink: /home/emzx/ros2_ws/install/bumperbot_bringup/share/bumperbot_bringup/environment/ament_prefix_path.sh
[0.739s] -- Up-to-date symlink: /home/emzx/ros2_ws/install/bumperbot_bringup/share/bumperbot_bringup/environment/ament_prefix_path.dsv
[0.740s] -- Up-to-date symlink: /home/emzx/ros2_ws/install/bumperbot_bringup/share/bumperbot_bringup/environment/path.sh
[0.740s] -- Up-to-date symlink: /home/emzx/ros2_ws/install/bumperbot_bringup/share/bumperbot_bringup/environment/path.dsv
[0.742s] -- Up-to-date symlink: /home/emzx/ros2_ws/install/bumperbot_bringup/share/bumperbot_bringup/local_setup.bash
[0.743s] -- Up-to-date symlink: /home/emzx/ros2_ws/install/bumperbot_bringup/share/bumperbot_bringup/local_setup.sh
[0.743s] -- Up-to-date symlink: /home/emzx/ros2_ws/install/bumperbot_bringup/share/bumperbot_bringup/local_setup.zsh
[0.744s] -- Up-to-date symlink: /home/emzx/ros2_ws/install/bumperbot_bringup/share/bumperbot_bringup/local_setup.dsv
[0.744s] -- Symlinking: /home/emzx/ros2_ws/install/bumperbot_bringup/share/bumperbot_bringup/package.dsv
[0.755s] -- Up-to-date symlink: /home/emzx/ros2_ws/install/bumperbot_bringup/share/ament_index/resource_index/packages/bumperbot_bringup
[0.756s] -- Up-to-date symlink: /home/emzx/ros2_ws/install/bumperbot_bringup/share/bumperbot_bringup/cmake/bumperbot_bringupConfig.cmake
[0.756s] -- Up-to-date symlink: /home/emzx/ros2_ws/install/bumperbot_bringup/share/bumperbot_bringup/cmake/bumperbot_bringupConfig-version.cmake
[0.756s] -- Up-to-date symlink: /home/emzx/ros2_ws/install/bumperbot_bringup/share/bumperbot_bringup/package.xml
[0.759s] Invoked command in '/home/emzx/ros2_ws/build/bumperbot_bringup' returned '0': CMAKE_PREFIX_PATH=${CMAKE_PREFIX_PATH}:/home/emzx/ros2_ws/install/turtlesim_catch_them_all:/home/emzx/ros2_ws/install/pacote_teste:/home/emzx/ros2_ws/install/bumperbot_utils:/home/emzx/ros2_ws/install/bumperbot_py:/opt/ros/jazzy DEBUGINFOD_URLS=https://debuginfod.ubuntu.com /usr/bin/cmake --install /home/emzx/ros2_ws/build/bumperbot_bringup
