[0.022s] Invoking command in '/home/pc/Documents/GitHub/HOME/src/build/my_robot_interfaces': CMAKE_PREFIX_PATH=/opt/ros/humble /usr/bin/cmake /home/pc/Documents/GitHub/HOME/src/my_robot_interfaces -DCMAKE_INSTALL_PREFIX=/home/pc/Documents/GitHub/HOME/src/install/my_robot_interfaces
[0.381s] -- The C compiler identification is GNU 11.4.0
[0.382s] -- The CXX compiler identification is GNU 11.4.0
[0.382s] -- Detecting C compiler ABI info
[0.382s] -- Detecting C compiler ABI info - done
[0.382s] -- Check for working C compiler: /usr/bin/cc - skipped
[0.382s] -- Detecting C compile features
[0.382s] -- Detecting C compile features - done
[0.382s] -- Detecting CXX compiler ABI info
[0.382s] -- Detecting CXX compiler ABI info - done
[0.383s] -- Check for working CXX compiler: /usr/bin/c++ - skipped
[0.383s] -- Detecting CXX compile features
[0.383s] -- Detecting CXX compile features - done
[0.383s] -- Found ament_cmake: 1.3.11 (/opt/ros/humble/share/ament_cmake/cmake)
[0.390s] -- Found Python3: /usr/bin/python3 (found version "3.10.12") found components: Interpreter 
[0.462s] -- Found rosidl_default_generators: 1.2.0 (/opt/ros/humble/share/rosidl_default_generators/cmake)
[0.465s] -- Using all available rosidl_typesupport_c: rosidl_typesupport_fastrtps_c;rosidl_typesupport_introspection_c
[0.471s] -- Found rosidl_adapter: 3.1.6 (/opt/ros/humble/share/rosidl_adapter/cmake)
[0.518s] -- Using all available rosidl_typesupport_cpp: rosidl_typesupport_fastrtps_cpp;rosidl_typesupport_introspection_cpp
[0.544s] -- Found std_msgs: 4.8.0 (/opt/ros/humble/share/std_msgs/cmake)
[0.561s] -- Found geometry_msgs: 4.8.0 (/opt/ros/humble/share/geometry_msgs/cmake)
[0.914s] -- Found ament_cmake_ros: 0.10.0 (/opt/ros/humble/share/ament_cmake_ros/cmake)
[1.087s] -- Using all available rosidl_typesupport_c: rosidl_typesupport_fastrtps_c;rosidl_typesupport_introspection_c
[1.315s] -- Using all available rosidl_typesupport_cpp: rosidl_typesupport_fastrtps_cpp;rosidl_typesupport_introspection_cpp
[1.332s] -- Found PythonInterp: /usr/bin/python3 (found suitable version "3.10.12", minimum required is "3.6") 
[1.334s] -- Found python_cmake_module: 0.10.0 (/opt/ros/humble/share/python_cmake_module/cmake)
[1.353s] -- Found PythonLibs: /usr/lib/x86_64-linux-gnu/libpython3.10.so (found suitable version "3.10.12", minimum required is "3.5") 
[1.353s] -- Using PYTHON_EXECUTABLE: /usr/bin/python3
[1.353s] -- Using PYTHON_INCLUDE_DIRS: /usr/include/python3.10
[1.353s] -- Using PYTHON_LIBRARIES: /usr/lib/x86_64-linux-gnu/libpython3.10.so
[1.367s] -- Found PythonExtra: .so  
[1.410s] -- Found ament_lint_auto: 0.12.12 (/opt/ros/humble/share/ament_lint_auto/cmake)
[1.417s] -- Configuring done
[1.450s] -- Generating done
[1.459s] -- Build files have been written to: /home/pc/Documents/GitHub/HOME/src/build/my_robot_interfaces
[1.465s] Invoked command in '/home/pc/Documents/GitHub/HOME/src/build/my_robot_interfaces' returned '0': CMAKE_PREFIX_PATH=/opt/ros/humble /usr/bin/cmake /home/pc/Documents/GitHub/HOME/src/my_robot_interfaces -DCMAKE_INSTALL_PREFIX=/home/pc/Documents/GitHub/HOME/src/install/my_robot_interfaces
[1.467s] Invoking command in '/home/pc/Documents/GitHub/HOME/src/build/my_robot_interfaces': CMAKE_PREFIX_PATH=/opt/ros/humble /usr/bin/cmake --build /home/pc/Documents/GitHub/HOME/src/build/my_robot_interfaces -- -j12 -l12
[1.496s] [  1%] [34m[1mGenerating C code for ROS interfaces[0m
[1.506s] [  2%] [34m[1mGenerating C++ code for ROS interfaces[0m
[1.508s] [  2%] Built target ament_cmake_python_copy_my_robot_interfaces
[1.645s] running egg_info
[1.645s] creating my_robot_interfaces.egg-info
[1.645s] writing my_robot_interfaces.egg-info/PKG-INFO
[1.645s] writing dependency_links to my_robot_interfaces.egg-info/dependency_links.txt
[1.646s] writing top-level names to my_robot_interfaces.egg-info/top_level.txt
[1.646s] writing manifest file 'my_robot_interfaces.egg-info/SOURCES.txt'
[1.647s] reading manifest file 'my_robot_interfaces.egg-info/SOURCES.txt'
[1.647s] writing manifest file 'my_robot_interfaces.egg-info/SOURCES.txt'
[1.665s] [  2%] Built target ament_cmake_python_build_my_robot_interfaces_egg
[2.019s] [  3%] [32mBuilding C object CMakeFiles/my_robot_interfaces__rosidl_generator_c.dir/rosidl_generator_c/my_robot_interfaces/action/detail/fibonacci__functions.c.o[0m
[2.019s] [  4%] [32mBuilding C object CMakeFiles/my_robot_interfaces__rosidl_generator_c.dir/rosidl_generator_c/my_robot_interfaces/msg/detail/hardware_status__functions.c.o[0m
[2.020s] [  5%] [32mBuilding C object CMakeFiles/my_robot_interfaces__rosidl_generator_c.dir/rosidl_generator_c/my_robot_interfaces/msg/detail/led_state_array__functions.c.o[0m
[2.023s] [  6%] [32mBuilding C object CMakeFiles/my_robot_interfaces__rosidl_generator_c.dir/rosidl_generator_c/my_robot_interfaces/msg/detail/turtle_array__functions.c.o[0m
[2.023s] [  7%] [32mBuilding C object CMakeFiles/my_robot_interfaces__rosidl_generator_c.dir/rosidl_generator_c/my_robot_interfaces/msg/detail/turtle__functions.c.o[0m
[2.026s] [  8%] [32mBuilding C object CMakeFiles/my_robot_interfaces__rosidl_generator_c.dir/rosidl_generator_c/my_robot_interfaces/srv/detail/compute_rectangle_area__functions.c.o[0m
[2.027s] [  9%] [32mBuilding C object CMakeFiles/my_robot_interfaces__rosidl_generator_c.dir/rosidl_generator_c/my_robot_interfaces/srv/detail/set_led__functions.c.o[0m
[2.028s] [ 10%] [32mBuilding C object CMakeFiles/my_robot_interfaces__rosidl_generator_c.dir/rosidl_generator_c/my_robot_interfaces/srv/detail/catch_turtle__functions.c.o[0m
[2.041s] [ 11%] [32mBuilding C object CMakeFiles/my_robot_interfaces__rosidl_generator_c.dir/rosidl_generator_c/my_robot_interfaces/srv/detail/get_transform__functions.c.o[0m
[2.046s] [ 11%] Built target my_robot_interfaces__cpp
[2.057s] [ 12%] [34m[1mGenerating C++ introspection for ROS interfaces[0m
[2.057s] [ 13%] [34m[1mGenerating C++ type support dispatch for ROS interfaces[0m
[2.057s] [ 14%] [34m[1mGenerating C++ type support for eProsima Fast-RTPS[0m
[2.131s] [ 15%] [32m[1mLinking C shared library libmy_robot_interfaces__rosidl_generator_c.so[0m
[2.162s] [ 15%] Built target my_robot_interfaces__rosidl_generator_c
[2.170s] [ 16%] [34m[1mGenerating C introspection for ROS interfaces[0m
[2.171s] [ 17%] [34m[1mGenerating C type support dispatch for ROS interfaces[0m
[2.171s] [ 18%] [34m[1mGenerating C type support for eProsima Fast-RTPS[0m
[2.359s] [ 24%] [32mBuilding CXX object CMakeFiles/my_robot_interfaces__rosidl_typesupport_cpp.dir/rosidl_typesupport_cpp/my_robot_interfaces/msg/led_state_array__type_support.cpp.o[0m
[2.359s] [ 24%] [32mBuilding CXX object CMakeFiles/my_robot_interfaces__rosidl_typesupport_cpp.dir/rosidl_typesupport_cpp/my_robot_interfaces/msg/hardware_status__type_support.cpp.o[0m
[2.359s] [ 24%] [32mBuilding CXX object CMakeFiles/my_robot_interfaces__rosidl_typesupport_cpp.dir/rosidl_typesupport_cpp/my_robot_interfaces/srv/compute_rectangle_area__type_support.cpp.o[0m
[2.359s] [ 24%] [32mBuilding CXX object CMakeFiles/my_robot_interfaces__rosidl_typesupport_cpp.dir/rosidl_typesupport_cpp/my_robot_interfaces/action/fibonacci__type_support.cpp.o[0m
[2.359s] [ 24%] [32mBuilding CXX object CMakeFiles/my_robot_interfaces__rosidl_typesupport_cpp.dir/rosidl_typesupport_cpp/my_robot_interfaces/msg/turtle_array__type_support.cpp.o[0m
[2.359s] [ 25%] [32mBuilding CXX object CMakeFiles/my_robot_interfaces__rosidl_typesupport_cpp.dir/rosidl_typesupport_cpp/my_robot_interfaces/msg/turtle__type_support.cpp.o[0m
[2.359s] [ 26%] [32mBuilding CXX object CMakeFiles/my_robot_interfaces__rosidl_typesupport_cpp.dir/rosidl_typesupport_cpp/my_robot_interfaces/srv/set_led__type_support.cpp.o[0m
[2.595s] [ 27%] [32mBuilding CXX object CMakeFiles/my_robot_interfaces__rosidl_typesupport_c.dir/rosidl_typesupport_c/my_robot_interfaces/action/fibonacci__type_support.cpp.o[0m
[2.600s] [ 28%] [32mBuilding CXX object CMakeFiles/my_robot_interfaces__rosidl_typesupport_introspection_cpp.dir/rosidl_typesupport_introspection_cpp/my_robot_interfaces/action/detail/fibonacci__type_support.cpp.o[0m
[2.614s] [ 29%] [32mBuilding CXX object CMakeFiles/my_robot_interfaces__rosidl_typesupport_cpp.dir/rosidl_typesupport_cpp/my_robot_interfaces/srv/catch_turtle__type_support.cpp.o[0m
[2.619s] [ 30%] [32mBuilding CXX object CMakeFiles/my_robot_interfaces__rosidl_typesupport_cpp.dir/rosidl_typesupport_cpp/my_robot_interfaces/srv/get_transform__type_support.cpp.o[0m
[2.624s] [ 31%] [32mBuilding CXX object CMakeFiles/my_robot_interfaces__rosidl_typesupport_introspection_cpp.dir/rosidl_typesupport_introspection_cpp/my_robot_interfaces/msg/detail/hardware_status__type_support.cpp.o[0m
[2.646s] [ 32%] [32mBuilding CXX object CMakeFiles/my_robot_interfaces__rosidl_typesupport_c.dir/rosidl_typesupport_c/my_robot_interfaces/msg/hardware_status__type_support.cpp.o[0m
[2.658s] [ 34%] [32mBuilding CXX object CMakeFiles/my_robot_interfaces__rosidl_typesupport_c.dir/rosidl_typesupport_c/my_robot_interfaces/msg/led_state_array__type_support.cpp.o[0m
[2.659s] [ 34%] [32mBuilding CXX object CMakeFiles/my_robot_interfaces__rosidl_typesupport_introspection_cpp.dir/rosidl_typesupport_introspection_cpp/my_robot_interfaces/msg/detail/led_state_array__type_support.cpp.o[0m
[2.666s] [ 35%] [32mBuilding CXX object CMakeFiles/my_robot_interfaces__rosidl_typesupport_c.dir/rosidl_typesupport_c/my_robot_interfaces/msg/turtle__type_support.cpp.o[0m
[2.680s] [ 36%] [32mBuilding CXX object CMakeFiles/my_robot_interfaces__rosidl_typesupport_c.dir/rosidl_typesupport_c/my_robot_interfaces/msg/turtle_array__type_support.cpp.o[0m
[2.690s] [ 37%] [32mBuilding CXX object CMakeFiles/my_robot_interfaces__rosidl_typesupport_c.dir/rosidl_typesupport_c/my_robot_interfaces/srv/compute_rectangle_area__type_support.cpp.o[0m
[2.695s] [ 38%] [32mBuilding CXX object CMakeFiles/my_robot_interfaces__rosidl_typesupport_c.dir/rosidl_typesupport_c/my_robot_interfaces/srv/set_led__type_support.cpp.o[0m
[2.712s] [ 40%] [32mBuilding CXX object CMakeFiles/my_robot_interfaces__rosidl_typesupport_c.dir/rosidl_typesupport_c/my_robot_interfaces/srv/catch_turtle__type_support.cpp.o[0m
[2.723s] [ 41%] [32mBuilding CXX object CMakeFiles/my_robot_interfaces__rosidl_typesupport_c.dir/rosidl_typesupport_c/my_robot_interfaces/srv/get_transform__type_support.cpp.o[0m
[2.725s] [ 42%] [32mBuilding CXX object CMakeFiles/my_robot_interfaces__rosidl_typesupport_introspection_cpp.dir/rosidl_typesupport_introspection_cpp/my_robot_interfaces/msg/detail/turtle__type_support.cpp.o[0m
[2.745s] [ 43%] [32mBuilding CXX object CMakeFiles/my_robot_interfaces__rosidl_typesupport_introspection_cpp.dir/rosidl_typesupport_introspection_cpp/my_robot_interfaces/msg/detail/turtle_array__type_support.cpp.o[0m
[2.758s] [ 44%] [32m[1mLinking CXX shared library libmy_robot_interfaces__rosidl_typesupport_c.so[0m
[2.803s] [ 44%] Built target my_robot_interfaces__rosidl_typesupport_c
[2.806s] [ 45%] [32mBuilding CXX object CMakeFiles/my_robot_interfaces__rosidl_typesupport_introspection_cpp.dir/rosidl_typesupport_introspection_cpp/my_robot_interfaces/srv/detail/compute_rectangle_area__type_support.cpp.o[0m
[2.810s] [ 46%] [32mBuilding CXX object CMakeFiles/my_robot_interfaces__rosidl_typesupport_introspection_cpp.dir/rosidl_typesupport_introspection_cpp/my_robot_interfaces/srv/detail/set_led__type_support.cpp.o[0m
[2.877s] [ 47%] [32mBuilding CXX object CMakeFiles/my_robot_interfaces__rosidl_typesupport_introspection_cpp.dir/rosidl_typesupport_introspection_cpp/my_robot_interfaces/srv/detail/catch_turtle__type_support.cpp.o[0m
[2.877s] [ 48%] [32m[1mLinking CXX shared library libmy_robot_interfaces__rosidl_typesupport_cpp.so[0m
[2.894s] [ 49%] [32mBuilding CXX object CMakeFiles/my_robot_interfaces__rosidl_typesupport_fastrtps_cpp.dir/rosidl_typesupport_fastrtps_cpp/my_robot_interfaces/action/detail/dds_fastrtps/fibonacci__type_support.cpp.o[0m
[2.902s] [ 50%] [32mBuilding C object CMakeFiles/my_robot_interfaces__rosidl_typesupport_introspection_c.dir/rosidl_typesupport_introspection_c/my_robot_interfaces/action/detail/fibonacci__type_support.c.o[0m
[2.924s] [ 50%] Built target my_robot_interfaces__rosidl_typesupport_cpp
[2.937s] [ 51%] [32mBuilding CXX object CMakeFiles/my_robot_interfaces__rosidl_typesupport_introspection_cpp.dir/rosidl_typesupport_introspection_cpp/my_robot_interfaces/srv/detail/get_transform__type_support.cpp.o[0m
[2.962s] [ 52%] [32mBuilding C object CMakeFiles/my_robot_interfaces__rosidl_typesupport_introspection_c.dir/rosidl_typesupport_introspection_c/my_robot_interfaces/msg/detail/hardware_status__type_support.c.o[0m
[3.003s] [ 53%] [32mBuilding C object CMakeFiles/my_robot_interfaces__rosidl_typesupport_introspection_c.dir/rosidl_typesupport_introspection_c/my_robot_interfaces/msg/detail/led_state_array__type_support.c.o[0m
[3.050s] [ 54%] [32mBuilding C object CMakeFiles/my_robot_interfaces__rosidl_typesupport_introspection_c.dir/rosidl_typesupport_introspection_c/my_robot_interfaces/msg/detail/turtle__type_support.c.o[0m
[3.057s] [ 55%] [32mBuilding CXX object CMakeFiles/my_robot_interfaces__rosidl_typesupport_fastrtps_cpp.dir/rosidl_typesupport_fastrtps_cpp/my_robot_interfaces/msg/detail/dds_fastrtps/hardware_status__type_support.cpp.o[0m
[3.072s] [ 56%] [32mBuilding CXX object CMakeFiles/my_robot_interfaces__rosidl_typesupport_fastrtps_c.dir/rosidl_typesupport_fastrtps_c/my_robot_interfaces/action/detail/fibonacci__type_support_c.cpp.o[0m
[3.087s] [ 57%] [32mBuilding C object CMakeFiles/my_robot_interfaces__rosidl_typesupport_introspection_c.dir/rosidl_typesupport_introspection_c/my_robot_interfaces/msg/detail/turtle_array__type_support.c.o[0m
[3.126s] [ 58%] [32mBuilding CXX object CMakeFiles/my_robot_interfaces__rosidl_typesupport_fastrtps_cpp.dir/rosidl_typesupport_fastrtps_cpp/my_robot_interfaces/msg/detail/dds_fastrtps/led_state_array__type_support.cpp.o[0m
[3.127s] [ 60%] [32mBuilding C object CMakeFiles/my_robot_interfaces__rosidl_typesupport_introspection_c.dir/rosidl_typesupport_introspection_c/my_robot_interfaces/srv/detail/compute_rectangle_area__type_support.c.o[0m
[3.130s] [ 61%] [32mBuilding CXX object CMakeFiles/my_robot_interfaces__rosidl_typesupport_fastrtps_cpp.dir/rosidl_typesupport_fastrtps_cpp/my_robot_interfaces/msg/detail/dds_fastrtps/turtle__type_support.cpp.o[0m
[3.136s] [ 62%] [32mBuilding CXX object CMakeFiles/my_robot_interfaces__rosidl_typesupport_fastrtps_c.dir/rosidl_typesupport_fastrtps_c/my_robot_interfaces/msg/detail/hardware_status__type_support_c.cpp.o[0m
[3.154s] [ 63%] [32mBuilding CXX object CMakeFiles/my_robot_interfaces__rosidl_typesupport_fastrtps_cpp.dir/rosidl_typesupport_fastrtps_cpp/my_robot_interfaces/msg/detail/dds_fastrtps/turtle_array__type_support.cpp.o[0m
[3.165s] [ 64%] [32mBuilding C object CMakeFiles/my_robot_interfaces__rosidl_typesupport_introspection_c.dir/rosidl_typesupport_introspection_c/my_robot_interfaces/srv/detail/set_led__type_support.c.o[0m
[3.185s] [ 65%] [32mBuilding CXX object CMakeFiles/my_robot_interfaces__rosidl_typesupport_fastrtps_cpp.dir/rosidl_typesupport_fastrtps_cpp/my_robot_interfaces/srv/detail/dds_fastrtps/compute_rectangle_area__type_support.cpp.o[0m
[3.201s] [ 66%] [32mBuilding CXX object CMakeFiles/my_robot_interfaces__rosidl_typesupport_fastrtps_cpp.dir/rosidl_typesupport_fastrtps_cpp/my_robot_interfaces/srv/detail/dds_fastrtps/set_led__type_support.cpp.o[0m
[3.203s] [ 67%] [32mBuilding C object CMakeFiles/my_robot_interfaces__rosidl_typesupport_introspection_c.dir/rosidl_typesupport_introspection_c/my_robot_interfaces/srv/detail/catch_turtle__type_support.c.o[0m
[3.240s] [ 68%] [32mBuilding C object CMakeFiles/my_robot_interfaces__rosidl_typesupport_introspection_c.dir/rosidl_typesupport_introspection_c/my_robot_interfaces/srv/detail/get_transform__type_support.c.o[0m
[3.276s] [ 69%] [32m[1mLinking C shared library libmy_robot_interfaces__rosidl_typesupport_introspection_c.so[0m
[3.290s] [ 70%] [32mBuilding CXX object CMakeFiles/my_robot_interfaces__rosidl_typesupport_fastrtps_c.dir/rosidl_typesupport_fastrtps_c/my_robot_interfaces/msg/detail/led_state_array__type_support_c.cpp.o[0m
[3.314s] [ 70%] Built target my_robot_interfaces__rosidl_typesupport_introspection_c
[3.322s] [ 71%] [32mBuilding CXX object CMakeFiles/my_robot_interfaces__rosidl_typesupport_fastrtps_cpp.dir/rosidl_typesupport_fastrtps_cpp/my_robot_interfaces/srv/detail/dds_fastrtps/catch_turtle__type_support.cpp.o[0m
[3.335s] [ 72%] [32m[1mLinking CXX shared library libmy_robot_interfaces__rosidl_typesupport_introspection_cpp.so[0m
[3.432s] [ 72%] Built target my_robot_interfaces__rosidl_typesupport_introspection_cpp
[3.437s] [ 73%] [32mBuilding CXX object CMakeFiles/my_robot_interfaces__rosidl_typesupport_fastrtps_c.dir/rosidl_typesupport_fastrtps_c/my_robot_interfaces/msg/detail/turtle__type_support_c.cpp.o[0m
[3.459s] [ 74%] [32mBuilding CXX object CMakeFiles/my_robot_interfaces__rosidl_typesupport_fastrtps_cpp.dir/rosidl_typesupport_fastrtps_cpp/my_robot_interfaces/srv/detail/dds_fastrtps/get_transform__type_support.cpp.o[0m
[3.490s] [ 75%] [32mBuilding CXX object CMakeFiles/my_robot_interfaces__rosidl_typesupport_fastrtps_c.dir/rosidl_typesupport_fastrtps_c/my_robot_interfaces/msg/detail/turtle_array__type_support_c.cpp.o[0m
[3.497s] [ 76%] [32mBuilding CXX object CMakeFiles/my_robot_interfaces__rosidl_typesupport_fastrtps_c.dir/rosidl_typesupport_fastrtps_c/my_robot_interfaces/srv/detail/compute_rectangle_area__type_support_c.cpp.o[0m
[3.525s] [ 77%] [32mBuilding CXX object CMakeFiles/my_robot_interfaces__rosidl_typesupport_fastrtps_c.dir/rosidl_typesupport_fastrtps_c/my_robot_interfaces/srv/detail/set_led__type_support_c.cpp.o[0m
[3.543s] [ 78%] [32mBuilding CXX object CMakeFiles/my_robot_interfaces__rosidl_typesupport_fastrtps_c.dir/rosidl_typesupport_fastrtps_c/my_robot_interfaces/srv/detail/catch_turtle__type_support_c.cpp.o[0m
[3.564s] [ 80%] [32mBuilding CXX object CMakeFiles/my_robot_interfaces__rosidl_typesupport_fastrtps_c.dir/rosidl_typesupport_fastrtps_c/my_robot_interfaces/srv/detail/get_transform__type_support_c.cpp.o[0m
[3.808s] [ 81%] [32m[1mLinking CXX shared library libmy_robot_interfaces__rosidl_typesupport_fastrtps_cpp.so[0m
[3.843s] [ 82%] [32m[1mLinking CXX shared library libmy_robot_interfaces__rosidl_typesupport_fastrtps_c.so[0m
[3.863s] [ 82%] Built target my_robot_interfaces__rosidl_typesupport_fastrtps_cpp
[3.896s] [ 82%] Built target my_robot_interfaces__rosidl_typesupport_fastrtps_c
[3.909s] [ 82%] Built target my_robot_interfaces
[3.924s] [ 83%] [34m[1mGenerating Python code for ROS interfaces[0m
[4.766s] [ 83%] Built target my_robot_interfaces__py
[4.787s] [ 84%] [32mBuilding C object CMakeFiles/my_robot_interfaces__rosidl_generator_py.dir/rosidl_generator_py/my_robot_interfaces/srv/_compute_rectangle_area_s.c.o[0m
[4.787s] [ 85%] [32mBuilding C object CMakeFiles/my_robot_interfaces__rosidl_generator_py.dir/rosidl_generator_py/my_robot_interfaces/msg/_hardware_status_s.c.o[0m
[4.787s] [ 86%] [32mBuilding C object CMakeFiles/my_robot_interfaces__rosidl_generator_py.dir/rosidl_generator_py/my_robot_interfaces/srv/_get_transform_s.c.o[0m
[4.788s] [ 88%] [32mBuilding C object CMakeFiles/my_robot_interfaces__rosidl_generator_py.dir/rosidl_generator_py/my_robot_interfaces/action/_fibonacci_s.c.o[0m
[4.788s] [ 88%] [32mBuilding C object CMakeFiles/my_robot_interfaces__rosidl_generator_py.dir/rosidl_generator_py/my_robot_interfaces/msg/_led_state_array_s.c.o[0m
[4.789s] [ 89%] [32mBuilding C object CMakeFiles/my_robot_interfaces__rosidl_generator_py.dir/rosidl_generator_py/my_robot_interfaces/msg/_turtle_array_s.c.o[0m
[4.789s] [ 90%] [32mBuilding C object CMakeFiles/my_robot_interfaces__rosidl_generator_py.dir/rosidl_generator_py/my_robot_interfaces/srv/_catch_turtle_s.c.o[0m
[4.789s] [ 91%] [32mBuilding C object CMakeFiles/my_robot_interfaces__rosidl_generator_py.dir/rosidl_generator_py/my_robot_interfaces/srv/_set_led_s.c.o[0m
[4.790s] [ 92%] [32mBuilding C object CMakeFiles/my_robot_interfaces__rosidl_generator_py.dir/rosidl_generator_py/my_robot_interfaces/msg/_turtle_s.c.o[0m
[4.920s] [ 93%] [32m[1mLinking C shared library rosidl_generator_py/my_robot_interfaces/libmy_robot_interfaces__rosidl_generator_py.so[0m
[4.953s] [ 93%] Built target my_robot_interfaces__rosidl_generator_py
[4.966s] [ 94%] [32mBuilding C object CMakeFiles/my_robot_interfaces__rosidl_typesupport_introspection_c__pyext.dir/rosidl_generator_py/my_robot_interfaces/_my_robot_interfaces_s.ep.rosidl_typesupport_introspection_c.c.o[0m
[4.967s] [ 95%] [32mBuilding C object CMakeFiles/my_robot_interfaces__rosidl_typesupport_c__pyext.dir/rosidl_generator_py/my_robot_interfaces/_my_robot_interfaces_s.ep.rosidl_typesupport_c.c.o[0m
[4.969s] [ 96%] [32mBuilding C object CMakeFiles/my_robot_interfaces__rosidl_typesupport_fastrtps_c__pyext.dir/rosidl_generator_py/my_robot_interfaces/_my_robot_interfaces_s.ep.rosidl_typesupport_fastrtps_c.c.o[0m
[5.060s] [ 97%] [32m[1mLinking C shared library rosidl_generator_py/my_robot_interfaces/my_robot_interfaces_s__rosidl_typesupport_introspection_c.cpython-310-x86_64-linux-gnu.so[0m
[5.061s] [ 98%] [32m[1mLinking C shared library rosidl_generator_py/my_robot_interfaces/my_robot_interfaces_s__rosidl_typesupport_c.cpython-310-x86_64-linux-gnu.so[0m
[5.063s] [100%] [32m[1mLinking C shared library rosidl_generator_py/my_robot_interfaces/my_robot_interfaces_s__rosidl_typesupport_fastrtps_c.cpython-310-x86_64-linux-gnu.so[0m
[5.089s] [100%] Built target my_robot_interfaces__rosidl_typesupport_introspection_c__pyext
[5.094s] [100%] Built target my_robot_interfaces__rosidl_typesupport_c__pyext
[5.094s] [100%] Built target my_robot_interfaces__rosidl_typesupport_fastrtps_c__pyext
[5.103s] Invoked command in '/home/pc/Documents/GitHub/HOME/src/build/my_robot_interfaces' returned '0': CMAKE_PREFIX_PATH=/opt/ros/humble /usr/bin/cmake --build /home/pc/Documents/GitHub/HOME/src/build/my_robot_interfaces -- -j12 -l12
[5.103s] Invoking command in '/home/pc/Documents/GitHub/HOME/src/build/my_robot_interfaces': CMAKE_PREFIX_PATH=/opt/ros/humble /usr/bin/cmake --install /home/pc/Documents/GitHub/HOME/src/build/my_robot_interfaces
[5.109s] -- Install configuration: ""
[5.109s] -- Installing: /home/pc/Documents/GitHub/HOME/src/install/my_robot_interfaces/share/ament_index/resource_index/rosidl_interfaces/my_robot_interfaces
[5.109s] -- Installing: /home/pc/Documents/GitHub/HOME/src/install/my_robot_interfaces/include/my_robot_interfaces/my_robot_interfaces
[5.109s] -- Installing: /home/pc/Documents/GitHub/HOME/src/install/my_robot_interfaces/include/my_robot_interfaces/my_robot_interfaces/action
[5.109s] -- Installing: /home/pc/Documents/GitHub/HOME/src/install/my_robot_interfaces/include/my_robot_interfaces/my_robot_interfaces/action/fibonacci.h
[5.109s] -- Installing: /home/pc/Documents/GitHub/HOME/src/install/my_robot_interfaces/include/my_robot_interfaces/my_robot_interfaces/action/detail
[5.109s] -- Installing: /home/pc/Documents/GitHub/HOME/src/install/my_robot_interfaces/include/my_robot_interfaces/my_robot_interfaces/action/detail/fibonacci__functions.h
[5.109s] -- Installing: /home/pc/Documents/GitHub/HOME/src/install/my_robot_interfaces/include/my_robot_interfaces/my_robot_interfaces/action/detail/fibonacci__functions.c
[5.109s] -- Installing: /home/pc/Documents/GitHub/HOME/src/install/my_robot_interfaces/include/my_robot_interfaces/my_robot_interfaces/action/detail/fibonacci__type_support.h
[5.109s] -- Installing: /home/pc/Documents/GitHub/HOME/src/install/my_robot_interfaces/include/my_robot_interfaces/my_robot_interfaces/action/detail/fibonacci__struct.h
[5.109s] -- Installing: /home/pc/Documents/GitHub/HOME/src/install/my_robot_interfaces/include/my_robot_interfaces/my_robot_interfaces/srv
[5.109s] -- Installing: /home/pc/Documents/GitHub/HOME/src/install/my_robot_interfaces/include/my_robot_interfaces/my_robot_interfaces/srv/catch_turtle.h
[5.109s] -- Installing: /home/pc/Documents/GitHub/HOME/src/install/my_robot_interfaces/include/my_robot_interfaces/my_robot_interfaces/srv/detail
[5.109s] -- Installing: /home/pc/Documents/GitHub/HOME/src/install/my_robot_interfaces/include/my_robot_interfaces/my_robot_interfaces/srv/detail/get_transform__struct.h
[5.109s] -- Installing: /home/pc/Documents/GitHub/HOME/src/install/my_robot_interfaces/include/my_robot_interfaces/my_robot_interfaces/srv/detail/catch_turtle__struct.h
[5.109s] -- Installing: /home/pc/Documents/GitHub/HOME/src/install/my_robot_interfaces/include/my_robot_interfaces/my_robot_interfaces/srv/detail/get_transform__functions.h
[5.109s] -- Installing: /home/pc/Documents/GitHub/HOME/src/install/my_robot_interfaces/include/my_robot_interfaces/my_robot_interfaces/srv/detail/catch_turtle__functions.h
[5.109s] -- Installing: /home/pc/Documents/GitHub/HOME/src/install/my_robot_interfaces/include/my_robot_interfaces/my_robot_interfaces/srv/detail/catch_turtle__functions.c
[5.109s] -- Installing: /home/pc/Documents/GitHub/HOME/src/install/my_robot_interfaces/include/my_robot_interfaces/my_robot_interfaces/srv/detail/compute_rectangle_area__type_support.h
[5.109s] -- Installing: /home/pc/Documents/GitHub/HOME/src/install/my_robot_interfaces/include/my_robot_interfaces/my_robot_interfaces/srv/detail/set_led__struct.h
[5.110s] -- Installing: /home/pc/Documents/GitHub/HOME/src/install/my_robot_interfaces/include/my_robot_interfaces/my_robot_interfaces/srv/detail/set_led__type_support.h
[5.110s] -- Installing: /home/pc/Documents/GitHub/HOME/src/install/my_robot_interfaces/include/my_robot_interfaces/my_robot_interfaces/srv/detail/compute_rectangle_area__struct.h
[5.110s] -- Installing: /home/pc/Documents/GitHub/HOME/src/install/my_robot_interfaces/include/my_robot_interfaces/my_robot_interfaces/srv/detail/compute_rectangle_area__functions.h
[5.110s] -- Installing: /home/pc/Documents/GitHub/HOME/src/install/my_robot_interfaces/include/my_robot_interfaces/my_robot_interfaces/srv/detail/set_led__functions.c
[5.110s] -- Installing: /home/pc/Documents/GitHub/HOME/src/install/my_robot_interfaces/include/my_robot_interfaces/my_robot_interfaces/srv/detail/get_transform__functions.c
[5.110s] -- Installing: /home/pc/Documents/GitHub/HOME/src/install/my_robot_interfaces/include/my_robot_interfaces/my_robot_interfaces/srv/detail/compute_rectangle_area__functions.c
[5.110s] -- Installing: /home/pc/Documents/GitHub/HOME/src/install/my_robot_interfaces/include/my_robot_interfaces/my_robot_interfaces/srv/detail/catch_turtle__type_support.h
[5.110s] -- Installing: /home/pc/Documents/GitHub/HOME/src/install/my_robot_interfaces/include/my_robot_interfaces/my_robot_interfaces/srv/detail/get_transform__type_support.h
[5.110s] -- Installing: /home/pc/Documents/GitHub/HOME/src/install/my_robot_interfaces/include/my_robot_interfaces/my_robot_interfaces/srv/detail/set_led__functions.h
[5.110s] -- Installing: /home/pc/Documents/GitHub/HOME/src/install/my_robot_interfaces/include/my_robot_interfaces/my_robot_interfaces/srv/set_led.h
[5.110s] -- Installing: /home/pc/Documents/GitHub/HOME/src/install/my_robot_interfaces/include/my_robot_interfaces/my_robot_interfaces/srv/compute_rectangle_area.h
[5.110s] -- Installing: /home/pc/Documents/GitHub/HOME/src/install/my_robot_interfaces/include/my_robot_interfaces/my_robot_interfaces/srv/get_transform.h
[5.110s] -- Installing: /home/pc/Documents/GitHub/HOME/src/install/my_robot_interfaces/include/my_robot_interfaces/my_robot_interfaces/msg
[5.110s] -- Installing: /home/pc/Documents/GitHub/HOME/src/install/my_robot_interfaces/include/my_robot_interfaces/my_robot_interfaces/msg/turtle.h
[5.110s] -- Installing: /home/pc/Documents/GitHub/HOME/src/install/my_robot_interfaces/include/my_robot_interfaces/my_robot_interfaces/msg/led_state_array.h
[5.110s] -- Installing: /home/pc/Documents/GitHub/HOME/src/install/my_robot_interfaces/include/my_robot_interfaces/my_robot_interfaces/msg/detail
[5.110s] -- Installing: /home/pc/Documents/GitHub/HOME/src/install/my_robot_interfaces/include/my_robot_interfaces/my_robot_interfaces/msg/detail/turtle__functions.h
[5.110s] -- Installing: /home/pc/Documents/GitHub/HOME/src/install/my_robot_interfaces/include/my_robot_interfaces/my_robot_interfaces/msg/detail/led_state_array__struct.h
[5.110s] -- Installing: /home/pc/Documents/GitHub/HOME/src/install/my_robot_interfaces/include/my_robot_interfaces/my_robot_interfaces/msg/detail/led_state_array__functions.h
[5.110s] -- Installing: /home/pc/Documents/GitHub/HOME/src/install/my_robot_interfaces/include/my_robot_interfaces/my_robot_interfaces/msg/detail/led_state_array__functions.c
[5.110s] -- Installing: /home/pc/Documents/GitHub/HOME/src/install/my_robot_interfaces/include/my_robot_interfaces/my_robot_interfaces/msg/detail/turtle__struct.h
[5.110s] -- Installing: /home/pc/Documents/GitHub/HOME/src/install/my_robot_interfaces/include/my_robot_interfaces/my_robot_interfaces/msg/detail/hardware_status__functions.c
[5.110s] -- Installing: /home/pc/Documents/GitHub/HOME/src/install/my_robot_interfaces/include/my_robot_interfaces/my_robot_interfaces/msg/detail/turtle_array__struct.h
[5.110s] -- Installing: /home/pc/Documents/GitHub/HOME/src/install/my_robot_interfaces/include/my_robot_interfaces/my_robot_interfaces/msg/detail/hardware_status__type_support.h
[5.110s] -- Installing: /home/pc/Documents/GitHub/HOME/src/install/my_robot_interfaces/include/my_robot_interfaces/my_robot_interfaces/msg/detail/turtle_array__functions.h
[5.111s] -- Installing: /home/pc/Documents/GitHub/HOME/src/install/my_robot_interfaces/include/my_robot_interfaces/my_robot_interfaces/msg/detail/turtle__type_support.h
[5.111s] -- Installing: /home/pc/Documents/GitHub/HOME/src/install/my_robot_interfaces/include/my_robot_interfaces/my_robot_interfaces/msg/detail/turtle_array__functions.c
[5.111s] -- Installing: /home/pc/Documents/GitHub/HOME/src/install/my_robot_interfaces/include/my_robot_interfaces/my_robot_interfaces/msg/detail/turtle_array__type_support.h
[5.111s] -- Installing: /home/pc/Documents/GitHub/HOME/src/install/my_robot_interfaces/include/my_robot_interfaces/my_robot_interfaces/msg/detail/turtle__functions.c
[5.111s] -- Installing: /home/pc/Documents/GitHub/HOME/src/install/my_robot_interfaces/include/my_robot_interfaces/my_robot_interfaces/msg/detail/hardware_status__struct.h
[5.111s] -- Installing: /home/pc/Documents/GitHub/HOME/src/install/my_robot_interfaces/include/my_robot_interfaces/my_robot_interfaces/msg/detail/led_state_array__type_support.h
[5.111s] -- Installing: /home/pc/Documents/GitHub/HOME/src/install/my_robot_interfaces/include/my_robot_interfaces/my_robot_interfaces/msg/detail/hardware_status__functions.h
[5.111s] -- Installing: /home/pc/Documents/GitHub/HOME/src/install/my_robot_interfaces/include/my_robot_interfaces/my_robot_interfaces/msg/rosidl_generator_c__visibility_control.h
[5.111s] -- Installing: /home/pc/Documents/GitHub/HOME/src/install/my_robot_interfaces/include/my_robot_interfaces/my_robot_interfaces/msg/turtle_array.h
[5.111s] -- Installing: /home/pc/Documents/GitHub/HOME/src/install/my_robot_interfaces/include/my_robot_interfaces/my_robot_interfaces/msg/hardware_status.h
[5.111s] -- Installing: /home/pc/Documents/GitHub/HOME/src/install/my_robot_interfaces/share/my_robot_interfaces/environment/library_path.sh
[5.111s] -- Installing: /home/pc/Documents/GitHub/HOME/src/install/my_robot_interfaces/share/my_robot_interfaces/environment/library_path.dsv
[5.111s] -- Installing: /home/pc/Documents/GitHub/HOME/src/install/my_robot_interfaces/lib/libmy_robot_interfaces__rosidl_generator_c.so
[5.111s] -- Set runtime path of "/home/pc/Documents/GitHub/HOME/src/install/my_robot_interfaces/lib/libmy_robot_interfaces__rosidl_generator_c.so" to ""
[5.111s] -- Up-to-date: /home/pc/Documents/GitHub/HOME/src/install/my_robot_interfaces/include/my_robot_interfaces/my_robot_interfaces
[5.111s] -- Up-to-date: /home/pc/Documents/GitHub/HOME/src/install/my_robot_interfaces/include/my_robot_interfaces/my_robot_interfaces/action
[5.111s] -- Up-to-date: /home/pc/Documents/GitHub/HOME/src/install/my_robot_interfaces/include/my_robot_interfaces/my_robot_interfaces/action/detail
[5.111s] -- Installing: /home/pc/Documents/GitHub/HOME/src/install/my_robot_interfaces/include/my_robot_interfaces/my_robot_interfaces/action/detail/fibonacci__rosidl_typesupport_fastrtps_c.h
[5.111s] -- Up-to-date: /home/pc/Documents/GitHub/HOME/src/install/my_robot_interfaces/include/my_robot_interfaces/my_robot_interfaces/srv
[5.111s] -- Up-to-date: /home/pc/Documents/GitHub/HOME/src/install/my_robot_interfaces/include/my_robot_interfaces/my_robot_interfaces/srv/detail
[5.111s] -- Installing: /home/pc/Documents/GitHub/HOME/src/install/my_robot_interfaces/include/my_robot_interfaces/my_robot_interfaces/srv/detail/catch_turtle__rosidl_typesupport_fastrtps_c.h
[5.111s] -- Installing: /home/pc/Documents/GitHub/HOME/src/install/my_robot_interfaces/include/my_robot_interfaces/my_robot_interfaces/srv/detail/set_led__rosidl_typesupport_fastrtps_c.h
[5.111s] -- Installing: /home/pc/Documents/GitHub/HOME/src/install/my_robot_interfaces/include/my_robot_interfaces/my_robot_interfaces/srv/detail/get_transform__rosidl_typesupport_fastrtps_c.h
[5.111s] -- Installing: /home/pc/Documents/GitHub/HOME/src/install/my_robot_interfaces/include/my_robot_interfaces/my_robot_interfaces/srv/detail/compute_rectangle_area__rosidl_typesupport_fastrtps_c.h
[5.111s] -- Up-to-date: /home/pc/Documents/GitHub/HOME/src/install/my_robot_interfaces/include/my_robot_interfaces/my_robot_interfaces/msg
[5.112s] -- Installing: /home/pc/Documents/GitHub/HOME/src/install/my_robot_interfaces/include/my_robot_interfaces/my_robot_interfaces/msg/rosidl_typesupport_fastrtps_c__visibility_control.h
[5.112s] -- Up-to-date: /home/pc/Documents/GitHub/HOME/src/install/my_robot_interfaces/include/my_robot_interfaces/my_robot_interfaces/msg/detail
[5.112s] -- Installing: /home/pc/Documents/GitHub/HOME/src/install/my_robot_interfaces/include/my_robot_interfaces/my_robot_interfaces/msg/detail/led_state_array__rosidl_typesupport_fastrtps_c.h
[5.112s] -- Installing: /home/pc/Documents/GitHub/HOME/src/install/my_robot_interfaces/include/my_robot_interfaces/my_robot_interfaces/msg/detail/turtle_array__rosidl_typesupport_fastrtps_c.h
[5.112s] -- Installing: /home/pc/Documents/GitHub/HOME/src/install/my_robot_interfaces/include/my_robot_interfaces/my_robot_interfaces/msg/detail/hardware_status__rosidl_typesupport_fastrtps_c.h
[5.112s] -- Installing: /home/pc/Documents/GitHub/HOME/src/install/my_robot_interfaces/include/my_robot_interfaces/my_robot_interfaces/msg/detail/turtle__rosidl_typesupport_fastrtps_c.h
[5.112s] -- Installing: /home/pc/Documents/GitHub/HOME/src/install/my_robot_interfaces/lib/libmy_robot_interfaces__rosidl_typesupport_fastrtps_c.so
[5.112s] -- Set runtime path of "/home/pc/Documents/GitHub/HOME/src/install/my_robot_interfaces/lib/libmy_robot_interfaces__rosidl_typesupport_fastrtps_c.so" to ""
[5.112s] -- Up-to-date: /home/pc/Documents/GitHub/HOME/src/install/my_robot_interfaces/include/my_robot_interfaces/my_robot_interfaces
[5.112s] -- Up-to-date: /home/pc/Documents/GitHub/HOME/src/install/my_robot_interfaces/include/my_robot_interfaces/my_robot_interfaces/action
[5.112s] -- Up-to-date: /home/pc/Documents/GitHub/HOME/src/install/my_robot_interfaces/include/my_robot_interfaces/my_robot_interfaces/action/detail
[5.112s] -- Installing: /home/pc/Documents/GitHub/HOME/src/install/my_robot_interfaces/include/my_robot_interfaces/my_robot_interfaces/action/detail/fibonacci__type_support.c
[5.112s] -- Installing: /home/pc/Documents/GitHub/HOME/src/install/my_robot_interfaces/include/my_robot_interfaces/my_robot_interfaces/action/detail/fibonacci__rosidl_typesupport_introspection_c.h
[5.112s] -- Up-to-date: /home/pc/Documents/GitHub/HOME/src/install/my_robot_interfaces/include/my_robot_interfaces/my_robot_interfaces/srv
[5.112s] -- Up-to-date: /home/pc/Documents/GitHub/HOME/src/install/my_robot_interfaces/include/my_robot_interfaces/my_robot_interfaces/srv/detail
[5.112s] -- Installing: /home/pc/Documents/GitHub/HOME/src/install/my_robot_interfaces/include/my_robot_interfaces/my_robot_interfaces/srv/detail/set_led__type_support.c
[5.112s] -- Installing: /home/pc/Documents/GitHub/HOME/src/install/my_robot_interfaces/include/my_robot_interfaces/my_robot_interfaces/srv/detail/get_transform__rosidl_typesupport_introspection_c.h
[5.112s] -- Installing: /home/pc/Documents/GitHub/HOME/src/install/my_robot_interfaces/include/my_robot_interfaces/my_robot_interfaces/srv/detail/compute_rectangle_area__rosidl_typesupport_introspection_c.h
[5.112s] -- Installing: /home/pc/Documents/GitHub/HOME/src/install/my_robot_interfaces/include/my_robot_interfaces/my_robot_interfaces/srv/detail/get_transform__type_support.c
[5.112s] -- Installing: /home/pc/Documents/GitHub/HOME/src/install/my_robot_interfaces/include/my_robot_interfaces/my_robot_interfaces/srv/detail/set_led__rosidl_typesupport_introspection_c.h
[5.112s] -- Installing: /home/pc/Documents/GitHub/HOME/src/install/my_robot_interfaces/include/my_robot_interfaces/my_robot_interfaces/srv/detail/catch_turtle__rosidl_typesupport_introspection_c.h
[5.112s] -- Installing: /home/pc/Documents/GitHub/HOME/src/install/my_robot_interfaces/include/my_robot_interfaces/my_robot_interfaces/srv/detail/catch_turtle__type_support.c
[5.112s] -- Installing: /home/pc/Documents/GitHub/HOME/src/install/my_robot_interfaces/include/my_robot_interfaces/my_robot_interfaces/srv/detail/compute_rectangle_area__type_support.c
[5.112s] -- Up-to-date: /home/pc/Documents/GitHub/HOME/src/install/my_robot_interfaces/include/my_robot_interfaces/my_robot_interfaces/msg
[5.112s] -- Installing: /home/pc/Documents/GitHub/HOME/src/install/my_robot_interfaces/include/my_robot_interfaces/my_robot_interfaces/msg/rosidl_typesupport_introspection_c__visibility_control.h
[5.112s] -- Up-to-date: /home/pc/Documents/GitHub/HOME/src/install/my_robot_interfaces/include/my_robot_interfaces/my_robot_interfaces/msg/detail
[5.113s] -- Installing: /home/pc/Documents/GitHub/HOME/src/install/my_robot_interfaces/include/my_robot_interfaces/my_robot_interfaces/msg/detail/led_state_array__type_support.c
[5.113s] -- Installing: /home/pc/Documents/GitHub/HOME/src/install/my_robot_interfaces/include/my_robot_interfaces/my_robot_interfaces/msg/detail/turtle__type_support.c
[5.113s] -- Installing: /home/pc/Documents/GitHub/HOME/src/install/my_robot_interfaces/include/my_robot_interfaces/my_robot_interfaces/msg/detail/turtle_array__type_support.c
[5.113s] -- Installing: /home/pc/Documents/GitHub/HOME/src/install/my_robot_interfaces/include/my_robot_interfaces/my_robot_interfaces/msg/detail/hardware_status__rosidl_typesupport_introspection_c.h
[5.113s] -- Installing: /home/pc/Documents/GitHub/HOME/src/install/my_robot_interfaces/include/my_robot_interfaces/my_robot_interfaces/msg/detail/led_state_array__rosidl_typesupport_introspection_c.h
[5.113s] -- Installing: /home/pc/Documents/GitHub/HOME/src/install/my_robot_interfaces/include/my_robot_interfaces/my_robot_interfaces/msg/detail/turtle_array__rosidl_typesupport_introspection_c.h
[5.113s] -- Installing: /home/pc/Documents/GitHub/HOME/src/install/my_robot_interfaces/include/my_robot_interfaces/my_robot_interfaces/msg/detail/turtle__rosidl_typesupport_introspection_c.h
[5.113s] -- Installing: /home/pc/Documents/GitHub/HOME/src/install/my_robot_interfaces/include/my_robot_interfaces/my_robot_interfaces/msg/detail/hardware_status__type_support.c
[5.113s] -- Installing: /home/pc/Documents/GitHub/HOME/src/install/my_robot_interfaces/lib/libmy_robot_interfaces__rosidl_typesupport_introspection_c.so
[5.113s] -- Set runtime path of "/home/pc/Documents/GitHub/HOME/src/install/my_robot_interfaces/lib/libmy_robot_interfaces__rosidl_typesupport_introspection_c.so" to ""
[5.113s] -- Installing: /home/pc/Documents/GitHub/HOME/src/install/my_robot_interfaces/lib/libmy_robot_interfaces__rosidl_typesupport_c.so
[5.113s] -- Set runtime path of "/home/pc/Documents/GitHub/HOME/src/install/my_robot_interfaces/lib/libmy_robot_interfaces__rosidl_typesupport_c.so" to ""
[5.113s] -- Up-to-date: /home/pc/Documents/GitHub/HOME/src/install/my_robot_interfaces/include/my_robot_interfaces/my_robot_interfaces
[5.113s] -- Up-to-date: /home/pc/Documents/GitHub/HOME/src/install/my_robot_interfaces/include/my_robot_interfaces/my_robot_interfaces/action
[5.113s] -- Up-to-date: /home/pc/Documents/GitHub/HOME/src/install/my_robot_interfaces/include/my_robot_interfaces/my_robot_interfaces/action/detail
[5.113s] -- Installing: /home/pc/Documents/GitHub/HOME/src/install/my_robot_interfaces/include/my_robot_interfaces/my_robot_interfaces/action/detail/fibonacci__traits.hpp
[5.113s] -- Installing: /home/pc/Documents/GitHub/HOME/src/install/my_robot_interfaces/include/my_robot_interfaces/my_robot_interfaces/action/detail/fibonacci__type_support.hpp
[5.113s] -- Installing: /home/pc/Documents/GitHub/HOME/src/install/my_robot_interfaces/include/my_robot_interfaces/my_robot_interfaces/action/detail/fibonacci__struct.hpp
[5.113s] -- Installing: /home/pc/Documents/GitHub/HOME/src/install/my_robot_interfaces/include/my_robot_interfaces/my_robot_interfaces/action/detail/fibonacci__builder.hpp
[5.113s] -- Installing: /home/pc/Documents/GitHub/HOME/src/install/my_robot_interfaces/include/my_robot_interfaces/my_robot_interfaces/action/fibonacci.hpp
[5.113s] -- Up-to-date: /home/pc/Documents/GitHub/HOME/src/install/my_robot_interfaces/include/my_robot_interfaces/my_robot_interfaces/srv
[5.113s] -- Installing: /home/pc/Documents/GitHub/HOME/src/install/my_robot_interfaces/include/my_robot_interfaces/my_robot_interfaces/srv/set_led.hpp
[5.113s] -- Installing: /home/pc/Documents/GitHub/HOME/src/install/my_robot_interfaces/include/my_robot_interfaces/my_robot_interfaces/srv/compute_rectangle_area.hpp
[5.113s] -- Up-to-date: /home/pc/Documents/GitHub/HOME/src/install/my_robot_interfaces/include/my_robot_interfaces/my_robot_interfaces/srv/detail
[5.113s] -- Installing: /home/pc/Documents/GitHub/HOME/src/install/my_robot_interfaces/include/my_robot_interfaces/my_robot_interfaces/srv/detail/catch_turtle__builder.hpp
[5.113s] -- Installing: /home/pc/Documents/GitHub/HOME/src/install/my_robot_interfaces/include/my_robot_interfaces/my_robot_interfaces/srv/detail/catch_turtle__struct.hpp
[5.114s] -- Installing: /home/pc/Documents/GitHub/HOME/src/install/my_robot_interfaces/include/my_robot_interfaces/my_robot_interfaces/srv/detail/compute_rectangle_area__type_support.hpp
[5.114s] -- Installing: /home/pc/Documents/GitHub/HOME/src/install/my_robot_interfaces/include/my_robot_interfaces/my_robot_interfaces/srv/detail/compute_rectangle_area__traits.hpp
[5.114s] -- Installing: /home/pc/Documents/GitHub/HOME/src/install/my_robot_interfaces/include/my_robot_interfaces/my_robot_interfaces/srv/detail/compute_rectangle_area__builder.hpp
[5.114s] -- Installing: /home/pc/Documents/GitHub/HOME/src/install/my_robot_interfaces/include/my_robot_interfaces/my_robot_interfaces/srv/detail/set_led__type_support.hpp
[5.114s] -- Installing: /home/pc/Documents/GitHub/HOME/src/install/my_robot_interfaces/include/my_robot_interfaces/my_robot_interfaces/srv/detail/set_led__struct.hpp
[5.114s] -- Installing: /home/pc/Documents/GitHub/HOME/src/install/my_robot_interfaces/include/my_robot_interfaces/my_robot_interfaces/srv/detail/set_led__traits.hpp
[5.114s] -- Installing: /home/pc/Documents/GitHub/HOME/src/install/my_robot_interfaces/include/my_robot_interfaces/my_robot_interfaces/srv/detail/catch_turtle__type_support.hpp
[5.114s] -- Installing: /home/pc/Documents/GitHub/HOME/src/install/my_robot_interfaces/include/my_robot_interfaces/my_robot_interfaces/srv/detail/get_transform__struct.hpp
[5.114s] -- Installing: /home/pc/Documents/GitHub/HOME/src/install/my_robot_interfaces/include/my_robot_interfaces/my_robot_interfaces/srv/detail/set_led__builder.hpp
[5.114s] -- Installing: /home/pc/Documents/GitHub/HOME/src/install/my_robot_interfaces/include/my_robot_interfaces/my_robot_interfaces/srv/detail/get_transform__type_support.hpp
[5.114s] -- Installing: /home/pc/Documents/GitHub/HOME/src/install/my_robot_interfaces/include/my_robot_interfaces/my_robot_interfaces/srv/detail/catch_turtle__traits.hpp
[5.114s] -- Installing: /home/pc/Documents/GitHub/HOME/src/install/my_robot_interfaces/include/my_robot_interfaces/my_robot_interfaces/srv/detail/compute_rectangle_area__struct.hpp
[5.114s] -- Installing: /home/pc/Documents/GitHub/HOME/src/install/my_robot_interfaces/include/my_robot_interfaces/my_robot_interfaces/srv/detail/get_transform__builder.hpp
[5.114s] -- Installing: /home/pc/Documents/GitHub/HOME/src/install/my_robot_interfaces/include/my_robot_interfaces/my_robot_interfaces/srv/detail/get_transform__traits.hpp
[5.114s] -- Installing: /home/pc/Documents/GitHub/HOME/src/install/my_robot_interfaces/include/my_robot_interfaces/my_robot_interfaces/srv/get_transform.hpp
[5.114s] -- Installing: /home/pc/Documents/GitHub/HOME/src/install/my_robot_interfaces/include/my_robot_interfaces/my_robot_interfaces/srv/catch_turtle.hpp
[5.114s] -- Up-to-date: /home/pc/Documents/GitHub/HOME/src/install/my_robot_interfaces/include/my_robot_interfaces/my_robot_interfaces/msg
[5.114s] -- Installing: /home/pc/Documents/GitHub/HOME/src/install/my_robot_interfaces/include/my_robot_interfaces/my_robot_interfaces/msg/hardware_status.hpp
[5.114s] -- Installing: /home/pc/Documents/GitHub/HOME/src/install/my_robot_interfaces/include/my_robot_interfaces/my_robot_interfaces/msg/led_state_array.hpp
[5.114s] -- Up-to-date: /home/pc/Documents/GitHub/HOME/src/install/my_robot_interfaces/include/my_robot_interfaces/my_robot_interfaces/msg/detail
[5.114s] -- Installing: /home/pc/Documents/GitHub/HOME/src/install/my_robot_interfaces/include/my_robot_interfaces/my_robot_interfaces/msg/detail/turtle__traits.hpp
[5.114s] -- Installing: /home/pc/Documents/GitHub/HOME/src/install/my_robot_interfaces/include/my_robot_interfaces/my_robot_interfaces/msg/detail/turtle_array__builder.hpp
[5.114s] -- Installing: /home/pc/Documents/GitHub/HOME/src/install/my_robot_interfaces/include/my_robot_interfaces/my_robot_interfaces/msg/detail/led_state_array__builder.hpp
[5.114s] -- Installing: /home/pc/Documents/GitHub/HOME/src/install/my_robot_interfaces/include/my_robot_interfaces/my_robot_interfaces/msg/detail/turtle_array__traits.hpp
[5.114s] -- Installing: /home/pc/Documents/GitHub/HOME/src/install/my_robot_interfaces/include/my_robot_interfaces/my_robot_interfaces/msg/detail/turtle_array__type_support.hpp
[5.114s] -- Installing: /home/pc/Documents/GitHub/HOME/src/install/my_robot_interfaces/include/my_robot_interfaces/my_robot_interfaces/msg/detail/led_state_array__struct.hpp
[5.114s] -- Installing: /home/pc/Documents/GitHub/HOME/src/install/my_robot_interfaces/include/my_robot_interfaces/my_robot_interfaces/msg/detail/turtle__type_support.hpp
[5.115s] -- Installing: /home/pc/Documents/GitHub/HOME/src/install/my_robot_interfaces/include/my_robot_interfaces/my_robot_interfaces/msg/detail/turtle__builder.hpp
[5.115s] -- Installing: /home/pc/Documents/GitHub/HOME/src/install/my_robot_interfaces/include/my_robot_interfaces/my_robot_interfaces/msg/detail/led_state_array__type_support.hpp
[5.115s] -- Installing: /home/pc/Documents/GitHub/HOME/src/install/my_robot_interfaces/include/my_robot_interfaces/my_robot_interfaces/msg/detail/turtle_array__struct.hpp
[5.115s] -- Installing: /home/pc/Documents/GitHub/HOME/src/install/my_robot_interfaces/include/my_robot_interfaces/my_robot_interfaces/msg/detail/led_state_array__traits.hpp
[5.115s] -- Installing: /home/pc/Documents/GitHub/HOME/src/install/my_robot_interfaces/include/my_robot_interfaces/my_robot_interfaces/msg/detail/hardware_status__builder.hpp
[5.115s] -- Installing: /home/pc/Documents/GitHub/HOME/src/install/my_robot_interfaces/include/my_robot_interfaces/my_robot_interfaces/msg/detail/turtle__struct.hpp
[5.115s] -- Installing: /home/pc/Documents/GitHub/HOME/src/install/my_robot_interfaces/include/my_robot_interfaces/my_robot_interfaces/msg/detail/hardware_status__traits.hpp
[5.115s] -- Installing: /home/pc/Documents/GitHub/HOME/src/install/my_robot_interfaces/include/my_robot_interfaces/my_robot_interfaces/msg/detail/hardware_status__struct.hpp
[5.115s] -- Installing: /home/pc/Documents/GitHub/HOME/src/install/my_robot_interfaces/include/my_robot_interfaces/my_robot_interfaces/msg/detail/hardware_status__type_support.hpp
[5.115s] -- Installing: /home/pc/Documents/GitHub/HOME/src/install/my_robot_interfaces/include/my_robot_interfaces/my_robot_interfaces/msg/turtle.hpp
[5.115s] -- Installing: /home/pc/Documents/GitHub/HOME/src/install/my_robot_interfaces/include/my_robot_interfaces/my_robot_interfaces/msg/rosidl_generator_cpp__visibility_control.hpp
[5.115s] -- Installing: /home/pc/Documents/GitHub/HOME/src/install/my_robot_interfaces/include/my_robot_interfaces/my_robot_interfaces/msg/turtle_array.hpp
[5.115s] -- Up-to-date: /home/pc/Documents/GitHub/HOME/src/install/my_robot_interfaces/include/my_robot_interfaces/my_robot_interfaces
[5.115s] -- Up-to-date: /home/pc/Documents/GitHub/HOME/src/install/my_robot_interfaces/include/my_robot_interfaces/my_robot_interfaces/action
[5.115s] -- Up-to-date: /home/pc/Documents/GitHub/HOME/src/install/my_robot_interfaces/include/my_robot_interfaces/my_robot_interfaces/action/detail
[5.115s] -- Installing: /home/pc/Documents/GitHub/HOME/src/install/my_robot_interfaces/include/my_robot_interfaces/my_robot_interfaces/action/detail/dds_fastrtps
[5.115s] -- Installing: /home/pc/Documents/GitHub/HOME/src/install/my_robot_interfaces/include/my_robot_interfaces/my_robot_interfaces/action/detail/fibonacci__rosidl_typesupport_fastrtps_cpp.hpp
[5.115s] -- Up-to-date: /home/pc/Documents/GitHub/HOME/src/install/my_robot_interfaces/include/my_robot_interfaces/my_robot_interfaces/srv
[5.115s] -- Up-to-date: /home/pc/Documents/GitHub/HOME/src/install/my_robot_interfaces/include/my_robot_interfaces/my_robot_interfaces/srv/detail
[5.115s] -- Installing: /home/pc/Documents/GitHub/HOME/src/install/my_robot_interfaces/include/my_robot_interfaces/my_robot_interfaces/srv/detail/dds_fastrtps
[5.115s] -- Installing: /home/pc/Documents/GitHub/HOME/src/install/my_robot_interfaces/include/my_robot_interfaces/my_robot_interfaces/srv/detail/set_led__rosidl_typesupport_fastrtps_cpp.hpp
[5.115s] -- Installing: /home/pc/Documents/GitHub/HOME/src/install/my_robot_interfaces/include/my_robot_interfaces/my_robot_interfaces/srv/detail/compute_rectangle_area__rosidl_typesupport_fastrtps_cpp.hpp
[5.115s] -- Installing: /home/pc/Documents/GitHub/HOME/src/install/my_robot_interfaces/include/my_robot_interfaces/my_robot_interfaces/srv/detail/get_transform__rosidl_typesupport_fastrtps_cpp.hpp
[5.115s] -- Installing: /home/pc/Documents/GitHub/HOME/src/install/my_robot_interfaces/include/my_robot_interfaces/my_robot_interfaces/srv/detail/catch_turtle__rosidl_typesupport_fastrtps_cpp.hpp
[5.115s] -- Up-to-date: /home/pc/Documents/GitHub/HOME/src/install/my_robot_interfaces/include/my_robot_interfaces/my_robot_interfaces/msg
[5.115s] -- Up-to-date: /home/pc/Documents/GitHub/HOME/src/install/my_robot_interfaces/include/my_robot_interfaces/my_robot_interfaces/msg/detail
[5.115s] -- Installing: /home/pc/Documents/GitHub/HOME/src/install/my_robot_interfaces/include/my_robot_interfaces/my_robot_interfaces/msg/detail/dds_fastrtps
[5.115s] -- Installing: /home/pc/Documents/GitHub/HOME/src/install/my_robot_interfaces/include/my_robot_interfaces/my_robot_interfaces/msg/detail/led_state_array__rosidl_typesupport_fastrtps_cpp.hpp
[5.115s] -- Installing: /home/pc/Documents/GitHub/HOME/src/install/my_robot_interfaces/include/my_robot_interfaces/my_robot_interfaces/msg/detail/turtle__rosidl_typesupport_fastrtps_cpp.hpp
[5.116s] -- Installing: /home/pc/Documents/GitHub/HOME/src/install/my_robot_interfaces/include/my_robot_interfaces/my_robot_interfaces/msg/detail/turtle_array__rosidl_typesupport_fastrtps_cpp.hpp
[5.116s] -- Installing: /home/pc/Documents/GitHub/HOME/src/install/my_robot_interfaces/include/my_robot_interfaces/my_robot_interfaces/msg/detail/hardware_status__rosidl_typesupport_fastrtps_cpp.hpp
[5.116s] -- Installing: /home/pc/Documents/GitHub/HOME/src/install/my_robot_interfaces/include/my_robot_interfaces/my_robot_interfaces/msg/rosidl_typesupport_fastrtps_cpp__visibility_control.h
[5.116s] -- Installing: /home/pc/Documents/GitHub/HOME/src/install/my_robot_interfaces/lib/libmy_robot_interfaces__rosidl_typesupport_fastrtps_cpp.so
[5.116s] -- Set runtime path of "/home/pc/Documents/GitHub/HOME/src/install/my_robot_interfaces/lib/libmy_robot_interfaces__rosidl_typesupport_fastrtps_cpp.so" to ""
[5.116s] -- Up-to-date: /home/pc/Documents/GitHub/HOME/src/install/my_robot_interfaces/include/my_robot_interfaces/my_robot_interfaces
[5.116s] -- Up-to-date: /home/pc/Documents/GitHub/HOME/src/install/my_robot_interfaces/include/my_robot_interfaces/my_robot_interfaces/action
[5.116s] -- Up-to-date: /home/pc/Documents/GitHub/HOME/src/install/my_robot_interfaces/include/my_robot_interfaces/my_robot_interfaces/action/detail
[5.116s] -- Installing: /home/pc/Documents/GitHub/HOME/src/install/my_robot_interfaces/include/my_robot_interfaces/my_robot_interfaces/action/detail/fibonacci__type_support.cpp
[5.116s] -- Installing: /home/pc/Documents/GitHub/HOME/src/install/my_robot_interfaces/include/my_robot_interfaces/my_robot_interfaces/action/detail/fibonacci__rosidl_typesupport_introspection_cpp.hpp
[5.116s] -- Up-to-date: /home/pc/Documents/GitHub/HOME/src/install/my_robot_interfaces/include/my_robot_interfaces/my_robot_interfaces/srv
[5.116s] -- Up-to-date: /home/pc/Documents/GitHub/HOME/src/install/my_robot_interfaces/include/my_robot_interfaces/my_robot_interfaces/srv/detail
[5.116s] -- Installing: /home/pc/Documents/GitHub/HOME/src/install/my_robot_interfaces/include/my_robot_interfaces/my_robot_interfaces/srv/detail/compute_rectangle_area__type_support.cpp
[5.116s] -- Installing: /home/pc/Documents/GitHub/HOME/src/install/my_robot_interfaces/include/my_robot_interfaces/my_robot_interfaces/srv/detail/get_transform__rosidl_typesupport_introspection_cpp.hpp
[5.116s] -- Installing: /home/pc/Documents/GitHub/HOME/src/install/my_robot_interfaces/include/my_robot_interfaces/my_robot_interfaces/srv/detail/set_led__rosidl_typesupport_introspection_cpp.hpp
[5.116s] -- Installing: /home/pc/Documents/GitHub/HOME/src/install/my_robot_interfaces/include/my_robot_interfaces/my_robot_interfaces/srv/detail/get_transform__type_support.cpp
[5.116s] -- Installing: /home/pc/Documents/GitHub/HOME/src/install/my_robot_interfaces/include/my_robot_interfaces/my_robot_interfaces/srv/detail/catch_turtle__type_support.cpp
[5.116s] -- Installing: /home/pc/Documents/GitHub/HOME/src/install/my_robot_interfaces/include/my_robot_interfaces/my_robot_interfaces/srv/detail/compute_rectangle_area__rosidl_typesupport_introspection_cpp.hpp
[5.116s] -- Installing: /home/pc/Documents/GitHub/HOME/src/install/my_robot_interfaces/include/my_robot_interfaces/my_robot_interfaces/srv/detail/catch_turtle__rosidl_typesupport_introspection_cpp.hpp
[5.116s] -- Installing: /home/pc/Documents/GitHub/HOME/src/install/my_robot_interfaces/include/my_robot_interfaces/my_robot_interfaces/srv/detail/set_led__type_support.cpp
[5.116s] -- Up-to-date: /home/pc/Documents/GitHub/HOME/src/install/my_robot_interfaces/include/my_robot_interfaces/my_robot_interfaces/msg
[5.116s] -- Up-to-date: /home/pc/Documents/GitHub/HOME/src/install/my_robot_interfaces/include/my_robot_interfaces/my_robot_interfaces/msg/detail
[5.116s] -- Installing: /home/pc/Documents/GitHub/HOME/src/install/my_robot_interfaces/include/my_robot_interfaces/my_robot_interfaces/msg/detail/hardware_status__type_support.cpp
[5.116s] -- Installing: /home/pc/Documents/GitHub/HOME/src/install/my_robot_interfaces/include/my_robot_interfaces/my_robot_interfaces/msg/detail/turtle__type_support.cpp
[5.116s] -- Installing: /home/pc/Documents/GitHub/HOME/src/install/my_robot_interfaces/include/my_robot_interfaces/my_robot_interfaces/msg/detail/led_state_array__type_support.cpp
[5.116s] -- Installing: /home/pc/Documents/GitHub/HOME/src/install/my_robot_interfaces/include/my_robot_interfaces/my_robot_interfaces/msg/detail/led_state_array__rosidl_typesupport_introspection_cpp.hpp
[5.116s] -- Installing: /home/pc/Documents/GitHub/HOME/src/install/my_robot_interfaces/include/my_robot_interfaces/my_robot_interfaces/msg/detail/hardware_status__rosidl_typesupport_introspection_cpp.hpp
[5.117s] -- Installing: /home/pc/Documents/GitHub/HOME/src/install/my_robot_interfaces/include/my_robot_interfaces/my_robot_interfaces/msg/detail/turtle_array__rosidl_typesupport_introspection_cpp.hpp
[5.117s] -- Installing: /home/pc/Documents/GitHub/HOME/src/install/my_robot_interfaces/include/my_robot_interfaces/my_robot_interfaces/msg/detail/turtle__rosidl_typesupport_introspection_cpp.hpp
[5.117s] -- Installing: /home/pc/Documents/GitHub/HOME/src/install/my_robot_interfaces/include/my_robot_interfaces/my_robot_interfaces/msg/detail/turtle_array__type_support.cpp
[5.117s] -- Installing: /home/pc/Documents/GitHub/HOME/src/install/my_robot_interfaces/lib/libmy_robot_interfaces__rosidl_typesupport_introspection_cpp.so
[5.117s] -- Set runtime path of "/home/pc/Documents/GitHub/HOME/src/install/my_robot_interfaces/lib/libmy_robot_interfaces__rosidl_typesupport_introspection_cpp.so" to ""
[5.117s] -- Installing: /home/pc/Documents/GitHub/HOME/src/install/my_robot_interfaces/lib/libmy_robot_interfaces__rosidl_typesupport_cpp.so
[5.117s] -- Set runtime path of "/home/pc/Documents/GitHub/HOME/src/install/my_robot_interfaces/lib/libmy_robot_interfaces__rosidl_typesupport_cpp.so" to ""
[5.117s] -- Installing: /home/pc/Documents/GitHub/HOME/src/install/my_robot_interfaces/share/my_robot_interfaces/environment/pythonpath.sh
[5.117s] -- Installing: /home/pc/Documents/GitHub/HOME/src/install/my_robot_interfaces/share/my_robot_interfaces/environment/pythonpath.dsv
[5.117s] -- Installing: /home/pc/Documents/GitHub/HOME/src/install/my_robot_interfaces/local/lib/python3.10/dist-packages/my_robot_interfaces-0.0.0-py3.10.egg-info
[5.117s] -- Installing: /home/pc/Documents/GitHub/HOME/src/install/my_robot_interfaces/local/lib/python3.10/dist-packages/my_robot_interfaces-0.0.0-py3.10.egg-info/dependency_links.txt
[5.117s] -- Installing: /home/pc/Documents/GitHub/HOME/src/install/my_robot_interfaces/local/lib/python3.10/dist-packages/my_robot_interfaces-0.0.0-py3.10.egg-info/top_level.txt
[5.117s] -- Installing: /home/pc/Documents/GitHub/HOME/src/install/my_robot_interfaces/local/lib/python3.10/dist-packages/my_robot_interfaces-0.0.0-py3.10.egg-info/SOURCES.txt
[5.117s] -- Installing: /home/pc/Documents/GitHub/HOME/src/install/my_robot_interfaces/local/lib/python3.10/dist-packages/my_robot_interfaces-0.0.0-py3.10.egg-info/PKG-INFO
[5.117s] -- Installing: /home/pc/Documents/GitHub/HOME/src/install/my_robot_interfaces/local/lib/python3.10/dist-packages/my_robot_interfaces
[5.117s] -- Installing: /home/pc/Documents/GitHub/HOME/src/install/my_robot_interfaces/local/lib/python3.10/dist-packages/my_robot_interfaces/my_robot_interfaces_s__rosidl_typesupport_introspection_c.cpython-310-x86_64-linux-gnu.so
[5.117s] -- Installing: /home/pc/Documents/GitHub/HOME/src/install/my_robot_interfaces/local/lib/python3.10/dist-packages/my_robot_interfaces/my_robot_interfaces_s__rosidl_typesupport_c.cpython-310-x86_64-linux-gnu.so
[5.117s] -- Installing: /home/pc/Documents/GitHub/HOME/src/install/my_robot_interfaces/local/lib/python3.10/dist-packages/my_robot_interfaces/libmy_robot_interfaces__rosidl_generator_py.so
[5.118s] -- Installing: /home/pc/Documents/GitHub/HOME/src/install/my_robot_interfaces/local/lib/python3.10/dist-packages/my_robot_interfaces/_my_robot_interfaces_s.ep.rosidl_typesupport_c.c
[5.118s] -- Installing: /home/pc/Documents/GitHub/HOME/src/install/my_robot_interfaces/local/lib/python3.10/dist-packages/my_robot_interfaces/my_robot_interfaces_s__rosidl_typesupport_fastrtps_c.cpython-310-x86_64-linux-gnu.so
[5.118s] -- Installing: /home/pc/Documents/GitHub/HOME/src/install/my_robot_interfaces/local/lib/python3.10/dist-packages/my_robot_interfaces/_my_robot_interfaces_s.ep.rosidl_typesupport_introspection_c.c
[5.118s] -- Installing: /home/pc/Documents/GitHub/HOME/src/install/my_robot_interfaces/local/lib/python3.10/dist-packages/my_robot_interfaces/action
[5.118s] -- Installing: /home/pc/Documents/GitHub/HOME/src/install/my_robot_interfaces/local/lib/python3.10/dist-packages/my_robot_interfaces/action/_fibonacci.py
[5.118s] -- Installing: /home/pc/Documents/GitHub/HOME/src/install/my_robot_interfaces/local/lib/python3.10/dist-packages/my_robot_interfaces/action/__init__.py
[5.118s] -- Installing: /home/pc/Documents/GitHub/HOME/src/install/my_robot_interfaces/local/lib/python3.10/dist-packages/my_robot_interfaces/action/_fibonacci_s.c
[5.118s] -- Installing: /home/pc/Documents/GitHub/HOME/src/install/my_robot_interfaces/local/lib/python3.10/dist-packages/my_robot_interfaces/srv
[5.118s] -- Installing: /home/pc/Documents/GitHub/HOME/src/install/my_robot_interfaces/local/lib/python3.10/dist-packages/my_robot_interfaces/srv/_catch_turtle.py
[5.118s] -- Installing: /home/pc/Documents/GitHub/HOME/src/install/my_robot_interfaces/local/lib/python3.10/dist-packages/my_robot_interfaces/srv/_get_transform.py
[5.118s] -- Installing: /home/pc/Documents/GitHub/HOME/src/install/my_robot_interfaces/local/lib/python3.10/dist-packages/my_robot_interfaces/srv/_compute_rectangle_area_s.c
[5.118s] -- Installing: /home/pc/Documents/GitHub/HOME/src/install/my_robot_interfaces/local/lib/python3.10/dist-packages/my_robot_interfaces/srv/_set_led_s.c
[5.118s] -- Installing: /home/pc/Documents/GitHub/HOME/src/install/my_robot_interfaces/local/lib/python3.10/dist-packages/my_robot_interfaces/srv/__init__.py
[5.118s] -- Installing: /home/pc/Documents/GitHub/HOME/src/install/my_robot_interfaces/local/lib/python3.10/dist-packages/my_robot_interfaces/srv/_catch_turtle_s.c
[5.118s] -- Installing: /home/pc/Documents/GitHub/HOME/src/install/my_robot_interfaces/local/lib/python3.10/dist-packages/my_robot_interfaces/srv/_get_transform_s.c
[5.118s] -- Installing: /home/pc/Documents/GitHub/HOME/src/install/my_robot_interfaces/local/lib/python3.10/dist-packages/my_robot_interfaces/srv/_compute_rectangle_area.py
[5.118s] -- Installing: /home/pc/Documents/GitHub/HOME/src/install/my_robot_interfaces/local/lib/python3.10/dist-packages/my_robot_interfaces/srv/_set_led.py
[5.118s] -- Installing: /home/pc/Documents/GitHub/HOME/src/install/my_robot_interfaces/local/lib/python3.10/dist-packages/my_robot_interfaces/_my_robot_interfaces_s.ep.rosidl_typesupport_fastrtps_c.c
[5.118s] -- Installing: /home/pc/Documents/GitHub/HOME/src/install/my_robot_interfaces/local/lib/python3.10/dist-packages/my_robot_interfaces/__init__.py
[5.118s] -- Installing: /home/pc/Documents/GitHub/HOME/src/install/my_robot_interfaces/local/lib/python3.10/dist-packages/my_robot_interfaces/msg
[5.119s] -- Installing: /home/pc/Documents/GitHub/HOME/src/install/my_robot_interfaces/local/lib/python3.10/dist-packages/my_robot_interfaces/msg/_hardware_status_s.c
[5.119s] -- Installing: /home/pc/Documents/GitHub/HOME/src/install/my_robot_interfaces/local/lib/python3.10/dist-packages/my_robot_interfaces/msg/_hardware_status.py
[5.119s] -- Installing: /home/pc/Documents/GitHub/HOME/src/install/my_robot_interfaces/local/lib/python3.10/dist-packages/my_robot_interfaces/msg/_led_state_array_s.c
[5.119s] -- Installing: /home/pc/Documents/GitHub/HOME/src/install/my_robot_interfaces/local/lib/python3.10/dist-packages/my_robot_interfaces/msg/__init__.py
[5.119s] -- Installing: /home/pc/Documents/GitHub/HOME/src/install/my_robot_interfaces/local/lib/python3.10/dist-packages/my_robot_interfaces/msg/_led_state_array.py
[5.119s] -- Installing: /home/pc/Documents/GitHub/HOME/src/install/my_robot_interfaces/local/lib/python3.10/dist-packages/my_robot_interfaces/msg/_turtle_s.c
[5.119s] -- Installing: /home/pc/Documents/GitHub/HOME/src/install/my_robot_interfaces/local/lib/python3.10/dist-packages/my_robot_interfaces/msg/_turtle.py
[5.119s] -- Installing: /home/pc/Documents/GitHub/HOME/src/install/my_robot_interfaces/local/lib/python3.10/dist-packages/my_robot_interfaces/msg/_turtle_array.py
[5.119s] -- Installing: /home/pc/Documents/GitHub/HOME/src/install/my_robot_interfaces/local/lib/python3.10/dist-packages/my_robot_interfaces/msg/_turtle_array_s.c
[5.148s] Listing '/home/pc/Documents/GitHub/HOME/src/install/my_robot_interfaces/local/lib/python3.10/dist-packages/my_robot_interfaces'...
[5.148s] Compiling '/home/pc/Documents/GitHub/HOME/src/install/my_robot_interfaces/local/lib/python3.10/dist-packages/my_robot_interfaces/__init__.py'...
[5.148s] Listing '/home/pc/Documents/GitHub/HOME/src/install/my_robot_interfaces/local/lib/python3.10/dist-packages/my_robot_interfaces/action'...
[5.148s] Compiling '/home/pc/Documents/GitHub/HOME/src/install/my_robot_interfaces/local/lib/python3.10/dist-packages/my_robot_interfaces/action/__init__.py'...
[5.148s] Compiling '/home/pc/Documents/GitHub/HOME/src/install/my_robot_interfaces/local/lib/python3.10/dist-packages/my_robot_interfaces/action/_fibonacci.py'...
[5.148s] Listing '/home/pc/Documents/GitHub/HOME/src/install/my_robot_interfaces/local/lib/python3.10/dist-packages/my_robot_interfaces/msg'...
[5.148s] Compiling '/home/pc/Documents/GitHub/HOME/src/install/my_robot_interfaces/local/lib/python3.10/dist-packages/my_robot_interfaces/msg/__init__.py'...
[5.148s] Compiling '/home/pc/Documents/GitHub/HOME/src/install/my_robot_interfaces/local/lib/python3.10/dist-packages/my_robot_interfaces/msg/_hardware_status.py'...
[5.148s] Compiling '/home/pc/Documents/GitHub/HOME/src/install/my_robot_interfaces/local/lib/python3.10/dist-packages/my_robot_interfaces/msg/_led_state_array.py'...
[5.148s] Compiling '/home/pc/Documents/GitHub/HOME/src/install/my_robot_interfaces/local/lib/python3.10/dist-packages/my_robot_interfaces/msg/_turtle.py'...
[5.148s] Compiling '/home/pc/Documents/GitHub/HOME/src/install/my_robot_interfaces/local/lib/python3.10/dist-packages/my_robot_interfaces/msg/_turtle_array.py'...
[5.148s] Listing '/home/pc/Documents/GitHub/HOME/src/install/my_robot_interfaces/local/lib/python3.10/dist-packages/my_robot_interfaces/srv'...
[5.148s] Compiling '/home/pc/Documents/GitHub/HOME/src/install/my_robot_interfaces/local/lib/python3.10/dist-packages/my_robot_interfaces/srv/__init__.py'...
[5.148s] Compiling '/home/pc/Documents/GitHub/HOME/src/install/my_robot_interfaces/local/lib/python3.10/dist-packages/my_robot_interfaces/srv/_catch_turtle.py'...
[5.149s] Compiling '/home/pc/Documents/GitHub/HOME/src/install/my_robot_interfaces/local/lib/python3.10/dist-packages/my_robot_interfaces/srv/_compute_rectangle_area.py'...
[5.149s] Compiling '/home/pc/Documents/GitHub/HOME/src/install/my_robot_interfaces/local/lib/python3.10/dist-packages/my_robot_interfaces/srv/_get_transform.py'...
[5.149s] Compiling '/home/pc/Documents/GitHub/HOME/src/install/my_robot_interfaces/local/lib/python3.10/dist-packages/my_robot_interfaces/srv/_set_led.py'...
[5.151s] -- Installing: /home/pc/Documents/GitHub/HOME/src/install/my_robot_interfaces/local/lib/python3.10/dist-packages/my_robot_interfaces/my_robot_interfaces_s__rosidl_typesupport_fastrtps_c.cpython-310-x86_64-linux-gnu.so
[5.151s] -- Set runtime path of "/home/pc/Documents/GitHub/HOME/src/install/my_robot_interfaces/local/lib/python3.10/dist-packages/my_robot_interfaces/my_robot_interfaces_s__rosidl_typesupport_fastrtps_c.cpython-310-x86_64-linux-gnu.so" to ""
[5.151s] -- Installing: /home/pc/Documents/GitHub/HOME/src/install/my_robot_interfaces/local/lib/python3.10/dist-packages/my_robot_interfaces/my_robot_interfaces_s__rosidl_typesupport_introspection_c.cpython-310-x86_64-linux-gnu.so
[5.152s] -- Set runtime path of "/home/pc/Documents/GitHub/HOME/src/install/my_robot_interfaces/local/lib/python3.10/dist-packages/my_robot_interfaces/my_robot_interfaces_s__rosidl_typesupport_introspection_c.cpython-310-x86_64-linux-gnu.so" to ""
[5.152s] -- Installing: /home/pc/Documents/GitHub/HOME/src/install/my_robot_interfaces/local/lib/python3.10/dist-packages/my_robot_interfaces/my_robot_interfaces_s__rosidl_typesupport_c.cpython-310-x86_64-linux-gnu.so
[5.152s] -- Set runtime path of "/home/pc/Documents/GitHub/HOME/src/install/my_robot_interfaces/local/lib/python3.10/dist-packages/my_robot_interfaces/my_robot_interfaces_s__rosidl_typesupport_c.cpython-310-x86_64-linux-gnu.so" to ""
[5.152s] -- Installing: /home/pc/Documents/GitHub/HOME/src/install/my_robot_interfaces/lib/libmy_robot_interfaces__rosidl_generator_py.so
[5.152s] -- Set runtime path of "/home/pc/Documents/GitHub/HOME/src/install/my_robot_interfaces/lib/libmy_robot_interfaces__rosidl_generator_py.so" to ""
[5.152s] -- Installing: /home/pc/Documents/GitHub/HOME/src/install/my_robot_interfaces/share/my_robot_interfaces/action/Fibonacci.idl
[5.152s] -- Installing: /home/pc/Documents/GitHub/HOME/src/install/my_robot_interfaces/share/my_robot_interfaces/msg/HardwareStatus.idl
[5.152s] -- Installing: /home/pc/Documents/GitHub/HOME/src/install/my_robot_interfaces/share/my_robot_interfaces/msg/LedStateArray.idl
[5.152s] -- Installing: /home/pc/Documents/GitHub/HOME/src/install/my_robot_interfaces/share/my_robot_interfaces/msg/Turtle.idl
[5.152s] -- Installing: /home/pc/Documents/GitHub/HOME/src/install/my_robot_interfaces/share/my_robot_interfaces/msg/TurtleArray.idl
[5.152s] -- Installing: /home/pc/Documents/GitHub/HOME/src/install/my_robot_interfaces/share/my_robot_interfaces/srv/ComputeRectangleArea.idl
[5.152s] -- Installing: /home/pc/Documents/GitHub/HOME/src/install/my_robot_interfaces/share/my_robot_interfaces/srv/SetLed.idl
[5.152s] -- Installing: /home/pc/Documents/GitHub/HOME/src/install/my_robot_interfaces/share/my_robot_interfaces/srv/CatchTurtle.idl
[5.152s] -- Installing: /home/pc/Documents/GitHub/HOME/src/install/my_robot_interfaces/share/my_robot_interfaces/srv/GetTransform.idl
[5.152s] -- Installing: /home/pc/Documents/GitHub/HOME/src/install/my_robot_interfaces/share/my_robot_interfaces/action/Fibonacci.action
[5.152s] -- Installing: /home/pc/Documents/GitHub/HOME/src/install/my_robot_interfaces/share/my_robot_interfaces/msg/HardwareStatus.msg
[5.153s] -- Installing: /home/pc/Documents/GitHub/HOME/src/install/my_robot_interfaces/share/my_robot_interfaces/msg/LedStateArray.msg
[5.153s] -- Installing: /home/pc/Documents/GitHub/HOME/src/install/my_robot_interfaces/share/my_robot_interfaces/msg/Turtle.msg
[5.153s] -- Installing: /home/pc/Documents/GitHub/HOME/src/install/my_robot_interfaces/share/my_robot_interfaces/msg/TurtleArray.msg
[5.153s] -- Installing: /home/pc/Documents/GitHub/HOME/src/install/my_robot_interfaces/share/my_robot_interfaces/srv/ComputeRectangleArea.srv
[5.153s] -- Installing: /home/pc/Documents/GitHub/HOME/src/install/my_robot_interfaces/share/my_robot_interfaces/srv/ComputeRectangleArea_Request.msg
[5.153s] -- Installing: /home/pc/Documents/GitHub/HOME/src/install/my_robot_interfaces/share/my_robot_interfaces/srv/ComputeRectangleArea_Response.msg
[5.153s] -- Installing: /home/pc/Documents/GitHub/HOME/src/install/my_robot_interfaces/share/my_robot_interfaces/srv/SetLed.srv
[5.153s] -- Installing: /home/pc/Documents/GitHub/HOME/src/install/my_robot_interfaces/share/my_robot_interfaces/srv/SetLed_Request.msg
[5.153s] -- Installing: /home/pc/Documents/GitHub/HOME/src/install/my_robot_interfaces/share/my_robot_interfaces/srv/SetLed_Response.msg
[5.153s] -- Installing: /home/pc/Documents/GitHub/HOME/src/install/my_robot_interfaces/share/my_robot_interfaces/srv/CatchTurtle.srv
[5.153s] -- Installing: /home/pc/Documents/GitHub/HOME/src/install/my_robot_interfaces/share/my_robot_interfaces/srv/CatchTurtle_Request.msg
[5.153s] -- Installing: /home/pc/Documents/GitHub/HOME/src/install/my_robot_interfaces/share/my_robot_interfaces/srv/CatchTurtle_Response.msg
[5.153s] -- Installing: /home/pc/Documents/GitHub/HOME/src/install/my_robot_interfaces/share/my_robot_interfaces/srv/GetTransform.srv
[5.153s] -- Installing: /home/pc/Documents/GitHub/HOME/src/install/my_robot_interfaces/share/my_robot_interfaces/srv/GetTransform_Request.msg
[5.153s] -- Installing: /home/pc/Documents/GitHub/HOME/src/install/my_robot_interfaces/share/my_robot_interfaces/srv/GetTransform_Response.msg
[5.153s] -- Installing: /home/pc/Documents/GitHub/HOME/src/install/my_robot_interfaces/share/ament_index/resource_index/package_run_dependencies/my_robot_interfaces
[5.153s] -- Installing: /home/pc/Documents/GitHub/HOME/src/install/my_robot_interfaces/share/ament_index/resource_index/parent_prefix_path/my_robot_interfaces
[5.153s] -- Installing: /home/pc/Documents/GitHub/HOME/src/install/my_robot_interfaces/share/my_robot_interfaces/environment/ament_prefix_path.sh
[5.153s] -- Installing: /home/pc/Documents/GitHub/HOME/src/install/my_robot_interfaces/share/my_robot_interfaces/environment/ament_prefix_path.dsv
[5.153s] -- Installing: /home/pc/Documents/GitHub/HOME/src/install/my_robot_interfaces/share/my_robot_interfaces/environment/path.sh
[5.153s] -- Installing: /home/pc/Documents/GitHub/HOME/src/install/my_robot_interfaces/share/my_robot_interfaces/environment/path.dsv
[5.154s] -- Installing: /home/pc/Documents/GitHub/HOME/src/install/my_robot_interfaces/share/my_robot_interfaces/local_setup.bash
[5.154s] -- Installing: /home/pc/Documents/GitHub/HOME/src/install/my_robot_interfaces/share/my_robot_interfaces/local_setup.sh
[5.154s] -- Installing: /home/pc/Documents/GitHub/HOME/src/install/my_robot_interfaces/share/my_robot_interfaces/local_setup.zsh
[5.154s] -- Installing: /home/pc/Documents/GitHub/HOME/src/install/my_robot_interfaces/share/my_robot_interfaces/local_setup.dsv
[5.154s] -- Installing: /home/pc/Documents/GitHub/HOME/src/install/my_robot_interfaces/share/my_robot_interfaces/package.dsv
[5.154s] -- Installing: /home/pc/Documents/GitHub/HOME/src/install/my_robot_interfaces/share/ament_index/resource_index/packages/my_robot_interfaces
[5.154s] -- Installing: /home/pc/Documents/GitHub/HOME/src/install/my_robot_interfaces/share/my_robot_interfaces/cmake/export_my_robot_interfaces__rosidl_generator_cExport.cmake
[5.154s] -- Installing: /home/pc/Documents/GitHub/HOME/src/install/my_robot_interfaces/share/my_robot_interfaces/cmake/export_my_robot_interfaces__rosidl_generator_cExport-noconfig.cmake
[5.154s] -- Installing: /home/pc/Documents/GitHub/HOME/src/install/my_robot_interfaces/share/my_robot_interfaces/cmake/export_my_robot_interfaces__rosidl_typesupport_fastrtps_cExport.cmake
[5.154s] -- Installing: /home/pc/Documents/GitHub/HOME/src/install/my_robot_interfaces/share/my_robot_interfaces/cmake/export_my_robot_interfaces__rosidl_typesupport_fastrtps_cExport-noconfig.cmake
[5.154s] -- Installing: /home/pc/Documents/GitHub/HOME/src/install/my_robot_interfaces/share/my_robot_interfaces/cmake/my_robot_interfaces__rosidl_typesupport_introspection_cExport.cmake
[5.154s] -- Installing: /home/pc/Documents/GitHub/HOME/src/install/my_robot_interfaces/share/my_robot_interfaces/cmake/my_robot_interfaces__rosidl_typesupport_introspection_cExport-noconfig.cmake
[5.154s] -- Installing: /home/pc/Documents/GitHub/HOME/src/install/my_robot_interfaces/share/my_robot_interfaces/cmake/my_robot_interfaces__rosidl_typesupport_cExport.cmake
[5.154s] -- Installing: /home/pc/Documents/GitHub/HOME/src/install/my_robot_interfaces/share/my_robot_interfaces/cmake/my_robot_interfaces__rosidl_typesupport_cExport-noconfig.cmake
[5.154s] -- Installing: /home/pc/Documents/GitHub/HOME/src/install/my_robot_interfaces/share/my_robot_interfaces/cmake/export_my_robot_interfaces__rosidl_generator_cppExport.cmake
[5.154s] -- Installing: /home/pc/Documents/GitHub/HOME/src/install/my_robot_interfaces/share/my_robot_interfaces/cmake/export_my_robot_interfaces__rosidl_typesupport_fastrtps_cppExport.cmake
[5.155s] -- Installing: /home/pc/Documents/GitHub/HOME/src/install/my_robot_interfaces/share/my_robot_interfaces/cmake/export_my_robot_interfaces__rosidl_typesupport_fastrtps_cppExport-noconfig.cmake
[5.155s] -- Installing: /home/pc/Documents/GitHub/HOME/src/install/my_robot_interfaces/share/my_robot_interfaces/cmake/my_robot_interfaces__rosidl_typesupport_introspection_cppExport.cmake
[5.155s] -- Installing: /home/pc/Documents/GitHub/HOME/src/install/my_robot_interfaces/share/my_robot_interfaces/cmake/my_robot_interfaces__rosidl_typesupport_introspection_cppExport-noconfig.cmake
[5.155s] -- Installing: /home/pc/Documents/GitHub/HOME/src/install/my_robot_interfaces/share/my_robot_interfaces/cmake/my_robot_interfaces__rosidl_typesupport_cppExport.cmake
[5.155s] -- Installing: /home/pc/Documents/GitHub/HOME/src/install/my_robot_interfaces/share/my_robot_interfaces/cmake/my_robot_interfaces__rosidl_typesupport_cppExport-noconfig.cmake
[5.155s] -- Installing: /home/pc/Documents/GitHub/HOME/src/install/my_robot_interfaces/share/my_robot_interfaces/cmake/export_my_robot_interfaces__rosidl_generator_pyExport.cmake
[5.155s] -- Installing: /home/pc/Documents/GitHub/HOME/src/install/my_robot_interfaces/share/my_robot_interfaces/cmake/export_my_robot_interfaces__rosidl_generator_pyExport-noconfig.cmake
[5.155s] -- Installing: /home/pc/Documents/GitHub/HOME/src/install/my_robot_interfaces/share/my_robot_interfaces/cmake/rosidl_cmake-extras.cmake
[5.155s] -- Installing: /home/pc/Documents/GitHub/HOME/src/install/my_robot_interfaces/share/my_robot_interfaces/cmake/ament_cmake_export_dependencies-extras.cmake
[5.155s] -- Installing: /home/pc/Documents/GitHub/HOME/src/install/my_robot_interfaces/share/my_robot_interfaces/cmake/ament_cmake_export_include_directories-extras.cmake
[5.155s] -- Installing: /home/pc/Documents/GitHub/HOME/src/install/my_robot_interfaces/share/my_robot_interfaces/cmake/ament_cmake_export_libraries-extras.cmake
[5.155s] -- Installing: /home/pc/Documents/GitHub/HOME/src/install/my_robot_interfaces/share/my_robot_interfaces/cmake/ament_cmake_export_targets-extras.cmake
[5.155s] -- Installing: /home/pc/Documents/GitHub/HOME/src/install/my_robot_interfaces/share/my_robot_interfaces/cmake/rosidl_cmake_export_typesupport_targets-extras.cmake
[5.155s] -- Installing: /home/pc/Documents/GitHub/HOME/src/install/my_robot_interfaces/share/my_robot_interfaces/cmake/rosidl_cmake_export_typesupport_libraries-extras.cmake
[5.155s] -- Installing: /home/pc/Documents/GitHub/HOME/src/install/my_robot_interfaces/share/my_robot_interfaces/cmake/my_robot_interfacesConfig.cmake
[5.155s] -- Installing: /home/pc/Documents/GitHub/HOME/src/install/my_robot_interfaces/share/my_robot_interfaces/cmake/my_robot_interfacesConfig-version.cmake
[5.155s] -- Installing: /home/pc/Documents/GitHub/HOME/src/install/my_robot_interfaces/share/my_robot_interfaces/package.xml
[5.157s] Invoked command in '/home/pc/Documents/GitHub/HOME/src/build/my_robot_interfaces' returned '0': CMAKE_PREFIX_PATH=/opt/ros/humble /usr/bin/cmake --install /home/pc/Documents/GitHub/HOME/src/build/my_robot_interfaces
