[0.078s] DEBUG:colcon:Command line arguments: ['/usr/bin/colcon', 'list', '-p', '--base-paths', '/home/pc/Documents/GitHub/HOME/Yolo_trainig', '--log-base', '/dev/null']
[0.078s] DEBUG:colcon:Parsed command line arguments: Namespace(log_base=None, log_level=None, verb_name='list', build_base='build', ignore_user_meta=False, metas=['./colcon.meta'], base_paths=['/home/pc/Documents/GitHub/HOME/Yolo_trainig', '--log-base', '/dev/null'], packages_ignore=None, packages_ignore_regex=None, paths=None, packages_up_to=None, packages_up_to_regex=None, packages_above=None, packages_above_and_dependencies=None, packages_above_depth=None, packages_select_by_dep=None, packages_skip_by_dep=None, packages_skip_up_to=None, packages_select_build_failed=False, packages_skip_build_finished=False, packages_select_test_failures=False, packages_skip_test_passed=False, packages_select=None, packages_skip=None, packages_select_regex=None, packages_skip_regex=None, packages_start=None, packages_end=None, allow_overriding=[], topological_order=False, names_only=False, paths_only=True, topological_graph=False, topological_graph_dot=False, topological_graph_density=False, topological_graph_legend=False, topological_graph_dot_cluster=False, topological_graph_dot_include_skipped=False, verb_parser=<colcon_defaults.argument_parser.defaults.DefaultArgumentsDecorator object at 0x727fa2265060>, verb_extension=<colcon_package_information.verb.list.ListVerb object at 0x727fa23d2e60>, main=<bound method ListVerb.main of <colcon_package_information.verb.list.ListVerb object at 0x727fa23d2e60>>)
[0.214s] Level 1:colcon.colcon_core.package_discovery:discover_packages(colcon_meta) check parameters
[0.214s] Level 1:colcon.colcon_core.package_discovery:discover_packages(recursive) check parameters
[0.214s] Level 1:colcon.colcon_core.package_discovery:discover_packages(ignore) check parameters
[0.214s] Level 1:colcon.colcon_core.package_discovery:discover_packages(path) check parameters
[0.214s] Level 1:colcon.colcon_core.package_discovery:discover_packages(recursive) discover
[0.214s] INFO:colcon.colcon_core.package_discovery:Crawling recursively for packages in '/home/pc/Documents/GitHub/HOME/Yolo_trainig', '/home/pc/Documents/GitHub/HOME/Yolo_trainig/--log-base', '/dev/null'
[0.215s] Level 1:colcon.colcon_core.package_identification:_identify(/home/pc/Documents/GitHub/HOME/Yolo_trainig) by extensions ['ignore', 'ignore_ament_install']
[0.215s] Level 1:colcon.colcon_core.package_identification:_identify(/home/pc/Documents/GitHub/HOME/Yolo_trainig) by extension 'ignore'
[0.215s] Level 1:colcon.colcon_core.package_identification:_identify(/home/pc/Documents/GitHub/HOME/Yolo_trainig) by extension 'ignore_ament_install'
[0.215s] Level 1:colcon.colcon_core.package_identification:_identify(/home/pc/Documents/GitHub/HOME/Yolo_trainig) by extensions ['colcon_pkg']
[0.215s] Level 1:colcon.colcon_core.package_identification:_identify(/home/pc/Documents/GitHub/HOME/Yolo_trainig) by extension 'colcon_pkg'
[0.215s] Level 1:colcon.colcon_core.package_identification:_identify(/home/pc/Documents/GitHub/HOME/Yolo_trainig) by extensions ['colcon_meta']
[0.215s] Level 1:colcon.colcon_core.package_identification:_identify(/home/pc/Documents/GitHub/HOME/Yolo_trainig) by extension 'colcon_meta'
[0.215s] Level 1:colcon.colcon_core.package_identification:_identify(/home/pc/Documents/GitHub/HOME/Yolo_trainig) by extensions ['ros']
[0.215s] Level 1:colcon.colcon_core.package_identification:_identify(/home/pc/Documents/GitHub/HOME/Yolo_trainig) by extension 'ros'
[0.228s] Level 1:colcon.colcon_core.package_identification:_identify(/home/pc/Documents/GitHub/HOME/Yolo_trainig) by extensions ['cmake', 'python']
[0.228s] Level 1:colcon.colcon_core.package_identification:_identify(/home/pc/Documents/GitHub/HOME/Yolo_trainig) by extension 'cmake'
[0.228s] Level 1:colcon.colcon_core.package_identification:_identify(/home/pc/Documents/GitHub/HOME/Yolo_trainig) by extension 'python'
[0.228s] Level 1:colcon.colcon_core.package_identification:_identify(/home/pc/Documents/GitHub/HOME/Yolo_trainig) by extensions ['python_setup_py']
[0.228s] Level 1:colcon.colcon_core.package_identification:_identify(/home/pc/Documents/GitHub/HOME/Yolo_trainig) by extension 'python_setup_py'
[0.228s] Level 1:colcon.colcon_core.package_identification:_identify(/home/pc/Documents/GitHub/HOME/Yolo_trainig/REMY-1) by extensions ['ignore', 'ignore_ament_install']
[0.228s] Level 1:colcon.colcon_core.package_identification:_identify(/home/pc/Documents/GitHub/HOME/Yolo_trainig/REMY-1) by extension 'ignore'
[0.228s] Level 1:colcon.colcon_core.package_identification:_identify(/home/pc/Documents/GitHub/HOME/Yolo_trainig/REMY-1) by extension 'ignore_ament_install'
[0.228s] Level 1:colcon.colcon_core.package_identification:_identify(/home/pc/Documents/GitHub/HOME/Yolo_trainig/REMY-1) by extensions ['colcon_pkg']
[0.228s] Level 1:colcon.colcon_core.package_identification:_identify(/home/pc/Documents/GitHub/HOME/Yolo_trainig/REMY-1) by extension 'colcon_pkg'
[0.228s] Level 1:colcon.colcon_core.package_identification:_identify(/home/pc/Documents/GitHub/HOME/Yolo_trainig/REMY-1) by extensions ['colcon_meta']
[0.228s] Level 1:colcon.colcon_core.package_identification:_identify(/home/pc/Documents/GitHub/HOME/Yolo_trainig/REMY-1) by extension 'colcon_meta'
[0.228s] Level 1:colcon.colcon_core.package_identification:_identify(/home/pc/Documents/GitHub/HOME/Yolo_trainig/REMY-1) by extensions ['ros']
[0.228s] Level 1:colcon.colcon_core.package_identification:_identify(/home/pc/Documents/GitHub/HOME/Yolo_trainig/REMY-1) by extension 'ros'
[0.229s] Level 1:colcon.colcon_core.package_identification:_identify(/home/pc/Documents/GitHub/HOME/Yolo_trainig/REMY-1) by extensions ['cmake', 'python']
[0.229s] Level 1:colcon.colcon_core.package_identification:_identify(/home/pc/Documents/GitHub/HOME/Yolo_trainig/REMY-1) by extension 'cmake'
[0.229s] Level 1:colcon.colcon_core.package_identification:_identify(/home/pc/Documents/GitHub/HOME/Yolo_trainig/REMY-1) by extension 'python'
[0.229s] Level 1:colcon.colcon_core.package_identification:_identify(/home/pc/Documents/GitHub/HOME/Yolo_trainig/REMY-1) by extensions ['python_setup_py']
[0.229s] Level 1:colcon.colcon_core.package_identification:_identify(/home/pc/Documents/GitHub/HOME/Yolo_trainig/REMY-1) by extension 'python_setup_py'
[0.229s] Level 1:colcon.colcon_core.package_identification:_identify(/home/pc/Documents/GitHub/HOME/Yolo_trainig/REMY-1/train) by extensions ['ignore', 'ignore_ament_install']
[0.229s] Level 1:colcon.colcon_core.package_identification:_identify(/home/pc/Documents/GitHub/HOME/Yolo_trainig/REMY-1/train) by extension 'ignore'
[0.229s] Level 1:colcon.colcon_core.package_identification:_identify(/home/pc/Documents/GitHub/HOME/Yolo_trainig/REMY-1/train) by extension 'ignore_ament_install'
[0.229s] Level 1:colcon.colcon_core.package_identification:_identify(/home/pc/Documents/GitHub/HOME/Yolo_trainig/REMY-1/train) by extensions ['colcon_pkg']
[0.229s] Level 1:colcon.colcon_core.package_identification:_identify(/home/pc/Documents/GitHub/HOME/Yolo_trainig/REMY-1/train) by extension 'colcon_pkg'
[0.229s] Level 1:colcon.colcon_core.package_identification:_identify(/home/pc/Documents/GitHub/HOME/Yolo_trainig/REMY-1/train) by extensions ['colcon_meta']
[0.229s] Level 1:colcon.colcon_core.package_identification:_identify(/home/pc/Documents/GitHub/HOME/Yolo_trainig/REMY-1/train) by extension 'colcon_meta'
[0.229s] Level 1:colcon.colcon_core.package_identification:_identify(/home/pc/Documents/GitHub/HOME/Yolo_trainig/REMY-1/train) by extensions ['ros']
[0.229s] Level 1:colcon.colcon_core.package_identification:_identify(/home/pc/Documents/GitHub/HOME/Yolo_trainig/REMY-1/train) by extension 'ros'
[0.229s] Level 1:colcon.colcon_core.package_identification:_identify(/home/pc/Documents/GitHub/HOME/Yolo_trainig/REMY-1/train) by extensions ['cmake', 'python']
[0.229s] Level 1:colcon.colcon_core.package_identification:_identify(/home/pc/Documents/GitHub/HOME/Yolo_trainig/REMY-1/train) by extension 'cmake'
[0.229s] Level 1:colcon.colcon_core.package_identification:_identify(/home/pc/Documents/GitHub/HOME/Yolo_trainig/REMY-1/train) by extension 'python'
[0.229s] Level 1:colcon.colcon_core.package_identification:_identify(/home/pc/Documents/GitHub/HOME/Yolo_trainig/REMY-1/train) by extensions ['python_setup_py']
[0.229s] Level 1:colcon.colcon_core.package_identification:_identify(/home/pc/Documents/GitHub/HOME/Yolo_trainig/REMY-1/train) by extension 'python_setup_py'
[0.248s] Level 1:colcon.colcon_core.package_identification:_identify(/home/pc/Documents/GitHub/HOME/Yolo_trainig/REMY-1/train/images) by extensions ['ignore', 'ignore_ament_install']
[0.248s] Level 1:colcon.colcon_core.package_identification:_identify(/home/pc/Documents/GitHub/HOME/Yolo_trainig/REMY-1/train/images) by extension 'ignore'
[0.248s] Level 1:colcon.colcon_core.package_identification:_identify(/home/pc/Documents/GitHub/HOME/Yolo_trainig/REMY-1/train/images) by extension 'ignore_ament_install'
[0.248s] Level 1:colcon.colcon_core.package_identification:_identify(/home/pc/Documents/GitHub/HOME/Yolo_trainig/REMY-1/train/images) by extensions ['colcon_pkg']
[0.248s] Level 1:colcon.colcon_core.package_identification:_identify(/home/pc/Documents/GitHub/HOME/Yolo_trainig/REMY-1/train/images) by extension 'colcon_pkg'
[0.248s] Level 1:colcon.colcon_core.package_identification:_identify(/home/pc/Documents/GitHub/HOME/Yolo_trainig/REMY-1/train/images) by extensions ['colcon_meta']
[0.248s] Level 1:colcon.colcon_core.package_identification:_identify(/home/pc/Documents/GitHub/HOME/Yolo_trainig/REMY-1/train/images) by extension 'colcon_meta'
[0.248s] Level 1:colcon.colcon_core.package_identification:_identify(/home/pc/Documents/GitHub/HOME/Yolo_trainig/REMY-1/train/images) by extensions ['ros']
[0.248s] Level 1:colcon.colcon_core.package_identification:_identify(/home/pc/Documents/GitHub/HOME/Yolo_trainig/REMY-1/train/images) by extension 'ros'
[0.248s] Level 1:colcon.colcon_core.package_identification:_identify(/home/pc/Documents/GitHub/HOME/Yolo_trainig/REMY-1/train/images) by extensions ['cmake', 'python']
[0.248s] Level 1:colcon.colcon_core.package_identification:_identify(/home/pc/Documents/GitHub/HOME/Yolo_trainig/REMY-1/train/images) by extension 'cmake'
[0.248s] Level 1:colcon.colcon_core.package_identification:_identify(/home/pc/Documents/GitHub/HOME/Yolo_trainig/REMY-1/train/images) by extension 'python'
[0.248s] Level 1:colcon.colcon_core.package_identification:_identify(/home/pc/Documents/GitHub/HOME/Yolo_trainig/REMY-1/train/images) by extensions ['python_setup_py']
[0.248s] Level 1:colcon.colcon_core.package_identification:_identify(/home/pc/Documents/GitHub/HOME/Yolo_trainig/REMY-1/train/images) by extension 'python_setup_py'
[0.266s] Level 1:colcon.colcon_core.package_identification:_identify(/home/pc/Documents/GitHub/HOME/Yolo_trainig/REMY-1/train/labels) by extensions ['ignore', 'ignore_ament_install']
[0.266s] Level 1:colcon.colcon_core.package_identification:_identify(/home/pc/Documents/GitHub/HOME/Yolo_trainig/REMY-1/train/labels) by extension 'ignore'
[0.266s] Level 1:colcon.colcon_core.package_identification:_identify(/home/pc/Documents/GitHub/HOME/Yolo_trainig/REMY-1/train/labels) by extension 'ignore_ament_install'
[0.266s] Level 1:colcon.colcon_core.package_identification:_identify(/home/pc/Documents/GitHub/HOME/Yolo_trainig/REMY-1/train/labels) by extensions ['colcon_pkg']
[0.267s] Level 1:colcon.colcon_core.package_identification:_identify(/home/pc/Documents/GitHub/HOME/Yolo_trainig/REMY-1/train/labels) by extension 'colcon_pkg'
[0.267s] Level 1:colcon.colcon_core.package_identification:_identify(/home/pc/Documents/GitHub/HOME/Yolo_trainig/REMY-1/train/labels) by extensions ['colcon_meta']
[0.267s] Level 1:colcon.colcon_core.package_identification:_identify(/home/pc/Documents/GitHub/HOME/Yolo_trainig/REMY-1/train/labels) by extension 'colcon_meta'
[0.267s] Level 1:colcon.colcon_core.package_identification:_identify(/home/pc/Documents/GitHub/HOME/Yolo_trainig/REMY-1/train/labels) by extensions ['ros']
[0.267s] Level 1:colcon.colcon_core.package_identification:_identify(/home/pc/Documents/GitHub/HOME/Yolo_trainig/REMY-1/train/labels) by extension 'ros'
[0.267s] Level 1:colcon.colcon_core.package_identification:_identify(/home/pc/Documents/GitHub/HOME/Yolo_trainig/REMY-1/train/labels) by extensions ['cmake', 'python']
[0.267s] Level 1:colcon.colcon_core.package_identification:_identify(/home/pc/Documents/GitHub/HOME/Yolo_trainig/REMY-1/train/labels) by extension 'cmake'
[0.267s] Level 1:colcon.colcon_core.package_identification:_identify(/home/pc/Documents/GitHub/HOME/Yolo_trainig/REMY-1/train/labels) by extension 'python'
[0.267s] Level 1:colcon.colcon_core.package_identification:_identify(/home/pc/Documents/GitHub/HOME/Yolo_trainig/REMY-1/train/labels) by extensions ['python_setup_py']
[0.267s] Level 1:colcon.colcon_core.package_identification:_identify(/home/pc/Documents/GitHub/HOME/Yolo_trainig/REMY-1/train/labels) by extension 'python_setup_py'
[0.268s] Level 1:colcon.colcon_core.package_identification:_identify(/home/pc/Documents/GitHub/HOME/Yolo_trainig/log) by extensions ['ignore', 'ignore_ament_install']
[0.268s] Level 1:colcon.colcon_core.package_identification:_identify(/home/pc/Documents/GitHub/HOME/Yolo_trainig/log) by extension 'ignore'
[0.268s] Level 1:colcon.colcon_core.package_identification:_identify(/home/pc/Documents/GitHub/HOME/Yolo_trainig/log) ignored
[0.268s] Level 1:colcon.colcon_core.package_identification:_identify(/home/pc/Documents/GitHub/HOME/Yolo_trainig/runs) by extensions ['ignore', 'ignore_ament_install']
[0.268s] Level 1:colcon.colcon_core.package_identification:_identify(/home/pc/Documents/GitHub/HOME/Yolo_trainig/runs) by extension 'ignore'
[0.268s] Level 1:colcon.colcon_core.package_identification:_identify(/home/pc/Documents/GitHub/HOME/Yolo_trainig/runs) by extension 'ignore_ament_install'
[0.268s] Level 1:colcon.colcon_core.package_identification:_identify(/home/pc/Documents/GitHub/HOME/Yolo_trainig/runs) by extensions ['colcon_pkg']
[0.268s] Level 1:colcon.colcon_core.package_identification:_identify(/home/pc/Documents/GitHub/HOME/Yolo_trainig/runs) by extension 'colcon_pkg'
[0.268s] Level 1:colcon.colcon_core.package_identification:_identify(/home/pc/Documents/GitHub/HOME/Yolo_trainig/runs) by extensions ['colcon_meta']
[0.268s] Level 1:colcon.colcon_core.package_identification:_identify(/home/pc/Documents/GitHub/HOME/Yolo_trainig/runs) by extension 'colcon_meta'
[0.268s] Level 1:colcon.colcon_core.package_identification:_identify(/home/pc/Documents/GitHub/HOME/Yolo_trainig/runs) by extensions ['ros']
[0.268s] Level 1:colcon.colcon_core.package_identification:_identify(/home/pc/Documents/GitHub/HOME/Yolo_trainig/runs) by extension 'ros'
[0.268s] Level 1:colcon.colcon_core.package_identification:_identify(/home/pc/Documents/GitHub/HOME/Yolo_trainig/runs) by extensions ['cmake', 'python']
[0.268s] Level 1:colcon.colcon_core.package_identification:_identify(/home/pc/Documents/GitHub/HOME/Yolo_trainig/runs) by extension 'cmake'
[0.268s] Level 1:colcon.colcon_core.package_identification:_identify(/home/pc/Documents/GitHub/HOME/Yolo_trainig/runs) by extension 'python'
[0.268s] Level 1:colcon.colcon_core.package_identification:_identify(/home/pc/Documents/GitHub/HOME/Yolo_trainig/runs) by extensions ['python_setup_py']
[0.268s] Level 1:colcon.colcon_core.package_identification:_identify(/home/pc/Documents/GitHub/HOME/Yolo_trainig/runs) by extension 'python_setup_py'
[0.268s] Level 1:colcon.colcon_core.package_identification:_identify(/home/pc/Documents/GitHub/HOME/Yolo_trainig/runs/detect) by extensions ['ignore', 'ignore_ament_install']
[0.268s] Level 1:colcon.colcon_core.package_identification:_identify(/home/pc/Documents/GitHub/HOME/Yolo_trainig/runs/detect) by extension 'ignore'
[0.268s] Level 1:colcon.colcon_core.package_identification:_identify(/home/pc/Documents/GitHub/HOME/Yolo_trainig/runs/detect) by extension 'ignore_ament_install'
[0.268s] Level 1:colcon.colcon_core.package_identification:_identify(/home/pc/Documents/GitHub/HOME/Yolo_trainig/runs/detect) by extensions ['colcon_pkg']
[0.268s] Level 1:colcon.colcon_core.package_identification:_identify(/home/pc/Documents/GitHub/HOME/Yolo_trainig/runs/detect) by extension 'colcon_pkg'
[0.268s] Level 1:colcon.colcon_core.package_identification:_identify(/home/pc/Documents/GitHub/HOME/Yolo_trainig/runs/detect) by extensions ['colcon_meta']
[0.268s] Level 1:colcon.colcon_core.package_identification:_identify(/home/pc/Documents/GitHub/HOME/Yolo_trainig/runs/detect) by extension 'colcon_meta'
[0.268s] Level 1:colcon.colcon_core.package_identification:_identify(/home/pc/Documents/GitHub/HOME/Yolo_trainig/runs/detect) by extensions ['ros']
[0.268s] Level 1:colcon.colcon_core.package_identification:_identify(/home/pc/Documents/GitHub/HOME/Yolo_trainig/runs/detect) by extension 'ros'
[0.269s] Level 1:colcon.colcon_core.package_identification:_identify(/home/pc/Documents/GitHub/HOME/Yolo_trainig/runs/detect) by extensions ['cmake', 'python']
[0.269s] Level 1:colcon.colcon_core.package_identification:_identify(/home/pc/Documents/GitHub/HOME/Yolo_trainig/runs/detect) by extension 'cmake'
[0.269s] Level 1:colcon.colcon_core.package_identification:_identify(/home/pc/Documents/GitHub/HOME/Yolo_trainig/runs/detect) by extension 'python'
[0.269s] Level 1:colcon.colcon_core.package_identification:_identify(/home/pc/Documents/GitHub/HOME/Yolo_trainig/runs/detect) by extensions ['python_setup_py']
[0.269s] Level 1:colcon.colcon_core.package_identification:_identify(/home/pc/Documents/GitHub/HOME/Yolo_trainig/runs/detect) by extension 'python_setup_py'
[0.269s] Level 1:colcon.colcon_core.package_identification:_identify(/home/pc/Documents/GitHub/HOME/Yolo_trainig/runs/detect/treinada (falta bandeja)) by extensions ['ignore', 'ignore_ament_install']
[0.269s] Level 1:colcon.colcon_core.package_identification:_identify(/home/pc/Documents/GitHub/HOME/Yolo_trainig/runs/detect/treinada (falta bandeja)) by extension 'ignore'
[0.269s] Level 1:colcon.colcon_core.package_identification:_identify(/home/pc/Documents/GitHub/HOME/Yolo_trainig/runs/detect/treinada (falta bandeja)) by extension 'ignore_ament_install'
[0.269s] Level 1:colcon.colcon_core.package_identification:_identify(/home/pc/Documents/GitHub/HOME/Yolo_trainig/runs/detect/treinada (falta bandeja)) by extensions ['colcon_pkg']
[0.269s] Level 1:colcon.colcon_core.package_identification:_identify(/home/pc/Documents/GitHub/HOME/Yolo_trainig/runs/detect/treinada (falta bandeja)) by extension 'colcon_pkg'
[0.269s] Level 1:colcon.colcon_core.package_identification:_identify(/home/pc/Documents/GitHub/HOME/Yolo_trainig/runs/detect/treinada (falta bandeja)) by extensions ['colcon_meta']
[0.269s] Level 1:colcon.colcon_core.package_identification:_identify(/home/pc/Documents/GitHub/HOME/Yolo_trainig/runs/detect/treinada (falta bandeja)) by extension 'colcon_meta'
[0.269s] Level 1:colcon.colcon_core.package_identification:_identify(/home/pc/Documents/GitHub/HOME/Yolo_trainig/runs/detect/treinada (falta bandeja)) by extensions ['ros']
[0.269s] Level 1:colcon.colcon_core.package_identification:_identify(/home/pc/Documents/GitHub/HOME/Yolo_trainig/runs/detect/treinada (falta bandeja)) by extension 'ros'
[0.269s] Level 1:colcon.colcon_core.package_identification:_identify(/home/pc/Documents/GitHub/HOME/Yolo_trainig/runs/detect/treinada (falta bandeja)) by extensions ['cmake', 'python']
[0.269s] Level 1:colcon.colcon_core.package_identification:_identify(/home/pc/Documents/GitHub/HOME/Yolo_trainig/runs/detect/treinada (falta bandeja)) by extension 'cmake'
[0.269s] Level 1:colcon.colcon_core.package_identification:_identify(/home/pc/Documents/GitHub/HOME/Yolo_trainig/runs/detect/treinada (falta bandeja)) by extension 'python'
[0.269s] Level 1:colcon.colcon_core.package_identification:_identify(/home/pc/Documents/GitHub/HOME/Yolo_trainig/runs/detect/treinada (falta bandeja)) by extensions ['python_setup_py']
[0.269s] Level 1:colcon.colcon_core.package_identification:_identify(/home/pc/Documents/GitHub/HOME/Yolo_trainig/runs/detect/treinada (falta bandeja)) by extension 'python_setup_py'
[0.269s] Level 1:colcon.colcon_core.package_identification:_identify(/home/pc/Documents/GitHub/HOME/Yolo_trainig/runs/detect/treinada (falta bandeja)/weights) by extensions ['ignore', 'ignore_ament_install']
[0.269s] Level 1:colcon.colcon_core.package_identification:_identify(/home/pc/Documents/GitHub/HOME/Yolo_trainig/runs/detect/treinada (falta bandeja)/weights) by extension 'ignore'
[0.269s] Level 1:colcon.colcon_core.package_identification:_identify(/home/pc/Documents/GitHub/HOME/Yolo_trainig/runs/detect/treinada (falta bandeja)/weights) by extension 'ignore_ament_install'
[0.269s] Level 1:colcon.colcon_core.package_identification:_identify(/home/pc/Documents/GitHub/HOME/Yolo_trainig/runs/detect/treinada (falta bandeja)/weights) by extensions ['colcon_pkg']
[0.269s] Level 1:colcon.colcon_core.package_identification:_identify(/home/pc/Documents/GitHub/HOME/Yolo_trainig/runs/detect/treinada (falta bandeja)/weights) by extension 'colcon_pkg'
[0.269s] Level 1:colcon.colcon_core.package_identification:_identify(/home/pc/Documents/GitHub/HOME/Yolo_trainig/runs/detect/treinada (falta bandeja)/weights) by extensions ['colcon_meta']
[0.269s] Level 1:colcon.colcon_core.package_identification:_identify(/home/pc/Documents/GitHub/HOME/Yolo_trainig/runs/detect/treinada (falta bandeja)/weights) by extension 'colcon_meta'
[0.269s] Level 1:colcon.colcon_core.package_identification:_identify(/home/pc/Documents/GitHub/HOME/Yolo_trainig/runs/detect/treinada (falta bandeja)/weights) by extensions ['ros']
[0.269s] Level 1:colcon.colcon_core.package_identification:_identify(/home/pc/Documents/GitHub/HOME/Yolo_trainig/runs/detect/treinada (falta bandeja)/weights) by extension 'ros'
[0.269s] Level 1:colcon.colcon_core.package_identification:_identify(/home/pc/Documents/GitHub/HOME/Yolo_trainig/runs/detect/treinada (falta bandeja)/weights) by extensions ['cmake', 'python']
[0.269s] Level 1:colcon.colcon_core.package_identification:_identify(/home/pc/Documents/GitHub/HOME/Yolo_trainig/runs/detect/treinada (falta bandeja)/weights) by extension 'cmake'
[0.269s] Level 1:colcon.colcon_core.package_identification:_identify(/home/pc/Documents/GitHub/HOME/Yolo_trainig/runs/detect/treinada (falta bandeja)/weights) by extension 'python'
[0.269s] Level 1:colcon.colcon_core.package_identification:_identify(/home/pc/Documents/GitHub/HOME/Yolo_trainig/runs/detect/treinada (falta bandeja)/weights) by extensions ['python_setup_py']
[0.269s] Level 1:colcon.colcon_core.package_identification:_identify(/home/pc/Documents/GitHub/HOME/Yolo_trainig/runs/detect/treinada (falta bandeja)/weights) by extension 'python_setup_py'
[0.270s] Level 1:colcon.colcon_core.package_identification:_identify(/home/pc/Documents/GitHub/HOME/Yolo_trainig/runs/detect/treinada (falta bandeja)2) by extensions ['ignore', 'ignore_ament_install']
[0.270s] Level 1:colcon.colcon_core.package_identification:_identify(/home/pc/Documents/GitHub/HOME/Yolo_trainig/runs/detect/treinada (falta bandeja)2) by extension 'ignore'
[0.270s] Level 1:colcon.colcon_core.package_identification:_identify(/home/pc/Documents/GitHub/HOME/Yolo_trainig/runs/detect/treinada (falta bandeja)2) by extension 'ignore_ament_install'
[0.270s] Level 1:colcon.colcon_core.package_identification:_identify(/home/pc/Documents/GitHub/HOME/Yolo_trainig/runs/detect/treinada (falta bandeja)2) by extensions ['colcon_pkg']
[0.270s] Level 1:colcon.colcon_core.package_identification:_identify(/home/pc/Documents/GitHub/HOME/Yolo_trainig/runs/detect/treinada (falta bandeja)2) by extension 'colcon_pkg'
[0.270s] Level 1:colcon.colcon_core.package_identification:_identify(/home/pc/Documents/GitHub/HOME/Yolo_trainig/runs/detect/treinada (falta bandeja)2) by extensions ['colcon_meta']
[0.270s] Level 1:colcon.colcon_core.package_identification:_identify(/home/pc/Documents/GitHub/HOME/Yolo_trainig/runs/detect/treinada (falta bandeja)2) by extension 'colcon_meta'
[0.270s] Level 1:colcon.colcon_core.package_identification:_identify(/home/pc/Documents/GitHub/HOME/Yolo_trainig/runs/detect/treinada (falta bandeja)2) by extensions ['ros']
[0.270s] Level 1:colcon.colcon_core.package_identification:_identify(/home/pc/Documents/GitHub/HOME/Yolo_trainig/runs/detect/treinada (falta bandeja)2) by extension 'ros'
[0.270s] Level 1:colcon.colcon_core.package_identification:_identify(/home/pc/Documents/GitHub/HOME/Yolo_trainig/runs/detect/treinada (falta bandeja)2) by extensions ['cmake', 'python']
[0.270s] Level 1:colcon.colcon_core.package_identification:_identify(/home/pc/Documents/GitHub/HOME/Yolo_trainig/runs/detect/treinada (falta bandeja)2) by extension 'cmake'
[0.270s] Level 1:colcon.colcon_core.package_identification:_identify(/home/pc/Documents/GitHub/HOME/Yolo_trainig/runs/detect/treinada (falta bandeja)2) by extension 'python'
[0.270s] Level 1:colcon.colcon_core.package_identification:_identify(/home/pc/Documents/GitHub/HOME/Yolo_trainig/runs/detect/treinada (falta bandeja)2) by extensions ['python_setup_py']
[0.270s] Level 1:colcon.colcon_core.package_identification:_identify(/home/pc/Documents/GitHub/HOME/Yolo_trainig/runs/detect/treinada (falta bandeja)2) by extension 'python_setup_py'
[0.270s] Level 1:colcon.colcon_core.package_identification:_identify(/home/pc/Documents/GitHub/HOME/Yolo_trainig/runs/detect/treinada (falta bandeja)2/weights) by extensions ['ignore', 'ignore_ament_install']
[0.270s] Level 1:colcon.colcon_core.package_identification:_identify(/home/pc/Documents/GitHub/HOME/Yolo_trainig/runs/detect/treinada (falta bandeja)2/weights) by extension 'ignore'
[0.270s] Level 1:colcon.colcon_core.package_identification:_identify(/home/pc/Documents/GitHub/HOME/Yolo_trainig/runs/detect/treinada (falta bandeja)2/weights) by extension 'ignore_ament_install'
[0.270s] Level 1:colcon.colcon_core.package_identification:_identify(/home/pc/Documents/GitHub/HOME/Yolo_trainig/runs/detect/treinada (falta bandeja)2/weights) by extensions ['colcon_pkg']
[0.270s] Level 1:colcon.colcon_core.package_identification:_identify(/home/pc/Documents/GitHub/HOME/Yolo_trainig/runs/detect/treinada (falta bandeja)2/weights) by extension 'colcon_pkg'
[0.270s] Level 1:colcon.colcon_core.package_identification:_identify(/home/pc/Documents/GitHub/HOME/Yolo_trainig/runs/detect/treinada (falta bandeja)2/weights) by extensions ['colcon_meta']
[0.270s] Level 1:colcon.colcon_core.package_identification:_identify(/home/pc/Documents/GitHub/HOME/Yolo_trainig/runs/detect/treinada (falta bandeja)2/weights) by extension 'colcon_meta'
[0.270s] Level 1:colcon.colcon_core.package_identification:_identify(/home/pc/Documents/GitHub/HOME/Yolo_trainig/runs/detect/treinada (falta bandeja)2/weights) by extensions ['ros']
[0.270s] Level 1:colcon.colcon_core.package_identification:_identify(/home/pc/Documents/GitHub/HOME/Yolo_trainig/runs/detect/treinada (falta bandeja)2/weights) by extension 'ros'
[0.270s] Level 1:colcon.colcon_core.package_identification:_identify(/home/pc/Documents/GitHub/HOME/Yolo_trainig/runs/detect/treinada (falta bandeja)2/weights) by extensions ['cmake', 'python']
[0.270s] Level 1:colcon.colcon_core.package_identification:_identify(/home/pc/Documents/GitHub/HOME/Yolo_trainig/runs/detect/treinada (falta bandeja)2/weights) by extension 'cmake'
[0.270s] Level 1:colcon.colcon_core.package_identification:_identify(/home/pc/Documents/GitHub/HOME/Yolo_trainig/runs/detect/treinada (falta bandeja)2/weights) by extension 'python'
[0.270s] Level 1:colcon.colcon_core.package_identification:_identify(/home/pc/Documents/GitHub/HOME/Yolo_trainig/runs/detect/treinada (falta bandeja)2/weights) by extensions ['python_setup_py']
[0.270s] Level 1:colcon.colcon_core.package_identification:_identify(/home/pc/Documents/GitHub/HOME/Yolo_trainig/runs/detect/treinada (falta bandeja)2/weights) by extension 'python_setup_py'
[0.270s] Level 1:colcon.colcon_core.package_identification:_identify(/home/pc/Documents/GitHub/HOME/Yolo_trainig/runs/detect/treinada (falta bandeja)3) by extensions ['ignore', 'ignore_ament_install']
[0.270s] Level 1:colcon.colcon_core.package_identification:_identify(/home/pc/Documents/GitHub/HOME/Yolo_trainig/runs/detect/treinada (falta bandeja)3) by extension 'ignore'
[0.270s] Level 1:colcon.colcon_core.package_identification:_identify(/home/pc/Documents/GitHub/HOME/Yolo_trainig/runs/detect/treinada (falta bandeja)3) by extension 'ignore_ament_install'
[0.270s] Level 1:colcon.colcon_core.package_identification:_identify(/home/pc/Documents/GitHub/HOME/Yolo_trainig/runs/detect/treinada (falta bandeja)3) by extensions ['colcon_pkg']
[0.271s] Level 1:colcon.colcon_core.package_identification:_identify(/home/pc/Documents/GitHub/HOME/Yolo_trainig/runs/detect/treinada (falta bandeja)3) by extension 'colcon_pkg'
[0.271s] Level 1:colcon.colcon_core.package_identification:_identify(/home/pc/Documents/GitHub/HOME/Yolo_trainig/runs/detect/treinada (falta bandeja)3) by extensions ['colcon_meta']
[0.271s] Level 1:colcon.colcon_core.package_identification:_identify(/home/pc/Documents/GitHub/HOME/Yolo_trainig/runs/detect/treinada (falta bandeja)3) by extension 'colcon_meta'
[0.271s] Level 1:colcon.colcon_core.package_identification:_identify(/home/pc/Documents/GitHub/HOME/Yolo_trainig/runs/detect/treinada (falta bandeja)3) by extensions ['ros']
[0.271s] Level 1:colcon.colcon_core.package_identification:_identify(/home/pc/Documents/GitHub/HOME/Yolo_trainig/runs/detect/treinada (falta bandeja)3) by extension 'ros'
[0.271s] Level 1:colcon.colcon_core.package_identification:_identify(/home/pc/Documents/GitHub/HOME/Yolo_trainig/runs/detect/treinada (falta bandeja)3) by extensions ['cmake', 'python']
[0.271s] Level 1:colcon.colcon_core.package_identification:_identify(/home/pc/Documents/GitHub/HOME/Yolo_trainig/runs/detect/treinada (falta bandeja)3) by extension 'cmake'
[0.271s] Level 1:colcon.colcon_core.package_identification:_identify(/home/pc/Documents/GitHub/HOME/Yolo_trainig/runs/detect/treinada (falta bandeja)3) by extension 'python'
[0.271s] Level 1:colcon.colcon_core.package_identification:_identify(/home/pc/Documents/GitHub/HOME/Yolo_trainig/runs/detect/treinada (falta bandeja)3) by extensions ['python_setup_py']
[0.271s] Level 1:colcon.colcon_core.package_identification:_identify(/home/pc/Documents/GitHub/HOME/Yolo_trainig/runs/detect/treinada (falta bandeja)3) by extension 'python_setup_py'
[0.271s] Level 1:colcon.colcon_core.package_identification:_identify(/home/pc/Documents/GitHub/HOME/Yolo_trainig/runs/detect/treinada (falta bandeja)3/weights) by extensions ['ignore', 'ignore_ament_install']
[0.271s] Level 1:colcon.colcon_core.package_identification:_identify(/home/pc/Documents/GitHub/HOME/Yolo_trainig/runs/detect/treinada (falta bandeja)3/weights) by extension 'ignore'
[0.271s] Level 1:colcon.colcon_core.package_identification:_identify(/home/pc/Documents/GitHub/HOME/Yolo_trainig/runs/detect/treinada (falta bandeja)3/weights) by extension 'ignore_ament_install'
[0.271s] Level 1:colcon.colcon_core.package_identification:_identify(/home/pc/Documents/GitHub/HOME/Yolo_trainig/runs/detect/treinada (falta bandeja)3/weights) by extensions ['colcon_pkg']
[0.271s] Level 1:colcon.colcon_core.package_identification:_identify(/home/pc/Documents/GitHub/HOME/Yolo_trainig/runs/detect/treinada (falta bandeja)3/weights) by extension 'colcon_pkg'
[0.271s] Level 1:colcon.colcon_core.package_identification:_identify(/home/pc/Documents/GitHub/HOME/Yolo_trainig/runs/detect/treinada (falta bandeja)3/weights) by extensions ['colcon_meta']
[0.271s] Level 1:colcon.colcon_core.package_identification:_identify(/home/pc/Documents/GitHub/HOME/Yolo_trainig/runs/detect/treinada (falta bandeja)3/weights) by extension 'colcon_meta'
[0.271s] Level 1:colcon.colcon_core.package_identification:_identify(/home/pc/Documents/GitHub/HOME/Yolo_trainig/runs/detect/treinada (falta bandeja)3/weights) by extensions ['ros']
[0.271s] Level 1:colcon.colcon_core.package_identification:_identify(/home/pc/Documents/GitHub/HOME/Yolo_trainig/runs/detect/treinada (falta bandeja)3/weights) by extension 'ros'
[0.271s] Level 1:colcon.colcon_core.package_identification:_identify(/home/pc/Documents/GitHub/HOME/Yolo_trainig/runs/detect/treinada (falta bandeja)3/weights) by extensions ['cmake', 'python']
[0.271s] Level 1:colcon.colcon_core.package_identification:_identify(/home/pc/Documents/GitHub/HOME/Yolo_trainig/runs/detect/treinada (falta bandeja)3/weights) by extension 'cmake'
[0.271s] Level 1:colcon.colcon_core.package_identification:_identify(/home/pc/Documents/GitHub/HOME/Yolo_trainig/runs/detect/treinada (falta bandeja)3/weights) by extension 'python'
[0.271s] Level 1:colcon.colcon_core.package_identification:_identify(/home/pc/Documents/GitHub/HOME/Yolo_trainig/runs/detect/treinada (falta bandeja)3/weights) by extensions ['python_setup_py']
[0.271s] Level 1:colcon.colcon_core.package_identification:_identify(/home/pc/Documents/GitHub/HOME/Yolo_trainig/runs/detect/treinada (falta bandeja)3/weights) by extension 'python_setup_py'
[0.271s] Level 1:colcon.colcon_core.package_discovery:discover_packages(recursive) using defaults
