[0.023s] Invoking command in '/home/emzx/ros2_ws/build/bumperbot_localization': CMAKE_PREFIX_PATH=${CMAKE_PREFIX_PATH}:/home/emzx/ros2_ws/install/turtlesim_catch_them_all:/home/emzx/ros2_ws/install/pacote_teste:/home/emzx/ros2_ws/install/bumperbot_utils:/home/emzx/ros2_ws/install/bumperbot_py:/opt/ros/jazzy DEBUGINFOD_URLS=https://debuginfod.ubuntu.com /usr/bin/cmake --build /home/emzx/ros2_ws/build/bumperbot_localization -- -j8 -l8
[0.353s] Built target ament_cmake_python_symlink_bumperbot_localization
[0.404s] running egg_info
[0.437s] writing bumperbot_localization.egg-info/PKG-INFO
[0.438s] writing dependency_links to bumperbot_localization.egg-info/dependency_links.txt
[0.438s] writing top-level names to bumperbot_localization.egg-info/top_level.txt
[0.536s] reading manifest file 'bumperbot_localization.egg-info/SOURCES.txt'
[0.537s] writing manifest file 'bumperbot_localization.egg-info/SOURCES.txt'
[0.579s] Built target ament_cmake_python_build_bumperbot_localization_egg
[0.643s] Invoked command in '/home/emzx/ros2_ws/build/bumperbot_localization' returned '0': CMAKE_PREFIX_PATH=${CMAKE_PREFIX_PATH}:/home/emzx/ros2_ws/install/turtlesim_catch_them_all:/home/emzx/ros2_ws/install/pacote_teste:/home/emzx/ros2_ws/install/bumperbot_utils:/home/emzx/ros2_ws/install/bumperbot_py:/opt/ros/jazzy DEBUGINFOD_URLS=https://debuginfod.ubuntu.com /usr/bin/cmake --build /home/emzx/ros2_ws/build/bumperbot_localization -- -j8 -l8
[0.644s] Invoking command in '/home/emzx/ros2_ws/build/bumperbot_localization': CMAKE_PREFIX_PATH=${CMAKE_PREFIX_PATH}:/home/emzx/ros2_ws/install/turtlesim_catch_them_all:/home/emzx/ros2_ws/install/pacote_teste:/home/emzx/ros2_ws/install/bumperbot_utils:/home/emzx/ros2_ws/install/bumperbot_py:/opt/ros/jazzy DEBUGINFOD_URLS=https://debuginfod.ubuntu.com /usr/bin/cmake --install /home/emzx/ros2_ws/build/bumperbot_localization
[0.675s] -- Install configuration: ""
[0.675s] -- Execute custom install script
[0.675s] -- Up-to-date symlink: /home/emzx/ros2_ws/install/bumperbot_localization/share/bumperbot_localization/environment/pythonpath.sh
[0.676s] -- Up-to-date symlink: /home/emzx/ros2_ws/install/bumperbot_localization/share/bumperbot_localization/environment/pythonpath.dsv
[0.676s] -- Up-to-date symlink: /home/emzx/ros2_ws/install/bumperbot_localization/lib/python3.12/site-packages/bumperbot_localization-0.0.0-py3.12.egg-info/PKG-INFO
[0.676s] -- Up-to-date symlink: /home/emzx/ros2_ws/install/bumperbot_localization/lib/python3.12/site-packages/bumperbot_localization-0.0.0-py3.12.egg-info/SOURCES.txt
[0.676s] -- Up-to-date symlink: /home/emzx/ros2_ws/install/bumperbot_localization/lib/python3.12/site-packages/bumperbot_localization-0.0.0-py3.12.egg-info/dependency_links.txt
[0.676s] -- Up-to-date symlink: /home/emzx/ros2_ws/install/bumperbot_localization/lib/python3.12/site-packages/bumperbot_localization-0.0.0-py3.12.egg-info/top_level.txt
[0.676s] -- Up-to-date symlink: /home/emzx/ros2_ws/install/bumperbot_localization/lib/python3.12/site-packages/bumperbot_localization/__init__.py
[0.676s] -- Up-to-date symlink: /home/emzx/ros2_ws/install/bumperbot_localization/lib/python3.12/site-packages/bumperbot_localization/imu_republisher.py
[0.676s] -- Up-to-date symlink: /home/emzx/ros2_ws/install/bumperbot_localization/lib/python3.12/site-packages/bumperbot_localization/kalman_filter.py
[0.677s] -- Up-to-date symlink: /home/emzx/ros2_ws/install/bumperbot_localization/lib/python3.12/site-packages/bumperbot_localization/odometry_motion_model.py
[0.677s] -- Up-to-date symlink: /home/emzx/ros2_ws/install/bumperbot_localization/lib/python3.12/site-packages/bumperbot_localization/rascunho.txt
[0.677s] -- Up-to-date symlink: /home/emzx/ros2_ws/install/bumperbot_localization/lib/bumperbot_localization/kalman_filter.py
[0.677s] -- Up-to-date symlink: /home/emzx/ros2_ws/install/bumperbot_localization/lib/bumperbot_localization/imu_republisher.py
[0.677s] -- Up-to-date symlink: /home/emzx/ros2_ws/install/bumperbot_localization/lib/bumperbot_localization/odometry_motion_model.py
[0.677s] -- Up-to-date symlink: /home/emzx/ros2_ws/install/bumperbot_localization/share/bumperbot_localization/launch/global_localization.launch.py
[0.677s] -- Up-to-date symlink: /home/emzx/ros2_ws/install/bumperbot_localization/share/bumperbot_localization/launch/local_localization.launch.py
[0.678s] -- Up-to-date symlink: /home/emzx/ros2_ws/install/bumperbot_localization/share/bumperbot_localization/config/amcl.yaml
[0.679s] -- Up-to-date symlink: /home/emzx/ros2_ws/install/bumperbot_localization/share/bumperbot_localization/config/ekf.yaml
[0.679s] -- Up-to-date symlink: /home/emzx/ros2_ws/install/bumperbot_localization/share/ament_index/resource_index/package_run_dependencies/bumperbot_localization
[0.679s] -- Up-to-date symlink: /home/emzx/ros2_ws/install/bumperbot_localization/share/ament_index/resource_index/parent_prefix_path/bumperbot_localization
[0.679s] -- Up-to-date symlink: /home/emzx/ros2_ws/install/bumperbot_localization/share/bumperbot_localization/environment/ament_prefix_path.sh
[0.679s] -- Up-to-date symlink: /home/emzx/ros2_ws/install/bumperbot_localization/share/bumperbot_localization/environment/ament_prefix_path.dsv
[0.679s] -- Up-to-date symlink: /home/emzx/ros2_ws/install/bumperbot_localization/share/bumperbot_localization/environment/path.sh
[0.679s] -- Up-to-date symlink: /home/emzx/ros2_ws/install/bumperbot_localization/share/bumperbot_localization/environment/path.dsv
[0.679s] -- Up-to-date symlink: /home/emzx/ros2_ws/install/bumperbot_localization/share/bumperbot_localization/local_setup.bash
[0.680s] -- Up-to-date symlink: /home/emzx/ros2_ws/install/bumperbot_localization/share/bumperbot_localization/local_setup.sh
[0.682s] -- Up-to-date symlink: /home/emzx/ros2_ws/install/bumperbot_localization/share/bumperbot_localization/local_setup.zsh
[0.682s] -- Up-to-date symlink: /home/emzx/ros2_ws/install/bumperbot_localization/share/bumperbot_localization/local_setup.dsv
[0.682s] -- Symlinking: /home/emzx/ros2_ws/install/bumperbot_localization/share/bumperbot_localization/package.dsv
[0.697s] -- Up-to-date symlink: /home/emzx/ros2_ws/install/bumperbot_localization/share/ament_index/resource_index/packages/bumperbot_localization
[0.697s] -- Up-to-date symlink: /home/emzx/ros2_ws/install/bumperbot_localization/share/bumperbot_localization/cmake/bumperbot_localizationConfig.cmake
[0.699s] -- Up-to-date symlink: /home/emzx/ros2_ws/install/bumperbot_localization/share/bumperbot_localization/cmake/bumperbot_localizationConfig-version.cmake
[0.699s] -- Up-to-date symlink: /home/emzx/ros2_ws/install/bumperbot_localization/share/bumperbot_localization/package.xml
[0.801s] Listing '/home/emzx/ros2_ws/install/bumperbot_localization/lib/python3.12/site-packages/bumperbot_localization'...
[0.864s] Invoked command in '/home/emzx/ros2_ws/build/bumperbot_localization' returned '0': CMAKE_PREFIX_PATH=${CMAKE_PREFIX_PATH}:/home/emzx/ros2_ws/install/turtlesim_catch_them_all:/home/emzx/ros2_ws/install/pacote_teste:/home/emzx/ros2_ws/install/bumperbot_utils:/home/emzx/ros2_ws/install/bumperbot_py:/opt/ros/jazzy DEBUGINFOD_URLS=https://debuginfod.ubuntu.com /usr/bin/cmake --install /home/emzx/ros2_ws/build/bumperbot_localization
