[0.034s] Invoking command in '/home/emzx/ros2_ws/build/bumperbot_localization': CMAKE_PREFIX_PATH=${CMAKE_PREFIX_PATH}:/home/emzx/ros2_ws/install/turtlesim_catch_them_all:/home/emzx/ros2_ws/install/pacote_teste:/home/emzx/ros2_ws/install/bumperbot_utils:/home/emzx/ros2_ws/install/bumperbot_py:/opt/ros/jazzy DEBUGINFOD_URLS=https://debuginfod.ubuntu.com /usr/bin/cmake --build /home/emzx/ros2_ws/build/bumperbot_localization -- -j8 -l8
[0.393s] Built target ament_cmake_python_symlink_bumperbot_localization
[0.394s] running egg_info
[0.412s] writing bumperbot_localization.egg-info/PKG-INFO
[0.412s] writing dependency_links to bumperbot_localization.egg-info/dependency_links.txt
[0.413s] writing top-level names to bumperbot_localization.egg-info/top_level.txt
[0.499s] reading manifest file 'bumperbot_localization.egg-info/SOURCES.txt'
[0.500s] writing manifest file 'bumperbot_localization.egg-info/SOURCES.txt'
[0.527s] Built target ament_cmake_python_build_bumperbot_localization_egg
[0.724s] Invoked command in '/home/emzx/ros2_ws/build/bumperbot_localization' returned '0': CMAKE_PREFIX_PATH=${CMAKE_PREFIX_PATH}:/home/emzx/ros2_ws/install/turtlesim_catch_them_all:/home/emzx/ros2_ws/install/pacote_teste:/home/emzx/ros2_ws/install/bumperbot_utils:/home/emzx/ros2_ws/install/bumperbot_py:/opt/ros/jazzy DEBUGINFOD_URLS=https://debuginfod.ubuntu.com /usr/bin/cmake --build /home/emzx/ros2_ws/build/bumperbot_localization -- -j8 -l8
[0.725s] Invoking command in '/home/emzx/ros2_ws/build/bumperbot_localization': CMAKE_PREFIX_PATH=${CMAKE_PREFIX_PATH}:/home/emzx/ros2_ws/install/turtlesim_catch_them_all:/home/emzx/ros2_ws/install/pacote_teste:/home/emzx/ros2_ws/install/bumperbot_utils:/home/emzx/ros2_ws/install/bumperbot_py:/opt/ros/jazzy DEBUGINFOD_URLS=https://debuginfod.ubuntu.com /usr/bin/cmake --install /home/emzx/ros2_ws/build/bumperbot_localization
[0.734s] -- Install configuration: ""
[0.735s] -- Execute custom install script
[0.736s] -- Up-to-date symlink: /home/emzx/ros2_ws/install/bumperbot_localization/share/bumperbot_localization/environment/pythonpath.sh
[0.736s] -- Up-to-date symlink: /home/emzx/ros2_ws/install/bumperbot_localization/share/bumperbot_localization/environment/pythonpath.dsv
[0.738s] -- Up-to-date symlink: /home/emzx/ros2_ws/install/bumperbot_localization/lib/python3.12/site-packages/bumperbot_localization-0.0.0-py3.12.egg-info/PKG-INFO
[0.738s] -- Up-to-date symlink: /home/emzx/ros2_ws/install/bumperbot_localization/lib/python3.12/site-packages/bumperbot_localization-0.0.0-py3.12.egg-info/SOURCES.txt
[0.739s] -- Up-to-date symlink: /home/emzx/ros2_ws/install/bumperbot_localization/lib/python3.12/site-packages/bumperbot_localization-0.0.0-py3.12.egg-info/dependency_links.txt
[0.739s] -- Up-to-date symlink: /home/emzx/ros2_ws/install/bumperbot_localization/lib/python3.12/site-packages/bumperbot_localization-0.0.0-py3.12.egg-info/top_level.txt
[0.739s] -- Up-to-date symlink: /home/emzx/ros2_ws/install/bumperbot_localization/lib/python3.12/site-packages/bumperbot_localization/__init__.py
[0.739s] -- Up-to-date symlink: /home/emzx/ros2_ws/install/bumperbot_localization/lib/python3.12/site-packages/bumperbot_localization/imu_republisher.py
[0.739s] -- Up-to-date symlink: /home/emzx/ros2_ws/install/bumperbot_localization/lib/python3.12/site-packages/bumperbot_localization/kalman_filter.py
[0.739s] -- Up-to-date symlink: /home/emzx/ros2_ws/install/bumperbot_localization/lib/python3.12/site-packages/bumperbot_localization/odometry_motion_model.py
[0.742s] -- Up-to-date symlink: /home/emzx/ros2_ws/install/bumperbot_localization/lib/python3.12/site-packages/bumperbot_localization/rascunho.txt
[0.743s] -- Up-to-date symlink: /home/emzx/ros2_ws/install/bumperbot_localization/lib/bumperbot_localization/kalman_filter.py
[0.743s] -- Up-to-date symlink: /home/emzx/ros2_ws/install/bumperbot_localization/lib/bumperbot_localization/imu_republisher.py
[0.743s] -- Up-to-date symlink: /home/emzx/ros2_ws/install/bumperbot_localization/lib/bumperbot_localization/odometry_motion_model.py
[0.743s] -- Up-to-date symlink: /home/emzx/ros2_ws/install/bumperbot_localization/share/bumperbot_localization/launch/global_localization.launch.py
[0.743s] -- Up-to-date symlink: /home/emzx/ros2_ws/install/bumperbot_localization/share/bumperbot_localization/launch/local_localization.launch.py
[0.743s] -- Up-to-date symlink: /home/emzx/ros2_ws/install/bumperbot_localization/share/bumperbot_localization/config/amcl.yaml
[0.744s] -- Up-to-date symlink: /home/emzx/ros2_ws/install/bumperbot_localization/share/bumperbot_localization/config/ekf.yaml
[0.748s] -- Up-to-date symlink: /home/emzx/ros2_ws/install/bumperbot_localization/share/ament_index/resource_index/package_run_dependencies/bumperbot_localization
[0.748s] -- Up-to-date symlink: /home/emzx/ros2_ws/install/bumperbot_localization/share/ament_index/resource_index/parent_prefix_path/bumperbot_localization
[0.748s] -- Up-to-date symlink: /home/emzx/ros2_ws/install/bumperbot_localization/share/bumperbot_localization/environment/ament_prefix_path.sh
[0.748s] -- Up-to-date symlink: /home/emzx/ros2_ws/install/bumperbot_localization/share/bumperbot_localization/environment/ament_prefix_path.dsv
[0.748s] -- Up-to-date symlink: /home/emzx/ros2_ws/install/bumperbot_localization/share/bumperbot_localization/environment/path.sh
[0.749s] -- Up-to-date symlink: /home/emzx/ros2_ws/install/bumperbot_localization/share/bumperbot_localization/environment/path.dsv
[0.749s] -- Up-to-date symlink: /home/emzx/ros2_ws/install/bumperbot_localization/share/bumperbot_localization/local_setup.bash
[0.749s] -- Up-to-date symlink: /home/emzx/ros2_ws/install/bumperbot_localization/share/bumperbot_localization/local_setup.sh
[0.749s] -- Up-to-date symlink: /home/emzx/ros2_ws/install/bumperbot_localization/share/bumperbot_localization/local_setup.zsh
[0.749s] -- Up-to-date symlink: /home/emzx/ros2_ws/install/bumperbot_localization/share/bumperbot_localization/local_setup.dsv
[0.749s] -- Symlinking: /home/emzx/ros2_ws/install/bumperbot_localization/share/bumperbot_localization/package.dsv
[0.772s] -- Up-to-date symlink: /home/emzx/ros2_ws/install/bumperbot_localization/share/ament_index/resource_index/packages/bumperbot_localization
[0.772s] -- Up-to-date symlink: /home/emzx/ros2_ws/install/bumperbot_localization/share/bumperbot_localization/cmake/bumperbot_localizationConfig.cmake
[0.772s] -- Up-to-date symlink: /home/emzx/ros2_ws/install/bumperbot_localization/share/bumperbot_localization/cmake/bumperbot_localizationConfig-version.cmake
[0.772s] -- Up-to-date symlink: /home/emzx/ros2_ws/install/bumperbot_localization/share/bumperbot_localization/package.xml
[0.814s] Listing '/home/emzx/ros2_ws/install/bumperbot_localization/lib/python3.12/site-packages/bumperbot_localization'...
[0.834s] Invoked command in '/home/emzx/ros2_ws/build/bumperbot_localization' returned '0': CMAKE_PREFIX_PATH=${CMAKE_PREFIX_PATH}:/home/emzx/ros2_ws/install/turtlesim_catch_them_all:/home/emzx/ros2_ws/install/pacote_teste:/home/emzx/ros2_ws/install/bumperbot_utils:/home/emzx/ros2_ws/install/bumperbot_py:/opt/ros/jazzy DEBUGINFOD_URLS=https://debuginfod.ubuntu.com /usr/bin/cmake --install /home/emzx/ros2_ws/build/bumperbot_localization
