[0.386s] DEBUG:colcon:Command line arguments: ['/usr/bin/colcon', 'list', '-p', '--base-paths', '/home/emzx/ros2_ws']
[0.386s] DEBUG:colcon:Parsed command line arguments: Namespace(log_base=None, log_level=None, verb_name='list', build_base='build', ignore_user_meta=False, metas=['./colcon.meta'], base_paths=['/home/emzx/ros2_ws'], packages_ignore=None, packages_ignore_regex=None, paths=None, packages_up_to=None, packages_up_to_regex=None, packages_above=None, packages_above_and_dependencies=None, packages_above_depth=None, packages_select_by_dep=None, packages_skip_by_dep=None, packages_skip_up_to=None, packages_select_build_failed=False, packages_skip_build_finished=False, packages_select_test_failures=False, packages_skip_test_passed=False, packages_select=None, packages_skip=None, packages_select_regex=None, packages_skip_regex=None, packages_start=None, packages_end=None, allow_overriding=[], topological_order=False, names_only=False, paths_only=True, topological_graph=False, topological_graph_dot=False, topological_graph_density=False, topological_graph_legend=False, topological_graph_dot_cluster=False, topological_graph_dot_include_skipped=False, mixin_files=None, mixin=None, verb_parser=<colcon_mixin.mixin.mixin_argument.MixinArgumentDecorator object at 0x7504b2833890>, verb_extension=<colcon_package_information.verb.list.ListVerb object at 0x7504b2832c90>, main=<bound method ListVerb.main of <colcon_package_information.verb.list.ListVerb object at 0x7504b2832c90>>, mixin_verb=('list',))
[0.504s] Level 1:colcon.colcon_core.package_discovery:discover_packages(colcon_meta) check parameters
[0.504s] Level 1:colcon.colcon_core.package_discovery:discover_packages(recursive) check parameters
[0.504s] Level 1:colcon.colcon_core.package_discovery:discover_packages(ignore) check parameters
[0.504s] Level 1:colcon.colcon_core.package_discovery:discover_packages(path) check parameters
[0.504s] Level 1:colcon.colcon_core.package_discovery:discover_packages(recursive) discover
[0.504s] INFO:colcon.colcon_core.package_discovery:Crawling recursively for packages in '/home/emzx/ros2_ws'
[0.505s] Level 1:colcon.colcon_core.package_identification:_identify(/home/emzx/ros2_ws) by extensions ['ignore', 'ignore_ament_install']
[0.505s] Level 1:colcon.colcon_core.package_identification:_identify(/home/emzx/ros2_ws) by extension 'ignore'
[0.505s] Level 1:colcon.colcon_core.package_identification:_identify(/home/emzx/ros2_ws) by extension 'ignore_ament_install'
[0.506s] Level 1:colcon.colcon_core.package_identification:_identify(/home/emzx/ros2_ws) by extensions ['colcon_pkg']
[0.506s] Level 1:colcon.colcon_core.package_identification:_identify(/home/emzx/ros2_ws) by extension 'colcon_pkg'
[0.506s] Level 1:colcon.colcon_core.package_identification:_identify(/home/emzx/ros2_ws) by extensions ['colcon_meta']
[0.506s] Level 1:colcon.colcon_core.package_identification:_identify(/home/emzx/ros2_ws) by extension 'colcon_meta'
[0.506s] Level 1:colcon.colcon_core.package_identification:_identify(/home/emzx/ros2_ws) by extensions ['ros']
[0.506s] Level 1:colcon.colcon_core.package_identification:_identify(/home/emzx/ros2_ws) by extension 'ros'
[0.588s] Level 1:colcon.colcon_core.package_identification:_identify(/home/emzx/ros2_ws) by extensions ['cmake', 'python']
[0.588s] Level 1:colcon.colcon_core.package_identification:_identify(/home/emzx/ros2_ws) by extension 'cmake'
[0.589s] Level 1:colcon.colcon_core.package_identification:_identify(/home/emzx/ros2_ws) by extension 'python'
[0.589s] Level 1:colcon.colcon_core.package_identification:_identify(/home/emzx/ros2_ws) by extensions ['python_setup_py']
[0.589s] Level 1:colcon.colcon_core.package_identification:_identify(/home/emzx/ros2_ws) by extension 'python_setup_py'
[0.589s] Level 1:colcon.colcon_core.package_identification:_identify(/home/emzx/ros2_ws/build) by extensions ['ignore', 'ignore_ament_install']
[0.589s] Level 1:colcon.colcon_core.package_identification:_identify(/home/emzx/ros2_ws/build) by extension 'ignore'
[0.590s] Level 1:colcon.colcon_core.package_identification:_identify(/home/emzx/ros2_ws/build) ignored
[0.590s] Level 1:colcon.colcon_core.package_identification:_identify(/home/emzx/ros2_ws/install) by extensions ['ignore', 'ignore_ament_install']
[0.590s] Level 1:colcon.colcon_core.package_identification:_identify(/home/emzx/ros2_ws/install) by extension 'ignore'
[0.591s] Level 1:colcon.colcon_core.package_identification:_identify(/home/emzx/ros2_ws/install) ignored
[0.591s] Level 1:colcon.colcon_core.package_identification:_identify(/home/emzx/ros2_ws/log) by extensions ['ignore', 'ignore_ament_install']
[0.592s] Level 1:colcon.colcon_core.package_identification:_identify(/home/emzx/ros2_ws/log) by extension 'ignore'
[0.592s] Level 1:colcon.colcon_core.package_identification:_identify(/home/emzx/ros2_ws/log) ignored
[0.592s] Level 1:colcon.colcon_core.package_identification:_identify(/home/emzx/ros2_ws/src) by extensions ['ignore', 'ignore_ament_install']
[0.592s] Level 1:colcon.colcon_core.package_identification:_identify(/home/emzx/ros2_ws/src) by extension 'ignore'
[0.593s] Level 1:colcon.colcon_core.package_identification:_identify(/home/emzx/ros2_ws/src) by extension 'ignore_ament_install'
[0.593s] Level 1:colcon.colcon_core.package_identification:_identify(/home/emzx/ros2_ws/src) by extensions ['colcon_pkg']
[0.593s] Level 1:colcon.colcon_core.package_identification:_identify(/home/emzx/ros2_ws/src) by extension 'colcon_pkg'
[0.593s] Level 1:colcon.colcon_core.package_identification:_identify(/home/emzx/ros2_ws/src) by extensions ['colcon_meta']
[0.593s] Level 1:colcon.colcon_core.package_identification:_identify(/home/emzx/ros2_ws/src) by extension 'colcon_meta'
[0.593s] Level 1:colcon.colcon_core.package_identification:_identify(/home/emzx/ros2_ws/src) by extensions ['ros']
[0.593s] Level 1:colcon.colcon_core.package_identification:_identify(/home/emzx/ros2_ws/src) by extension 'ros'
[0.594s] Level 1:colcon.colcon_core.package_identification:_identify(/home/emzx/ros2_ws/src) by extensions ['cmake', 'python']
[0.594s] Level 1:colcon.colcon_core.package_identification:_identify(/home/emzx/ros2_ws/src) by extension 'cmake'
[0.594s] Level 1:colcon.colcon_core.package_identification:_identify(/home/emzx/ros2_ws/src) by extension 'python'
[0.594s] Level 1:colcon.colcon_core.package_identification:_identify(/home/emzx/ros2_ws/src) by extensions ['python_setup_py']
[0.594s] Level 1:colcon.colcon_core.package_identification:_identify(/home/emzx/ros2_ws/src) by extension 'python_setup_py'
[0.594s] Level 1:colcon.colcon_core.package_identification:_identify(/home/emzx/ros2_ws/src/build) by extensions ['ignore', 'ignore_ament_install']
[0.594s] Level 1:colcon.colcon_core.package_identification:_identify(/home/emzx/ros2_ws/src/build) by extension 'ignore'
[0.595s] Level 1:colcon.colcon_core.package_identification:_identify(/home/emzx/ros2_ws/src/build) ignored
[0.595s] Level 1:colcon.colcon_core.package_identification:_identify(/home/emzx/ros2_ws/src/bumperbot_bringup) by extensions ['ignore', 'ignore_ament_install']
[0.595s] Level 1:colcon.colcon_core.package_identification:_identify(/home/emzx/ros2_ws/src/bumperbot_bringup) by extension 'ignore'
[0.595s] Level 1:colcon.colcon_core.package_identification:_identify(/home/emzx/ros2_ws/src/bumperbot_bringup) by extension 'ignore_ament_install'
[0.595s] Level 1:colcon.colcon_core.package_identification:_identify(/home/emzx/ros2_ws/src/bumperbot_bringup) by extensions ['colcon_pkg']
[0.595s] Level 1:colcon.colcon_core.package_identification:_identify(/home/emzx/ros2_ws/src/bumperbot_bringup) by extension 'colcon_pkg'
[0.596s] Level 1:colcon.colcon_core.package_identification:_identify(/home/emzx/ros2_ws/src/bumperbot_bringup) by extensions ['colcon_meta']
[0.596s] Level 1:colcon.colcon_core.package_identification:_identify(/home/emzx/ros2_ws/src/bumperbot_bringup) by extension 'colcon_meta'
[0.596s] Level 1:colcon.colcon_core.package_identification:_identify(/home/emzx/ros2_ws/src/bumperbot_bringup) by extensions ['ros']
[0.596s] Level 1:colcon.colcon_core.package_identification:_identify(/home/emzx/ros2_ws/src/bumperbot_bringup) by extension 'ros'
[0.603s] DEBUG:colcon.colcon_core.package_identification:Package '/home/emzx/ros2_ws/src/bumperbot_bringup' with type 'ros.ament_cmake' and name 'bumperbot_bringup'
[0.603s] Level 1:colcon.colcon_core.package_identification:_identify(/home/emzx/ros2_ws/src/bumperbot_controller) by extensions ['ignore', 'ignore_ament_install']
[0.603s] Level 1:colcon.colcon_core.package_identification:_identify(/home/emzx/ros2_ws/src/bumperbot_controller) by extension 'ignore'
[0.603s] Level 1:colcon.colcon_core.package_identification:_identify(/home/emzx/ros2_ws/src/bumperbot_controller) by extension 'ignore_ament_install'
[0.604s] Level 1:colcon.colcon_core.package_identification:_identify(/home/emzx/ros2_ws/src/bumperbot_controller) by extensions ['colcon_pkg']
[0.604s] Level 1:colcon.colcon_core.package_identification:_identify(/home/emzx/ros2_ws/src/bumperbot_controller) by extension 'colcon_pkg'
[0.604s] Level 1:colcon.colcon_core.package_identification:_identify(/home/emzx/ros2_ws/src/bumperbot_controller) by extensions ['colcon_meta']
[0.604s] Level 1:colcon.colcon_core.package_identification:_identify(/home/emzx/ros2_ws/src/bumperbot_controller) by extension 'colcon_meta'
[0.604s] Level 1:colcon.colcon_core.package_identification:_identify(/home/emzx/ros2_ws/src/bumperbot_controller) by extensions ['ros']
[0.604s] Level 1:colcon.colcon_core.package_identification:_identify(/home/emzx/ros2_ws/src/bumperbot_controller) by extension 'ros'
[0.607s] DEBUG:colcon.colcon_core.package_identification:Package '/home/emzx/ros2_ws/src/bumperbot_controller' with type 'ros.ament_cmake' and name 'bumperbot_controller'
[0.608s] Level 1:colcon.colcon_core.package_identification:_identify(/home/emzx/ros2_ws/src/bumperbot_description) by extensions ['ignore', 'ignore_ament_install']
[0.608s] Level 1:colcon.colcon_core.package_identification:_identify(/home/emzx/ros2_ws/src/bumperbot_description) by extension 'ignore'
[0.608s] Level 1:colcon.colcon_core.package_identification:_identify(/home/emzx/ros2_ws/src/bumperbot_description) by extension 'ignore_ament_install'
[0.608s] Level 1:colcon.colcon_core.package_identification:_identify(/home/emzx/ros2_ws/src/bumperbot_description) by extensions ['colcon_pkg']
[0.608s] Level 1:colcon.colcon_core.package_identification:_identify(/home/emzx/ros2_ws/src/bumperbot_description) by extension 'colcon_pkg'
[0.608s] Level 1:colcon.colcon_core.package_identification:_identify(/home/emzx/ros2_ws/src/bumperbot_description) by extensions ['colcon_meta']
[0.609s] Level 1:colcon.colcon_core.package_identification:_identify(/home/emzx/ros2_ws/src/bumperbot_description) by extension 'colcon_meta'
[0.609s] Level 1:colcon.colcon_core.package_identification:_identify(/home/emzx/ros2_ws/src/bumperbot_description) by extensions ['ros']
[0.609s] Level 1:colcon.colcon_core.package_identification:_identify(/home/emzx/ros2_ws/src/bumperbot_description) by extension 'ros'
[0.618s] DEBUG:colcon.colcon_core.package_identification:Package '/home/emzx/ros2_ws/src/bumperbot_description' with type 'ros.ament_cmake' and name 'bumperbot_description'
[0.619s] Level 1:colcon.colcon_core.package_identification:_identify(/home/emzx/ros2_ws/src/bumperbot_localization) by extensions ['ignore', 'ignore_ament_install']
[0.619s] Level 1:colcon.colcon_core.package_identification:_identify(/home/emzx/ros2_ws/src/bumperbot_localization) by extension 'ignore'
[0.619s] Level 1:colcon.colcon_core.package_identification:_identify(/home/emzx/ros2_ws/src/bumperbot_localization) by extension 'ignore_ament_install'
[0.619s] Level 1:colcon.colcon_core.package_identification:_identify(/home/emzx/ros2_ws/src/bumperbot_localization) by extensions ['colcon_pkg']
[0.619s] Level 1:colcon.colcon_core.package_identification:_identify(/home/emzx/ros2_ws/src/bumperbot_localization) by extension 'colcon_pkg'
[0.619s] Level 1:colcon.colcon_core.package_identification:_identify(/home/emzx/ros2_ws/src/bumperbot_localization) by extensions ['colcon_meta']
[0.619s] Level 1:colcon.colcon_core.package_identification:_identify(/home/emzx/ros2_ws/src/bumperbot_localization) by extension 'colcon_meta'
[0.620s] Level 1:colcon.colcon_core.package_identification:_identify(/home/emzx/ros2_ws/src/bumperbot_localization) by extensions ['ros']
[0.620s] Level 1:colcon.colcon_core.package_identification:_identify(/home/emzx/ros2_ws/src/bumperbot_localization) by extension 'ros'
[0.622s] DEBUG:colcon.colcon_core.package_identification:Package '/home/emzx/ros2_ws/src/bumperbot_localization' with type 'ros.ament_cmake' and name 'bumperbot_localization'
[0.622s] Level 1:colcon.colcon_core.package_identification:_identify(/home/emzx/ros2_ws/src/bumperbot_mapping) by extensions ['ignore', 'ignore_ament_install']
[0.623s] Level 1:colcon.colcon_core.package_identification:_identify(/home/emzx/ros2_ws/src/bumperbot_mapping) by extension 'ignore'
[0.623s] Level 1:colcon.colcon_core.package_identification:_identify(/home/emzx/ros2_ws/src/bumperbot_mapping) by extension 'ignore_ament_install'
[0.623s] Level 1:colcon.colcon_core.package_identification:_identify(/home/emzx/ros2_ws/src/bumperbot_mapping) by extensions ['colcon_pkg']
[0.623s] Level 1:colcon.colcon_core.package_identification:_identify(/home/emzx/ros2_ws/src/bumperbot_mapping) by extension 'colcon_pkg'
[0.623s] Level 1:colcon.colcon_core.package_identification:_identify(/home/emzx/ros2_ws/src/bumperbot_mapping) by extensions ['colcon_meta']
[0.623s] Level 1:colcon.colcon_core.package_identification:_identify(/home/emzx/ros2_ws/src/bumperbot_mapping) by extension 'colcon_meta'
[0.623s] Level 1:colcon.colcon_core.package_identification:_identify(/home/emzx/ros2_ws/src/bumperbot_mapping) by extensions ['ros']
[0.623s] Level 1:colcon.colcon_core.package_identification:_identify(/home/emzx/ros2_ws/src/bumperbot_mapping) by extension 'ros'
[0.626s] DEBUG:colcon.colcon_core.package_identification:Package '/home/emzx/ros2_ws/src/bumperbot_mapping' with type 'ros.ament_cmake' and name 'bumperbot_mapping'
[0.626s] Level 1:colcon.colcon_core.package_identification:_identify(/home/emzx/ros2_ws/src/bumperbot_py) by extensions ['ignore', 'ignore_ament_install']
[0.626s] Level 1:colcon.colcon_core.package_identification:_identify(/home/emzx/ros2_ws/src/bumperbot_py) by extension 'ignore'
[0.627s] Level 1:colcon.colcon_core.package_identification:_identify(/home/emzx/ros2_ws/src/bumperbot_py) by extension 'ignore_ament_install'
[0.627s] Level 1:colcon.colcon_core.package_identification:_identify(/home/emzx/ros2_ws/src/bumperbot_py) by extensions ['colcon_pkg']
[0.627s] Level 1:colcon.colcon_core.package_identification:_identify(/home/emzx/ros2_ws/src/bumperbot_py) by extension 'colcon_pkg'
[0.627s] Level 1:colcon.colcon_core.package_identification:_identify(/home/emzx/ros2_ws/src/bumperbot_py) by extensions ['colcon_meta']
[0.627s] Level 1:colcon.colcon_core.package_identification:_identify(/home/emzx/ros2_ws/src/bumperbot_py) by extension 'colcon_meta'
[0.627s] Level 1:colcon.colcon_core.package_identification:_identify(/home/emzx/ros2_ws/src/bumperbot_py) by extensions ['ros']
[0.627s] Level 1:colcon.colcon_core.package_identification:_identify(/home/emzx/ros2_ws/src/bumperbot_py) by extension 'ros'
[0.629s] DEBUG:colcon.colcon_core.package_identification:Package '/home/emzx/ros2_ws/src/bumperbot_py' with type 'ros.ament_python' and name 'bumperbot_py'
[0.630s] Level 1:colcon.colcon_core.package_identification:_identify(/home/emzx/ros2_ws/src/bumperbot_utils) by extensions ['ignore', 'ignore_ament_install']
[0.630s] Level 1:colcon.colcon_core.package_identification:_identify(/home/emzx/ros2_ws/src/bumperbot_utils) by extension 'ignore'
[0.630s] Level 1:colcon.colcon_core.package_identification:_identify(/home/emzx/ros2_ws/src/bumperbot_utils) by extension 'ignore_ament_install'
[0.630s] Level 1:colcon.colcon_core.package_identification:_identify(/home/emzx/ros2_ws/src/bumperbot_utils) by extensions ['colcon_pkg']
[0.630s] Level 1:colcon.colcon_core.package_identification:_identify(/home/emzx/ros2_ws/src/bumperbot_utils) by extension 'colcon_pkg'
[0.631s] Level 1:colcon.colcon_core.package_identification:_identify(/home/emzx/ros2_ws/src/bumperbot_utils) by extensions ['colcon_meta']
[0.631s] Level 1:colcon.colcon_core.package_identification:_identify(/home/emzx/ros2_ws/src/bumperbot_utils) by extension 'colcon_meta'
[0.631s] Level 1:colcon.colcon_core.package_identification:_identify(/home/emzx/ros2_ws/src/bumperbot_utils) by extensions ['ros']
[0.631s] Level 1:colcon.colcon_core.package_identification:_identify(/home/emzx/ros2_ws/src/bumperbot_utils) by extension 'ros'
[0.633s] DEBUG:colcon.colcon_core.package_identification:Package '/home/emzx/ros2_ws/src/bumperbot_utils' with type 'ros.ament_python' and name 'bumperbot_utils'
[0.634s] Level 1:colcon.colcon_core.package_identification:_identify(/home/emzx/ros2_ws/src/install) by extensions ['ignore', 'ignore_ament_install']
[0.634s] Level 1:colcon.colcon_core.package_identification:_identify(/home/emzx/ros2_ws/src/install) by extension 'ignore'
[0.634s] Level 1:colcon.colcon_core.package_identification:_identify(/home/emzx/ros2_ws/src/install) ignored
[0.635s] Level 1:colcon.colcon_core.package_identification:_identify(/home/emzx/ros2_ws/src/log) by extensions ['ignore', 'ignore_ament_install']
[0.635s] Level 1:colcon.colcon_core.package_identification:_identify(/home/emzx/ros2_ws/src/log) by extension 'ignore'
[0.635s] Level 1:colcon.colcon_core.package_identification:_identify(/home/emzx/ros2_ws/src/log) ignored
[0.635s] Level 1:colcon.colcon_core.package_identification:_identify(/home/emzx/ros2_ws/src/my_robot_bringup) by extensions ['ignore', 'ignore_ament_install']
[0.636s] Level 1:colcon.colcon_core.package_identification:_identify(/home/emzx/ros2_ws/src/my_robot_bringup) by extension 'ignore'
[0.636s] Level 1:colcon.colcon_core.package_identification:_identify(/home/emzx/ros2_ws/src/my_robot_bringup) by extension 'ignore_ament_install'
[0.636s] Level 1:colcon.colcon_core.package_identification:_identify(/home/emzx/ros2_ws/src/my_robot_bringup) by extensions ['colcon_pkg']
[0.636s] Level 1:colcon.colcon_core.package_identification:_identify(/home/emzx/ros2_ws/src/my_robot_bringup) by extension 'colcon_pkg'
[0.636s] Level 1:colcon.colcon_core.package_identification:_identify(/home/emzx/ros2_ws/src/my_robot_bringup) by extensions ['colcon_meta']
[0.636s] Level 1:colcon.colcon_core.package_identification:_identify(/home/emzx/ros2_ws/src/my_robot_bringup) by extension 'colcon_meta'
[0.636s] Level 1:colcon.colcon_core.package_identification:_identify(/home/emzx/ros2_ws/src/my_robot_bringup) by extensions ['ros']
[0.636s] Level 1:colcon.colcon_core.package_identification:_identify(/home/emzx/ros2_ws/src/my_robot_bringup) by extension 'ros'
[0.638s] DEBUG:colcon.colcon_core.package_identification:Package '/home/emzx/ros2_ws/src/my_robot_bringup' with type 'ros.ament_cmake' and name 'my_robot_bringup'
[0.638s] Level 1:colcon.colcon_core.package_identification:_identify(/home/emzx/ros2_ws/src/my_robot_interfaces) by extensions ['ignore', 'ignore_ament_install']
[0.638s] Level 1:colcon.colcon_core.package_identification:_identify(/home/emzx/ros2_ws/src/my_robot_interfaces) by extension 'ignore'
[0.638s] Level 1:colcon.colcon_core.package_identification:_identify(/home/emzx/ros2_ws/src/my_robot_interfaces) by extension 'ignore_ament_install'
[0.639s] Level 1:colcon.colcon_core.package_identification:_identify(/home/emzx/ros2_ws/src/my_robot_interfaces) by extensions ['colcon_pkg']
[0.639s] Level 1:colcon.colcon_core.package_identification:_identify(/home/emzx/ros2_ws/src/my_robot_interfaces) by extension 'colcon_pkg'
[0.639s] Level 1:colcon.colcon_core.package_identification:_identify(/home/emzx/ros2_ws/src/my_robot_interfaces) by extensions ['colcon_meta']
[0.639s] Level 1:colcon.colcon_core.package_identification:_identify(/home/emzx/ros2_ws/src/my_robot_interfaces) by extension 'colcon_meta'
[0.639s] Level 1:colcon.colcon_core.package_identification:_identify(/home/emzx/ros2_ws/src/my_robot_interfaces) by extensions ['ros']
[0.639s] Level 1:colcon.colcon_core.package_identification:_identify(/home/emzx/ros2_ws/src/my_robot_interfaces) by extension 'ros'
[0.641s] DEBUG:colcon.colcon_core.package_identification:Package '/home/emzx/ros2_ws/src/my_robot_interfaces' with type 'ros.ament_cmake' and name 'my_robot_interfaces'
[0.641s] Level 1:colcon.colcon_core.package_identification:_identify(/home/emzx/ros2_ws/src/pacote_teste) by extensions ['ignore', 'ignore_ament_install']
[0.642s] Level 1:colcon.colcon_core.package_identification:_identify(/home/emzx/ros2_ws/src/pacote_teste) by extension 'ignore'
[0.642s] Level 1:colcon.colcon_core.package_identification:_identify(/home/emzx/ros2_ws/src/pacote_teste) by extension 'ignore_ament_install'
[0.642s] Level 1:colcon.colcon_core.package_identification:_identify(/home/emzx/ros2_ws/src/pacote_teste) by extensions ['colcon_pkg']
[0.642s] Level 1:colcon.colcon_core.package_identification:_identify(/home/emzx/ros2_ws/src/pacote_teste) by extension 'colcon_pkg'
[0.642s] Level 1:colcon.colcon_core.package_identification:_identify(/home/emzx/ros2_ws/src/pacote_teste) by extensions ['colcon_meta']
[0.642s] Level 1:colcon.colcon_core.package_identification:_identify(/home/emzx/ros2_ws/src/pacote_teste) by extension 'colcon_meta'
[0.642s] Level 1:colcon.colcon_core.package_identification:_identify(/home/emzx/ros2_ws/src/pacote_teste) by extensions ['ros']
[0.642s] Level 1:colcon.colcon_core.package_identification:_identify(/home/emzx/ros2_ws/src/pacote_teste) by extension 'ros'
[0.644s] DEBUG:colcon.colcon_core.package_identification:Package '/home/emzx/ros2_ws/src/pacote_teste' with type 'ros.ament_python' and name 'pacote_teste'
[0.645s] Level 1:colcon.colcon_core.package_identification:_identify(/home/emzx/ros2_ws/src/rplidar_ros) by extensions ['ignore', 'ignore_ament_install']
[0.645s] Level 1:colcon.colcon_core.package_identification:_identify(/home/emzx/ros2_ws/src/rplidar_ros) by extension 'ignore'
[0.645s] Level 1:colcon.colcon_core.package_identification:_identify(/home/emzx/ros2_ws/src/rplidar_ros) by extension 'ignore_ament_install'
[0.645s] Level 1:colcon.colcon_core.package_identification:_identify(/home/emzx/ros2_ws/src/rplidar_ros) by extensions ['colcon_pkg']
[0.645s] Level 1:colcon.colcon_core.package_identification:_identify(/home/emzx/ros2_ws/src/rplidar_ros) by extension 'colcon_pkg'
[0.645s] Level 1:colcon.colcon_core.package_identification:_identify(/home/emzx/ros2_ws/src/rplidar_ros) by extensions ['colcon_meta']
[0.646s] Level 1:colcon.colcon_core.package_identification:_identify(/home/emzx/ros2_ws/src/rplidar_ros) by extension 'colcon_meta'
[0.646s] Level 1:colcon.colcon_core.package_identification:_identify(/home/emzx/ros2_ws/src/rplidar_ros) by extensions ['ros']
[0.646s] Level 1:colcon.colcon_core.package_identification:_identify(/home/emzx/ros2_ws/src/rplidar_ros) by extension 'ros'
[0.647s] DEBUG:colcon.colcon_core.package_identification:Package '/home/emzx/ros2_ws/src/rplidar_ros' with type 'ros.ament_cmake' and name 'rplidar_ros'
[0.648s] Level 1:colcon.colcon_core.package_identification:_identify(/home/emzx/ros2_ws/src/turtlesim_catch_them_all) by extensions ['ignore', 'ignore_ament_install']
[0.648s] Level 1:colcon.colcon_core.package_identification:_identify(/home/emzx/ros2_ws/src/turtlesim_catch_them_all) by extension 'ignore'
[0.648s] Level 1:colcon.colcon_core.package_identification:_identify(/home/emzx/ros2_ws/src/turtlesim_catch_them_all) by extension 'ignore_ament_install'
[0.648s] Level 1:colcon.colcon_core.package_identification:_identify(/home/emzx/ros2_ws/src/turtlesim_catch_them_all) by extensions ['colcon_pkg']
[0.648s] Level 1:colcon.colcon_core.package_identification:_identify(/home/emzx/ros2_ws/src/turtlesim_catch_them_all) by extension 'colcon_pkg'
[0.648s] Level 1:colcon.colcon_core.package_identification:_identify(/home/emzx/ros2_ws/src/turtlesim_catch_them_all) by extensions ['colcon_meta']
[0.648s] Level 1:colcon.colcon_core.package_identification:_identify(/home/emzx/ros2_ws/src/turtlesim_catch_them_all) by extension 'colcon_meta'
[0.649s] Level 1:colcon.colcon_core.package_identification:_identify(/home/emzx/ros2_ws/src/turtlesim_catch_them_all) by extensions ['ros']
[0.649s] Level 1:colcon.colcon_core.package_identification:_identify(/home/emzx/ros2_ws/src/turtlesim_catch_them_all) by extension 'ros'
[0.651s] DEBUG:colcon.colcon_core.package_identification:Package '/home/emzx/ros2_ws/src/turtlesim_catch_them_all' with type 'ros.ament_python' and name 'turtlesim_catch_them_all'
[0.651s] Level 1:colcon.colcon_core.package_discovery:discover_packages(recursive) using defaults
