[0.077s] Invoking command in '/home/emzx/ros2_ws/build/bumperbot_bringup': CMAKE_PREFIX_PATH=${CMAKE_PREFIX_PATH}:/home/emzx/ros2_ws/install/turtlesim_catch_them_all:/home/emzx/ros2_ws/install/pacote_teste:/home/emzx/ros2_ws/install/bumperbot_utils:/home/emzx/ros2_ws/install/bumperbot_py:/opt/ros/jazzy DEBUGINFOD_URLS=https://debuginfod.ubuntu.com /usr/bin/cmake --build /home/emzx/ros2_ws/build/bumperbot_bringup -- -j8 -l8
[1.210s] Invoked command in '/home/emzx/ros2_ws/build/bumperbot_bringup' returned '0': CMAKE_PREFIX_PATH=${CMAKE_PREFIX_PATH}:/home/emzx/ros2_ws/install/turtlesim_catch_them_all:/home/emzx/ros2_ws/install/pacote_teste:/home/emzx/ros2_ws/install/bumperbot_utils:/home/emzx/ros2_ws/install/bumperbot_py:/opt/ros/jazzy DEBUGINFOD_URLS=https://debuginfod.ubuntu.com /usr/bin/cmake --build /home/emzx/ros2_ws/build/bumperbot_bringup -- -j8 -l8
[1.229s] Invoking command in '/home/emzx/ros2_ws/build/bumperbot_bringup': CMAKE_PREFIX_PATH=${CMAKE_PREFIX_PATH}:/home/emzx/ros2_ws/install/turtlesim_catch_them_all:/home/emzx/ros2_ws/install/pacote_teste:/home/emzx/ros2_ws/install/bumperbot_utils:/home/emzx/ros2_ws/install/bumperbot_py:/opt/ros/jazzy DEBUGINFOD_URLS=https://debuginfod.ubuntu.com /usr/bin/cmake --install /home/emzx/ros2_ws/build/bumperbot_bringup
[1.247s] -- Install configuration: ""
[1.247s] -- Up-to-date: /home/emzx/ros2_ws/install/bumperbot_bringup/share/bumperbot_bringup/launch
[1.248s] -- Installing: /home/emzx/ros2_ws/install/bumperbot_bringup/share/bumperbot_bringup/launch/simulated_robot.launch.py
[1.248s] -- Up-to-date: /home/emzx/ros2_ws/install/bumperbot_bringup/share/ament_index/resource_index/package_run_dependencies/bumperbot_bringup
[1.248s] -- Up-to-date: /home/emzx/ros2_ws/install/bumperbot_bringup/share/ament_index/resource_index/parent_prefix_path/bumperbot_bringup
[1.249s] -- Up-to-date: /home/emzx/ros2_ws/install/bumperbot_bringup/share/bumperbot_bringup/environment/ament_prefix_path.sh
[1.249s] -- Up-to-date: /home/emzx/ros2_ws/install/bumperbot_bringup/share/bumperbot_bringup/environment/ament_prefix_path.dsv
[1.249s] -- Up-to-date: /home/emzx/ros2_ws/install/bumperbot_bringup/share/bumperbot_bringup/environment/path.sh
[1.249s] -- Up-to-date: /home/emzx/ros2_ws/install/bumperbot_bringup/share/bumperbot_bringup/environment/path.dsv
[1.250s] -- Up-to-date: /home/emzx/ros2_ws/install/bumperbot_bringup/share/bumperbot_bringup/local_setup.bash
[1.250s] -- Up-to-date: /home/emzx/ros2_ws/install/bumperbot_bringup/share/bumperbot_bringup/local_setup.sh
[1.250s] -- Up-to-date: /home/emzx/ros2_ws/install/bumperbot_bringup/share/bumperbot_bringup/local_setup.zsh
[1.251s] -- Up-to-date: /home/emzx/ros2_ws/install/bumperbot_bringup/share/bumperbot_bringup/local_setup.dsv
[1.251s] -- Installing: /home/emzx/ros2_ws/install/bumperbot_bringup/share/bumperbot_bringup/package.dsv
[1.251s] -- Up-to-date: /home/emzx/ros2_ws/install/bumperbot_bringup/share/ament_index/resource_index/packages/bumperbot_bringup
[1.251s] -- Up-to-date: /home/emzx/ros2_ws/install/bumperbot_bringup/share/bumperbot_bringup/cmake/bumperbot_bringupConfig.cmake
[1.251s] -- Up-to-date: /home/emzx/ros2_ws/install/bumperbot_bringup/share/bumperbot_bringup/cmake/bumperbot_bringupConfig-version.cmake
[1.252s] -- Up-to-date: /home/emzx/ros2_ws/install/bumperbot_bringup/share/bumperbot_bringup/package.xml
[1.268s] Invoked command in '/home/emzx/ros2_ws/build/bumperbot_bringup' returned '0': CMAKE_PREFIX_PATH=${CMAKE_PREFIX_PATH}:/home/emzx/ros2_ws/install/turtlesim_catch_them_all:/home/emzx/ros2_ws/install/pacote_teste:/home/emzx/ros2_ws/install/bumperbot_utils:/home/emzx/ros2_ws/install/bumperbot_py:/opt/ros/jazzy DEBUGINFOD_URLS=https://debuginfod.ubuntu.com /usr/bin/cmake --install /home/emzx/ros2_ws/build/bumperbot_bringup
