[0.881s] Invoking command in '/home/emzx/ros2_ws/src/bumperbot_utils': DEBUGINFOD_URLS=https://debuginfod.ubuntu.com PYTHONPATH=/home/emzx/ros2_ws/build/bumperbot_utils/prefix_override:/usr/lib/python3/dist-packages/colcon_core/task/python/colcon_distutils_commands:/home/emzx/ros2_ws/install/bumperbot_utils/lib/python3.12/site-packages:${PYTHONPATH} /usr/bin/python3 -W ignore:setup.py install is deprecated -W ignore:easy_install command is deprecated setup.py egg_info --egg-base ../../build/bumperbot_utils build --build-base /home/emzx/ros2_ws/build/bumperbot_utils/build install --record /home/emzx/ros2_ws/build/bumperbot_utils/install.log --single-version-externally-managed install_data
[1.096s] running egg_info
[1.096s] creating ../../build/bumperbot_utils/bumperbot_utils.egg-info
[1.112s] writing ../../build/bumperbot_utils/bumperbot_utils.egg-info/PKG-INFO
[1.113s] writing dependency_links to ../../build/bumperbot_utils/bumperbot_utils.egg-info/dependency_links.txt
[1.113s] writing entry points to ../../build/bumperbot_utils/bumperbot_utils.egg-info/entry_points.txt
[1.113s] writing requirements to ../../build/bumperbot_utils/bumperbot_utils.egg-info/requires.txt
[1.113s] writing top-level names to ../../build/bumperbot_utils/bumperbot_utils.egg-info/top_level.txt
[1.113s] writing manifest file '../../build/bumperbot_utils/bumperbot_utils.egg-info/SOURCES.txt'
[1.147s] reading manifest file '../../build/bumperbot_utils/bumperbot_utils.egg-info/SOURCES.txt'
[1.147s] writing manifest file '../../build/bumperbot_utils/bumperbot_utils.egg-info/SOURCES.txt'
[1.147s] running build
[1.147s] running build_py
[1.147s] creating /home/emzx/ros2_ws/build/bumperbot_utils/build
[1.148s] creating /home/emzx/ros2_ws/build/bumperbot_utils/build/lib
[1.148s] creating /home/emzx/ros2_ws/build/bumperbot_utils/build/lib/bumperbot_utils
[1.148s] copying bumperbot_utils/__init__.py -> /home/emzx/ros2_ws/build/bumperbot_utils/build/lib/bumperbot_utils
[1.148s] copying bumperbot_utils/simple_trajectory.py -> /home/emzx/ros2_ws/build/bumperbot_utils/build/lib/bumperbot_utils
[1.148s] running install
[1.154s] running install_lib
[1.173s] creating /home/emzx/ros2_ws/install/bumperbot_utils/lib/python3.12/site-packages/bumperbot_utils
[1.173s] copying /home/emzx/ros2_ws/build/bumperbot_utils/build/lib/bumperbot_utils/__init__.py -> /home/emzx/ros2_ws/install/bumperbot_utils/lib/python3.12/site-packages/bumperbot_utils
[1.174s] copying /home/emzx/ros2_ws/build/bumperbot_utils/build/lib/bumperbot_utils/simple_trajectory.py -> /home/emzx/ros2_ws/install/bumperbot_utils/lib/python3.12/site-packages/bumperbot_utils
[1.174s] byte-compiling /home/emzx/ros2_ws/install/bumperbot_utils/lib/python3.12/site-packages/bumperbot_utils/__init__.py to __init__.cpython-312.pyc
[1.174s] byte-compiling /home/emzx/ros2_ws/install/bumperbot_utils/lib/python3.12/site-packages/bumperbot_utils/simple_trajectory.py to simple_trajectory.cpython-312.pyc
[1.175s] running install_data
[1.175s] creating /home/emzx/ros2_ws/install/bumperbot_utils/share/ament_index
[1.175s] creating /home/emzx/ros2_ws/install/bumperbot_utils/share/ament_index/resource_index
[1.175s] creating /home/emzx/ros2_ws/install/bumperbot_utils/share/ament_index/resource_index/packages
[1.175s] copying resource/bumperbot_utils -> /home/emzx/ros2_ws/install/bumperbot_utils/share/ament_index/resource_index/packages
[1.175s] copying package.xml -> /home/emzx/ros2_ws/install/bumperbot_utils/share/bumperbot_utils
[1.175s] running install_egg_info
[1.202s] Copying ../../build/bumperbot_utils/bumperbot_utils.egg-info to /home/emzx/ros2_ws/install/bumperbot_utils/lib/python3.12/site-packages/bumperbot_utils-0.0.0-py3.12.egg-info
[1.203s] running install_scripts
[1.332s] Installing desenho_trajetoria script to /home/emzx/ros2_ws/install/bumperbot_utils/lib/bumperbot_utils
[1.332s] writing list of installed files to '/home/emzx/ros2_ws/build/bumperbot_utils/install.log'
[1.364s] Invoked command in '/home/emzx/ros2_ws/src/bumperbot_utils' returned '0': DEBUGINFOD_URLS=https://debuginfod.ubuntu.com PYTHONPATH=/home/emzx/ros2_ws/build/bumperbot_utils/prefix_override:/usr/lib/python3/dist-packages/colcon_core/task/python/colcon_distutils_commands:/home/emzx/ros2_ws/install/bumperbot_utils/lib/python3.12/site-packages:${PYTHONPATH} /usr/bin/python3 -W ignore:setup.py install is deprecated -W ignore:easy_install command is deprecated setup.py egg_info --egg-base ../../build/bumperbot_utils build --build-base /home/emzx/ros2_ws/build/bumperbot_utils/build install --record /home/emzx/ros2_ws/build/bumperbot_utils/install.log --single-version-externally-managed install_data
