-- The C compiler identification is GNU 13.3.0
-- The CXX compiler identification is GNU 13.3.0
-- Detecting C compiler ABI info
-- Detecting C compiler ABI info - done
-- Check for working C compiler: /usr/bin/cc - skipped
-- Detecting C compile features
-- Detecting C compile features - done
-- Detecting CXX compiler ABI info
-- Detecting CXX compiler ABI info - done
-- Check for working CXX compiler: /usr/bin/c++ - skipped
-- Detecting CXX compile features
-- Detecting CXX compile features - done
-- Found ament_cmake: 2.5.3 (/opt/ros/jazzy/share/ament_cmake/cmake)
-- Found Python3: /usr/bin/python3 (found version "3.12.3") found components: Interpreter 
-- Found rclpy: 7.1.3 (/opt/ros/jazzy/share/rclpy/cmake)
-- Found std_msgs: 5.3.5 (/opt/ros/jazzy/share/std_msgs/cmake)
-- Found rosidl_generator_c: 4.6.5 (/opt/ros/jazzy/share/rosidl_generator_c/cmake)
-- Found rosidl_generator_cpp: 4.6.5 (/opt/ros/jazzy/share/rosidl_generator_cpp/cmake)
-- Using all available rosidl_typesupport_c: rosidl_typesupport_fastrtps_c;rosidl_typesupport_introspection_c
-- Using all available rosidl_typesupport_cpp: rosidl_typesupport_fastrtps_cpp;rosidl_typesupport_introspection_cpp
-- Found geometry_msgs: 5.3.5 (/opt/ros/jazzy/share/geometry_msgs/cmake)
-- Found ament_lint_auto: 0.17.1 (/opt/ros/jazzy/share/ament_lint_auto/cmake)
-- Added test 'flake8' to check Python code syntax and style conventions
-- Configured 'flake8' exclude dirs and/or files: 
-- Added test 'lint_cmake' to check CMake code style
-- Added test 'pep257' to check Python code against some of the docstring style conventions in PEP 257
-- Added test 'xmllint' to check XML markup files
-- Configuring done (1.2s)
-- Generating done (0.0s)
-- Build files have been written to: /home/emzx/ros2_ws/build/bumperbot_controller
Built target ament_cmake_python_copy_bumperbot_controller
running egg_info
creating bumperbot_controller.egg-info
writing bumperbot_controller.egg-info/PKG-INFO
writing dependency_links to bumperbot_controller.egg-info/dependency_links.txt
writing top-level names to bumperbot_controller.egg-info/top_level.txt
writing manifest file 'bumperbot_controller.egg-info/SOURCES.txt'
reading manifest file 'bumperbot_controller.egg-info/SOURCES.txt'
writing manifest file 'bumperbot_controller.egg-info/SOURCES.txt'
Built target ament_cmake_python_build_bumperbot_controller_egg
-- Install configuration: ""
-- Installing: /home/emzx/ros2_ws/install/bumperbot_controller/share/bumperbot_controller/environment/pythonpath.sh
-- Installing: /home/emzx/ros2_ws/install/bumperbot_controller/share/bumperbot_controller/environment/pythonpath.dsv
-- Installing: /home/emzx/ros2_ws/install/bumperbot_controller/lib/python3.12/site-packages/bumperbot_controller-0.0.0-py3.12.egg-info
-- Installing: /home/emzx/ros2_ws/install/bumperbot_controller/lib/python3.12/site-packages/bumperbot_controller-0.0.0-py3.12.egg-info/dependency_links.txt
-- Installing: /home/emzx/ros2_ws/install/bumperbot_controller/lib/python3.12/site-packages/bumperbot_controller-0.0.0-py3.12.egg-info/PKG-INFO
-- Installing: /home/emzx/ros2_ws/install/bumperbot_controller/lib/python3.12/site-packages/bumperbot_controller-0.0.0-py3.12.egg-info/SOURCES.txt
-- Installing: /home/emzx/ros2_ws/install/bumperbot_controller/lib/python3.12/site-packages/bumperbot_controller-0.0.0-py3.12.egg-info/top_level.txt
-- Installing: /home/emzx/ros2_ws/install/bumperbot_controller/lib/python3.12/site-packages/bumperbot_controller
-- Installing: /home/emzx/ros2_ws/install/bumperbot_controller/lib/python3.12/site-packages/bumperbot_controller/simple_controller.py
-- Installing: /home/emzx/ros2_ws/install/bumperbot_controller/lib/python3.12/site-packages/bumperbot_controller/__init__.py
Listing '/home/emzx/ros2_ws/install/bumperbot_controller/lib/python3.12/site-packages/bumperbot_controller'...
Compiling '/home/emzx/ros2_ws/install/bumperbot_controller/lib/python3.12/site-packages/bumperbot_controller/__init__.py'...
Compiling '/home/emzx/ros2_ws/install/bumperbot_controller/lib/python3.12/site-packages/bumperbot_controller/simple_controller.py'...
-- Installing: /home/emzx/ros2_ws/install/bumperbot_controller/share/bumperbot_controller/config
-- Installing: /home/emzx/ros2_ws/install/bumperbot_controller/share/bumperbot_controller/config/bumperbot_controllers.yaml
-- Installing: /home/emzx/ros2_ws/install/bumperbot_controller/share/bumperbot_controller/config/teleop_keyboard_config.yaml
-- Installing: /home/emzx/ros2_ws/install/bumperbot_controller/share/bumperbot_controller/config/gz_bridge.yaml
-- Installing: /home/emzx/ros2_ws/install/bumperbot_controller/share/bumperbot_controller/config/joy_config.yaml
-- Installing: /home/emzx/ros2_ws/install/bumperbot_controller/share/bumperbot_controller/config/joy_teleop.yaml
-- Installing: /home/emzx/ros2_ws/install/bumperbot_controller/share/bumperbot_controller/launch
-- Installing: /home/emzx/ros2_ws/install/bumperbot_controller/share/bumperbot_controller/launch/keyboard_teleop.launch.py
-- Installing: /home/emzx/ros2_ws/install/bumperbot_controller/share/bumperbot_controller/launch/controller.launch.py
-- Installing: /home/emzx/ros2_ws/install/bumperbot_controller/share/bumperbot_controller/launch/joystick_teleop.launch.py
-- Installing: /home/emzx/ros2_ws/install/bumperbot_controller/lib/bumperbot_controller/simple_controller.py
-- Installing: /home/emzx/ros2_ws/install/bumperbot_controller/share/ament_index/resource_index/package_run_dependencies/bumperbot_controller
-- Installing: /home/emzx/ros2_ws/install/bumperbot_controller/share/ament_index/resource_index/parent_prefix_path/bumperbot_controller
-- Installing: /home/emzx/ros2_ws/install/bumperbot_controller/share/bumperbot_controller/environment/ament_prefix_path.sh
-- Installing: /home/emzx/ros2_ws/install/bumperbot_controller/share/bumperbot_controller/environment/ament_prefix_path.dsv
-- Installing: /home/emzx/ros2_ws/install/bumperbot_controller/share/bumperbot_controller/environment/path.sh
-- Installing: /home/emzx/ros2_ws/install/bumperbot_controller/share/bumperbot_controller/environment/path.dsv
-- Installing: /home/emzx/ros2_ws/install/bumperbot_controller/share/bumperbot_controller/local_setup.bash
-- Installing: /home/emzx/ros2_ws/install/bumperbot_controller/share/bumperbot_controller/local_setup.sh
-- Installing: /home/emzx/ros2_ws/install/bumperbot_controller/share/bumperbot_controller/local_setup.zsh
-- Installing: /home/emzx/ros2_ws/install/bumperbot_controller/share/bumperbot_controller/local_setup.dsv
-- Installing: /home/emzx/ros2_ws/install/bumperbot_controller/share/bumperbot_controller/package.dsv
-- Installing: /home/emzx/ros2_ws/install/bumperbot_controller/share/ament_index/resource_index/packages/bumperbot_controller
-- Installing: /home/emzx/ros2_ws/install/bumperbot_controller/share/bumperbot_controller/cmake/bumperbot_controllerConfig.cmake
-- Installing: /home/emzx/ros2_ws/install/bumperbot_controller/share/bumperbot_controller/cmake/bumperbot_controllerConfig-version.cmake
-- Installing: /home/emzx/ros2_ws/install/bumperbot_controller/share/bumperbot_controller/package.xml
