[0.034s] Invoking command in '/home/emzx/ros2_ws/build/bumperbot_description': CMAKE_PREFIX_PATH=${CMAKE_PREFIX_PATH}:/home/emzx/ros2_ws/install/turtlesim_catch_them_all:/home/emzx/ros2_ws/install/pacote_teste:/home/emzx/ros2_ws/install/bumperbot_utils:/home/emzx/ros2_ws/install/bumperbot_py:/opt/ros/jazzy DEBUGINFOD_URLS=https://debuginfod.ubuntu.com /usr/bin/cmake --build /home/emzx/ros2_ws/build/bumperbot_description -- -j8 -l8
[0.354s] -- Found ament_cmake: 2.5.3 (/opt/ros/jazzy/share/ament_cmake/cmake)
[0.409s] -- Override CMake install command with custom implementation using symlinks instead of copying resources
[0.427s] -- Found ament_lint_auto: 0.17.1 (/opt/ros/jazzy/share/ament_lint_auto/cmake)
[0.564s] -- Added test 'flake8' to check Python code syntax and style conventions
[0.564s] -- Configured 'flake8' exclude dirs and/or files: 
[0.572s] -- Added test 'lint_cmake' to check CMake code style
[0.576s] -- Added test 'pep257' to check Python code against some of the docstring style conventions in PEP 257
[0.609s] -- Added test 'xmllint' to check XML markup files
[0.611s] -- Configuring done (0.5s)
[0.617s] -- Generating done (0.0s)
[0.618s] -- Build files have been written to: /home/emzx/ros2_ws/build/bumperbot_description
[0.663s] Invoked command in '/home/emzx/ros2_ws/build/bumperbot_description' returned '0': CMAKE_PREFIX_PATH=${CMAKE_PREFIX_PATH}:/home/emzx/ros2_ws/install/turtlesim_catch_them_all:/home/emzx/ros2_ws/install/pacote_teste:/home/emzx/ros2_ws/install/bumperbot_utils:/home/emzx/ros2_ws/install/bumperbot_py:/opt/ros/jazzy DEBUGINFOD_URLS=https://debuginfod.ubuntu.com /usr/bin/cmake --build /home/emzx/ros2_ws/build/bumperbot_description -- -j8 -l8
[0.664s] Invoking command in '/home/emzx/ros2_ws/build/bumperbot_description': CMAKE_PREFIX_PATH=${CMAKE_PREFIX_PATH}:/home/emzx/ros2_ws/install/turtlesim_catch_them_all:/home/emzx/ros2_ws/install/pacote_teste:/home/emzx/ros2_ws/install/bumperbot_utils:/home/emzx/ros2_ws/install/bumperbot_py:/opt/ros/jazzy DEBUGINFOD_URLS=https://debuginfod.ubuntu.com /usr/bin/cmake --install /home/emzx/ros2_ws/build/bumperbot_description
[0.677s] -- Install configuration: ""
[0.678s] -- Execute custom install script
[0.679s] -- Up-to-date symlink: /home/emzx/ros2_ws/install/bumperbot_description/share/bumperbot_description/meshes/base_link.STL
[0.679s] -- Up-to-date symlink: /home/emzx/ros2_ws/install/bumperbot_description/share/bumperbot_description/meshes/can_link.STL
[0.679s] -- Up-to-date symlink: /home/emzx/ros2_ws/install/bumperbot_description/share/bumperbot_description/meshes/caster_front_link.STL
[0.679s] -- Up-to-date symlink: /home/emzx/ros2_ws/install/bumperbot_description/share/bumperbot_description/meshes/caster_rear_link.STL
[0.680s] -- Up-to-date symlink: /home/emzx/ros2_ws/install/bumperbot_description/share/bumperbot_description/meshes/imu_link.STL
[0.680s] -- Up-to-date symlink: /home/emzx/ros2_ws/install/bumperbot_description/share/bumperbot_description/meshes/wheel_left_link.STL
[0.680s] -- Up-to-date symlink: /home/emzx/ros2_ws/install/bumperbot_description/share/bumperbot_description/meshes/wheel_right_link.STL
[0.681s] -- Up-to-date symlink: /home/emzx/ros2_ws/install/bumperbot_description/share/bumperbot_description/urdf/bumperbot.urdf.xacro
[0.681s] -- Up-to-date symlink: /home/emzx/ros2_ws/install/bumperbot_description/share/bumperbot_description/urdf/bumperbot_gazebo.xacro
[0.682s] -- Up-to-date symlink: /home/emzx/ros2_ws/install/bumperbot_description/share/bumperbot_description/urdf/bumperbot_ros2_control.xacro
[0.682s] -- Up-to-date symlink: /home/emzx/ros2_ws/install/bumperbot_description/share/bumperbot_description/launch/display.launch.py
[0.683s] -- Up-to-date symlink: /home/emzx/ros2_ws/install/bumperbot_description/share/bumperbot_description/launch/gazebo.launch.py
[0.684s] -- Up-to-date symlink: /home/emzx/ros2_ws/install/bumperbot_description/share/bumperbot_description/rviz/display.rviz
[0.699s] -- Symlinking: /home/emzx/ros2_ws/install/bumperbot_description/share/bumperbot_description/models/aws_robomaker_residential_AirconditionerA_01/materials/textures/aws_AirconditionerA_01.png
[0.711s] -- Symlinking: /home/emzx/ros2_ws/install/bumperbot_description/share/bumperbot_description/models/aws_robomaker_residential_AirconditionerA_01/meshes/aws_AirconditionerA_01_collision.DAE
[0.722s] -- Symlinking: /home/emzx/ros2_ws/install/bumperbot_description/share/bumperbot_description/models/aws_robomaker_residential_AirconditionerA_01/meshes/aws_AirconditionerA_01_visual.DAE
[0.734s] -- Symlinking: /home/emzx/ros2_ws/install/bumperbot_description/share/bumperbot_description/models/aws_robomaker_residential_AirconditionerA_01/meshes/aws__Air conditioner_01.DAE
[0.744s] -- Symlinking: /home/emzx/ros2_ws/install/bumperbot_description/share/bumperbot_description/models/aws_robomaker_residential_AirconditionerA_01/model.config
[0.753s] -- Symlinking: /home/emzx/ros2_ws/install/bumperbot_description/share/bumperbot_description/models/aws_robomaker_residential_AirconditionerA_01/model.sdf
[0.762s] -- Symlinking: /home/emzx/ros2_ws/install/bumperbot_description/share/bumperbot_description/models/aws_robomaker_residential_AirconditionerB_01/materials/textures/aws_AirconditionerB_01.png
[0.772s] -- Symlinking: /home/emzx/ros2_ws/install/bumperbot_description/share/bumperbot_description/models/aws_robomaker_residential_AirconditionerB_01/meshes/aws_AirconditionerB_01_collision.DAE
[0.782s] -- Symlinking: /home/emzx/ros2_ws/install/bumperbot_description/share/bumperbot_description/models/aws_robomaker_residential_AirconditionerB_01/meshes/aws_AirconditionerB_01_visual.DAE
[0.791s] -- Symlinking: /home/emzx/ros2_ws/install/bumperbot_description/share/bumperbot_description/models/aws_robomaker_residential_AirconditionerB_01/model.config
[0.800s] -- Symlinking: /home/emzx/ros2_ws/install/bumperbot_description/share/bumperbot_description/models/aws_robomaker_residential_AirconditionerB_01/model.sdf
[0.809s] -- Symlinking: /home/emzx/ros2_ws/install/bumperbot_description/share/bumperbot_description/models/aws_robomaker_residential_BalconyTable_01/materials/textures/aws_BalconyTable_01.png
[0.818s] -- Symlinking: /home/emzx/ros2_ws/install/bumperbot_description/share/bumperbot_description/models/aws_robomaker_residential_BalconyTable_01/meshes/aws_BalconyTable_01_collision.DAE
[0.828s] -- Symlinking: /home/emzx/ros2_ws/install/bumperbot_description/share/bumperbot_description/models/aws_robomaker_residential_BalconyTable_01/meshes/aws_BalconyTable_01_visual.DAE
[0.840s] -- Symlinking: /home/emzx/ros2_ws/install/bumperbot_description/share/bumperbot_description/models/aws_robomaker_residential_BalconyTable_01/model.config
[0.853s] -- Symlinking: /home/emzx/ros2_ws/install/bumperbot_description/share/bumperbot_description/models/aws_robomaker_residential_BalconyTable_01/model.sdf
[0.862s] -- Symlinking: /home/emzx/ros2_ws/install/bumperbot_description/share/bumperbot_description/models/aws_robomaker_residential_Ball_01/materials/textures/aws_Ball_01.png
[0.872s] -- Symlinking: /home/emzx/ros2_ws/install/bumperbot_description/share/bumperbot_description/models/aws_robomaker_residential_Ball_01/meshes/aws_Ball_01_collision.DAE
[0.881s] -- Symlinking: /home/emzx/ros2_ws/install/bumperbot_description/share/bumperbot_description/models/aws_robomaker_residential_Ball_01/meshes/aws_Ball_01_visual.DAE
[0.890s] -- Symlinking: /home/emzx/ros2_ws/install/bumperbot_description/share/bumperbot_description/models/aws_robomaker_residential_Ball_01/model.config
[0.900s] -- Symlinking: /home/emzx/ros2_ws/install/bumperbot_description/share/bumperbot_description/models/aws_robomaker_residential_Ball_01/model.sdf
[0.908s] -- Symlinking: /home/emzx/ros2_ws/install/bumperbot_description/share/bumperbot_description/models/aws_robomaker_residential_Bed_01/materials/textures/aws_BedA_01.png
[0.918s] -- Symlinking: /home/emzx/ros2_ws/install/bumperbot_description/share/bumperbot_description/models/aws_robomaker_residential_Bed_01/materials/textures/aws_BedB_01.png
[0.927s] -- Symlinking: /home/emzx/ros2_ws/install/bumperbot_description/share/bumperbot_description/models/aws_robomaker_residential_Bed_01/materials/textures/aws_BedC_01.png
[0.936s] -- Symlinking: /home/emzx/ros2_ws/install/bumperbot_description/share/bumperbot_description/models/aws_robomaker_residential_Bed_01/materials/textures/aws_Bed_01.png
[0.946s] -- Symlinking: /home/emzx/ros2_ws/install/bumperbot_description/share/bumperbot_description/models/aws_robomaker_residential_Bed_01/meshes/aws_Bed_01_collision.DAE
[0.955s] -- Symlinking: /home/emzx/ros2_ws/install/bumperbot_description/share/bumperbot_description/models/aws_robomaker_residential_Bed_01/meshes/aws_Bed_01_visual.DAE
[0.964s] -- Symlinking: /home/emzx/ros2_ws/install/bumperbot_description/share/bumperbot_description/models/aws_robomaker_residential_Bed_01/model.config
[0.973s] -- Symlinking: /home/emzx/ros2_ws/install/bumperbot_description/share/bumperbot_description/models/aws_robomaker_residential_Bed_01/model.sdf
[0.983s] -- Symlinking: /home/emzx/ros2_ws/install/bumperbot_description/share/bumperbot_description/models/aws_robomaker_residential_Board_01/materials/textures/aws_Board_01.png
[0.993s] -- Symlinking: /home/emzx/ros2_ws/install/bumperbot_description/share/bumperbot_description/models/aws_robomaker_residential_Board_01/meshes/aws_Board_01_collision.DAE
[1.002s] -- Symlinking: /home/emzx/ros2_ws/install/bumperbot_description/share/bumperbot_description/models/aws_robomaker_residential_Board_01/meshes/aws_Board_01_visual.DAE
[1.011s] -- Symlinking: /home/emzx/ros2_ws/install/bumperbot_description/share/bumperbot_description/models/aws_robomaker_residential_Board_01/model.config
[1.021s] -- Symlinking: /home/emzx/ros2_ws/install/bumperbot_description/share/bumperbot_description/models/aws_robomaker_residential_Board_01/model.sdf
[1.030s] -- Symlinking: /home/emzx/ros2_ws/install/bumperbot_description/share/bumperbot_description/models/aws_robomaker_residential_Carpet_01/materials/textures/aws_Carpet_01.png
[1.039s] -- Symlinking: /home/emzx/ros2_ws/install/bumperbot_description/share/bumperbot_description/models/aws_robomaker_residential_Carpet_01/meshes/aws_Carpet_01_collision.DAE
[1.048s] -- Symlinking: /home/emzx/ros2_ws/install/bumperbot_description/share/bumperbot_description/models/aws_robomaker_residential_Carpet_01/meshes/aws_Carpet_01_visual.DAE
[1.058s] -- Symlinking: /home/emzx/ros2_ws/install/bumperbot_description/share/bumperbot_description/models/aws_robomaker_residential_Carpet_01/model.config
[1.067s] -- Symlinking: /home/emzx/ros2_ws/install/bumperbot_description/share/bumperbot_description/models/aws_robomaker_residential_Carpet_01/model.sdf
[1.076s] -- Symlinking: /home/emzx/ros2_ws/install/bumperbot_description/share/bumperbot_description/models/aws_robomaker_residential_ChairA_01/materials/textures/aws_ChairA_01.png
[1.086s] -- Symlinking: /home/emzx/ros2_ws/install/bumperbot_description/share/bumperbot_description/models/aws_robomaker_residential_ChairA_01/meshes/aws_ChairA_01_collision.DAE
[1.095s] -- Symlinking: /home/emzx/ros2_ws/install/bumperbot_description/share/bumperbot_description/models/aws_robomaker_residential_ChairA_01/meshes/aws_ChairA_01_visual.DAE
[1.105s] -- Symlinking: /home/emzx/ros2_ws/install/bumperbot_description/share/bumperbot_description/models/aws_robomaker_residential_ChairA_01/model.config
[1.114s] -- Symlinking: /home/emzx/ros2_ws/install/bumperbot_description/share/bumperbot_description/models/aws_robomaker_residential_ChairA_01/model.sdf
[1.124s] -- Symlinking: /home/emzx/ros2_ws/install/bumperbot_description/share/bumperbot_description/models/aws_robomaker_residential_ChairD_01/materials/textures/aws_ChairD_01.png
[1.133s] -- Symlinking: /home/emzx/ros2_ws/install/bumperbot_description/share/bumperbot_description/models/aws_robomaker_residential_ChairD_01/meshes/aws_ChairD_01_collision.DAE
[1.143s] -- Symlinking: /home/emzx/ros2_ws/install/bumperbot_description/share/bumperbot_description/models/aws_robomaker_residential_ChairD_01/meshes/aws_ChairD_01_visual.DAE
[1.151s] -- Symlinking: /home/emzx/ros2_ws/install/bumperbot_description/share/bumperbot_description/models/aws_robomaker_residential_ChairD_01/model.config
[1.160s] -- Symlinking: /home/emzx/ros2_ws/install/bumperbot_description/share/bumperbot_description/models/aws_robomaker_residential_ChairD_01/model.sdf
[1.169s] -- Symlinking: /home/emzx/ros2_ws/install/bumperbot_description/share/bumperbot_description/models/aws_robomaker_residential_Chandelier_01/materials/textures/aws_Chandelier_01.png
[1.180s] -- Symlinking: /home/emzx/ros2_ws/install/bumperbot_description/share/bumperbot_description/models/aws_robomaker_residential_Chandelier_01/meshes/aws_Chandelier_01.DAE
[1.190s] -- Symlinking: /home/emzx/ros2_ws/install/bumperbot_description/share/bumperbot_description/models/aws_robomaker_residential_Chandelier_01/meshes/aws_Chandelier_01_collision.DAE
[1.200s] -- Symlinking: /home/emzx/ros2_ws/install/bumperbot_description/share/bumperbot_description/models/aws_robomaker_residential_Chandelier_01/meshes/aws_Chandelier_01_visual.DAE
[1.209s] -- Symlinking: /home/emzx/ros2_ws/install/bumperbot_description/share/bumperbot_description/models/aws_robomaker_residential_Chandelier_01/model.config
[1.219s] -- Symlinking: /home/emzx/ros2_ws/install/bumperbot_description/share/bumperbot_description/models/aws_robomaker_residential_Chandelier_01/model.sdf
[1.229s] -- Symlinking: /home/emzx/ros2_ws/install/bumperbot_description/share/bumperbot_description/models/aws_robomaker_residential_CoffeeTable_01/materials/textures/aws_CoffeeTable_01.png
[1.238s] -- Symlinking: /home/emzx/ros2_ws/install/bumperbot_description/share/bumperbot_description/models/aws_robomaker_residential_CoffeeTable_01/meshes/aws_CoffeeTable_01_collision.DAE
[1.247s] -- Symlinking: /home/emzx/ros2_ws/install/bumperbot_description/share/bumperbot_description/models/aws_robomaker_residential_CoffeeTable_01/meshes/aws_CoffeeTable_01_visual.DAE
[1.256s] -- Symlinking: /home/emzx/ros2_ws/install/bumperbot_description/share/bumperbot_description/models/aws_robomaker_residential_CoffeeTable_01/model.config
[1.266s] -- Symlinking: /home/emzx/ros2_ws/install/bumperbot_description/share/bumperbot_description/models/aws_robomaker_residential_CoffeeTable_01/model.sdf
[1.276s] -- Symlinking: /home/emzx/ros2_ws/install/bumperbot_description/share/bumperbot_description/models/aws_robomaker_residential_CookingBench_01/materials/textures/aws_CookingBench_01.png
[1.285s] -- Symlinking: /home/emzx/ros2_ws/install/bumperbot_description/share/bumperbot_description/models/aws_robomaker_residential_CookingBench_01/meshes/aws_CookingBench_01.DAE
[1.294s] -- Symlinking: /home/emzx/ros2_ws/install/bumperbot_description/share/bumperbot_description/models/aws_robomaker_residential_CookingBench_01/meshes/aws_CookingBench_01_collision.DAE
[1.303s] -- Symlinking: /home/emzx/ros2_ws/install/bumperbot_description/share/bumperbot_description/models/aws_robomaker_residential_CookingBench_01/meshes/aws_CookingBench_01_visual.DAE
[1.313s] -- Symlinking: /home/emzx/ros2_ws/install/bumperbot_description/share/bumperbot_description/models/aws_robomaker_residential_CookingBench_01/model.config
[1.321s] -- Symlinking: /home/emzx/ros2_ws/install/bumperbot_description/share/bumperbot_description/models/aws_robomaker_residential_CookingBench_01/model.sdf
[1.331s] -- Symlinking: /home/emzx/ros2_ws/install/bumperbot_description/share/bumperbot_description/models/aws_robomaker_residential_Curtain_01/materials/textures/aws_Curtain_01.png
[1.339s] -- Symlinking: /home/emzx/ros2_ws/install/bumperbot_description/share/bumperbot_description/models/aws_robomaker_residential_Curtain_01/meshes/aws_Curtain_01_collision.DAE
[1.349s] -- Symlinking: /home/emzx/ros2_ws/install/bumperbot_description/share/bumperbot_description/models/aws_robomaker_residential_Curtain_01/meshes/aws_Curtain_01_visual.DAE
[1.358s] -- Symlinking: /home/emzx/ros2_ws/install/bumperbot_description/share/bumperbot_description/models/aws_robomaker_residential_Curtain_01/model.config
[1.367s] -- Symlinking: /home/emzx/ros2_ws/install/bumperbot_description/share/bumperbot_description/models/aws_robomaker_residential_Curtain_01/model.sdf
[1.376s] -- Symlinking: /home/emzx/ros2_ws/install/bumperbot_description/share/bumperbot_description/models/aws_robomaker_residential_DeskPortraitA_01/materials/textures/aws_DeskPortraitA_01.png
[1.386s] -- Symlinking: /home/emzx/ros2_ws/install/bumperbot_description/share/bumperbot_description/models/aws_robomaker_residential_DeskPortraitA_01/materials/textures/aws_DeskPortraitA_02.png
[1.395s] -- Symlinking: /home/emzx/ros2_ws/install/bumperbot_description/share/bumperbot_description/models/aws_robomaker_residential_DeskPortraitA_01/meshes/aws_DeskPortraitA_01_collision.DAE
[1.404s] -- Symlinking: /home/emzx/ros2_ws/install/bumperbot_description/share/bumperbot_description/models/aws_robomaker_residential_DeskPortraitA_01/meshes/aws_DeskPortraitA_01_visual.DAE
[1.413s] -- Symlinking: /home/emzx/ros2_ws/install/bumperbot_description/share/bumperbot_description/models/aws_robomaker_residential_DeskPortraitA_01/model.config
[1.422s] -- Symlinking: /home/emzx/ros2_ws/install/bumperbot_description/share/bumperbot_description/models/aws_robomaker_residential_DeskPortraitA_01/model.sdf
[1.432s] -- Symlinking: /home/emzx/ros2_ws/install/bumperbot_description/share/bumperbot_description/models/aws_robomaker_residential_DeskPortraitA_02/materials/textures/aws_DeskPortraitA_01.png
[1.441s] -- Symlinking: /home/emzx/ros2_ws/install/bumperbot_description/share/bumperbot_description/models/aws_robomaker_residential_DeskPortraitA_02/materials/textures/aws_DeskPortraitA_02.png
[1.455s] -- Symlinking: /home/emzx/ros2_ws/install/bumperbot_description/share/bumperbot_description/models/aws_robomaker_residential_DeskPortraitA_02/meshes/aws_DeskPortraitA_01_collision.DAE
[1.465s] -- Symlinking: /home/emzx/ros2_ws/install/bumperbot_description/share/bumperbot_description/models/aws_robomaker_residential_DeskPortraitA_02/meshes/aws_DeskPortraitA_01_visual.DAE
[1.474s] -- Symlinking: /home/emzx/ros2_ws/install/bumperbot_description/share/bumperbot_description/models/aws_robomaker_residential_DeskPortraitA_02/model.config
[1.484s] -- Symlinking: /home/emzx/ros2_ws/install/bumperbot_description/share/bumperbot_description/models/aws_robomaker_residential_DeskPortraitA_02/model.sdf
[1.493s] -- Symlinking: /home/emzx/ros2_ws/install/bumperbot_description/share/bumperbot_description/models/aws_robomaker_residential_DeskPortraitB_01/materials/textures/aws_DeskPortraitB_01.png
[1.503s] -- Symlinking: /home/emzx/ros2_ws/install/bumperbot_description/share/bumperbot_description/models/aws_robomaker_residential_DeskPortraitB_01/materials/textures/aws_DeskPortraitB_02.png
[1.513s] -- Symlinking: /home/emzx/ros2_ws/install/bumperbot_description/share/bumperbot_description/models/aws_robomaker_residential_DeskPortraitB_01/meshes/aws_DeskPortraitB_01_collision.DAE
[1.523s] -- Symlinking: /home/emzx/ros2_ws/install/bumperbot_description/share/bumperbot_description/models/aws_robomaker_residential_DeskPortraitB_01/meshes/aws_DeskPortraitB_01_visual.DAE
[1.533s] -- Symlinking: /home/emzx/ros2_ws/install/bumperbot_description/share/bumperbot_description/models/aws_robomaker_residential_DeskPortraitB_01/model.config
[1.543s] -- Symlinking: /home/emzx/ros2_ws/install/bumperbot_description/share/bumperbot_description/models/aws_robomaker_residential_DeskPortraitB_01/model.sdf
[1.555s] -- Symlinking: /home/emzx/ros2_ws/install/bumperbot_description/share/bumperbot_description/models/aws_robomaker_residential_DeskPortraitB_02/materials/textures/aws_DeskPortraitB_01.png
[1.565s] -- Symlinking: /home/emzx/ros2_ws/install/bumperbot_description/share/bumperbot_description/models/aws_robomaker_residential_DeskPortraitB_02/materials/textures/aws_DeskPortraitB_02.png
[1.576s] -- Symlinking: /home/emzx/ros2_ws/install/bumperbot_description/share/bumperbot_description/models/aws_robomaker_residential_DeskPortraitB_02/meshes/aws_DeskPortraitB_01_collision.DAE
[1.586s] -- Symlinking: /home/emzx/ros2_ws/install/bumperbot_description/share/bumperbot_description/models/aws_robomaker_residential_DeskPortraitB_02/meshes/aws_DeskPortraitB_01_visual.DAE
[1.595s] -- Symlinking: /home/emzx/ros2_ws/install/bumperbot_description/share/bumperbot_description/models/aws_robomaker_residential_DeskPortraitB_02/model.config
[1.605s] -- Symlinking: /home/emzx/ros2_ws/install/bumperbot_description/share/bumperbot_description/models/aws_robomaker_residential_DeskPortraitB_02/model.sdf
[1.615s] -- Symlinking: /home/emzx/ros2_ws/install/bumperbot_description/share/bumperbot_description/models/aws_robomaker_residential_DeskPortraitC_01/materials/textures/aws_DeskPortraitC_01.png
[1.625s] -- Symlinking: /home/emzx/ros2_ws/install/bumperbot_description/share/bumperbot_description/models/aws_robomaker_residential_DeskPortraitC_01/materials/textures/aws_DeskPortraitC_02.png
[1.635s] -- Symlinking: /home/emzx/ros2_ws/install/bumperbot_description/share/bumperbot_description/models/aws_robomaker_residential_DeskPortraitC_01/meshes/aws_DeskPortraitC_01_collision.DAE
[1.645s] -- Symlinking: /home/emzx/ros2_ws/install/bumperbot_description/share/bumperbot_description/models/aws_robomaker_residential_DeskPortraitC_01/meshes/aws_DeskPortraitC_01_visual.DAE
[1.655s] -- Symlinking: /home/emzx/ros2_ws/install/bumperbot_description/share/bumperbot_description/models/aws_robomaker_residential_DeskPortraitC_01/model.config
[1.665s] -- Symlinking: /home/emzx/ros2_ws/install/bumperbot_description/share/bumperbot_description/models/aws_robomaker_residential_DeskPortraitC_01/model.sdf
[1.675s] -- Symlinking: /home/emzx/ros2_ws/install/bumperbot_description/share/bumperbot_description/models/aws_robomaker_residential_DeskPortraitC_02/materials/textures/aws_DeskPortraitC_01.png
[1.685s] -- Symlinking: /home/emzx/ros2_ws/install/bumperbot_description/share/bumperbot_description/models/aws_robomaker_residential_DeskPortraitC_02/materials/textures/aws_DeskPortraitC_02.png
[1.694s] -- Symlinking: /home/emzx/ros2_ws/install/bumperbot_description/share/bumperbot_description/models/aws_robomaker_residential_DeskPortraitC_02/meshes/aws_DeskPortraitC_01_collision.DAE
[1.704s] -- Symlinking: /home/emzx/ros2_ws/install/bumperbot_description/share/bumperbot_description/models/aws_robomaker_residential_DeskPortraitC_02/meshes/aws_DeskPortraitC_01_visual.DAE
[1.713s] -- Symlinking: /home/emzx/ros2_ws/install/bumperbot_description/share/bumperbot_description/models/aws_robomaker_residential_DeskPortraitC_02/model.config
[1.722s] -- Symlinking: /home/emzx/ros2_ws/install/bumperbot_description/share/bumperbot_description/models/aws_robomaker_residential_DeskPortraitC_02/model.sdf
[1.732s] -- Symlinking: /home/emzx/ros2_ws/install/bumperbot_description/share/bumperbot_description/models/aws_robomaker_residential_DeskPortraitD_01/materials/textures/aws_DeskPortraitD_01.png
[1.741s] -- Symlinking: /home/emzx/ros2_ws/install/bumperbot_description/share/bumperbot_description/models/aws_robomaker_residential_DeskPortraitD_01/materials/textures/aws_DeskPortraitD_02.png
[1.750s] -- Symlinking: /home/emzx/ros2_ws/install/bumperbot_description/share/bumperbot_description/models/aws_robomaker_residential_DeskPortraitD_01/meshes/aws_DeskPortraitD_01_collision.DAE
[1.759s] -- Symlinking: /home/emzx/ros2_ws/install/bumperbot_description/share/bumperbot_description/models/aws_robomaker_residential_DeskPortraitD_01/meshes/aws_DeskPortraitD_01_visual.DAE
[1.769s] -- Symlinking: /home/emzx/ros2_ws/install/bumperbot_description/share/bumperbot_description/models/aws_robomaker_residential_DeskPortraitD_01/model.config
[1.779s] -- Symlinking: /home/emzx/ros2_ws/install/bumperbot_description/share/bumperbot_description/models/aws_robomaker_residential_DeskPortraitD_01/model.sdf
[1.788s] -- Symlinking: /home/emzx/ros2_ws/install/bumperbot_description/share/bumperbot_description/models/aws_robomaker_residential_DeskPortraitD_02/materials/textures/aws_DeskPortraitD_01.png
[1.798s] -- Symlinking: /home/emzx/ros2_ws/install/bumperbot_description/share/bumperbot_description/models/aws_robomaker_residential_DeskPortraitD_02/materials/textures/aws_DeskPortraitD_02.png
[1.807s] -- Symlinking: /home/emzx/ros2_ws/install/bumperbot_description/share/bumperbot_description/models/aws_robomaker_residential_DeskPortraitD_02/meshes/aws_DeskPortraitD_01_collision.DAE
[1.817s] -- Symlinking: /home/emzx/ros2_ws/install/bumperbot_description/share/bumperbot_description/models/aws_robomaker_residential_DeskPortraitD_02/meshes/aws_DeskPortraitD_01_visual.DAE
[1.826s] -- Symlinking: /home/emzx/ros2_ws/install/bumperbot_description/share/bumperbot_description/models/aws_robomaker_residential_DeskPortraitD_02/model.config
[1.836s] -- Symlinking: /home/emzx/ros2_ws/install/bumperbot_description/share/bumperbot_description/models/aws_robomaker_residential_DeskPortraitD_02/model.sdf
[1.846s] -- Symlinking: /home/emzx/ros2_ws/install/bumperbot_description/share/bumperbot_description/models/aws_robomaker_residential_DeskPortraitD_03/materials/textures/aws_DeskPortraitD_01.png
[1.855s] -- Symlinking: /home/emzx/ros2_ws/install/bumperbot_description/share/bumperbot_description/models/aws_robomaker_residential_DeskPortraitD_03/materials/textures/aws_DeskPortraitD_02.png
[1.864s] -- Symlinking: /home/emzx/ros2_ws/install/bumperbot_description/share/bumperbot_description/models/aws_robomaker_residential_DeskPortraitD_03/meshes/aws_DeskPortraitD_01_collision.DAE
[1.873s] -- Symlinking: /home/emzx/ros2_ws/install/bumperbot_description/share/bumperbot_description/models/aws_robomaker_residential_DeskPortraitD_03/meshes/aws_DeskPortraitD_01_visual.DAE
[1.883s] -- Symlinking: /home/emzx/ros2_ws/install/bumperbot_description/share/bumperbot_description/models/aws_robomaker_residential_DeskPortraitD_03/model.config
[1.894s] -- Symlinking: /home/emzx/ros2_ws/install/bumperbot_description/share/bumperbot_description/models/aws_robomaker_residential_DeskPortraitD_03/model.sdf
[1.903s] -- Symlinking: /home/emzx/ros2_ws/install/bumperbot_description/share/bumperbot_description/models/aws_robomaker_residential_DeskPortraitD_04/materials/textures/aws_DeskPortraitD_01.png
[1.913s] -- Symlinking: /home/emzx/ros2_ws/install/bumperbot_description/share/bumperbot_description/models/aws_robomaker_residential_DeskPortraitD_04/materials/textures/aws_DeskPortraitD_02.png
[1.922s] -- Symlinking: /home/emzx/ros2_ws/install/bumperbot_description/share/bumperbot_description/models/aws_robomaker_residential_DeskPortraitD_04/meshes/aws_DeskPortraitD_01_collision.DAE
[1.933s] -- Symlinking: /home/emzx/ros2_ws/install/bumperbot_description/share/bumperbot_description/models/aws_robomaker_residential_DeskPortraitD_04/meshes/aws_DeskPortraitD_01_visual.DAE
[1.942s] -- Symlinking: /home/emzx/ros2_ws/install/bumperbot_description/share/bumperbot_description/models/aws_robomaker_residential_DeskPortraitD_04/model.config
[1.951s] -- Symlinking: /home/emzx/ros2_ws/install/bumperbot_description/share/bumperbot_description/models/aws_robomaker_residential_DeskPortraitD_04/model.sdf
[1.960s] -- Symlinking: /home/emzx/ros2_ws/install/bumperbot_description/share/bumperbot_description/models/aws_robomaker_residential_Door_01/materials/textures/aws_Door_01.png
[1.973s] -- Symlinking: /home/emzx/ros2_ws/install/bumperbot_description/share/bumperbot_description/models/aws_robomaker_residential_Door_01/meshes/aws_Door_01_collision.DAE
[1.982s] -- Symlinking: /home/emzx/ros2_ws/install/bumperbot_description/share/bumperbot_description/models/aws_robomaker_residential_Door_01/meshes/aws_Door_01_visual.DAE
[1.991s] -- Symlinking: /home/emzx/ros2_ws/install/bumperbot_description/share/bumperbot_description/models/aws_robomaker_residential_Door_01/model.config
[2.000s] -- Symlinking: /home/emzx/ros2_ws/install/bumperbot_description/share/bumperbot_description/models/aws_robomaker_residential_Door_01/model.sdf
[2.009s] -- Symlinking: /home/emzx/ros2_ws/install/bumperbot_description/share/bumperbot_description/models/aws_robomaker_residential_Dumbbell_01/materials/textures/aws_Dumbbell_01.png
[2.019s] -- Symlinking: /home/emzx/ros2_ws/install/bumperbot_description/share/bumperbot_description/models/aws_robomaker_residential_Dumbbell_01/meshes/aws_Dumbbell_01_collision.DAE
[2.031s] -- Symlinking: /home/emzx/ros2_ws/install/bumperbot_description/share/bumperbot_description/models/aws_robomaker_residential_Dumbbell_01/meshes/aws_Dumbbell_01_visual.DAE
[2.040s] -- Symlinking: /home/emzx/ros2_ws/install/bumperbot_description/share/bumperbot_description/models/aws_robomaker_residential_Dumbbell_01/model.config
[2.050s] -- Symlinking: /home/emzx/ros2_ws/install/bumperbot_description/share/bumperbot_description/models/aws_robomaker_residential_Dumbbell_01/model.sdf
[2.059s] -- Symlinking: /home/emzx/ros2_ws/install/bumperbot_description/share/bumperbot_description/models/aws_robomaker_residential_FitnessEquipment_01/materials/textures/aws_FitnessEquipment_01.png
[2.070s] -- Symlinking: /home/emzx/ros2_ws/install/bumperbot_description/share/bumperbot_description/models/aws_robomaker_residential_FitnessEquipment_01/meshes/aws_FitnessEquipment_01_collision.DAE
[2.080s] -- Symlinking: /home/emzx/ros2_ws/install/bumperbot_description/share/bumperbot_description/models/aws_robomaker_residential_FitnessEquipment_01/meshes/aws_FitnessEquipment_01_visual.DAE
[2.089s] -- Symlinking: /home/emzx/ros2_ws/install/bumperbot_description/share/bumperbot_description/models/aws_robomaker_residential_FitnessEquipment_01/model.config
[2.099s] -- Symlinking: /home/emzx/ros2_ws/install/bumperbot_description/share/bumperbot_description/models/aws_robomaker_residential_FitnessEquipment_01/model.sdf
[2.109s] -- Symlinking: /home/emzx/ros2_ws/install/bumperbot_description/share/bumperbot_description/models/aws_robomaker_residential_FloorB_01/materials/textures/aws_FloorB_01.png
[2.120s] -- Symlinking: /home/emzx/ros2_ws/install/bumperbot_description/share/bumperbot_description/models/aws_robomaker_residential_FloorB_01/meshes/aws_FloorB_01_collision.DAE
[2.129s] -- Symlinking: /home/emzx/ros2_ws/install/bumperbot_description/share/bumperbot_description/models/aws_robomaker_residential_FloorB_01/meshes/aws_FloorB_01_visual.DAE
[2.139s] -- Symlinking: /home/emzx/ros2_ws/install/bumperbot_description/share/bumperbot_description/models/aws_robomaker_residential_FloorB_01/model.config
[2.151s] -- Symlinking: /home/emzx/ros2_ws/install/bumperbot_description/share/bumperbot_description/models/aws_robomaker_residential_FloorB_01/model.sdf
[2.167s] -- Symlinking: /home/emzx/ros2_ws/install/bumperbot_description/share/bumperbot_description/models/aws_robomaker_residential_FoldingDoor_01/materials/textures/aws_FoldingDoor_01.png
[2.180s] -- Symlinking: /home/emzx/ros2_ws/install/bumperbot_description/share/bumperbot_description/models/aws_robomaker_residential_FoldingDoor_01/meshes/aws_FoldingDoor_01_collision.DAE
[2.193s] -- Symlinking: /home/emzx/ros2_ws/install/bumperbot_description/share/bumperbot_description/models/aws_robomaker_residential_FoldingDoor_01/meshes/aws_FoldingDoor_01_visual.DAE
[2.203s] -- Symlinking: /home/emzx/ros2_ws/install/bumperbot_description/share/bumperbot_description/models/aws_robomaker_residential_FoldingDoor_01/model.config
[2.213s] -- Symlinking: /home/emzx/ros2_ws/install/bumperbot_description/share/bumperbot_description/models/aws_robomaker_residential_FoldingDoor_01/model.sdf
[2.226s] -- Symlinking: /home/emzx/ros2_ws/install/bumperbot_description/share/bumperbot_description/models/aws_robomaker_residential_FoldingDoor_02/materials/textures/aws_FoldingDoor_02.png
[2.236s] -- Symlinking: /home/emzx/ros2_ws/install/bumperbot_description/share/bumperbot_description/models/aws_robomaker_residential_FoldingDoor_02/meshes/aws_FoldingDoor_02_collision.DAE
[2.245s] -- Symlinking: /home/emzx/ros2_ws/install/bumperbot_description/share/bumperbot_description/models/aws_robomaker_residential_FoldingDoor_02/meshes/aws_FoldingDoor_02_visual.DAE
[2.255s] -- Symlinking: /home/emzx/ros2_ws/install/bumperbot_description/share/bumperbot_description/models/aws_robomaker_residential_FoldingDoor_02/model.config
[2.269s] -- Symlinking: /home/emzx/ros2_ws/install/bumperbot_description/share/bumperbot_description/models/aws_robomaker_residential_FoldingDoor_02/model.sdf
[2.280s] -- Symlinking: /home/emzx/ros2_ws/install/bumperbot_description/share/bumperbot_description/models/aws_robomaker_residential_Handle_01/materials/textures/aws_Handle_01.png
[2.290s] -- Symlinking: /home/emzx/ros2_ws/install/bumperbot_description/share/bumperbot_description/models/aws_robomaker_residential_Handle_01/meshes/aws_ handle_01_collision.DAE
[2.300s] -- Symlinking: /home/emzx/ros2_ws/install/bumperbot_description/share/bumperbot_description/models/aws_robomaker_residential_Handle_01/meshes/aws_Handle_01_collision.DAE
[2.310s] -- Symlinking: /home/emzx/ros2_ws/install/bumperbot_description/share/bumperbot_description/models/aws_robomaker_residential_Handle_01/meshes/aws_Handle_01_visual.DAE
[2.323s] -- Symlinking: /home/emzx/ros2_ws/install/bumperbot_description/share/bumperbot_description/models/aws_robomaker_residential_Handle_01/model.config
[2.334s] -- Symlinking: /home/emzx/ros2_ws/install/bumperbot_description/share/bumperbot_description/models/aws_robomaker_residential_Handle_01/model.sdf
[2.344s] -- Symlinking: /home/emzx/ros2_ws/install/bumperbot_description/share/bumperbot_description/models/aws_robomaker_residential_HouseWallB_01/materials/textures/aws_HouseWallB_01.png
[2.354s] -- Symlinking: /home/emzx/ros2_ws/install/bumperbot_description/share/bumperbot_description/models/aws_robomaker_residential_HouseWallB_01/meshes/aws_HouseWallB_01_collision.DAE
[2.363s] -- Symlinking: /home/emzx/ros2_ws/install/bumperbot_description/share/bumperbot_description/models/aws_robomaker_residential_HouseWallB_01/meshes/aws_HouseWallB_01_visual.DAE
[2.375s] -- Symlinking: /home/emzx/ros2_ws/install/bumperbot_description/share/bumperbot_description/models/aws_robomaker_residential_HouseWallB_01/model.config
[2.383s] -- Symlinking: /home/emzx/ros2_ws/install/bumperbot_description/share/bumperbot_description/models/aws_robomaker_residential_HouseWallB_01/model.sdf
[2.396s] -- Symlinking: /home/emzx/ros2_ws/install/bumperbot_description/share/bumperbot_description/models/aws_robomaker_residential_KitchenCabinet_01/materials/textures/aws_KitchenCabinet_01.png
[2.407s] -- Symlinking: /home/emzx/ros2_ws/install/bumperbot_description/share/bumperbot_description/models/aws_robomaker_residential_KitchenCabinet_01/meshes/aws_KitchenCabinet_01_collision.DAE
[2.417s] -- Symlinking: /home/emzx/ros2_ws/install/bumperbot_description/share/bumperbot_description/models/aws_robomaker_residential_KitchenCabinet_01/meshes/aws_KitchenCabinet_01_visual.DAE
[2.427s] -- Symlinking: /home/emzx/ros2_ws/install/bumperbot_description/share/bumperbot_description/models/aws_robomaker_residential_KitchenCabinet_01/model.config
[2.440s] -- Symlinking: /home/emzx/ros2_ws/install/bumperbot_description/share/bumperbot_description/models/aws_robomaker_residential_KitchenCabinet_01/model.sdf
[2.449s] -- Symlinking: /home/emzx/ros2_ws/install/bumperbot_description/share/bumperbot_description/models/aws_robomaker_residential_KitchenTable_01/materials/textures/aws_KitchenTable_01.png
[2.459s] -- Symlinking: /home/emzx/ros2_ws/install/bumperbot_description/share/bumperbot_description/models/aws_robomaker_residential_KitchenTable_01/meshes/aws_KitchenTable_01_collision.DAE
[2.469s] -- Symlinking: /home/emzx/ros2_ws/install/bumperbot_description/share/bumperbot_description/models/aws_robomaker_residential_KitchenTable_01/meshes/aws_KitchenTable_01_visual.DAE
[2.478s] -- Symlinking: /home/emzx/ros2_ws/install/bumperbot_description/share/bumperbot_description/models/aws_robomaker_residential_KitchenTable_01/model.config
[2.488s] -- Symlinking: /home/emzx/ros2_ws/install/bumperbot_description/share/bumperbot_description/models/aws_robomaker_residential_KitchenTable_01/model.sdf
[2.497s] -- Symlinking: /home/emzx/ros2_ws/install/bumperbot_description/share/bumperbot_description/models/aws_robomaker_residential_KitchenUtensils_01/materials/textures/aws_KitchenUtensils_01.png
[2.507s] -- Symlinking: /home/emzx/ros2_ws/install/bumperbot_description/share/bumperbot_description/models/aws_robomaker_residential_KitchenUtensils_01/meshes/aws_KitchenUtensils_01_collision.DAE
[2.516s] -- Symlinking: /home/emzx/ros2_ws/install/bumperbot_description/share/bumperbot_description/models/aws_robomaker_residential_KitchenUtensils_01/meshes/aws_KitchenUtensils_01_visual.DAE
[2.525s] -- Symlinking: /home/emzx/ros2_ws/install/bumperbot_description/share/bumperbot_description/models/aws_robomaker_residential_KitchenUtensils_01/model.config
[2.534s] -- Symlinking: /home/emzx/ros2_ws/install/bumperbot_description/share/bumperbot_description/models/aws_robomaker_residential_KitchenUtensils_01/model.sdf
[2.543s] -- Symlinking: /home/emzx/ros2_ws/install/bumperbot_description/share/bumperbot_description/models/aws_robomaker_residential_LightC_01/materials/textures/aws_LightC_01.png
[2.553s] -- Symlinking: /home/emzx/ros2_ws/install/bumperbot_description/share/bumperbot_description/models/aws_robomaker_residential_LightC_01/meshes/aws_LightC_01_collision.DAE
[2.561s] -- Symlinking: /home/emzx/ros2_ws/install/bumperbot_description/share/bumperbot_description/models/aws_robomaker_residential_LightC_01/meshes/aws_LightC_01_visual.DAE
[2.570s] -- Symlinking: /home/emzx/ros2_ws/install/bumperbot_description/share/bumperbot_description/models/aws_robomaker_residential_LightC_01/model.config
[2.579s] -- Symlinking: /home/emzx/ros2_ws/install/bumperbot_description/share/bumperbot_description/models/aws_robomaker_residential_LightC_01/model.sdf
[2.589s] -- Symlinking: /home/emzx/ros2_ws/install/bumperbot_description/share/bumperbot_description/models/aws_robomaker_residential_NightStand_01/materials/textures/aws_NightStand_01.png
[2.598s] -- Symlinking: /home/emzx/ros2_ws/install/bumperbot_description/share/bumperbot_description/models/aws_robomaker_residential_NightStand_01/meshes/aws_NightStand_01_collision.DAE
[2.607s] -- Symlinking: /home/emzx/ros2_ws/install/bumperbot_description/share/bumperbot_description/models/aws_robomaker_residential_NightStand_01/meshes/aws_NightStand_01_visual.DAE
[2.615s] -- Symlinking: /home/emzx/ros2_ws/install/bumperbot_description/share/bumperbot_description/models/aws_robomaker_residential_NightStand_01/model.config
[2.624s] -- Symlinking: /home/emzx/ros2_ws/install/bumperbot_description/share/bumperbot_description/models/aws_robomaker_residential_NightStand_01/model.sdf
[2.633s] -- Symlinking: /home/emzx/ros2_ws/install/bumperbot_description/share/bumperbot_description/models/aws_robomaker_residential_Pillow_01/materials/textures/aws_Pillow_01.png
[2.641s] -- Symlinking: /home/emzx/ros2_ws/install/bumperbot_description/share/bumperbot_description/models/aws_robomaker_residential_Pillow_01/meshes/aws_Pillow_01_collision.DAE
[2.651s] -- Symlinking: /home/emzx/ros2_ws/install/bumperbot_description/share/bumperbot_description/models/aws_robomaker_residential_Pillow_01/meshes/aws_Pillow_01_visual.DAE
[2.660s] -- Symlinking: /home/emzx/ros2_ws/install/bumperbot_description/share/bumperbot_description/models/aws_robomaker_residential_Pillow_01/model.config
[2.669s] -- Symlinking: /home/emzx/ros2_ws/install/bumperbot_description/share/bumperbot_description/models/aws_robomaker_residential_Pillow_01/model.sdf
[2.678s] -- Symlinking: /home/emzx/ros2_ws/install/bumperbot_description/share/bumperbot_description/models/aws_robomaker_residential_PortraitA_01/materials/textures/aws_PortraitA_01.png
[2.687s] -- Symlinking: /home/emzx/ros2_ws/install/bumperbot_description/share/bumperbot_description/models/aws_robomaker_residential_PortraitA_01/materials/textures/aws_PortraitA_02.png
[2.697s] -- Symlinking: /home/emzx/ros2_ws/install/bumperbot_description/share/bumperbot_description/models/aws_robomaker_residential_PortraitA_01/meshes/aws_PortraitA_01_collision.DAE
[2.705s] -- Symlinking: /home/emzx/ros2_ws/install/bumperbot_description/share/bumperbot_description/models/aws_robomaker_residential_PortraitA_01/meshes/aws_PortraitA_01_visual.DAE
[2.714s] -- Symlinking: /home/emzx/ros2_ws/install/bumperbot_description/share/bumperbot_description/models/aws_robomaker_residential_PortraitA_01/model.config
[2.723s] -- Symlinking: /home/emzx/ros2_ws/install/bumperbot_description/share/bumperbot_description/models/aws_robomaker_residential_PortraitA_01/model.sdf
[2.732s] -- Symlinking: /home/emzx/ros2_ws/install/bumperbot_description/share/bumperbot_description/models/aws_robomaker_residential_PortraitA_02/materials/textures/aws_PortraitA_01.png
[2.741s] -- Symlinking: /home/emzx/ros2_ws/install/bumperbot_description/share/bumperbot_description/models/aws_robomaker_residential_PortraitA_02/materials/textures/aws_PortraitA_02.png
[2.750s] -- Symlinking: /home/emzx/ros2_ws/install/bumperbot_description/share/bumperbot_description/models/aws_robomaker_residential_PortraitA_02/meshes/aws_PortraitA_01_collision.DAE
[2.759s] -- Symlinking: /home/emzx/ros2_ws/install/bumperbot_description/share/bumperbot_description/models/aws_robomaker_residential_PortraitA_02/meshes/aws_PortraitA_01_visual.DAE
[2.769s] -- Symlinking: /home/emzx/ros2_ws/install/bumperbot_description/share/bumperbot_description/models/aws_robomaker_residential_PortraitA_02/model.config
[2.778s] -- Symlinking: /home/emzx/ros2_ws/install/bumperbot_description/share/bumperbot_description/models/aws_robomaker_residential_PortraitA_02/model.sdf
[2.787s] -- Symlinking: /home/emzx/ros2_ws/install/bumperbot_description/share/bumperbot_description/models/aws_robomaker_residential_PortraitB_01/materials/textures/aws_PortraitB_01.png
[2.797s] -- Symlinking: /home/emzx/ros2_ws/install/bumperbot_description/share/bumperbot_description/models/aws_robomaker_residential_PortraitB_01/materials/textures/aws_PortraitB_02.png
[2.808s] -- Symlinking: /home/emzx/ros2_ws/install/bumperbot_description/share/bumperbot_description/models/aws_robomaker_residential_PortraitB_01/meshes/aws_PortraitB_01_collision.DAE
[2.818s] -- Symlinking: /home/emzx/ros2_ws/install/bumperbot_description/share/bumperbot_description/models/aws_robomaker_residential_PortraitB_01/meshes/aws_PortraitB_01_visual.DAE
[2.827s] -- Symlinking: /home/emzx/ros2_ws/install/bumperbot_description/share/bumperbot_description/models/aws_robomaker_residential_PortraitB_01/model.config
[2.836s] -- Symlinking: /home/emzx/ros2_ws/install/bumperbot_description/share/bumperbot_description/models/aws_robomaker_residential_PortraitB_01/model.sdf
[2.845s] -- Symlinking: /home/emzx/ros2_ws/install/bumperbot_description/share/bumperbot_description/models/aws_robomaker_residential_PortraitB_02/materials/textures/aws_PortraitB_01.png
[2.854s] -- Symlinking: /home/emzx/ros2_ws/install/bumperbot_description/share/bumperbot_description/models/aws_robomaker_residential_PortraitB_02/materials/textures/aws_PortraitB_02.png
[2.863s] -- Symlinking: /home/emzx/ros2_ws/install/bumperbot_description/share/bumperbot_description/models/aws_robomaker_residential_PortraitB_02/meshes/aws_PortraitB_01_collision.DAE
[2.871s] -- Symlinking: /home/emzx/ros2_ws/install/bumperbot_description/share/bumperbot_description/models/aws_robomaker_residential_PortraitB_02/meshes/aws_PortraitB_01_visual.DAE
[2.879s] -- Symlinking: /home/emzx/ros2_ws/install/bumperbot_description/share/bumperbot_description/models/aws_robomaker_residential_PortraitB_02/model.config
[2.888s] -- Symlinking: /home/emzx/ros2_ws/install/bumperbot_description/share/bumperbot_description/models/aws_robomaker_residential_PortraitB_02/model.sdf
[2.898s] -- Symlinking: /home/emzx/ros2_ws/install/bumperbot_description/share/bumperbot_description/models/aws_robomaker_residential_PortraitB_03/materials/textures/aws_PortraitB_01.png
[2.907s] -- Symlinking: /home/emzx/ros2_ws/install/bumperbot_description/share/bumperbot_description/models/aws_robomaker_residential_PortraitB_03/materials/textures/aws_PortraitB_02.png
[2.916s] -- Symlinking: /home/emzx/ros2_ws/install/bumperbot_description/share/bumperbot_description/models/aws_robomaker_residential_PortraitB_03/meshes/aws_PortraitB_01_collision.DAE
[2.925s] -- Symlinking: /home/emzx/ros2_ws/install/bumperbot_description/share/bumperbot_description/models/aws_robomaker_residential_PortraitB_03/meshes/aws_PortraitB_01_visual.DAE
[2.934s] -- Symlinking: /home/emzx/ros2_ws/install/bumperbot_description/share/bumperbot_description/models/aws_robomaker_residential_PortraitB_03/model.config
[2.946s] -- Symlinking: /home/emzx/ros2_ws/install/bumperbot_description/share/bumperbot_description/models/aws_robomaker_residential_PortraitB_03/model.sdf
[2.955s] -- Symlinking: /home/emzx/ros2_ws/install/bumperbot_description/share/bumperbot_description/models/aws_robomaker_residential_PortraitC_01/materials/textures/aws_PortraitC_01.png
[2.965s] -- Symlinking: /home/emzx/ros2_ws/install/bumperbot_description/share/bumperbot_description/models/aws_robomaker_residential_PortraitC_01/materials/textures/aws_PortraitC_02.png
[2.973s] -- Symlinking: /home/emzx/ros2_ws/install/bumperbot_description/share/bumperbot_description/models/aws_robomaker_residential_PortraitC_01/meshes/aws_PortraitC_01_collision.DAE
[2.984s] -- Symlinking: /home/emzx/ros2_ws/install/bumperbot_description/share/bumperbot_description/models/aws_robomaker_residential_PortraitC_01/meshes/aws_PortraitC_01_visual.DAE
[2.997s] -- Symlinking: /home/emzx/ros2_ws/install/bumperbot_description/share/bumperbot_description/models/aws_robomaker_residential_PortraitC_01/model.config
[3.009s] -- Symlinking: /home/emzx/ros2_ws/install/bumperbot_description/share/bumperbot_description/models/aws_robomaker_residential_PortraitC_01/model.sdf
[3.020s] -- Symlinking: /home/emzx/ros2_ws/install/bumperbot_description/share/bumperbot_description/models/aws_robomaker_residential_PortraitD_01/materials/textures/aws_PortraitD_01.png
[3.033s] -- Symlinking: /home/emzx/ros2_ws/install/bumperbot_description/share/bumperbot_description/models/aws_robomaker_residential_PortraitD_01/materials/textures/aws_PortraitD_02.png
[3.044s] -- Symlinking: /home/emzx/ros2_ws/install/bumperbot_description/share/bumperbot_description/models/aws_robomaker_residential_PortraitD_01/meshes/aws_PortraitD_01_collision.DAE
[3.053s] -- Symlinking: /home/emzx/ros2_ws/install/bumperbot_description/share/bumperbot_description/models/aws_robomaker_residential_PortraitD_01/meshes/aws_PortraitD_01_visual.DAE
[3.062s] -- Symlinking: /home/emzx/ros2_ws/install/bumperbot_description/share/bumperbot_description/models/aws_robomaker_residential_PortraitD_01/model.config
[3.072s] -- Symlinking: /home/emzx/ros2_ws/install/bumperbot_description/share/bumperbot_description/models/aws_robomaker_residential_PortraitD_01/model.sdf
[3.084s] -- Symlinking: /home/emzx/ros2_ws/install/bumperbot_description/share/bumperbot_description/models/aws_robomaker_residential_PortraitD_02/materials/textures/aws_PortraitD_01.png
[3.099s] -- Symlinking: /home/emzx/ros2_ws/install/bumperbot_description/share/bumperbot_description/models/aws_robomaker_residential_PortraitD_02/materials/textures/aws_PortraitD_02.png
[3.113s] -- Symlinking: /home/emzx/ros2_ws/install/bumperbot_description/share/bumperbot_description/models/aws_robomaker_residential_PortraitD_02/meshes/aws_PortraitD_01_collision.DAE
[3.124s] -- Symlinking: /home/emzx/ros2_ws/install/bumperbot_description/share/bumperbot_description/models/aws_robomaker_residential_PortraitD_02/meshes/aws_PortraitD_01_visual.DAE
[3.133s] -- Symlinking: /home/emzx/ros2_ws/install/bumperbot_description/share/bumperbot_description/models/aws_robomaker_residential_PortraitD_02/model.config
[3.142s] -- Symlinking: /home/emzx/ros2_ws/install/bumperbot_description/share/bumperbot_description/models/aws_robomaker_residential_PortraitD_02/model.sdf
[3.151s] -- Symlinking: /home/emzx/ros2_ws/install/bumperbot_description/share/bumperbot_description/models/aws_robomaker_residential_PortraitE_01/materials/textures/aws_PortraitE_01.png
[3.160s] -- Symlinking: /home/emzx/ros2_ws/install/bumperbot_description/share/bumperbot_description/models/aws_robomaker_residential_PortraitE_01/materials/textures/aws_PortraitE_02.png
[3.168s] -- Symlinking: /home/emzx/ros2_ws/install/bumperbot_description/share/bumperbot_description/models/aws_robomaker_residential_PortraitE_01/meshes/aws_PortraitE_01_collision.DAE
[3.177s] -- Symlinking: /home/emzx/ros2_ws/install/bumperbot_description/share/bumperbot_description/models/aws_robomaker_residential_PortraitE_01/meshes/aws_PortraitE_01_visual.DAE
[3.186s] -- Symlinking: /home/emzx/ros2_ws/install/bumperbot_description/share/bumperbot_description/models/aws_robomaker_residential_PortraitE_01/model.config
[3.196s] -- Symlinking: /home/emzx/ros2_ws/install/bumperbot_description/share/bumperbot_description/models/aws_robomaker_residential_PortraitE_01/model.sdf
[3.209s] -- Symlinking: /home/emzx/ros2_ws/install/bumperbot_description/share/bumperbot_description/models/aws_robomaker_residential_PortraitE_02/materials/textures/aws_PortraitE_01.png
[3.220s] -- Symlinking: /home/emzx/ros2_ws/install/bumperbot_description/share/bumperbot_description/models/aws_robomaker_residential_PortraitE_02/materials/textures/aws_PortraitE_02.png
[3.232s] -- Symlinking: /home/emzx/ros2_ws/install/bumperbot_description/share/bumperbot_description/models/aws_robomaker_residential_PortraitE_02/meshes/aws_PortraitE_01_collision.DAE
[3.246s] -- Symlinking: /home/emzx/ros2_ws/install/bumperbot_description/share/bumperbot_description/models/aws_robomaker_residential_PortraitE_02/meshes/aws_PortraitE_01_visual.DAE
[3.258s] -- Symlinking: /home/emzx/ros2_ws/install/bumperbot_description/share/bumperbot_description/models/aws_robomaker_residential_PortraitE_02/model.config
[3.272s] -- Symlinking: /home/emzx/ros2_ws/install/bumperbot_description/share/bumperbot_description/models/aws_robomaker_residential_PortraitE_02/model.sdf
[3.288s] -- Symlinking: /home/emzx/ros2_ws/install/bumperbot_description/share/bumperbot_description/models/aws_robomaker_residential_Quilt_01/materials/textures/aws_Quilt_01.png
[3.301s] -- Symlinking: /home/emzx/ros2_ws/install/bumperbot_description/share/bumperbot_description/models/aws_robomaker_residential_Quilt_01/meshes/aws_Quilt_01_collision.DAE
[3.311s] -- Symlinking: /home/emzx/ros2_ws/install/bumperbot_description/share/bumperbot_description/models/aws_robomaker_residential_Quilt_01/meshes/aws_Quilt_01_visual.DAE
[3.320s] -- Symlinking: /home/emzx/ros2_ws/install/bumperbot_description/share/bumperbot_description/models/aws_robomaker_residential_Quilt_01/model.config
[3.328s] -- Symlinking: /home/emzx/ros2_ws/install/bumperbot_description/share/bumperbot_description/models/aws_robomaker_residential_Quilt_01/model.sdf
[3.338s] -- Symlinking: /home/emzx/ros2_ws/install/bumperbot_description/share/bumperbot_description/models/aws_robomaker_residential_Rangehood_01/materials/textures/aws_Rangehood_01.png
[3.348s] -- Symlinking: /home/emzx/ros2_ws/install/bumperbot_description/share/bumperbot_description/models/aws_robomaker_residential_Rangehood_01/meshes/aws_Rangehood_01_collision.DAE
[3.357s] -- Symlinking: /home/emzx/ros2_ws/install/bumperbot_description/share/bumperbot_description/models/aws_robomaker_residential_Rangehood_01/meshes/aws_Rangehood_01_visual.DAE
[3.367s] -- Symlinking: /home/emzx/ros2_ws/install/bumperbot_description/share/bumperbot_description/models/aws_robomaker_residential_Rangehood_01/model.config
[3.376s] -- Symlinking: /home/emzx/ros2_ws/install/bumperbot_description/share/bumperbot_description/models/aws_robomaker_residential_Rangehood_01/model.sdf
[3.385s] -- Symlinking: /home/emzx/ros2_ws/install/bumperbot_description/share/bumperbot_description/models/aws_robomaker_residential_ReadingDesk_01/materials/textures/aws_ReadingDesk_01.png
[3.394s] -- Symlinking: /home/emzx/ros2_ws/install/bumperbot_description/share/bumperbot_description/models/aws_robomaker_residential_ReadingDesk_01/meshes/aws_ReadingDesk_01_collision.DAE
[3.403s] -- Symlinking: /home/emzx/ros2_ws/install/bumperbot_description/share/bumperbot_description/models/aws_robomaker_residential_ReadingDesk_01/meshes/aws_ReadingDesk_01_visual.DAE
[3.412s] -- Symlinking: /home/emzx/ros2_ws/install/bumperbot_description/share/bumperbot_description/models/aws_robomaker_residential_ReadingDesk_01/model.config
[3.422s] -- Symlinking: /home/emzx/ros2_ws/install/bumperbot_description/share/bumperbot_description/models/aws_robomaker_residential_ReadingDesk_01/model.sdf
[3.431s] -- Symlinking: /home/emzx/ros2_ws/install/bumperbot_description/share/bumperbot_description/models/aws_robomaker_residential_Refrigerator_01/materials/textures/aws_Refrigerator_01.png
[3.442s] -- Symlinking: /home/emzx/ros2_ws/install/bumperbot_description/share/bumperbot_description/models/aws_robomaker_residential_Refrigerator_01/materials/textures/aws_Refrigerator_02.png
[3.452s] -- Symlinking: /home/emzx/ros2_ws/install/bumperbot_description/share/bumperbot_description/models/aws_robomaker_residential_Refrigerator_01/meshes/aws_Refrigerator_01.DAE
[3.460s] -- Symlinking: /home/emzx/ros2_ws/install/bumperbot_description/share/bumperbot_description/models/aws_robomaker_residential_Refrigerator_01/meshes/aws_Refrigerator_01_collision.DAE
[3.469s] -- Symlinking: /home/emzx/ros2_ws/install/bumperbot_description/share/bumperbot_description/models/aws_robomaker_residential_Refrigerator_01/meshes/aws_Refrigerator_01_visual.DAE
[3.478s] -- Symlinking: /home/emzx/ros2_ws/install/bumperbot_description/share/bumperbot_description/models/aws_robomaker_residential_Refrigerator_01/model.config
[3.487s] -- Symlinking: /home/emzx/ros2_ws/install/bumperbot_description/share/bumperbot_description/models/aws_robomaker_residential_Refrigerator_01/model.sdf
[3.497s] -- Symlinking: /home/emzx/ros2_ws/install/bumperbot_description/share/bumperbot_description/models/aws_robomaker_residential_RoomCeiling_01/materials/textures/aws_RoomCeiling_01.png
[3.505s] -- Symlinking: /home/emzx/ros2_ws/install/bumperbot_description/share/bumperbot_description/models/aws_robomaker_residential_RoomCeiling_01/meshes/aws_RoomCeiling_01_collision.DAE
[3.514s] -- Symlinking: /home/emzx/ros2_ws/install/bumperbot_description/share/bumperbot_description/models/aws_robomaker_residential_RoomCeiling_01/meshes/aws_RoomCeiling_01_visual.DAE
[3.524s] -- Symlinking: /home/emzx/ros2_ws/install/bumperbot_description/share/bumperbot_description/models/aws_robomaker_residential_RoomCeiling_01/model.config
[3.534s] -- Symlinking: /home/emzx/ros2_ws/install/bumperbot_description/share/bumperbot_description/models/aws_robomaker_residential_RoomCeiling_01/model.sdf
[3.546s] -- Symlinking: /home/emzx/ros2_ws/install/bumperbot_description/share/bumperbot_description/models/aws_robomaker_residential_RoomWall_01/materials/textures/aws_RoomWall_01.png
[3.558s] -- Symlinking: /home/emzx/ros2_ws/install/bumperbot_description/share/bumperbot_description/models/aws_robomaker_residential_RoomWall_01/meshes/aws_RoomWall_01_collision.DAE
[3.573s] -- Symlinking: /home/emzx/ros2_ws/install/bumperbot_description/share/bumperbot_description/models/aws_robomaker_residential_RoomWall_01/meshes/aws_RoomWall_01_visual.DAE
[3.590s] -- Symlinking: /home/emzx/ros2_ws/install/bumperbot_description/share/bumperbot_description/models/aws_robomaker_residential_RoomWall_01/model.config
[3.605s] -- Symlinking: /home/emzx/ros2_ws/install/bumperbot_description/share/bumperbot_description/models/aws_robomaker_residential_RoomWall_01/model.sdf
[3.616s] -- Symlinking: /home/emzx/ros2_ws/install/bumperbot_description/share/bumperbot_description/models/aws_robomaker_residential_RoomWindow_01/materials/textures/aws_RoomWindow_01.png
[3.626s] -- Symlinking: /home/emzx/ros2_ws/install/bumperbot_description/share/bumperbot_description/models/aws_robomaker_residential_RoomWindow_01/meshes/aws_RoomWindow_01_collision.DAE
[3.635s] -- Symlinking: /home/emzx/ros2_ws/install/bumperbot_description/share/bumperbot_description/models/aws_robomaker_residential_RoomWindow_01/meshes/aws_RoomWindow_01_visual.DAE
[3.644s] -- Symlinking: /home/emzx/ros2_ws/install/bumperbot_description/share/bumperbot_description/models/aws_robomaker_residential_RoomWindow_01/model.config
[3.653s] -- Symlinking: /home/emzx/ros2_ws/install/bumperbot_description/share/bumperbot_description/models/aws_robomaker_residential_RoomWindow_01/model.sdf
[3.666s] -- Symlinking: /home/emzx/ros2_ws/install/bumperbot_description/share/bumperbot_description/models/aws_robomaker_residential_SeasoningBox_01/materials/textures/aws_SeasoningBox_01.png
[3.683s] -- Symlinking: /home/emzx/ros2_ws/install/bumperbot_description/share/bumperbot_description/models/aws_robomaker_residential_SeasoningBox_01/meshes/aws_SeasoningBox_01_collision.DAE
[3.699s] -- Symlinking: /home/emzx/ros2_ws/install/bumperbot_description/share/bumperbot_description/models/aws_robomaker_residential_SeasoningBox_01/meshes/aws_SeasoningBox_01_visual.DAE
[3.712s] -- Symlinking: /home/emzx/ros2_ws/install/bumperbot_description/share/bumperbot_description/models/aws_robomaker_residential_SeasoningBox_01/model.config
[3.722s] -- Symlinking: /home/emzx/ros2_ws/install/bumperbot_description/share/bumperbot_description/models/aws_robomaker_residential_SeasoningBox_01/model.sdf
[3.731s] -- Symlinking: /home/emzx/ros2_ws/install/bumperbot_description/share/bumperbot_description/models/aws_robomaker_residential_SecurityCamera_01/materials/textures/aws_SecurityCamera_01.png
[3.740s] -- Symlinking: /home/emzx/ros2_ws/install/bumperbot_description/share/bumperbot_description/models/aws_robomaker_residential_SecurityCamera_01/meshes/aws_SecurityCamera_01_collision.DAE
[3.749s] -- Symlinking: /home/emzx/ros2_ws/install/bumperbot_description/share/bumperbot_description/models/aws_robomaker_residential_SecurityCamera_01/meshes/aws_SecurityCamera_01_visual.DAE
[3.758s] -- Symlinking: /home/emzx/ros2_ws/install/bumperbot_description/share/bumperbot_description/models/aws_robomaker_residential_SecurityCamera_01/model.config
[3.767s] -- Symlinking: /home/emzx/ros2_ws/install/bumperbot_description/share/bumperbot_description/models/aws_robomaker_residential_SecurityCamera_01/model.sdf
[3.776s] -- Symlinking: /home/emzx/ros2_ws/install/bumperbot_description/share/bumperbot_description/models/aws_robomaker_residential_ShoeRack_01/materials/textures/aws_ShoeRack_01.png
[3.785s] -- Symlinking: /home/emzx/ros2_ws/install/bumperbot_description/share/bumperbot_description/models/aws_robomaker_residential_ShoeRack_01/meshes/aws_ShoeRack_01_collision.DAE
[3.794s] -- Symlinking: /home/emzx/ros2_ws/install/bumperbot_description/share/bumperbot_description/models/aws_robomaker_residential_ShoeRack_01/meshes/aws_ShoeRack_01_visual.DAE
[3.803s] -- Symlinking: /home/emzx/ros2_ws/install/bumperbot_description/share/bumperbot_description/models/aws_robomaker_residential_ShoeRack_01/model.config
[3.812s] -- Symlinking: /home/emzx/ros2_ws/install/bumperbot_description/share/bumperbot_description/models/aws_robomaker_residential_ShoeRack_01/model.sdf
[3.822s] -- Symlinking: /home/emzx/ros2_ws/install/bumperbot_description/share/bumperbot_description/models/aws_robomaker_residential_SofaB_01/materials/textures/aws_SofaB_01.png
[3.831s] -- Symlinking: /home/emzx/ros2_ws/install/bumperbot_description/share/bumperbot_description/models/aws_robomaker_residential_SofaB_01/meshes/aws_SofaB_01_collision.DAE
[3.840s] -- Symlinking: /home/emzx/ros2_ws/install/bumperbot_description/share/bumperbot_description/models/aws_robomaker_residential_SofaB_01/meshes/aws_SofaB_01_visual.DAE
[3.849s] -- Symlinking: /home/emzx/ros2_ws/install/bumperbot_description/share/bumperbot_description/models/aws_robomaker_residential_SofaB_01/model.config
[3.857s] -- Symlinking: /home/emzx/ros2_ws/install/bumperbot_description/share/bumperbot_description/models/aws_robomaker_residential_SofaB_01/model.sdf
[3.867s] -- Symlinking: /home/emzx/ros2_ws/install/bumperbot_description/share/bumperbot_description/models/aws_robomaker_residential_SofaC_01/materials/textures/aws_SofaC_01.png
[3.877s] -- Symlinking: /home/emzx/ros2_ws/install/bumperbot_description/share/bumperbot_description/models/aws_robomaker_residential_SofaC_01/meshes/aws_SofaC_01_collision.DAE
[3.887s] -- Symlinking: /home/emzx/ros2_ws/install/bumperbot_description/share/bumperbot_description/models/aws_robomaker_residential_SofaC_01/meshes/aws_SofaC_01_visual.DAE
[3.895s] -- Symlinking: /home/emzx/ros2_ws/install/bumperbot_description/share/bumperbot_description/models/aws_robomaker_residential_SofaC_01/model.config
[3.904s] -- Symlinking: /home/emzx/ros2_ws/install/bumperbot_description/share/bumperbot_description/models/aws_robomaker_residential_SofaC_01/model.sdf
[3.914s] -- Symlinking: /home/emzx/ros2_ws/install/bumperbot_description/share/bumperbot_description/models/aws_robomaker_residential_Sofa_01/materials/textures/aws_Sofa_01.png
[3.924s] -- Symlinking: /home/emzx/ros2_ws/install/bumperbot_description/share/bumperbot_description/models/aws_robomaker_residential_Sofa_01/meshes/aws_Sofa_01.DAE
[3.933s] -- Symlinking: /home/emzx/ros2_ws/install/bumperbot_description/share/bumperbot_description/models/aws_robomaker_residential_Sofa_01/meshes/aws_Sofa_01_collision.DAE
[3.942s] -- Symlinking: /home/emzx/ros2_ws/install/bumperbot_description/share/bumperbot_description/models/aws_robomaker_residential_Sofa_01/meshes/aws_Sofa_01_visual.DAE
[3.951s] -- Symlinking: /home/emzx/ros2_ws/install/bumperbot_description/share/bumperbot_description/models/aws_robomaker_residential_Sofa_01/model.config
[3.960s] -- Symlinking: /home/emzx/ros2_ws/install/bumperbot_description/share/bumperbot_description/models/aws_robomaker_residential_Sofa_01/model.sdf
[3.969s] -- Symlinking: /home/emzx/ros2_ws/install/bumperbot_description/share/bumperbot_description/models/aws_robomaker_residential_TVCabinet_01/materials/textures/aws_TVCabinet_01.png
[3.978s] -- Symlinking: /home/emzx/ros2_ws/install/bumperbot_description/share/bumperbot_description/models/aws_robomaker_residential_TVCabinet_01/meshes/aws_TVCabinet_01_collision.DAE
[3.988s] -- Symlinking: /home/emzx/ros2_ws/install/bumperbot_description/share/bumperbot_description/models/aws_robomaker_residential_TVCabinet_01/meshes/aws_TVCabinet_01_visual.DAE
[3.998s] -- Symlinking: /home/emzx/ros2_ws/install/bumperbot_description/share/bumperbot_description/models/aws_robomaker_residential_TVCabinet_01/model.config
[4.012s] -- Symlinking: /home/emzx/ros2_ws/install/bumperbot_description/share/bumperbot_description/models/aws_robomaker_residential_TVCabinet_01/model.sdf
[4.027s] -- Symlinking: /home/emzx/ros2_ws/install/bumperbot_description/share/bumperbot_description/models/aws_robomaker_residential_TV_01/materials/textures/aws_TV_01.png
[4.039s] -- Symlinking: /home/emzx/ros2_ws/install/bumperbot_description/share/bumperbot_description/models/aws_robomaker_residential_TV_01/meshes/aws_TV_01_collision.DAE
[4.055s] -- Symlinking: /home/emzx/ros2_ws/install/bumperbot_description/share/bumperbot_description/models/aws_robomaker_residential_TV_01/meshes/aws_TV_01_visual.DAE
[4.071s] -- Symlinking: /home/emzx/ros2_ws/install/bumperbot_description/share/bumperbot_description/models/aws_robomaker_residential_TV_01/model.config
[4.087s] -- Symlinking: /home/emzx/ros2_ws/install/bumperbot_description/share/bumperbot_description/models/aws_robomaker_residential_TV_01/model.sdf
[4.101s] -- Symlinking: /home/emzx/ros2_ws/install/bumperbot_description/share/bumperbot_description/models/aws_robomaker_residential_TV_02/materials/textures/aws_TV_01.png
[4.119s] -- Symlinking: /home/emzx/ros2_ws/install/bumperbot_description/share/bumperbot_description/models/aws_robomaker_residential_TV_02/meshes/aws_TV_01_collision.DAE
[4.134s] -- Symlinking: /home/emzx/ros2_ws/install/bumperbot_description/share/bumperbot_description/models/aws_robomaker_residential_TV_02/meshes/aws_TV_01_visual.DAE
[4.148s] -- Symlinking: /home/emzx/ros2_ws/install/bumperbot_description/share/bumperbot_description/models/aws_robomaker_residential_TV_02/model.config
[4.164s] -- Symlinking: /home/emzx/ros2_ws/install/bumperbot_description/share/bumperbot_description/models/aws_robomaker_residential_TV_02/model.sdf
[4.181s] -- Symlinking: /home/emzx/ros2_ws/install/bumperbot_description/share/bumperbot_description/models/aws_robomaker_residential_Tablet_01/materials/textures/aws_Tablet_01_nologo.png
[4.198s] -- Symlinking: /home/emzx/ros2_ws/install/bumperbot_description/share/bumperbot_description/models/aws_robomaker_residential_Tablet_01/meshes/aws_Tablet_01_collision.DAE
[4.214s] -- Symlinking: /home/emzx/ros2_ws/install/bumperbot_description/share/bumperbot_description/models/aws_robomaker_residential_Tablet_01/meshes/aws_Tablet_01_visual.DAE
[4.231s] -- Symlinking: /home/emzx/ros2_ws/install/bumperbot_description/share/bumperbot_description/models/aws_robomaker_residential_Tablet_01/model.config
[4.248s] -- Symlinking: /home/emzx/ros2_ws/install/bumperbot_description/share/bumperbot_description/models/aws_robomaker_residential_Tablet_01/model.sdf
[4.265s] -- Symlinking: /home/emzx/ros2_ws/install/bumperbot_description/share/bumperbot_description/models/aws_robomaker_residential_Tableware_01/materials/textures/aws_Tableware_01.png
[4.282s] -- Symlinking: /home/emzx/ros2_ws/install/bumperbot_description/share/bumperbot_description/models/aws_robomaker_residential_Tableware_01/meshes/aws_Tableware_01_collision.DAE
[4.300s] -- Symlinking: /home/emzx/ros2_ws/install/bumperbot_description/share/bumperbot_description/models/aws_robomaker_residential_Tableware_01/meshes/aws_Tableware_01_visual.DAE
[4.318s] -- Symlinking: /home/emzx/ros2_ws/install/bumperbot_description/share/bumperbot_description/models/aws_robomaker_residential_Tableware_01/model.config
[4.330s] -- Symlinking: /home/emzx/ros2_ws/install/bumperbot_description/share/bumperbot_description/models/aws_robomaker_residential_Tableware_01/model.sdf
[4.340s] -- Symlinking: /home/emzx/ros2_ws/install/bumperbot_description/share/bumperbot_description/models/aws_robomaker_residential_Trash_01/materials/textures/aws_Trash_01.png
[4.350s] -- Symlinking: /home/emzx/ros2_ws/install/bumperbot_description/share/bumperbot_description/models/aws_robomaker_residential_Trash_01/meshes/aws_Trash_01_collision.DAE
[4.358s] -- Symlinking: /home/emzx/ros2_ws/install/bumperbot_description/share/bumperbot_description/models/aws_robomaker_residential_Trash_01/meshes/aws_Trash_01_visual.DAE
[4.372s] -- Symlinking: /home/emzx/ros2_ws/install/bumperbot_description/share/bumperbot_description/models/aws_robomaker_residential_Trash_01/model.config
[4.388s] -- Symlinking: /home/emzx/ros2_ws/install/bumperbot_description/share/bumperbot_description/models/aws_robomaker_residential_Trash_01/model.sdf
[4.405s] -- Symlinking: /home/emzx/ros2_ws/install/bumperbot_description/share/bumperbot_description/models/aws_robomaker_residential_Vase_01/materials/textures/aws_Vase_01.png
[4.422s] -- Symlinking: /home/emzx/ros2_ws/install/bumperbot_description/share/bumperbot_description/models/aws_robomaker_residential_Vase_01/meshes/aws_Vase_01_collision.DAE
[4.439s] -- Symlinking: /home/emzx/ros2_ws/install/bumperbot_description/share/bumperbot_description/models/aws_robomaker_residential_Vase_01/meshes/aws_Vase_01_visual.DAE
[4.455s] -- Symlinking: /home/emzx/ros2_ws/install/bumperbot_description/share/bumperbot_description/models/aws_robomaker_residential_Vase_01/model.config
[4.473s] -- Symlinking: /home/emzx/ros2_ws/install/bumperbot_description/share/bumperbot_description/models/aws_robomaker_residential_Vase_01/model.sdf
[4.489s] -- Symlinking: /home/emzx/ros2_ws/install/bumperbot_description/share/bumperbot_description/models/aws_robomaker_residential_Wardrobe_01/materials/textures/aws_Wardrobe_01.png
[4.505s] -- Symlinking: /home/emzx/ros2_ws/install/bumperbot_description/share/bumperbot_description/models/aws_robomaker_residential_Wardrobe_01/meshes/aws_Wardrobe_01_collision.DAE
[4.522s] -- Symlinking: /home/emzx/ros2_ws/install/bumperbot_description/share/bumperbot_description/models/aws_robomaker_residential_Wardrobe_01/meshes/aws_Wardrobe_01_visual.DAE
[4.535s] -- Symlinking: /home/emzx/ros2_ws/install/bumperbot_description/share/bumperbot_description/models/aws_robomaker_residential_Wardrobe_01/model.config
[4.546s] -- Symlinking: /home/emzx/ros2_ws/install/bumperbot_description/share/bumperbot_description/models/aws_robomaker_residential_Wardrobe_01/model.sdf
[4.558s] -- Symlinking: /home/emzx/ros2_ws/install/bumperbot_description/share/bumperbot_description/models/aws_robomaker_warehouse_Bucket_01/.DS_Store
[4.574s] -- Symlinking: /home/emzx/ros2_ws/install/bumperbot_description/share/bumperbot_description/models/aws_robomaker_warehouse_Bucket_01/materials/.DS_Store
[4.590s] -- Symlinking: /home/emzx/ros2_ws/install/bumperbot_description/share/bumperbot_description/models/aws_robomaker_warehouse_Bucket_01/materials/textures/aws_robomaker_warehouse_Bucket_01.png
[4.608s] -- Symlinking: /home/emzx/ros2_ws/install/bumperbot_description/share/bumperbot_description/models/aws_robomaker_warehouse_Bucket_01/meshes/aws_robomaker_warehouse_Bucket_01_collision.DAE
[4.625s] -- Symlinking: /home/emzx/ros2_ws/install/bumperbot_description/share/bumperbot_description/models/aws_robomaker_warehouse_Bucket_01/meshes/aws_robomaker_warehouse_Bucket_01_visual.DAE
[4.640s] -- Symlinking: /home/emzx/ros2_ws/install/bumperbot_description/share/bumperbot_description/models/aws_robomaker_warehouse_Bucket_01/model.config
[4.652s] -- Symlinking: /home/emzx/ros2_ws/install/bumperbot_description/share/bumperbot_description/models/aws_robomaker_warehouse_Bucket_01/model.sdf
[4.661s] -- Symlinking: /home/emzx/ros2_ws/install/bumperbot_description/share/bumperbot_description/models/aws_robomaker_warehouse_ClutteringA_01/.DS_Store
[4.672s] -- Symlinking: /home/emzx/ros2_ws/install/bumperbot_description/share/bumperbot_description/models/aws_robomaker_warehouse_ClutteringA_01/materials/.DS_Store
[4.685s] -- Symlinking: /home/emzx/ros2_ws/install/bumperbot_description/share/bumperbot_description/models/aws_robomaker_warehouse_ClutteringA_01/materials/textures/.DS_Store
[4.701s] -- Symlinking: /home/emzx/ros2_ws/install/bumperbot_description/share/bumperbot_description/models/aws_robomaker_warehouse_ClutteringA_01/materials/textures/aws_robomaker_warehouse_ClutteringA_01.png
[4.717s] -- Symlinking: /home/emzx/ros2_ws/install/bumperbot_description/share/bumperbot_description/models/aws_robomaker_warehouse_ClutteringA_01/materials/textures/aws_robomaker_warehouse_ClutteringA_02.png
[4.729s] -- Symlinking: /home/emzx/ros2_ws/install/bumperbot_description/share/bumperbot_description/models/aws_robomaker_warehouse_ClutteringA_01/materials/textures/aws_robomaker_warehouse_ClutteringA_03.png
[4.738s] -- Symlinking: /home/emzx/ros2_ws/install/bumperbot_description/share/bumperbot_description/models/aws_robomaker_warehouse_ClutteringA_01/meshes/aws_robomaker_warehouse_ClutteringA_01_collision.DAE
[4.746s] -- Symlinking: /home/emzx/ros2_ws/install/bumperbot_description/share/bumperbot_description/models/aws_robomaker_warehouse_ClutteringA_01/meshes/aws_robomaker_warehouse_ClutteringA_01_visual.DAE
[4.756s] -- Symlinking: /home/emzx/ros2_ws/install/bumperbot_description/share/bumperbot_description/models/aws_robomaker_warehouse_ClutteringA_01/model.config
[4.769s] -- Symlinking: /home/emzx/ros2_ws/install/bumperbot_description/share/bumperbot_description/models/aws_robomaker_warehouse_ClutteringA_01/model.sdf
[4.786s] -- Symlinking: /home/emzx/ros2_ws/install/bumperbot_description/share/bumperbot_description/models/aws_robomaker_warehouse_ClutteringC_01/materials/textures/aws_robomaker_warehouse_ClutteringC_01.png
[4.802s] -- Symlinking: /home/emzx/ros2_ws/install/bumperbot_description/share/bumperbot_description/models/aws_robomaker_warehouse_ClutteringC_01/materials/textures/aws_robomaker_warehouse_ClutteringC_02.png
[4.820s] -- Symlinking: /home/emzx/ros2_ws/install/bumperbot_description/share/bumperbot_description/models/aws_robomaker_warehouse_ClutteringC_01/meshes/aws_robomaker_warehouse_ClutteringC_01_collision.DAE
[4.835s] -- Symlinking: /home/emzx/ros2_ws/install/bumperbot_description/share/bumperbot_description/models/aws_robomaker_warehouse_ClutteringC_01/meshes/aws_robomaker_warehouse_ClutteringC_01_visual.DAE
[4.846s] -- Symlinking: /home/emzx/ros2_ws/install/bumperbot_description/share/bumperbot_description/models/aws_robomaker_warehouse_ClutteringC_01/model.config
[4.856s] -- Symlinking: /home/emzx/ros2_ws/install/bumperbot_description/share/bumperbot_description/models/aws_robomaker_warehouse_ClutteringC_01/model.sdf
[4.867s] -- Symlinking: /home/emzx/ros2_ws/install/bumperbot_description/share/bumperbot_description/models/aws_robomaker_warehouse_ClutteringD_01/materials/textures/aws_robomaker_warehouse_ClutteringD_01.png
[4.877s] -- Symlinking: /home/emzx/ros2_ws/install/bumperbot_description/share/bumperbot_description/models/aws_robomaker_warehouse_ClutteringD_01/materials/textures/aws_robomaker_warehouse_ClutteringD_02.png
[4.890s] -- Symlinking: /home/emzx/ros2_ws/install/bumperbot_description/share/bumperbot_description/models/aws_robomaker_warehouse_ClutteringD_01/meshes/aws_robomaker_warehouse_ClutteringD_01_collision.DAE
[4.906s] -- Symlinking: /home/emzx/ros2_ws/install/bumperbot_description/share/bumperbot_description/models/aws_robomaker_warehouse_ClutteringD_01/meshes/aws_robomaker_warehouse_ClutteringD_01_visual.DAE
[4.922s] -- Symlinking: /home/emzx/ros2_ws/install/bumperbot_description/share/bumperbot_description/models/aws_robomaker_warehouse_ClutteringD_01/model.config
[4.939s] -- Symlinking: /home/emzx/ros2_ws/install/bumperbot_description/share/bumperbot_description/models/aws_robomaker_warehouse_ClutteringD_01/model.sdf
[4.955s] -- Symlinking: /home/emzx/ros2_ws/install/bumperbot_description/share/bumperbot_description/models/aws_robomaker_warehouse_DeskC_01/materials/.DS_Store
[4.973s] -- Symlinking: /home/emzx/ros2_ws/install/bumperbot_description/share/bumperbot_description/models/aws_robomaker_warehouse_DeskC_01/materials/textures/aws_robomaker_warehouse_DeskC_01.png
[4.989s] -- Symlinking: /home/emzx/ros2_ws/install/bumperbot_description/share/bumperbot_description/models/aws_robomaker_warehouse_DeskC_01/materials/textures/aws_robomaker_warehouse_DeskC_02.png
[5.006s] -- Symlinking: /home/emzx/ros2_ws/install/bumperbot_description/share/bumperbot_description/models/aws_robomaker_warehouse_DeskC_01/materials/textures/aws_robomaker_warehouse_DeskC_03.png
[5.022s] -- Symlinking: /home/emzx/ros2_ws/install/bumperbot_description/share/bumperbot_description/models/aws_robomaker_warehouse_DeskC_01/materials/textures/aws_robomaker_warehouse_DeskC_03.psd
[5.036s] -- Symlinking: /home/emzx/ros2_ws/install/bumperbot_description/share/bumperbot_description/models/aws_robomaker_warehouse_DeskC_01/materials/textures/aws_robomaker_warehouse_DeskC_04.png
[5.047s] -- Symlinking: /home/emzx/ros2_ws/install/bumperbot_description/share/bumperbot_description/models/aws_robomaker_warehouse_DeskC_01/meshes/aws_robomaker_warehouse_DeskC_01_collision.DAE
[5.056s] -- Symlinking: /home/emzx/ros2_ws/install/bumperbot_description/share/bumperbot_description/models/aws_robomaker_warehouse_DeskC_01/meshes/aws_robomaker_warehouse_DeskC_01_visual.DAE
[5.066s] -- Symlinking: /home/emzx/ros2_ws/install/bumperbot_description/share/bumperbot_description/models/aws_robomaker_warehouse_DeskC_01/model.config
[5.078s] -- Symlinking: /home/emzx/ros2_ws/install/bumperbot_description/share/bumperbot_description/models/aws_robomaker_warehouse_DeskC_01/model.sdf
[5.095s] -- Symlinking: /home/emzx/ros2_ws/install/bumperbot_description/share/bumperbot_description/models/aws_robomaker_warehouse_GroundB_01/materials/textures/aws_robomaker_warehouse_GroundB_01.png
[5.113s] -- Symlinking: /home/emzx/ros2_ws/install/bumperbot_description/share/bumperbot_description/models/aws_robomaker_warehouse_GroundB_01/materials/textures/aws_robomaker_warehouse_GroundB_02.png
[5.129s] -- Symlinking: /home/emzx/ros2_ws/install/bumperbot_description/share/bumperbot_description/models/aws_robomaker_warehouse_GroundB_01/meshes/aws_robomaker_warehouse_GroundB_01_collision.DAE
[5.146s] -- Symlinking: /home/emzx/ros2_ws/install/bumperbot_description/share/bumperbot_description/models/aws_robomaker_warehouse_GroundB_01/meshes/aws_robomaker_warehouse_GroundB_01_visual.DAE
[5.160s] -- Symlinking: /home/emzx/ros2_ws/install/bumperbot_description/share/bumperbot_description/models/aws_robomaker_warehouse_GroundB_01/model.config
[5.172s] -- Symlinking: /home/emzx/ros2_ws/install/bumperbot_description/share/bumperbot_description/models/aws_robomaker_warehouse_GroundB_01/model.sdf
[5.184s] -- Symlinking: /home/emzx/ros2_ws/install/bumperbot_description/share/bumperbot_description/models/aws_robomaker_warehouse_Lamp_01/materials/textures/aws_robomaker_warehouse_Lamp_01.png
[5.200s] -- Symlinking: /home/emzx/ros2_ws/install/bumperbot_description/share/bumperbot_description/models/aws_robomaker_warehouse_Lamp_01/meshes/aws_robomaker_warehouse_Lamp_01_collision.DAE
[5.213s] -- Symlinking: /home/emzx/ros2_ws/install/bumperbot_description/share/bumperbot_description/models/aws_robomaker_warehouse_Lamp_01/meshes/aws_robomaker_warehouse_Lamp_01_visual.DAE
[5.222s] -- Symlinking: /home/emzx/ros2_ws/install/bumperbot_description/share/bumperbot_description/models/aws_robomaker_warehouse_Lamp_01/model.config
[5.231s] -- Symlinking: /home/emzx/ros2_ws/install/bumperbot_description/share/bumperbot_description/models/aws_robomaker_warehouse_Lamp_01/model.sdf
[5.239s] -- Symlinking: /home/emzx/ros2_ws/install/bumperbot_description/share/bumperbot_description/models/aws_robomaker_warehouse_PalletJackB_01/.DS_Store
[5.248s] -- Symlinking: /home/emzx/ros2_ws/install/bumperbot_description/share/bumperbot_description/models/aws_robomaker_warehouse_PalletJackB_01/materials/.DS_Store
[5.257s] -- Symlinking: /home/emzx/ros2_ws/install/bumperbot_description/share/bumperbot_description/models/aws_robomaker_warehouse_PalletJackB_01/materials/textures/aws_robomaker_warehouse_PalletJackB_01.png
[5.265s] -- Symlinking: /home/emzx/ros2_ws/install/bumperbot_description/share/bumperbot_description/models/aws_robomaker_warehouse_PalletJackB_01/materials/textures/aws_robomaker_warehouse_PalletJackB_02.png
[5.275s] -- Symlinking: /home/emzx/ros2_ws/install/bumperbot_description/share/bumperbot_description/models/aws_robomaker_warehouse_PalletJackB_01/meshes/aws_robomaker_warehouse_PalletJackB_01_collision.DAE
[5.284s] -- Symlinking: /home/emzx/ros2_ws/install/bumperbot_description/share/bumperbot_description/models/aws_robomaker_warehouse_PalletJackB_01/meshes/aws_robomaker_warehouse_PalletJackB_01_visual.DAE
[5.297s] -- Symlinking: /home/emzx/ros2_ws/install/bumperbot_description/share/bumperbot_description/models/aws_robomaker_warehouse_PalletJackB_01/model.config
[5.314s] -- Symlinking: /home/emzx/ros2_ws/install/bumperbot_description/share/bumperbot_description/models/aws_robomaker_warehouse_PalletJackB_01/model.sdf
[5.328s] -- Symlinking: /home/emzx/ros2_ws/install/bumperbot_description/share/bumperbot_description/models/aws_robomaker_warehouse_RoofB_01/materials/textures/aws_robomaker_warehouse_RoofB_01.png
[5.342s] -- Symlinking: /home/emzx/ros2_ws/install/bumperbot_description/share/bumperbot_description/models/aws_robomaker_warehouse_RoofB_01/meshes/aws_robomaker_warehouse_RoofB_01_collision.DAE
[5.358s] -- Symlinking: /home/emzx/ros2_ws/install/bumperbot_description/share/bumperbot_description/models/aws_robomaker_warehouse_RoofB_01/meshes/aws_robomaker_warehouse_RoofB_01_visual.DAE
[5.375s] -- Symlinking: /home/emzx/ros2_ws/install/bumperbot_description/share/bumperbot_description/models/aws_robomaker_warehouse_RoofB_01/model.config
[5.391s] -- Symlinking: /home/emzx/ros2_ws/install/bumperbot_description/share/bumperbot_description/models/aws_robomaker_warehouse_RoofB_01/model.sdf
[5.408s] -- Symlinking: /home/emzx/ros2_ws/install/bumperbot_description/share/bumperbot_description/models/aws_robomaker_warehouse_ShelfD_01/materials/textures/aws_robomaker_warehouse_ShelfD_01.png
[5.424s] -- Symlinking: /home/emzx/ros2_ws/install/bumperbot_description/share/bumperbot_description/models/aws_robomaker_warehouse_ShelfD_01/materials/textures/aws_robomaker_warehouse_ShelfD_02.png
[5.441s] -- Symlinking: /home/emzx/ros2_ws/install/bumperbot_description/share/bumperbot_description/models/aws_robomaker_warehouse_ShelfD_01/materials/textures/aws_robomaker_warehouse_ShelfD_03.png
[5.457s] -- Symlinking: /home/emzx/ros2_ws/install/bumperbot_description/share/bumperbot_description/models/aws_robomaker_warehouse_ShelfD_01/materials/textures/aws_robomaker_warehouse_ShelfD_04.png
[5.473s] -- Symlinking: /home/emzx/ros2_ws/install/bumperbot_description/share/bumperbot_description/models/aws_robomaker_warehouse_ShelfD_01/meshes/aws_robomaker_warehouse_ShelfD_01_collision.DAE
[5.488s] -- Symlinking: /home/emzx/ros2_ws/install/bumperbot_description/share/bumperbot_description/models/aws_robomaker_warehouse_ShelfD_01/meshes/aws_robomaker_warehouse_ShelfD_01_visual.DAE
[5.500s] -- Symlinking: /home/emzx/ros2_ws/install/bumperbot_description/share/bumperbot_description/models/aws_robomaker_warehouse_ShelfD_01/model.config
[5.513s] -- Symlinking: /home/emzx/ros2_ws/install/bumperbot_description/share/bumperbot_description/models/aws_robomaker_warehouse_ShelfD_01/model.sdf
[5.529s] -- Symlinking: /home/emzx/ros2_ws/install/bumperbot_description/share/bumperbot_description/models/aws_robomaker_warehouse_ShelfE_01/.DS_Store
[5.545s] -- Symlinking: /home/emzx/ros2_ws/install/bumperbot_description/share/bumperbot_description/models/aws_robomaker_warehouse_ShelfE_01/materials/.DS_Store
[5.561s] -- Symlinking: /home/emzx/ros2_ws/install/bumperbot_description/share/bumperbot_description/models/aws_robomaker_warehouse_ShelfE_01/materials/textures/aws_robomaker_warehouse_ShelfE_01.png
[5.578s] -- Symlinking: /home/emzx/ros2_ws/install/bumperbot_description/share/bumperbot_description/models/aws_robomaker_warehouse_ShelfE_01/materials/textures/aws_robomaker_warehouse_ShelfE_02.png
[5.594s] -- Symlinking: /home/emzx/ros2_ws/install/bumperbot_description/share/bumperbot_description/models/aws_robomaker_warehouse_ShelfE_01/materials/textures/aws_robomaker_warehouse_ShelfE_03.png
[5.611s] -- Symlinking: /home/emzx/ros2_ws/install/bumperbot_description/share/bumperbot_description/models/aws_robomaker_warehouse_ShelfE_01/materials/textures/aws_robomaker_warehouse_ShelfE_04.png
[5.628s] -- Symlinking: /home/emzx/ros2_ws/install/bumperbot_description/share/bumperbot_description/models/aws_robomaker_warehouse_ShelfE_01/meshes/aws_robomaker_warehouse_ShelfE_01_collision.DAE
[5.640s] -- Symlinking: /home/emzx/ros2_ws/install/bumperbot_description/share/bumperbot_description/models/aws_robomaker_warehouse_ShelfE_01/meshes/aws_robomaker_warehouse_ShelfE_01_visual.DAE
[5.650s] -- Symlinking: /home/emzx/ros2_ws/install/bumperbot_description/share/bumperbot_description/models/aws_robomaker_warehouse_ShelfE_01/model.config
[5.659s] -- Symlinking: /home/emzx/ros2_ws/install/bumperbot_description/share/bumperbot_description/models/aws_robomaker_warehouse_ShelfE_01/model.sdf
[5.673s] -- Symlinking: /home/emzx/ros2_ws/install/bumperbot_description/share/bumperbot_description/models/aws_robomaker_warehouse_ShelfF_01/materials/textures/aws_robomaker_warehouse_ShelfF_01.png
[5.685s] -- Symlinking: /home/emzx/ros2_ws/install/bumperbot_description/share/bumperbot_description/models/aws_robomaker_warehouse_ShelfF_01/materials/textures/aws_robomaker_warehouse_ShelfF_02.png
[5.694s] -- Symlinking: /home/emzx/ros2_ws/install/bumperbot_description/share/bumperbot_description/models/aws_robomaker_warehouse_ShelfF_01/materials/textures/aws_robomaker_warehouse_ShelfF_03.png
[5.703s] -- Symlinking: /home/emzx/ros2_ws/install/bumperbot_description/share/bumperbot_description/models/aws_robomaker_warehouse_ShelfF_01/meshes/aws_robomaker_warehouse_ShelfF_01_collision.DAE
[5.713s] -- Symlinking: /home/emzx/ros2_ws/install/bumperbot_description/share/bumperbot_description/models/aws_robomaker_warehouse_ShelfF_01/meshes/aws_robomaker_warehouse_ShelfF_01_visual.DAE
[5.724s] -- Symlinking: /home/emzx/ros2_ws/install/bumperbot_description/share/bumperbot_description/models/aws_robomaker_warehouse_ShelfF_01/model.config
[5.737s] -- Symlinking: /home/emzx/ros2_ws/install/bumperbot_description/share/bumperbot_description/models/aws_robomaker_warehouse_ShelfF_01/model.sdf
[5.753s] -- Symlinking: /home/emzx/ros2_ws/install/bumperbot_description/share/bumperbot_description/models/aws_robomaker_warehouse_TrashCanC_01/materials/textures/aws_robomaker_warehouse_TrashCanC_01.png
[5.769s] -- Symlinking: /home/emzx/ros2_ws/install/bumperbot_description/share/bumperbot_description/models/aws_robomaker_warehouse_TrashCanC_01/meshes/aws_robomaker_warehouse_TrashCanC_01_collision.DAE
[5.786s] -- Symlinking: /home/emzx/ros2_ws/install/bumperbot_description/share/bumperbot_description/models/aws_robomaker_warehouse_TrashCanC_01/meshes/aws_robomaker_warehouse_TrashCanC_01_visual.DAE
[5.802s] -- Symlinking: /home/emzx/ros2_ws/install/bumperbot_description/share/bumperbot_description/models/aws_robomaker_warehouse_TrashCanC_01/model.config
[5.815s] -- Symlinking: /home/emzx/ros2_ws/install/bumperbot_description/share/bumperbot_description/models/aws_robomaker_warehouse_TrashCanC_01/model.sdf
[5.829s] -- Symlinking: /home/emzx/ros2_ws/install/bumperbot_description/share/bumperbot_description/models/aws_robomaker_warehouse_WallB_01/materials/textures/aws_robomaker_warehouse_WallB_01.png
[5.845s] -- Symlinking: /home/emzx/ros2_ws/install/bumperbot_description/share/bumperbot_description/models/aws_robomaker_warehouse_WallB_01/meshes/aws_robomaker_warehouse_WallB_01_collision.DAE
[5.858s] -- Symlinking: /home/emzx/ros2_ws/install/bumperbot_description/share/bumperbot_description/models/aws_robomaker_warehouse_WallB_01/meshes/aws_robomaker_warehouse_WallB_01_visual.DAE
[5.872s] -- Symlinking: /home/emzx/ros2_ws/install/bumperbot_description/share/bumperbot_description/models/aws_robomaker_warehouse_WallB_01/model.config
[5.888s] -- Symlinking: /home/emzx/ros2_ws/install/bumperbot_description/share/bumperbot_description/models/aws_robomaker_warehouse_WallB_01/model.sdf
[5.905s] -- Symlinking: /home/emzx/ros2_ws/install/bumperbot_description/share/bumperbot_description/worlds/empty.world
[5.921s] -- Symlinking: /home/emzx/ros2_ws/install/bumperbot_description/share/bumperbot_description/worlds/small_house.world
[5.937s] -- Symlinking: /home/emzx/ros2_ws/install/bumperbot_description/share/bumperbot_description/worlds/small_warehouse.world
[5.954s] -- Symlinking: /home/emzx/ros2_ws/install/bumperbot_description/share/bumperbot_description/photos/DeskPortraitA_01.jpg
[5.967s] -- Symlinking: /home/emzx/ros2_ws/install/bumperbot_description/share/bumperbot_description/photos/DeskPortraitA_02.jpg
[5.978s] -- Symlinking: /home/emzx/ros2_ws/install/bumperbot_description/share/bumperbot_description/photos/DeskPortraitB_01.jpg
[5.990s] -- Symlinking: /home/emzx/ros2_ws/install/bumperbot_description/share/bumperbot_description/photos/DeskPortraitB_02.jpg
[6.005s] -- Symlinking: /home/emzx/ros2_ws/install/bumperbot_description/share/bumperbot_description/photos/DeskPortraitC_01.jpg
[6.022s] -- Symlinking: /home/emzx/ros2_ws/install/bumperbot_description/share/bumperbot_description/photos/DeskPortraitC_02.jpg
[6.038s] -- Symlinking: /home/emzx/ros2_ws/install/bumperbot_description/share/bumperbot_description/photos/DeskPortraitD_01.jpg
[6.055s] -- Symlinking: /home/emzx/ros2_ws/install/bumperbot_description/share/bumperbot_description/photos/DeskPortraitD_02.jpg
[6.071s] -- Symlinking: /home/emzx/ros2_ws/install/bumperbot_description/share/bumperbot_description/photos/DeskPortraitD_03.jpg
[6.087s] -- Symlinking: /home/emzx/ros2_ws/install/bumperbot_description/share/bumperbot_description/photos/DeskPortraitD_04.jpg
[6.101s] -- Symlinking: /home/emzx/ros2_ws/install/bumperbot_description/share/bumperbot_description/photos/PortraitA_01.jpg
[6.111s] -- Symlinking: /home/emzx/ros2_ws/install/bumperbot_description/share/bumperbot_description/photos/PortraitA_02.jpg
[6.120s] -- Symlinking: /home/emzx/ros2_ws/install/bumperbot_description/share/bumperbot_description/photos/PortraitB_01.jpg
[6.129s] -- Symlinking: /home/emzx/ros2_ws/install/bumperbot_description/share/bumperbot_description/photos/PortraitB_02.jpg
[6.137s] -- Symlinking: /home/emzx/ros2_ws/install/bumperbot_description/share/bumperbot_description/photos/PortraitB_03.jpg
[6.146s] -- Symlinking: /home/emzx/ros2_ws/install/bumperbot_description/share/bumperbot_description/photos/PortraitC_01.jpg
[6.155s] -- Symlinking: /home/emzx/ros2_ws/install/bumperbot_description/share/bumperbot_description/photos/PortraitD_01.jpg
[6.164s] -- Symlinking: /home/emzx/ros2_ws/install/bumperbot_description/share/bumperbot_description/photos/PortraitD_02.jpg
[6.172s] -- Symlinking: /home/emzx/ros2_ws/install/bumperbot_description/share/bumperbot_description/photos/PortraitE_01.jpg
[6.181s] -- Symlinking: /home/emzx/ros2_ws/install/bumperbot_description/share/bumperbot_description/photos/PortraitE_02.jpg
[6.189s] -- Up-to-date symlink: /home/emzx/ros2_ws/install/bumperbot_description/share/ament_index/resource_index/package_run_dependencies/bumperbot_description
[6.191s] -- Up-to-date symlink: /home/emzx/ros2_ws/install/bumperbot_description/share/ament_index/resource_index/parent_prefix_path/bumperbot_description
[6.192s] -- Up-to-date symlink: /home/emzx/ros2_ws/install/bumperbot_description/share/bumperbot_description/environment/ament_prefix_path.sh
[6.192s] -- Up-to-date symlink: /home/emzx/ros2_ws/install/bumperbot_description/share/bumperbot_description/environment/ament_prefix_path.dsv
[6.192s] -- Up-to-date symlink: /home/emzx/ros2_ws/install/bumperbot_description/share/bumperbot_description/environment/path.sh
[6.192s] -- Up-to-date symlink: /home/emzx/ros2_ws/install/bumperbot_description/share/bumperbot_description/environment/path.dsv
[6.192s] -- Up-to-date symlink: /home/emzx/ros2_ws/install/bumperbot_description/share/bumperbot_description/local_setup.bash
[6.193s] -- Up-to-date symlink: /home/emzx/ros2_ws/install/bumperbot_description/share/bumperbot_description/local_setup.sh
[6.193s] -- Up-to-date symlink: /home/emzx/ros2_ws/install/bumperbot_description/share/bumperbot_description/local_setup.zsh
[6.193s] -- Up-to-date symlink: /home/emzx/ros2_ws/install/bumperbot_description/share/bumperbot_description/local_setup.dsv
[6.193s] -- Symlinking: /home/emzx/ros2_ws/install/bumperbot_description/share/bumperbot_description/package.dsv
[6.206s] -- Up-to-date symlink: /home/emzx/ros2_ws/install/bumperbot_description/share/ament_index/resource_index/packages/bumperbot_description
[6.207s] -- Up-to-date symlink: /home/emzx/ros2_ws/install/bumperbot_description/share/bumperbot_description/cmake/bumperbot_descriptionConfig.cmake
[6.207s] -- Up-to-date symlink: /home/emzx/ros2_ws/install/bumperbot_description/share/bumperbot_description/cmake/bumperbot_descriptionConfig-version.cmake
[6.208s] -- Up-to-date symlink: /home/emzx/ros2_ws/install/bumperbot_description/share/bumperbot_description/package.xml
[6.211s] Invoked command in '/home/emzx/ros2_ws/build/bumperbot_description' returned '0': CMAKE_PREFIX_PATH=${CMAKE_PREFIX_PATH}:/home/emzx/ros2_ws/install/turtlesim_catch_them_all:/home/emzx/ros2_ws/install/pacote_teste:/home/emzx/ros2_ws/install/bumperbot_utils:/home/emzx/ros2_ws/install/bumperbot_py:/opt/ros/jazzy DEBUGINFOD_URLS=https://debuginfod.ubuntu.com /usr/bin/cmake --install /home/emzx/ros2_ws/build/bumperbot_description
