Built target ament_cmake_python_symlink_bumperbot_mapping
running egg_info
writing bumperbot_mapping.egg-info/PKG-INFO
writing dependency_links to bumperbot_mapping.egg-info/dependency_links.txt
writing top-level names to bumperbot_mapping.egg-info/top_level.txt
reading manifest file 'bumperbot_mapping.egg-info/SOURCES.txt'
writing manifest file 'bumperbot_mapping.egg-info/SOURCES.txt'
Built target ament_cmake_python_build_bumperbot_mapping_egg
-- Install configuration: ""
-- Execute custom install script
-- Symlinking: /home/emzx/ros2_ws/install/bumperbot_mapping/share/bumperbot_mapping/environment/pythonpath.sh
-- Symlinking: /home/emzx/ros2_ws/install/bumperbot_mapping/share/bumperbot_mapping/environment/pythonpath.dsv
-- Symlinking: /home/emzx/ros2_ws/install/bumperbot_mapping/lib/python3.12/site-packages/bumperbot_mapping-0.0.0-py3.12.egg-info/PKG-INFO
-- Symlinking: /home/emzx/ros2_ws/install/bumperbot_mapping/lib/python3.12/site-packages/bumperbot_mapping-0.0.0-py3.12.egg-info/SOURCES.txt
-- Symlinking: /home/emzx/ros2_ws/install/bumperbot_mapping/lib/python3.12/site-packages/bumperbot_mapping-0.0.0-py3.12.egg-info/dependency_links.txt
-- Symlinking: /home/emzx/ros2_ws/install/bumperbot_mapping/lib/python3.12/site-packages/bumperbot_mapping-0.0.0-py3.12.egg-info/top_level.txt
-- Symlinking: /home/emzx/ros2_ws/install/bumperbot_mapping/lib/python3.12/site-packages/bumperbot_mapping/__init__.py
-- Symlinking: /home/emzx/ros2_ws/install/bumperbot_mapping/lib/python3.12/site-packages/bumperbot_mapping/mapping_with_known_poses.py
-- Symlinking: /home/emzx/ros2_ws/install/bumperbot_mapping/lib/bumperbot_mapping/mapping_with_known_poses.py
-- Symlinking: /home/emzx/ros2_ws/install/bumperbot_mapping/share/bumperbot_mapping/config/slam_toolbox.yaml
-- Symlinking: /home/emzx/ros2_ws/install/bumperbot_mapping/share/bumperbot_mapping/launch/slam.launch.py
-- Symlinking: /home/emzx/ros2_ws/install/bumperbot_mapping/share/bumperbot_mapping/maps/small_house/map.pgm
-- Symlinking: /home/emzx/ros2_ws/install/bumperbot_mapping/share/bumperbot_mapping/maps/small_house/map.yaml
-- Symlinking: /home/emzx/ros2_ws/install/bumperbot_mapping/share/ament_index/resource_index/package_run_dependencies/bumperbot_mapping
-- Symlinking: /home/emzx/ros2_ws/install/bumperbot_mapping/share/ament_index/resource_index/parent_prefix_path/bumperbot_mapping
-- Symlinking: /home/emzx/ros2_ws/install/bumperbot_mapping/share/bumperbot_mapping/environment/ament_prefix_path.sh
-- Symlinking: /home/emzx/ros2_ws/install/bumperbot_mapping/share/bumperbot_mapping/environment/ament_prefix_path.dsv
-- Symlinking: /home/emzx/ros2_ws/install/bumperbot_mapping/share/bumperbot_mapping/environment/path.sh
-- Symlinking: /home/emzx/ros2_ws/install/bumperbot_mapping/share/bumperbot_mapping/environment/path.dsv
-- Symlinking: /home/emzx/ros2_ws/install/bumperbot_mapping/share/bumperbot_mapping/local_setup.bash
-- Symlinking: /home/emzx/ros2_ws/install/bumperbot_mapping/share/bumperbot_mapping/local_setup.sh
-- Symlinking: /home/emzx/ros2_ws/install/bumperbot_mapping/share/bumperbot_mapping/local_setup.zsh
-- Symlinking: /home/emzx/ros2_ws/install/bumperbot_mapping/share/bumperbot_mapping/local_setup.dsv
-- Symlinking: /home/emzx/ros2_ws/install/bumperbot_mapping/share/bumperbot_mapping/package.dsv
-- Symlinking: /home/emzx/ros2_ws/install/bumperbot_mapping/share/ament_index/resource_index/packages/bumperbot_mapping
-- Symlinking: /home/emzx/ros2_ws/install/bumperbot_mapping/share/bumperbot_mapping/cmake/bumperbot_mappingConfig.cmake
-- Symlinking: /home/emzx/ros2_ws/install/bumperbot_mapping/share/bumperbot_mapping/cmake/bumperbot_mappingConfig-version.cmake
-- Symlinking: /home/emzx/ros2_ws/install/bumperbot_mapping/share/bumperbot_mapping/package.xml
Listing '/home/emzx/ros2_ws/install/bumperbot_mapping/lib/python3.12/site-packages/bumperbot_mapping'...
