[0.032s] Invoking command in '/home/emzx/ros2_ws/build/bumperbot_mapping': CMAKE_PREFIX_PATH=${CMAKE_PREFIX_PATH}:/home/emzx/ros2_ws/install/turtlesim_catch_them_all:/home/emzx/ros2_ws/install/pacote_teste:/home/emzx/ros2_ws/install/bumperbot_utils:/home/emzx/ros2_ws/install/bumperbot_py:/opt/ros/jazzy DEBUGINFOD_URLS=https://debuginfod.ubuntu.com /usr/bin/cmake --build /home/emzx/ros2_ws/build/bumperbot_mapping -- -j8 -l8
[0.349s] Built target ament_cmake_python_symlink_bumperbot_mapping
[0.513s] running egg_info
[0.550s] writing bumperbot_mapping.egg-info/PKG-INFO
[0.550s] writing dependency_links to bumperbot_mapping.egg-info/dependency_links.txt
[0.550s] writing top-level names to bumperbot_mapping.egg-info/top_level.txt
[0.664s] reading manifest file 'bumperbot_mapping.egg-info/SOURCES.txt'
[0.675s] writing manifest file 'bumperbot_mapping.egg-info/SOURCES.txt'
[0.738s] Built target ament_cmake_python_build_bumperbot_mapping_egg
[0.752s] Invoked command in '/home/emzx/ros2_ws/build/bumperbot_mapping' returned '0': CMAKE_PREFIX_PATH=${CMAKE_PREFIX_PATH}:/home/emzx/ros2_ws/install/turtlesim_catch_them_all:/home/emzx/ros2_ws/install/pacote_teste:/home/emzx/ros2_ws/install/bumperbot_utils:/home/emzx/ros2_ws/install/bumperbot_py:/opt/ros/jazzy DEBUGINFOD_URLS=https://debuginfod.ubuntu.com /usr/bin/cmake --build /home/emzx/ros2_ws/build/bumperbot_mapping -- -j8 -l8
[0.752s] Invoking command in '/home/emzx/ros2_ws/build/bumperbot_mapping': CMAKE_PREFIX_PATH=${CMAKE_PREFIX_PATH}:/home/emzx/ros2_ws/install/turtlesim_catch_them_all:/home/emzx/ros2_ws/install/pacote_teste:/home/emzx/ros2_ws/install/bumperbot_utils:/home/emzx/ros2_ws/install/bumperbot_py:/opt/ros/jazzy DEBUGINFOD_URLS=https://debuginfod.ubuntu.com /usr/bin/cmake --install /home/emzx/ros2_ws/build/bumperbot_mapping
[0.785s] -- Install configuration: ""
[0.785s] -- Execute custom install script
[0.785s] -- Symlinking: /home/emzx/ros2_ws/install/bumperbot_mapping/share/bumperbot_mapping/environment/pythonpath.sh
[0.785s] -- Symlinking: /home/emzx/ros2_ws/install/bumperbot_mapping/share/bumperbot_mapping/environment/pythonpath.dsv
[0.785s] -- Symlinking: /home/emzx/ros2_ws/install/bumperbot_mapping/lib/python3.12/site-packages/bumperbot_mapping-0.0.0-py3.12.egg-info/PKG-INFO
[0.785s] -- Symlinking: /home/emzx/ros2_ws/install/bumperbot_mapping/lib/python3.12/site-packages/bumperbot_mapping-0.0.0-py3.12.egg-info/SOURCES.txt
[0.785s] -- Symlinking: /home/emzx/ros2_ws/install/bumperbot_mapping/lib/python3.12/site-packages/bumperbot_mapping-0.0.0-py3.12.egg-info/dependency_links.txt
[0.792s] -- Symlinking: /home/emzx/ros2_ws/install/bumperbot_mapping/lib/python3.12/site-packages/bumperbot_mapping-0.0.0-py3.12.egg-info/top_level.txt
[0.799s] -- Symlinking: /home/emzx/ros2_ws/install/bumperbot_mapping/lib/python3.12/site-packages/bumperbot_mapping/__init__.py
[0.812s] -- Symlinking: /home/emzx/ros2_ws/install/bumperbot_mapping/lib/python3.12/site-packages/bumperbot_mapping/mapping_with_known_poses.py
[0.825s] -- Symlinking: /home/emzx/ros2_ws/install/bumperbot_mapping/lib/bumperbot_mapping/mapping_with_known_poses.py
[0.837s] -- Symlinking: /home/emzx/ros2_ws/install/bumperbot_mapping/share/bumperbot_mapping/config/slam_toolbox.yaml
[0.846s] -- Symlinking: /home/emzx/ros2_ws/install/bumperbot_mapping/share/bumperbot_mapping/launch/slam.launch.py
[0.858s] -- Symlinking: /home/emzx/ros2_ws/install/bumperbot_mapping/share/bumperbot_mapping/maps/small_house/map.pgm
[0.868s] -- Symlinking: /home/emzx/ros2_ws/install/bumperbot_mapping/share/bumperbot_mapping/maps/small_house/map.yaml
[0.880s] -- Symlinking: /home/emzx/ros2_ws/install/bumperbot_mapping/share/ament_index/resource_index/package_run_dependencies/bumperbot_mapping
[0.891s] -- Symlinking: /home/emzx/ros2_ws/install/bumperbot_mapping/share/ament_index/resource_index/parent_prefix_path/bumperbot_mapping
[0.904s] -- Symlinking: /home/emzx/ros2_ws/install/bumperbot_mapping/share/bumperbot_mapping/environment/ament_prefix_path.sh
[0.913s] -- Symlinking: /home/emzx/ros2_ws/install/bumperbot_mapping/share/bumperbot_mapping/environment/ament_prefix_path.dsv
[0.922s] -- Symlinking: /home/emzx/ros2_ws/install/bumperbot_mapping/share/bumperbot_mapping/environment/path.sh
[0.931s] -- Symlinking: /home/emzx/ros2_ws/install/bumperbot_mapping/share/bumperbot_mapping/environment/path.dsv
[0.940s] -- Symlinking: /home/emzx/ros2_ws/install/bumperbot_mapping/share/bumperbot_mapping/local_setup.bash
[0.949s] -- Symlinking: /home/emzx/ros2_ws/install/bumperbot_mapping/share/bumperbot_mapping/local_setup.sh
[0.959s] -- Symlinking: /home/emzx/ros2_ws/install/bumperbot_mapping/share/bumperbot_mapping/local_setup.zsh
[0.968s] -- Symlinking: /home/emzx/ros2_ws/install/bumperbot_mapping/share/bumperbot_mapping/local_setup.dsv
[0.977s] -- Symlinking: /home/emzx/ros2_ws/install/bumperbot_mapping/share/bumperbot_mapping/package.dsv
[0.991s] -- Symlinking: /home/emzx/ros2_ws/install/bumperbot_mapping/share/ament_index/resource_index/packages/bumperbot_mapping
[1.004s] -- Symlinking: /home/emzx/ros2_ws/install/bumperbot_mapping/share/bumperbot_mapping/cmake/bumperbot_mappingConfig.cmake
[1.016s] -- Symlinking: /home/emzx/ros2_ws/install/bumperbot_mapping/share/bumperbot_mapping/cmake/bumperbot_mappingConfig-version.cmake
[1.028s] -- Symlinking: /home/emzx/ros2_ws/install/bumperbot_mapping/share/bumperbot_mapping/package.xml
[1.080s] Listing '/home/emzx/ros2_ws/install/bumperbot_mapping/lib/python3.12/site-packages/bumperbot_mapping'...
[1.407s] Invoked command in '/home/emzx/ros2_ws/build/bumperbot_mapping' returned '0': CMAKE_PREFIX_PATH=${CMAKE_PREFIX_PATH}:/home/emzx/ros2_ws/install/turtlesim_catch_them_all:/home/emzx/ros2_ws/install/pacote_teste:/home/emzx/ros2_ws/install/bumperbot_utils:/home/emzx/ros2_ws/install/bumperbot_py:/opt/ros/jazzy DEBUGINFOD_URLS=https://debuginfod.ubuntu.com /usr/bin/cmake --install /home/emzx/ros2_ws/build/bumperbot_mapping
