-- The C compiler identification is GNU 11.4.0
-- The CXX compiler identification is GNU 11.4.0
-- Detecting C compiler ABI info
-- Detecting C compiler ABI info - done
-- Check for working C compiler: /usr/bin/cc - skipped
-- Detecting C compile features
-- Detecting C compile features - done
-- Detecting CXX compiler ABI info
-- Detecting CXX compiler ABI info - done
-- Check for working CXX compiler: /usr/bin/c++ - skipped
-- Detecting CXX compile features
-- Detecting CXX compile features - done
-- Found ament_cmake: 1.3.12 (/opt/ros/humble/share/ament_cmake/cmake)
-- Found Python3: /usr/bin/python3 (found version "3.10.12") found components: Interpreter 
-- Override CMake install command with custom implementation using symlinks instead of copying resources
-- Found ament_lint_auto: 0.12.14 (/opt/ros/humble/share/ament_lint_auto/cmake)
-- Added test 'copyright' to check source files copyright and LICENSE
-- Added test 'flake8' to check Python code syntax and style conventions
-- Added test 'lint_cmake' to check CMake code style
-- Added test 'pep257' to check Python code against some of the docstring style conventions in PEP 257
-- Added test 'xmllint' to check XML markup files
-- Configuring done
-- Generating done
-- Build files have been written to: /home/emzx/neuronbot2_ros2_ws/build/neuronbot2_slam
-- Install configuration: "Release"
-- Execute custom install script
-- Symlinking: /home/emzx/neuronbot2_ros2_ws/install/neuronbot2_slam/share/neuronbot2_slam/config/cartographer.lua
-- Symlinking: /home/emzx/neuronbot2_ros2_ws/install/neuronbot2_slam/share/neuronbot2_slam/config/cartographer_bag.lua
-- Symlinking: /home/emzx/neuronbot2_ros2_ws/install/neuronbot2_slam/share/neuronbot2_slam/config/slam_toolbox_params.yaml
-- Symlinking: /home/emzx/neuronbot2_ros2_ws/install/neuronbot2_slam/share/neuronbot2_slam/launch/cartographer_launch.py
-- Symlinking: /home/emzx/neuronbot2_ros2_ws/install/neuronbot2_slam/share/neuronbot2_slam/launch/gmapping_launch.py
-- Symlinking: /home/emzx/neuronbot2_ros2_ws/install/neuronbot2_slam/share/neuronbot2_slam/launch/slam_toolbox_launch.py
-- Symlinking: /home/emzx/neuronbot2_ros2_ws/install/neuronbot2_slam/share/neuronbot2_slam/rviz/slam.rviz
-- Symlinking: /home/emzx/neuronbot2_ros2_ws/install/neuronbot2_slam/share/ament_index/resource_index/package_run_dependencies/neuronbot2_slam
-- Symlinking: /home/emzx/neuronbot2_ros2_ws/install/neuronbot2_slam/share/ament_index/resource_index/parent_prefix_path/neuronbot2_slam
-- Symlinking: /home/emzx/neuronbot2_ros2_ws/install/neuronbot2_slam/share/neuronbot2_slam/environment/ament_prefix_path.sh
-- Symlinking: /home/emzx/neuronbot2_ros2_ws/install/neuronbot2_slam/share/neuronbot2_slam/environment/ament_prefix_path.dsv
-- Symlinking: /home/emzx/neuronbot2_ros2_ws/install/neuronbot2_slam/share/neuronbot2_slam/environment/path.sh
-- Symlinking: /home/emzx/neuronbot2_ros2_ws/install/neuronbot2_slam/share/neuronbot2_slam/environment/path.dsv
-- Symlinking: /home/emzx/neuronbot2_ros2_ws/install/neuronbot2_slam/share/neuronbot2_slam/local_setup.bash
-- Symlinking: /home/emzx/neuronbot2_ros2_ws/install/neuronbot2_slam/share/neuronbot2_slam/local_setup.sh
-- Symlinking: /home/emzx/neuronbot2_ros2_ws/install/neuronbot2_slam/share/neuronbot2_slam/local_setup.zsh
-- Symlinking: /home/emzx/neuronbot2_ros2_ws/install/neuronbot2_slam/share/neuronbot2_slam/local_setup.dsv
-- Symlinking: /home/emzx/neuronbot2_ros2_ws/install/neuronbot2_slam/share/neuronbot2_slam/package.dsv
-- Symlinking: /home/emzx/neuronbot2_ros2_ws/install/neuronbot2_slam/share/ament_index/resource_index/packages/neuronbot2_slam
-- Symlinking: /home/emzx/neuronbot2_ros2_ws/install/neuronbot2_slam/share/neuronbot2_slam/cmake/neuronbot2_slamConfig.cmake
-- Symlinking: /home/emzx/neuronbot2_ros2_ws/install/neuronbot2_slam/share/neuronbot2_slam/cmake/neuronbot2_slamConfig-version.cmake
-- Symlinking: /home/emzx/neuronbot2_ros2_ws/install/neuronbot2_slam/share/neuronbot2_slam/package.xml
