[0.082s] Invoking command in '/home/emzx/neuronbot2_ros2_ws/build/neuronbot2_description': CMAKE_PREFIX_PATH=${CMAKE_PREFIX_PATH}:/home/emzx/ros2_ws/install/yolo_ros:/home/emzx/ros2_ws/install/vision_pipeline_openvino:/home/emzx/ros2_ws/install/rtabmap_python:/home/emzx/ros2_ws/install/box_follower_pkg:/home/emzx/neuronbot2_ros2_ws/install/neuronbot2_led:/opt/ros/humble PS1=(opencv_env) \[\e]0;\u@\h: \w\a\]${debian_chroot:+($debian_chroot)}\[\033[01;32m\]\u@\h\[\033[00m\]:\[\033[01;34m\]\w\[\033[00m\]\$ VIRTUAL_ENV_PROMPT=(opencv_env) /usr/bin/cmake /home/emzx/neuronbot2_ros2_ws/src/neuronbot2/neuronbot2_description -DAMENT_CMAKE_SYMLINK_INSTALL=1 -DCMAKE_INSTALL_PREFIX=/home/emzx/neuronbot2_ros2_ws/install/neuronbot2_description
[0.874s] -- Found ament_cmake: 1.3.12 (/opt/ros/humble/share/ament_cmake/cmake)
[0.874s] -- Override CMake install command with custom implementation using symlinks instead of copying resources
[0.874s] -- Found urdf: 2.6.1 (/opt/ros/humble/share/urdf/cmake)
[0.874s] -- Configuring done
[0.876s] -- Generating done
[0.887s] -- Build files have been written to: /home/emzx/neuronbot2_ros2_ws/build/neuronbot2_description
[0.917s] Invoked command in '/home/emzx/neuronbot2_ros2_ws/build/neuronbot2_description' returned '0': CMAKE_PREFIX_PATH=${CMAKE_PREFIX_PATH}:/home/emzx/ros2_ws/install/yolo_ros:/home/emzx/ros2_ws/install/vision_pipeline_openvino:/home/emzx/ros2_ws/install/rtabmap_python:/home/emzx/ros2_ws/install/box_follower_pkg:/home/emzx/neuronbot2_ros2_ws/install/neuronbot2_led:/opt/ros/humble PS1=(opencv_env) \[\e]0;\u@\h: \w\a\]${debian_chroot:+($debian_chroot)}\[\033[01;32m\]\u@\h\[\033[00m\]:\[\033[01;34m\]\w\[\033[00m\]\$ VIRTUAL_ENV_PROMPT=(opencv_env) /usr/bin/cmake /home/emzx/neuronbot2_ros2_ws/src/neuronbot2/neuronbot2_description -DAMENT_CMAKE_SYMLINK_INSTALL=1 -DCMAKE_INSTALL_PREFIX=/home/emzx/neuronbot2_ros2_ws/install/neuronbot2_description
[0.918s] Invoking command in '/home/emzx/neuronbot2_ros2_ws/build/neuronbot2_description': CMAKE_PREFIX_PATH=${CMAKE_PREFIX_PATH}:/home/emzx/ros2_ws/install/yolo_ros:/home/emzx/ros2_ws/install/vision_pipeline_openvino:/home/emzx/ros2_ws/install/rtabmap_python:/home/emzx/ros2_ws/install/box_follower_pkg:/home/emzx/neuronbot2_ros2_ws/install/neuronbot2_led:/opt/ros/humble PS1=(opencv_env) \[\e]0;\u@\h: \w\a\]${debian_chroot:+($debian_chroot)}\[\033[01;32m\]\u@\h\[\033[00m\]:\[\033[01;34m\]\w\[\033[00m\]\$ VIRTUAL_ENV_PROMPT=(opencv_env) /usr/bin/cmake --build /home/emzx/neuronbot2_ros2_ws/build/neuronbot2_description -- -j8 -l8
[1.220s] Invoked command in '/home/emzx/neuronbot2_ros2_ws/build/neuronbot2_description' returned '0': CMAKE_PREFIX_PATH=${CMAKE_PREFIX_PATH}:/home/emzx/ros2_ws/install/yolo_ros:/home/emzx/ros2_ws/install/vision_pipeline_openvino:/home/emzx/ros2_ws/install/rtabmap_python:/home/emzx/ros2_ws/install/box_follower_pkg:/home/emzx/neuronbot2_ros2_ws/install/neuronbot2_led:/opt/ros/humble PS1=(opencv_env) \[\e]0;\u@\h: \w\a\]${debian_chroot:+($debian_chroot)}\[\033[01;32m\]\u@\h\[\033[00m\]:\[\033[01;34m\]\w\[\033[00m\]\$ VIRTUAL_ENV_PROMPT=(opencv_env) /usr/bin/cmake --build /home/emzx/neuronbot2_ros2_ws/build/neuronbot2_description -- -j8 -l8
[1.233s] Invoking command in '/home/emzx/neuronbot2_ros2_ws/build/neuronbot2_description': CMAKE_PREFIX_PATH=${CMAKE_PREFIX_PATH}:/home/emzx/ros2_ws/install/yolo_ros:/home/emzx/ros2_ws/install/vision_pipeline_openvino:/home/emzx/ros2_ws/install/rtabmap_python:/home/emzx/ros2_ws/install/box_follower_pkg:/home/emzx/neuronbot2_ros2_ws/install/neuronbot2_led:/opt/ros/humble PS1=(opencv_env) \[\e]0;\u@\h: \w\a\]${debian_chroot:+($debian_chroot)}\[\033[01;32m\]\u@\h\[\033[00m\]:\[\033[01;34m\]\w\[\033[00m\]\$ VIRTUAL_ENV_PROMPT=(opencv_env) /usr/bin/cmake --install /home/emzx/neuronbot2_ros2_ws/build/neuronbot2_description
[1.303s] -- Install configuration: "Release"
[1.303s] -- Execute custom install script
[1.304s] -- Up-to-date symlink: /home/emzx/neuronbot2_ros2_ws/install/neuronbot2_description/share/neuronbot2_description/meshes/neuronbot2/base_link.stl
[1.304s] -- Up-to-date symlink: /home/emzx/neuronbot2_ros2_ws/install/neuronbot2_description/share/neuronbot2_description/meshes/neuronbot2/laser_link.stl
[1.304s] -- Up-to-date symlink: /home/emzx/neuronbot2_ros2_ws/install/neuronbot2_description/share/neuronbot2_description/meshes/neuronbot2/wheel_link.stl
[1.304s] -- Up-to-date symlink: /home/emzx/neuronbot2_ros2_ws/install/neuronbot2_description/share/neuronbot2_description/rviz/urdf.rviz
[1.304s] -- Up-to-date symlink: /home/emzx/neuronbot2_ros2_ws/install/neuronbot2_description/share/neuronbot2_description/urdf/neuronbot2.urdf
[1.304s] -- Up-to-date symlink: /home/emzx/neuronbot2_ros2_ws/install/neuronbot2_description/share/neuronbot2_description/urdf/neuronbot2_w_front_camera.urdf
[1.305s] -- Up-to-date symlink: /home/emzx/neuronbot2_ros2_ws/install/neuronbot2_description/share/neuronbot2_description/urdf/neuronbot2_w_top_camera.urdf
[1.305s] -- Up-to-date symlink: /home/emzx/neuronbot2_ros2_ws/install/neuronbot2_description/share/ament_index/resource_index/package_run_dependencies/neuronbot2_description
[1.305s] -- Up-to-date symlink: /home/emzx/neuronbot2_ros2_ws/install/neuronbot2_description/share/ament_index/resource_index/parent_prefix_path/neuronbot2_description
[1.305s] -- Up-to-date symlink: /home/emzx/neuronbot2_ros2_ws/install/neuronbot2_description/share/neuronbot2_description/environment/ament_prefix_path.sh
[1.305s] -- Up-to-date symlink: /home/emzx/neuronbot2_ros2_ws/install/neuronbot2_description/share/neuronbot2_description/environment/ament_prefix_path.dsv
[1.313s] -- Up-to-date symlink: /home/emzx/neuronbot2_ros2_ws/install/neuronbot2_description/share/neuronbot2_description/environment/path.sh
[1.313s] -- Up-to-date symlink: /home/emzx/neuronbot2_ros2_ws/install/neuronbot2_description/share/neuronbot2_description/environment/path.dsv
[1.314s] -- Up-to-date symlink: /home/emzx/neuronbot2_ros2_ws/install/neuronbot2_description/share/neuronbot2_description/local_setup.bash
[1.314s] -- Up-to-date symlink: /home/emzx/neuronbot2_ros2_ws/install/neuronbot2_description/share/neuronbot2_description/local_setup.sh
[1.314s] -- Up-to-date symlink: /home/emzx/neuronbot2_ros2_ws/install/neuronbot2_description/share/neuronbot2_description/local_setup.zsh
[1.314s] -- Up-to-date symlink: /home/emzx/neuronbot2_ros2_ws/install/neuronbot2_description/share/neuronbot2_description/local_setup.dsv
[1.314s] -- Symlinking: /home/emzx/neuronbot2_ros2_ws/install/neuronbot2_description/share/neuronbot2_description/package.dsv
[1.315s] -- Up-to-date symlink: /home/emzx/neuronbot2_ros2_ws/install/neuronbot2_description/share/ament_index/resource_index/packages/neuronbot2_description
[1.315s] -- Up-to-date symlink: /home/emzx/neuronbot2_ros2_ws/install/neuronbot2_description/share/neuronbot2_description/cmake/neuronbot2_descriptionConfig.cmake
[1.315s] -- Up-to-date symlink: /home/emzx/neuronbot2_ros2_ws/install/neuronbot2_description/share/neuronbot2_description/cmake/neuronbot2_descriptionConfig-version.cmake
[1.315s] -- Up-to-date symlink: /home/emzx/neuronbot2_ros2_ws/install/neuronbot2_description/share/neuronbot2_description/package.xml
[1.377s] Invoked command in '/home/emzx/neuronbot2_ros2_ws/build/neuronbot2_description' returned '0': CMAKE_PREFIX_PATH=${CMAKE_PREFIX_PATH}:/home/emzx/ros2_ws/install/yolo_ros:/home/emzx/ros2_ws/install/vision_pipeline_openvino:/home/emzx/ros2_ws/install/rtabmap_python:/home/emzx/ros2_ws/install/box_follower_pkg:/home/emzx/neuronbot2_ros2_ws/install/neuronbot2_led:/opt/ros/humble PS1=(opencv_env) \[\e]0;\u@\h: \w\a\]${debian_chroot:+($debian_chroot)}\[\033[01;32m\]\u@\h\[\033[00m\]:\[\033[01;34m\]\w\[\033[00m\]\$ VIRTUAL_ENV_PROMPT=(opencv_env) /usr/bin/cmake --install /home/emzx/neuronbot2_ros2_ws/build/neuronbot2_description
