[0.260s] DEBUG:colcon:Command line arguments: ['/usr/bin/colcon', 'list', '-p', '--base-paths', '/home/emzx/ros2_ws']
[0.261s] DEBUG:colcon:Parsed command line arguments: Namespace(log_base=None, log_level=None, verb_name='list', build_base='build', ignore_user_meta=False, metas=['./colcon.meta'], base_paths=['/home/emzx/ros2_ws'], packages_ignore=None, packages_ignore_regex=None, paths=None, packages_up_to=None, packages_up_to_regex=None, packages_above=None, packages_above_and_dependencies=None, packages_above_depth=None, packages_select_by_dep=None, packages_skip_by_dep=None, packages_skip_up_to=None, packages_select_build_failed=False, packages_skip_build_finished=False, packages_select_test_failures=False, packages_skip_test_passed=False, packages_select=None, packages_skip=None, packages_select_regex=None, packages_skip_regex=None, packages_start=None, packages_end=None, allow_overriding=[], topological_order=False, names_only=False, paths_only=True, topological_graph=False, topological_graph_dot=False, topological_graph_density=False, topological_graph_legend=False, topological_graph_dot_cluster=False, topological_graph_dot_include_skipped=False, mixin_files=None, mixin=None, verb_parser=<colcon_mixin.mixin.mixin_argument.MixinArgumentDecorator object at 0x7df9288a75f0>, verb_extension=<colcon_package_information.verb.list.ListVerb object at 0x7df9297ce810>, main=<bound method ListVerb.main of <colcon_package_information.verb.list.ListVerb object at 0x7df9297ce810>>, mixin_verb=('list',))
[0.388s] Level 1:colcon.colcon_core.package_discovery:discover_packages(colcon_meta) check parameters
[0.388s] Level 1:colcon.colcon_core.package_discovery:discover_packages(recursive) check parameters
[0.388s] Level 1:colcon.colcon_core.package_discovery:discover_packages(ignore) check parameters
[0.389s] Level 1:colcon.colcon_core.package_discovery:discover_packages(path) check parameters
[0.389s] Level 1:colcon.colcon_core.package_discovery:discover_packages(recursive) discover
[0.389s] INFO:colcon.colcon_core.package_discovery:Crawling recursively for packages in '/home/emzx/ros2_ws'
[0.389s] Level 1:colcon.colcon_core.package_identification:_identify(/home/emzx/ros2_ws) by extensions ['ignore', 'ignore_ament_install']
[0.389s] Level 1:colcon.colcon_core.package_identification:_identify(/home/emzx/ros2_ws) by extension 'ignore'
[0.390s] Level 1:colcon.colcon_core.package_identification:_identify(/home/emzx/ros2_ws) by extension 'ignore_ament_install'
[0.390s] Level 1:colcon.colcon_core.package_identification:_identify(/home/emzx/ros2_ws) by extensions ['colcon_pkg']
[0.390s] Level 1:colcon.colcon_core.package_identification:_identify(/home/emzx/ros2_ws) by extension 'colcon_pkg'
[0.390s] Level 1:colcon.colcon_core.package_identification:_identify(/home/emzx/ros2_ws) by extensions ['colcon_meta']
[0.390s] Level 1:colcon.colcon_core.package_identification:_identify(/home/emzx/ros2_ws) by extension 'colcon_meta'
[0.390s] Level 1:colcon.colcon_core.package_identification:_identify(/home/emzx/ros2_ws) by extensions ['ros']
[0.390s] Level 1:colcon.colcon_core.package_identification:_identify(/home/emzx/ros2_ws) by extension 'ros'
[0.469s] Level 1:colcon.colcon_core.package_identification:_identify(/home/emzx/ros2_ws) by extensions ['cmake', 'python']
[0.470s] Level 1:colcon.colcon_core.package_identification:_identify(/home/emzx/ros2_ws) by extension 'cmake'
[0.470s] Level 1:colcon.colcon_core.package_identification:_identify(/home/emzx/ros2_ws) by extension 'python'
[0.470s] Level 1:colcon.colcon_core.package_identification:_identify(/home/emzx/ros2_ws) by extensions ['python_setup_py']
[0.470s] Level 1:colcon.colcon_core.package_identification:_identify(/home/emzx/ros2_ws) by extension 'python_setup_py'
[0.470s] Level 1:colcon.colcon_core.package_identification:_identify(/home/emzx/ros2_ws/build) by extensions ['ignore', 'ignore_ament_install']
[0.470s] Level 1:colcon.colcon_core.package_identification:_identify(/home/emzx/ros2_ws/build) by extension 'ignore'
[0.471s] Level 1:colcon.colcon_core.package_identification:_identify(/home/emzx/ros2_ws/build) ignored
[0.471s] Level 1:colcon.colcon_core.package_identification:_identify(/home/emzx/ros2_ws/install) by extensions ['ignore', 'ignore_ament_install']
[0.471s] Level 1:colcon.colcon_core.package_identification:_identify(/home/emzx/ros2_ws/install) by extension 'ignore'
[0.471s] Level 1:colcon.colcon_core.package_identification:_identify(/home/emzx/ros2_ws/install) ignored
[0.472s] Level 1:colcon.colcon_core.package_identification:_identify(/home/emzx/ros2_ws/log) by extensions ['ignore', 'ignore_ament_install']
[0.472s] Level 1:colcon.colcon_core.package_identification:_identify(/home/emzx/ros2_ws/log) by extension 'ignore'
[0.472s] Level 1:colcon.colcon_core.package_identification:_identify(/home/emzx/ros2_ws/log) ignored
[0.472s] Level 1:colcon.colcon_core.package_identification:_identify(/home/emzx/ros2_ws/src) by extensions ['ignore', 'ignore_ament_install']
[0.472s] Level 1:colcon.colcon_core.package_identification:_identify(/home/emzx/ros2_ws/src) by extension 'ignore'
[0.473s] Level 1:colcon.colcon_core.package_identification:_identify(/home/emzx/ros2_ws/src) by extension 'ignore_ament_install'
[0.473s] Level 1:colcon.colcon_core.package_identification:_identify(/home/emzx/ros2_ws/src) by extensions ['colcon_pkg']
[0.473s] Level 1:colcon.colcon_core.package_identification:_identify(/home/emzx/ros2_ws/src) by extension 'colcon_pkg'
[0.473s] Level 1:colcon.colcon_core.package_identification:_identify(/home/emzx/ros2_ws/src) by extensions ['colcon_meta']
[0.473s] Level 1:colcon.colcon_core.package_identification:_identify(/home/emzx/ros2_ws/src) by extension 'colcon_meta'
[0.473s] Level 1:colcon.colcon_core.package_identification:_identify(/home/emzx/ros2_ws/src) by extensions ['ros']
[0.473s] Level 1:colcon.colcon_core.package_identification:_identify(/home/emzx/ros2_ws/src) by extension 'ros'
[0.473s] Level 1:colcon.colcon_core.package_identification:_identify(/home/emzx/ros2_ws/src) by extensions ['cmake', 'python']
[0.473s] Level 1:colcon.colcon_core.package_identification:_identify(/home/emzx/ros2_ws/src) by extension 'cmake'
[0.473s] Level 1:colcon.colcon_core.package_identification:_identify(/home/emzx/ros2_ws/src) by extension 'python'
[0.474s] Level 1:colcon.colcon_core.package_identification:_identify(/home/emzx/ros2_ws/src) by extensions ['python_setup_py']
[0.474s] Level 1:colcon.colcon_core.package_identification:_identify(/home/emzx/ros2_ws/src) by extension 'python_setup_py'
[0.474s] Level 1:colcon.colcon_core.package_identification:_identify(/home/emzx/ros2_ws/src/build) by extensions ['ignore', 'ignore_ament_install']
[0.474s] Level 1:colcon.colcon_core.package_identification:_identify(/home/emzx/ros2_ws/src/build) by extension 'ignore'
[0.474s] Level 1:colcon.colcon_core.package_identification:_identify(/home/emzx/ros2_ws/src/build) ignored
[0.474s] Level 1:colcon.colcon_core.package_identification:_identify(/home/emzx/ros2_ws/src/bumperbot_bringup) by extensions ['ignore', 'ignore_ament_install']
[0.474s] Level 1:colcon.colcon_core.package_identification:_identify(/home/emzx/ros2_ws/src/bumperbot_bringup) by extension 'ignore'
[0.475s] Level 1:colcon.colcon_core.package_identification:_identify(/home/emzx/ros2_ws/src/bumperbot_bringup) by extension 'ignore_ament_install'
[0.475s] Level 1:colcon.colcon_core.package_identification:_identify(/home/emzx/ros2_ws/src/bumperbot_bringup) by extensions ['colcon_pkg']
[0.475s] Level 1:colcon.colcon_core.package_identification:_identify(/home/emzx/ros2_ws/src/bumperbot_bringup) by extension 'colcon_pkg'
[0.475s] Level 1:colcon.colcon_core.package_identification:_identify(/home/emzx/ros2_ws/src/bumperbot_bringup) by extensions ['colcon_meta']
[0.475s] Level 1:colcon.colcon_core.package_identification:_identify(/home/emzx/ros2_ws/src/bumperbot_bringup) by extension 'colcon_meta'
[0.475s] Level 1:colcon.colcon_core.package_identification:_identify(/home/emzx/ros2_ws/src/bumperbot_bringup) by extensions ['ros']
[0.475s] Level 1:colcon.colcon_core.package_identification:_identify(/home/emzx/ros2_ws/src/bumperbot_bringup) by extension 'ros'
[0.481s] DEBUG:colcon.colcon_core.package_identification:Package '/home/emzx/ros2_ws/src/bumperbot_bringup' with type 'ros.ament_cmake' and name 'bumperbot_bringup'
[0.482s] Level 1:colcon.colcon_core.package_identification:_identify(/home/emzx/ros2_ws/src/bumperbot_controller) by extensions ['ignore', 'ignore_ament_install']
[0.482s] Level 1:colcon.colcon_core.package_identification:_identify(/home/emzx/ros2_ws/src/bumperbot_controller) by extension 'ignore'
[0.482s] Level 1:colcon.colcon_core.package_identification:_identify(/home/emzx/ros2_ws/src/bumperbot_controller) by extension 'ignore_ament_install'
[0.483s] Level 1:colcon.colcon_core.package_identification:_identify(/home/emzx/ros2_ws/src/bumperbot_controller) by extensions ['colcon_pkg']
[0.483s] Level 1:colcon.colcon_core.package_identification:_identify(/home/emzx/ros2_ws/src/bumperbot_controller) by extension 'colcon_pkg'
[0.484s] Level 1:colcon.colcon_core.package_identification:_identify(/home/emzx/ros2_ws/src/bumperbot_controller) by extensions ['colcon_meta']
[0.484s] Level 1:colcon.colcon_core.package_identification:_identify(/home/emzx/ros2_ws/src/bumperbot_controller) by extension 'colcon_meta'
[0.484s] Level 1:colcon.colcon_core.package_identification:_identify(/home/emzx/ros2_ws/src/bumperbot_controller) by extensions ['ros']
[0.484s] Level 1:colcon.colcon_core.package_identification:_identify(/home/emzx/ros2_ws/src/bumperbot_controller) by extension 'ros'
[0.488s] DEBUG:colcon.colcon_core.package_identification:Package '/home/emzx/ros2_ws/src/bumperbot_controller' with type 'ros.ament_cmake' and name 'bumperbot_controller'
[0.488s] Level 1:colcon.colcon_core.package_identification:_identify(/home/emzx/ros2_ws/src/bumperbot_description) by extensions ['ignore', 'ignore_ament_install']
[0.488s] Level 1:colcon.colcon_core.package_identification:_identify(/home/emzx/ros2_ws/src/bumperbot_description) by extension 'ignore'
[0.489s] Level 1:colcon.colcon_core.package_identification:_identify(/home/emzx/ros2_ws/src/bumperbot_description) by extension 'ignore_ament_install'
[0.489s] Level 1:colcon.colcon_core.package_identification:_identify(/home/emzx/ros2_ws/src/bumperbot_description) by extensions ['colcon_pkg']
[0.489s] Level 1:colcon.colcon_core.package_identification:_identify(/home/emzx/ros2_ws/src/bumperbot_description) by extension 'colcon_pkg'
[0.489s] Level 1:colcon.colcon_core.package_identification:_identify(/home/emzx/ros2_ws/src/bumperbot_description) by extensions ['colcon_meta']
[0.489s] Level 1:colcon.colcon_core.package_identification:_identify(/home/emzx/ros2_ws/src/bumperbot_description) by extension 'colcon_meta'
[0.489s] Level 1:colcon.colcon_core.package_identification:_identify(/home/emzx/ros2_ws/src/bumperbot_description) by extensions ['ros']
[0.489s] Level 1:colcon.colcon_core.package_identification:_identify(/home/emzx/ros2_ws/src/bumperbot_description) by extension 'ros'
[0.496s] DEBUG:colcon.colcon_core.package_identification:Package '/home/emzx/ros2_ws/src/bumperbot_description' with type 'ros.ament_cmake' and name 'bumperbot_description'
[0.497s] Level 1:colcon.colcon_core.package_identification:_identify(/home/emzx/ros2_ws/src/bumperbot_localization) by extensions ['ignore', 'ignore_ament_install']
[0.497s] Level 1:colcon.colcon_core.package_identification:_identify(/home/emzx/ros2_ws/src/bumperbot_localization) by extension 'ignore'
[0.497s] Level 1:colcon.colcon_core.package_identification:_identify(/home/emzx/ros2_ws/src/bumperbot_localization) by extension 'ignore_ament_install'
[0.497s] Level 1:colcon.colcon_core.package_identification:_identify(/home/emzx/ros2_ws/src/bumperbot_localization) by extensions ['colcon_pkg']
[0.497s] Level 1:colcon.colcon_core.package_identification:_identify(/home/emzx/ros2_ws/src/bumperbot_localization) by extension 'colcon_pkg'
[0.497s] Level 1:colcon.colcon_core.package_identification:_identify(/home/emzx/ros2_ws/src/bumperbot_localization) by extensions ['colcon_meta']
[0.497s] Level 1:colcon.colcon_core.package_identification:_identify(/home/emzx/ros2_ws/src/bumperbot_localization) by extension 'colcon_meta'
[0.498s] Level 1:colcon.colcon_core.package_identification:_identify(/home/emzx/ros2_ws/src/bumperbot_localization) by extensions ['ros']
[0.498s] Level 1:colcon.colcon_core.package_identification:_identify(/home/emzx/ros2_ws/src/bumperbot_localization) by extension 'ros'
[0.500s] DEBUG:colcon.colcon_core.package_identification:Package '/home/emzx/ros2_ws/src/bumperbot_localization' with type 'ros.ament_cmake' and name 'bumperbot_localization'
[0.500s] Level 1:colcon.colcon_core.package_identification:_identify(/home/emzx/ros2_ws/src/bumperbot_mapping) by extensions ['ignore', 'ignore_ament_install']
[0.501s] Level 1:colcon.colcon_core.package_identification:_identify(/home/emzx/ros2_ws/src/bumperbot_mapping) by extension 'ignore'
[0.501s] Level 1:colcon.colcon_core.package_identification:_identify(/home/emzx/ros2_ws/src/bumperbot_mapping) by extension 'ignore_ament_install'
[0.501s] Level 1:colcon.colcon_core.package_identification:_identify(/home/emzx/ros2_ws/src/bumperbot_mapping) by extensions ['colcon_pkg']
[0.501s] Level 1:colcon.colcon_core.package_identification:_identify(/home/emzx/ros2_ws/src/bumperbot_mapping) by extension 'colcon_pkg'
[0.501s] Level 1:colcon.colcon_core.package_identification:_identify(/home/emzx/ros2_ws/src/bumperbot_mapping) by extensions ['colcon_meta']
[0.501s] Level 1:colcon.colcon_core.package_identification:_identify(/home/emzx/ros2_ws/src/bumperbot_mapping) by extension 'colcon_meta'
[0.502s] Level 1:colcon.colcon_core.package_identification:_identify(/home/emzx/ros2_ws/src/bumperbot_mapping) by extensions ['ros']
[0.502s] Level 1:colcon.colcon_core.package_identification:_identify(/home/emzx/ros2_ws/src/bumperbot_mapping) by extension 'ros'
[0.503s] DEBUG:colcon.colcon_core.package_identification:Package '/home/emzx/ros2_ws/src/bumperbot_mapping' with type 'ros.ament_cmake' and name 'bumperbot_mapping'
[0.504s] Level 1:colcon.colcon_core.package_identification:_identify(/home/emzx/ros2_ws/src/bumperbot_py) by extensions ['ignore', 'ignore_ament_install']
[0.504s] Level 1:colcon.colcon_core.package_identification:_identify(/home/emzx/ros2_ws/src/bumperbot_py) by extension 'ignore'
[0.504s] Level 1:colcon.colcon_core.package_identification:_identify(/home/emzx/ros2_ws/src/bumperbot_py) by extension 'ignore_ament_install'
[0.504s] Level 1:colcon.colcon_core.package_identification:_identify(/home/emzx/ros2_ws/src/bumperbot_py) by extensions ['colcon_pkg']
[0.505s] Level 1:colcon.colcon_core.package_identification:_identify(/home/emzx/ros2_ws/src/bumperbot_py) by extension 'colcon_pkg'
[0.505s] Level 1:colcon.colcon_core.package_identification:_identify(/home/emzx/ros2_ws/src/bumperbot_py) by extensions ['colcon_meta']
[0.505s] Level 1:colcon.colcon_core.package_identification:_identify(/home/emzx/ros2_ws/src/bumperbot_py) by extension 'colcon_meta'
[0.505s] Level 1:colcon.colcon_core.package_identification:_identify(/home/emzx/ros2_ws/src/bumperbot_py) by extensions ['ros']
[0.505s] Level 1:colcon.colcon_core.package_identification:_identify(/home/emzx/ros2_ws/src/bumperbot_py) by extension 'ros'
[0.506s] DEBUG:colcon.colcon_core.package_identification:Package '/home/emzx/ros2_ws/src/bumperbot_py' with type 'ros.ament_python' and name 'bumperbot_py'
[0.507s] Level 1:colcon.colcon_core.package_identification:_identify(/home/emzx/ros2_ws/src/bumperbot_utils) by extensions ['ignore', 'ignore_ament_install']
[0.507s] Level 1:colcon.colcon_core.package_identification:_identify(/home/emzx/ros2_ws/src/bumperbot_utils) by extension 'ignore'
[0.507s] Level 1:colcon.colcon_core.package_identification:_identify(/home/emzx/ros2_ws/src/bumperbot_utils) by extension 'ignore_ament_install'
[0.507s] Level 1:colcon.colcon_core.package_identification:_identify(/home/emzx/ros2_ws/src/bumperbot_utils) by extensions ['colcon_pkg']
[0.507s] Level 1:colcon.colcon_core.package_identification:_identify(/home/emzx/ros2_ws/src/bumperbot_utils) by extension 'colcon_pkg'
[0.508s] Level 1:colcon.colcon_core.package_identification:_identify(/home/emzx/ros2_ws/src/bumperbot_utils) by extensions ['colcon_meta']
[0.508s] Level 1:colcon.colcon_core.package_identification:_identify(/home/emzx/ros2_ws/src/bumperbot_utils) by extension 'colcon_meta'
[0.508s] Level 1:colcon.colcon_core.package_identification:_identify(/home/emzx/ros2_ws/src/bumperbot_utils) by extensions ['ros']
[0.508s] Level 1:colcon.colcon_core.package_identification:_identify(/home/emzx/ros2_ws/src/bumperbot_utils) by extension 'ros'
[0.510s] DEBUG:colcon.colcon_core.package_identification:Package '/home/emzx/ros2_ws/src/bumperbot_utils' with type 'ros.ament_python' and name 'bumperbot_utils'
[0.510s] Level 1:colcon.colcon_core.package_identification:_identify(/home/emzx/ros2_ws/src/install) by extensions ['ignore', 'ignore_ament_install']
[0.511s] Level 1:colcon.colcon_core.package_identification:_identify(/home/emzx/ros2_ws/src/install) by extension 'ignore'
[0.511s] Level 1:colcon.colcon_core.package_identification:_identify(/home/emzx/ros2_ws/src/install) ignored
[0.511s] Level 1:colcon.colcon_core.package_identification:_identify(/home/emzx/ros2_ws/src/log) by extensions ['ignore', 'ignore_ament_install']
[0.511s] Level 1:colcon.colcon_core.package_identification:_identify(/home/emzx/ros2_ws/src/log) by extension 'ignore'
[0.511s] Level 1:colcon.colcon_core.package_identification:_identify(/home/emzx/ros2_ws/src/log) ignored
[0.512s] Level 1:colcon.colcon_core.package_identification:_identify(/home/emzx/ros2_ws/src/my_robot_bringup) by extensions ['ignore', 'ignore_ament_install']
[0.512s] Level 1:colcon.colcon_core.package_identification:_identify(/home/emzx/ros2_ws/src/my_robot_bringup) by extension 'ignore'
[0.512s] Level 1:colcon.colcon_core.package_identification:_identify(/home/emzx/ros2_ws/src/my_robot_bringup) by extension 'ignore_ament_install'
[0.512s] Level 1:colcon.colcon_core.package_identification:_identify(/home/emzx/ros2_ws/src/my_robot_bringup) by extensions ['colcon_pkg']
[0.512s] Level 1:colcon.colcon_core.package_identification:_identify(/home/emzx/ros2_ws/src/my_robot_bringup) by extension 'colcon_pkg'
[0.512s] Level 1:colcon.colcon_core.package_identification:_identify(/home/emzx/ros2_ws/src/my_robot_bringup) by extensions ['colcon_meta']
[0.513s] Level 1:colcon.colcon_core.package_identification:_identify(/home/emzx/ros2_ws/src/my_robot_bringup) by extension 'colcon_meta'
[0.513s] Level 1:colcon.colcon_core.package_identification:_identify(/home/emzx/ros2_ws/src/my_robot_bringup) by extensions ['ros']
[0.513s] Level 1:colcon.colcon_core.package_identification:_identify(/home/emzx/ros2_ws/src/my_robot_bringup) by extension 'ros'
[0.514s] DEBUG:colcon.colcon_core.package_identification:Package '/home/emzx/ros2_ws/src/my_robot_bringup' with type 'ros.ament_cmake' and name 'my_robot_bringup'
[0.514s] Level 1:colcon.colcon_core.package_identification:_identify(/home/emzx/ros2_ws/src/my_robot_interfaces) by extensions ['ignore', 'ignore_ament_install']
[0.514s] Level 1:colcon.colcon_core.package_identification:_identify(/home/emzx/ros2_ws/src/my_robot_interfaces) by extension 'ignore'
[0.514s] Level 1:colcon.colcon_core.package_identification:_identify(/home/emzx/ros2_ws/src/my_robot_interfaces) by extension 'ignore_ament_install'
[0.514s] Level 1:colcon.colcon_core.package_identification:_identify(/home/emzx/ros2_ws/src/my_robot_interfaces) by extensions ['colcon_pkg']
[0.514s] Level 1:colcon.colcon_core.package_identification:_identify(/home/emzx/ros2_ws/src/my_robot_interfaces) by extension 'colcon_pkg'
[0.515s] Level 1:colcon.colcon_core.package_identification:_identify(/home/emzx/ros2_ws/src/my_robot_interfaces) by extensions ['colcon_meta']
[0.515s] Level 1:colcon.colcon_core.package_identification:_identify(/home/emzx/ros2_ws/src/my_robot_interfaces) by extension 'colcon_meta'
[0.515s] Level 1:colcon.colcon_core.package_identification:_identify(/home/emzx/ros2_ws/src/my_robot_interfaces) by extensions ['ros']
[0.515s] Level 1:colcon.colcon_core.package_identification:_identify(/home/emzx/ros2_ws/src/my_robot_interfaces) by extension 'ros'
[0.516s] DEBUG:colcon.colcon_core.package_identification:Package '/home/emzx/ros2_ws/src/my_robot_interfaces' with type 'ros.ament_cmake' and name 'my_robot_interfaces'
[0.516s] Level 1:colcon.colcon_core.package_identification:_identify(/home/emzx/ros2_ws/src/pacote_teste) by extensions ['ignore', 'ignore_ament_install']
[0.517s] Level 1:colcon.colcon_core.package_identification:_identify(/home/emzx/ros2_ws/src/pacote_teste) by extension 'ignore'
[0.517s] Level 1:colcon.colcon_core.package_identification:_identify(/home/emzx/ros2_ws/src/pacote_teste) by extension 'ignore_ament_install'
[0.517s] Level 1:colcon.colcon_core.package_identification:_identify(/home/emzx/ros2_ws/src/pacote_teste) by extensions ['colcon_pkg']
[0.517s] Level 1:colcon.colcon_core.package_identification:_identify(/home/emzx/ros2_ws/src/pacote_teste) by extension 'colcon_pkg'
[0.517s] Level 1:colcon.colcon_core.package_identification:_identify(/home/emzx/ros2_ws/src/pacote_teste) by extensions ['colcon_meta']
[0.517s] Level 1:colcon.colcon_core.package_identification:_identify(/home/emzx/ros2_ws/src/pacote_teste) by extension 'colcon_meta'
[0.517s] Level 1:colcon.colcon_core.package_identification:_identify(/home/emzx/ros2_ws/src/pacote_teste) by extensions ['ros']
[0.517s] Level 1:colcon.colcon_core.package_identification:_identify(/home/emzx/ros2_ws/src/pacote_teste) by extension 'ros'
[0.519s] DEBUG:colcon.colcon_core.package_identification:Package '/home/emzx/ros2_ws/src/pacote_teste' with type 'ros.ament_python' and name 'pacote_teste'
[0.520s] Level 1:colcon.colcon_core.package_identification:_identify(/home/emzx/ros2_ws/src/rplidar_ros) by extensions ['ignore', 'ignore_ament_install']
[0.520s] Level 1:colcon.colcon_core.package_identification:_identify(/home/emzx/ros2_ws/src/rplidar_ros) by extension 'ignore'
[0.520s] Level 1:colcon.colcon_core.package_identification:_identify(/home/emzx/ros2_ws/src/rplidar_ros) by extension 'ignore_ament_install'
[0.520s] Level 1:colcon.colcon_core.package_identification:_identify(/home/emzx/ros2_ws/src/rplidar_ros) by extensions ['colcon_pkg']
[0.520s] Level 1:colcon.colcon_core.package_identification:_identify(/home/emzx/ros2_ws/src/rplidar_ros) by extension 'colcon_pkg'
[0.520s] Level 1:colcon.colcon_core.package_identification:_identify(/home/emzx/ros2_ws/src/rplidar_ros) by extensions ['colcon_meta']
[0.520s] Level 1:colcon.colcon_core.package_identification:_identify(/home/emzx/ros2_ws/src/rplidar_ros) by extension 'colcon_meta'
[0.521s] Level 1:colcon.colcon_core.package_identification:_identify(/home/emzx/ros2_ws/src/rplidar_ros) by extensions ['ros']
[0.521s] Level 1:colcon.colcon_core.package_identification:_identify(/home/emzx/ros2_ws/src/rplidar_ros) by extension 'ros'
[0.522s] DEBUG:colcon.colcon_core.package_identification:Package '/home/emzx/ros2_ws/src/rplidar_ros' with type 'ros.ament_cmake' and name 'rplidar_ros'
[0.522s] Level 1:colcon.colcon_core.package_identification:_identify(/home/emzx/ros2_ws/src/turtlesim_catch_them_all) by extensions ['ignore', 'ignore_ament_install']
[0.522s] Level 1:colcon.colcon_core.package_identification:_identify(/home/emzx/ros2_ws/src/turtlesim_catch_them_all) by extension 'ignore'
[0.523s] Level 1:colcon.colcon_core.package_identification:_identify(/home/emzx/ros2_ws/src/turtlesim_catch_them_all) by extension 'ignore_ament_install'
[0.523s] Level 1:colcon.colcon_core.package_identification:_identify(/home/emzx/ros2_ws/src/turtlesim_catch_them_all) by extensions ['colcon_pkg']
[0.523s] Level 1:colcon.colcon_core.package_identification:_identify(/home/emzx/ros2_ws/src/turtlesim_catch_them_all) by extension 'colcon_pkg'
[0.523s] Level 1:colcon.colcon_core.package_identification:_identify(/home/emzx/ros2_ws/src/turtlesim_catch_them_all) by extensions ['colcon_meta']
[0.523s] Level 1:colcon.colcon_core.package_identification:_identify(/home/emzx/ros2_ws/src/turtlesim_catch_them_all) by extension 'colcon_meta'
[0.523s] Level 1:colcon.colcon_core.package_identification:_identify(/home/emzx/ros2_ws/src/turtlesim_catch_them_all) by extensions ['ros']
[0.523s] Level 1:colcon.colcon_core.package_identification:_identify(/home/emzx/ros2_ws/src/turtlesim_catch_them_all) by extension 'ros'
[0.525s] DEBUG:colcon.colcon_core.package_identification:Package '/home/emzx/ros2_ws/src/turtlesim_catch_them_all' with type 'ros.ament_python' and name 'turtlesim_catch_them_all'
[0.525s] Level 1:colcon.colcon_core.package_discovery:discover_packages(recursive) using defaults
