-- Found ament_cmake: 2.5.3 (/opt/ros/jazzy/share/ament_cmake/cmake)
-- Override CMake install command with custom implementation using symlinks instead of copying resources
-- Found ament_lint_auto: 0.17.1 (/opt/ros/jazzy/share/ament_lint_auto/cmake)
-- Added test 'flake8' to check Python code syntax and style conventions
-- Configured 'flake8' exclude dirs and/or files: 
-- Added test 'lint_cmake' to check CMake code style
-- Added test 'pep257' to check Python code against some of the docstring style conventions in PEP 257
-- Added test 'xmllint' to check XML markup files
-- Configuring done (0.5s)
-- Generating done (0.0s)
-- Build files have been written to: /home/emzx/ros2_ws/build/bumperbot_bringup
-- Install configuration: ""
-- Execute custom install script
-- Symlinking: /home/emzx/ros2_ws/install/bumperbot_bringup/share/bumperbot_bringup/launch/simulated_robot.launch.py
-- Symlinking: /home/emzx/ros2_ws/install/bumperbot_bringup/share/ament_index/resource_index/package_run_dependencies/bumperbot_bringup
-- Symlinking: /home/emzx/ros2_ws/install/bumperbot_bringup/share/ament_index/resource_index/parent_prefix_path/bumperbot_bringup
-- Symlinking: /home/emzx/ros2_ws/install/bumperbot_bringup/share/bumperbot_bringup/environment/ament_prefix_path.sh
-- Symlinking: /home/emzx/ros2_ws/install/bumperbot_bringup/share/bumperbot_bringup/environment/ament_prefix_path.dsv
-- Symlinking: /home/emzx/ros2_ws/install/bumperbot_bringup/share/bumperbot_bringup/environment/path.sh
-- Symlinking: /home/emzx/ros2_ws/install/bumperbot_bringup/share/bumperbot_bringup/environment/path.dsv
-- Symlinking: /home/emzx/ros2_ws/install/bumperbot_bringup/share/bumperbot_bringup/local_setup.bash
-- Symlinking: /home/emzx/ros2_ws/install/bumperbot_bringup/share/bumperbot_bringup/local_setup.sh
-- Symlinking: /home/emzx/ros2_ws/install/bumperbot_bringup/share/bumperbot_bringup/local_setup.zsh
-- Symlinking: /home/emzx/ros2_ws/install/bumperbot_bringup/share/bumperbot_bringup/local_setup.dsv
-- Symlinking: /home/emzx/ros2_ws/install/bumperbot_bringup/share/bumperbot_bringup/package.dsv
-- Symlinking: /home/emzx/ros2_ws/install/bumperbot_bringup/share/ament_index/resource_index/packages/bumperbot_bringup
-- Symlinking: /home/emzx/ros2_ws/install/bumperbot_bringup/share/bumperbot_bringup/cmake/bumperbot_bringupConfig.cmake
-- Symlinking: /home/emzx/ros2_ws/install/bumperbot_bringup/share/bumperbot_bringup/cmake/bumperbot_bringupConfig-version.cmake
-- Symlinking: /home/emzx/ros2_ws/install/bumperbot_bringup/share/bumperbot_bringup/package.xml
