[0.029s] Invoking command in '/home/emzx/ros2_ws/build/bumperbot_mapping': CMAKE_PREFIX_PATH=${CMAKE_PREFIX_PATH}:/home/emzx/ros2_ws/install/turtlesim_catch_them_all:/home/emzx/ros2_ws/install/pacote_teste:/home/emzx/ros2_ws/install/bumperbot_utils:/home/emzx/ros2_ws/install/bumperbot_py:/opt/ros/jazzy DEBUGINFOD_URLS=https://debuginfod.ubuntu.com /usr/bin/cmake --build /home/emzx/ros2_ws/build/bumperbot_mapping -- -j8 -l8
[0.326s] Built target ament_cmake_python_copy_bumperbot_mapping
[0.401s] running egg_info
[0.431s] writing bumperbot_mapping.egg-info/PKG-INFO
[0.431s] writing dependency_links to bumperbot_mapping.egg-info/dependency_links.txt
[0.431s] writing top-level names to bumperbot_mapping.egg-info/top_level.txt
[0.490s] reading manifest file 'bumperbot_mapping.egg-info/SOURCES.txt'
[0.491s] writing manifest file 'bumperbot_mapping.egg-info/SOURCES.txt'
[0.514s] Built target ament_cmake_python_build_bumperbot_mapping_egg
[0.561s] Invoked command in '/home/emzx/ros2_ws/build/bumperbot_mapping' returned '0': CMAKE_PREFIX_PATH=${CMAKE_PREFIX_PATH}:/home/emzx/ros2_ws/install/turtlesim_catch_them_all:/home/emzx/ros2_ws/install/pacote_teste:/home/emzx/ros2_ws/install/bumperbot_utils:/home/emzx/ros2_ws/install/bumperbot_py:/opt/ros/jazzy DEBUGINFOD_URLS=https://debuginfod.ubuntu.com /usr/bin/cmake --build /home/emzx/ros2_ws/build/bumperbot_mapping -- -j8 -l8
[0.563s] Invoking command in '/home/emzx/ros2_ws/build/bumperbot_mapping': CMAKE_PREFIX_PATH=${CMAKE_PREFIX_PATH}:/home/emzx/ros2_ws/install/turtlesim_catch_them_all:/home/emzx/ros2_ws/install/pacote_teste:/home/emzx/ros2_ws/install/bumperbot_utils:/home/emzx/ros2_ws/install/bumperbot_py:/opt/ros/jazzy DEBUGINFOD_URLS=https://debuginfod.ubuntu.com /usr/bin/cmake --install /home/emzx/ros2_ws/build/bumperbot_mapping
[0.578s] -- Install configuration: ""
[0.580s] -- Up-to-date: /home/emzx/ros2_ws/install/bumperbot_mapping/share/bumperbot_mapping/environment/pythonpath.sh
[0.580s] -- Up-to-date: /home/emzx/ros2_ws/install/bumperbot_mapping/share/bumperbot_mapping/environment/pythonpath.dsv
[0.580s] -- Up-to-date: /home/emzx/ros2_ws/install/bumperbot_mapping/lib/python3.12/site-packages/bumperbot_mapping-0.0.0-py3.12.egg-info
[0.580s] -- Installing: /home/emzx/ros2_ws/install/bumperbot_mapping/lib/python3.12/site-packages/bumperbot_mapping-0.0.0-py3.12.egg-info/dependency_links.txt
[0.580s] -- Installing: /home/emzx/ros2_ws/install/bumperbot_mapping/lib/python3.12/site-packages/bumperbot_mapping-0.0.0-py3.12.egg-info/PKG-INFO
[0.580s] -- Installing: /home/emzx/ros2_ws/install/bumperbot_mapping/lib/python3.12/site-packages/bumperbot_mapping-0.0.0-py3.12.egg-info/SOURCES.txt
[0.580s] -- Installing: /home/emzx/ros2_ws/install/bumperbot_mapping/lib/python3.12/site-packages/bumperbot_mapping-0.0.0-py3.12.egg-info/top_level.txt
[0.580s] -- Up-to-date: /home/emzx/ros2_ws/install/bumperbot_mapping/lib/python3.12/site-packages/bumperbot_mapping
[0.580s] -- Up-to-date: /home/emzx/ros2_ws/install/bumperbot_mapping/lib/python3.12/site-packages/bumperbot_mapping/__init__.py
[0.580s] -- Up-to-date: /home/emzx/ros2_ws/install/bumperbot_mapping/lib/python3.12/site-packages/bumperbot_mapping/mapping_with_known_poses.py
[0.625s] Listing '/home/emzx/ros2_ws/install/bumperbot_mapping/lib/python3.12/site-packages/bumperbot_mapping'...
[0.628s] -- Up-to-date: /home/emzx/ros2_ws/install/bumperbot_mapping/lib/bumperbot_mapping/mapping_with_known_poses.py
[0.629s] -- Up-to-date: /home/emzx/ros2_ws/install/bumperbot_mapping/share/bumperbot_mapping/config
[0.629s] -- Up-to-date: /home/emzx/ros2_ws/install/bumperbot_mapping/share/bumperbot_mapping/config/slam_toolbox.yaml
[0.629s] -- Up-to-date: /home/emzx/ros2_ws/install/bumperbot_mapping/share/bumperbot_mapping/launch
[0.629s] -- Up-to-date: /home/emzx/ros2_ws/install/bumperbot_mapping/share/bumperbot_mapping/launch/slam.launch.py
[0.629s] -- Up-to-date: /home/emzx/ros2_ws/install/bumperbot_mapping/share/bumperbot_mapping/maps
[0.630s] -- Up-to-date: /home/emzx/ros2_ws/install/bumperbot_mapping/share/bumperbot_mapping/maps/small_house
[0.630s] -- Up-to-date: /home/emzx/ros2_ws/install/bumperbot_mapping/share/bumperbot_mapping/maps/small_house/map.pgm
[0.631s] -- Up-to-date: /home/emzx/ros2_ws/install/bumperbot_mapping/share/bumperbot_mapping/maps/small_house/map.yaml
[0.631s] -- Up-to-date: /home/emzx/ros2_ws/install/bumperbot_mapping/share/ament_index/resource_index/package_run_dependencies/bumperbot_mapping
[0.631s] -- Up-to-date: /home/emzx/ros2_ws/install/bumperbot_mapping/share/ament_index/resource_index/parent_prefix_path/bumperbot_mapping
[0.631s] -- Up-to-date: /home/emzx/ros2_ws/install/bumperbot_mapping/share/bumperbot_mapping/environment/ament_prefix_path.sh
[0.631s] -- Up-to-date: /home/emzx/ros2_ws/install/bumperbot_mapping/share/bumperbot_mapping/environment/ament_prefix_path.dsv
[0.631s] -- Up-to-date: /home/emzx/ros2_ws/install/bumperbot_mapping/share/bumperbot_mapping/environment/path.sh
[0.631s] -- Up-to-date: /home/emzx/ros2_ws/install/bumperbot_mapping/share/bumperbot_mapping/environment/path.dsv
[0.632s] -- Up-to-date: /home/emzx/ros2_ws/install/bumperbot_mapping/share/bumperbot_mapping/local_setup.bash
[0.632s] -- Up-to-date: /home/emzx/ros2_ws/install/bumperbot_mapping/share/bumperbot_mapping/local_setup.sh
[0.632s] -- Up-to-date: /home/emzx/ros2_ws/install/bumperbot_mapping/share/bumperbot_mapping/local_setup.zsh
[0.632s] -- Up-to-date: /home/emzx/ros2_ws/install/bumperbot_mapping/share/bumperbot_mapping/local_setup.dsv
[0.632s] -- Installing: /home/emzx/ros2_ws/install/bumperbot_mapping/share/bumperbot_mapping/package.dsv
[0.632s] -- Up-to-date: /home/emzx/ros2_ws/install/bumperbot_mapping/share/ament_index/resource_index/packages/bumperbot_mapping
[0.632s] -- Up-to-date: /home/emzx/ros2_ws/install/bumperbot_mapping/share/bumperbot_mapping/cmake/bumperbot_mappingConfig.cmake
[0.633s] -- Up-to-date: /home/emzx/ros2_ws/install/bumperbot_mapping/share/bumperbot_mapping/cmake/bumperbot_mappingConfig-version.cmake
[0.633s] -- Up-to-date: /home/emzx/ros2_ws/install/bumperbot_mapping/share/bumperbot_mapping/package.xml
[0.636s] Invoked command in '/home/emzx/ros2_ws/build/bumperbot_mapping' returned '0': CMAKE_PREFIX_PATH=${CMAKE_PREFIX_PATH}:/home/emzx/ros2_ws/install/turtlesim_catch_them_all:/home/emzx/ros2_ws/install/pacote_teste:/home/emzx/ros2_ws/install/bumperbot_utils:/home/emzx/ros2_ws/install/bumperbot_py:/opt/ros/jazzy DEBUGINFOD_URLS=https://debuginfod.ubuntu.com /usr/bin/cmake --install /home/emzx/ros2_ws/build/bumperbot_mapping
