[0.029s] Invoking command in '/home/emzx/ros2_ws/build/bumperbot_localization': CMAKE_PREFIX_PATH=${CMAKE_PREFIX_PATH}:/home/emzx/ros2_ws/install/turtlesim_catch_them_all:/home/emzx/ros2_ws/install/pacote_teste:/home/emzx/ros2_ws/install/bumperbot_utils:/home/emzx/ros2_ws/install/bumperbot_py:/opt/ros/jazzy DEBUGINFOD_URLS=https://debuginfod.ubuntu.com /usr/bin/cmake --build /home/emzx/ros2_ws/build/bumperbot_localization -- -j8 -l8
[0.402s] Built target ament_cmake_python_copy_bumperbot_localization
[0.412s] running egg_info
[0.437s] writing bumperbot_localization.egg-info/PKG-INFO
[0.438s] writing dependency_links to bumperbot_localization.egg-info/dependency_links.txt
[0.438s] writing top-level names to bumperbot_localization.egg-info/top_level.txt
[0.510s] reading manifest file 'bumperbot_localization.egg-info/SOURCES.txt'
[0.511s] writing manifest file 'bumperbot_localization.egg-info/SOURCES.txt'
[0.542s] Built target ament_cmake_python_build_bumperbot_localization_egg
[0.755s] Invoked command in '/home/emzx/ros2_ws/build/bumperbot_localization' returned '0': CMAKE_PREFIX_PATH=${CMAKE_PREFIX_PATH}:/home/emzx/ros2_ws/install/turtlesim_catch_them_all:/home/emzx/ros2_ws/install/pacote_teste:/home/emzx/ros2_ws/install/bumperbot_utils:/home/emzx/ros2_ws/install/bumperbot_py:/opt/ros/jazzy DEBUGINFOD_URLS=https://debuginfod.ubuntu.com /usr/bin/cmake --build /home/emzx/ros2_ws/build/bumperbot_localization -- -j8 -l8
[0.762s] Invoking command in '/home/emzx/ros2_ws/build/bumperbot_localization': CMAKE_PREFIX_PATH=${CMAKE_PREFIX_PATH}:/home/emzx/ros2_ws/install/turtlesim_catch_them_all:/home/emzx/ros2_ws/install/pacote_teste:/home/emzx/ros2_ws/install/bumperbot_utils:/home/emzx/ros2_ws/install/bumperbot_py:/opt/ros/jazzy DEBUGINFOD_URLS=https://debuginfod.ubuntu.com /usr/bin/cmake --install /home/emzx/ros2_ws/build/bumperbot_localization
[0.822s] -- Install configuration: ""
[0.823s] -- Up-to-date: /home/emzx/ros2_ws/install/bumperbot_localization/share/bumperbot_localization/environment/pythonpath.sh
[0.823s] -- Up-to-date: /home/emzx/ros2_ws/install/bumperbot_localization/share/bumperbot_localization/environment/pythonpath.dsv
[0.823s] -- Up-to-date: /home/emzx/ros2_ws/install/bumperbot_localization/lib/python3.12/site-packages/bumperbot_localization-0.0.0-py3.12.egg-info
[0.823s] -- Installing: /home/emzx/ros2_ws/install/bumperbot_localization/lib/python3.12/site-packages/bumperbot_localization-0.0.0-py3.12.egg-info/dependency_links.txt
[0.823s] -- Installing: /home/emzx/ros2_ws/install/bumperbot_localization/lib/python3.12/site-packages/bumperbot_localization-0.0.0-py3.12.egg-info/PKG-INFO
[0.823s] -- Installing: /home/emzx/ros2_ws/install/bumperbot_localization/lib/python3.12/site-packages/bumperbot_localization-0.0.0-py3.12.egg-info/SOURCES.txt
[0.824s] -- Installing: /home/emzx/ros2_ws/install/bumperbot_localization/lib/python3.12/site-packages/bumperbot_localization-0.0.0-py3.12.egg-info/top_level.txt
[0.824s] -- Up-to-date: /home/emzx/ros2_ws/install/bumperbot_localization/lib/python3.12/site-packages/bumperbot_localization
[0.824s] -- Up-to-date: /home/emzx/ros2_ws/install/bumperbot_localization/lib/python3.12/site-packages/bumperbot_localization/__init__.py
[0.824s] -- Up-to-date: /home/emzx/ros2_ws/install/bumperbot_localization/lib/python3.12/site-packages/bumperbot_localization/kalman_filter.py
[0.856s] Listing '/home/emzx/ros2_ws/install/bumperbot_localization/lib/python3.12/site-packages/bumperbot_localization'...
[0.865s] -- Up-to-date: /home/emzx/ros2_ws/install/bumperbot_localization/lib/bumperbot_localization/kalman_filter.py
[0.865s] -- Up-to-date: /home/emzx/ros2_ws/install/bumperbot_localization/share/ament_index/resource_index/package_run_dependencies/bumperbot_localization
[0.865s] -- Up-to-date: /home/emzx/ros2_ws/install/bumperbot_localization/share/ament_index/resource_index/parent_prefix_path/bumperbot_localization
[0.865s] -- Up-to-date: /home/emzx/ros2_ws/install/bumperbot_localization/share/bumperbot_localization/environment/ament_prefix_path.sh
[0.865s] -- Up-to-date: /home/emzx/ros2_ws/install/bumperbot_localization/share/bumperbot_localization/environment/ament_prefix_path.dsv
[0.865s] -- Up-to-date: /home/emzx/ros2_ws/install/bumperbot_localization/share/bumperbot_localization/environment/path.sh
[0.865s] -- Up-to-date: /home/emzx/ros2_ws/install/bumperbot_localization/share/bumperbot_localization/environment/path.dsv
[0.865s] -- Up-to-date: /home/emzx/ros2_ws/install/bumperbot_localization/share/bumperbot_localization/local_setup.bash
[0.866s] -- Up-to-date: /home/emzx/ros2_ws/install/bumperbot_localization/share/bumperbot_localization/local_setup.sh
[0.866s] -- Up-to-date: /home/emzx/ros2_ws/install/bumperbot_localization/share/bumperbot_localization/local_setup.zsh
[0.866s] -- Up-to-date: /home/emzx/ros2_ws/install/bumperbot_localization/share/bumperbot_localization/local_setup.dsv
[0.867s] -- Installing: /home/emzx/ros2_ws/install/bumperbot_localization/share/bumperbot_localization/package.dsv
[0.867s] -- Up-to-date: /home/emzx/ros2_ws/install/bumperbot_localization/share/ament_index/resource_index/packages/bumperbot_localization
[0.867s] -- Up-to-date: /home/emzx/ros2_ws/install/bumperbot_localization/share/bumperbot_localization/cmake/bumperbot_localizationConfig.cmake
[0.867s] -- Up-to-date: /home/emzx/ros2_ws/install/bumperbot_localization/share/bumperbot_localization/cmake/bumperbot_localizationConfig-version.cmake
[0.867s] -- Up-to-date: /home/emzx/ros2_ws/install/bumperbot_localization/share/bumperbot_localization/package.xml
[0.908s] Invoked command in '/home/emzx/ros2_ws/build/bumperbot_localization' returned '0': CMAKE_PREFIX_PATH=${CMAKE_PREFIX_PATH}:/home/emzx/ros2_ws/install/turtlesim_catch_them_all:/home/emzx/ros2_ws/install/pacote_teste:/home/emzx/ros2_ws/install/bumperbot_utils:/home/emzx/ros2_ws/install/bumperbot_py:/opt/ros/jazzy DEBUGINFOD_URLS=https://debuginfod.ubuntu.com /usr/bin/cmake --install /home/emzx/ros2_ws/build/bumperbot_localization
