[0.019s] Invoking command in '/home/pc/Documents/GitHub/HOME/src/build/bumperbot_controller': CMAKE_PREFIX_PATH=/opt/ros/humble /usr/bin/cmake /home/pc/Documents/GitHub/HOME/src/bumperbot_controller -DCMAKE_INSTALL_PREFIX=/home/pc/Documents/GitHub/HOME/src/install/bumperbot_controller
[0.378s] -- The C compiler identification is GNU 11.4.0
[0.378s] -- The CXX compiler identification is GNU 11.4.0
[0.378s] -- Detecting C compiler ABI info
[0.378s] -- Detecting C compiler ABI info - done
[0.378s] -- Check for working C compiler: /usr/bin/cc - skipped
[0.378s] -- Detecting C compile features
[0.378s] -- Detecting C compile features - done
[0.378s] -- Detecting CXX compiler ABI info
[0.378s] -- Detecting CXX compiler ABI info - done
[0.378s] -- Check for working CXX compiler: /usr/bin/c++ - skipped
[0.378s] -- Detecting CXX compile features
[0.378s] -- Detecting CXX compile features - done
[0.378s] -- Found ament_cmake: 1.3.11 (/opt/ros/humble/share/ament_cmake/cmake)
[0.381s] -- Found Python3: /usr/bin/python3 (found version "3.10.12") found components: Interpreter 
[0.467s] -- Found rclpy: 3.3.16 (/opt/ros/humble/share/rclpy/cmake)
[0.468s] -- Found std_msgs: 4.8.0 (/opt/ros/humble/share/std_msgs/cmake)
[0.490s] -- Found rosidl_generator_c: 3.1.6 (/opt/ros/humble/share/rosidl_generator_c/cmake)
[0.493s] -- Found rosidl_adapter: 3.1.6 (/opt/ros/humble/share/rosidl_adapter/cmake)
[0.498s] -- Found rosidl_generator_cpp: 3.1.6 (/opt/ros/humble/share/rosidl_generator_cpp/cmake)
[0.505s] -- Using all available rosidl_typesupport_c: rosidl_typesupport_fastrtps_c;rosidl_typesupport_introspection_c
[0.515s] -- Using all available rosidl_typesupport_cpp: rosidl_typesupport_fastrtps_cpp;rosidl_typesupport_introspection_cpp
[0.540s] -- Found geometry_msgs: 4.8.0 (/opt/ros/humble/share/geometry_msgs/cmake)
[0.557s] -- Found sensor_msgs: 4.8.0 (/opt/ros/humble/share/sensor_msgs/cmake)
[0.581s] -- Found nav_msgs: 4.8.0 (/opt/ros/humble/share/nav_msgs/cmake)
[0.601s] -- Found tf2_ros: 0.25.12 (/opt/ros/humble/share/tf2_ros/cmake)
[0.685s] -- Found rmw_implementation_cmake: 6.1.2 (/opt/ros/humble/share/rmw_implementation_cmake/cmake)
[0.687s] -- Found rmw_fastrtps_cpp: 6.2.7 (/opt/ros/humble/share/rmw_fastrtps_cpp/cmake)
[0.769s] -- Found OpenSSL: /usr/lib/x86_64-linux-gnu/libcrypto.so (found version "3.0.2")  
[0.797s] -- Found FastRTPS: /opt/ros/humble/include  
[0.840s] -- Using RMW implementation 'rmw_fastrtps_cpp' as default
[0.848s] -- Looking for pthread.h
[0.909s] -- Looking for pthread.h - found
[0.909s] -- Performing Test CMAKE_HAVE_LIBC_PTHREAD
[0.959s] -- Performing Test CMAKE_HAVE_LIBC_PTHREAD - Success
[0.960s] -- Found Threads: TRUE  
[1.103s] -- Found ament_lint_auto: 0.12.12 (/opt/ros/humble/share/ament_lint_auto/cmake)
[1.156s] -- Added test 'flake8' to check Python code syntax and style conventions
[1.157s] -- Added test 'lint_cmake' to check CMake code style
[1.158s] -- Added test 'pep257' to check Python code against some of the docstring style conventions in PEP 257
[1.158s] -- Added test 'xmllint' to check XML markup files
[1.158s] -- Configuring done
[1.161s] -- Generating done
[1.163s] -- Build files have been written to: /home/pc/Documents/GitHub/HOME/src/build/bumperbot_controller
[1.170s] Invoked command in '/home/pc/Documents/GitHub/HOME/src/build/bumperbot_controller' returned '0': CMAKE_PREFIX_PATH=/opt/ros/humble /usr/bin/cmake /home/pc/Documents/GitHub/HOME/src/bumperbot_controller -DCMAKE_INSTALL_PREFIX=/home/pc/Documents/GitHub/HOME/src/install/bumperbot_controller
[1.171s] Invoking command in '/home/pc/Documents/GitHub/HOME/src/build/bumperbot_controller': CMAKE_PREFIX_PATH=/opt/ros/humble /usr/bin/cmake --build /home/pc/Documents/GitHub/HOME/src/build/bumperbot_controller -- -j12 -l12
[1.214s] Built target ament_cmake_python_copy_bumperbot_controller
[1.360s] running egg_info
[1.360s] creating bumperbot_controller.egg-info
[1.360s] writing bumperbot_controller.egg-info/PKG-INFO
[1.360s] writing dependency_links to bumperbot_controller.egg-info/dependency_links.txt
[1.360s] writing top-level names to bumperbot_controller.egg-info/top_level.txt
[1.360s] writing manifest file 'bumperbot_controller.egg-info/SOURCES.txt'
[1.362s] reading manifest file 'bumperbot_controller.egg-info/SOURCES.txt'
[1.362s] writing manifest file 'bumperbot_controller.egg-info/SOURCES.txt'
[1.380s] Built target ament_cmake_python_build_bumperbot_controller_egg
[1.386s] Invoked command in '/home/pc/Documents/GitHub/HOME/src/build/bumperbot_controller' returned '0': CMAKE_PREFIX_PATH=/opt/ros/humble /usr/bin/cmake --build /home/pc/Documents/GitHub/HOME/src/build/bumperbot_controller -- -j12 -l12
[1.388s] Invoking command in '/home/pc/Documents/GitHub/HOME/src/build/bumperbot_controller': CMAKE_PREFIX_PATH=/opt/ros/humble /usr/bin/cmake --install /home/pc/Documents/GitHub/HOME/src/build/bumperbot_controller
[1.393s] -- Install configuration: ""
[1.393s] -- Installing: /home/pc/Documents/GitHub/HOME/src/install/bumperbot_controller/share/bumperbot_controller/environment/pythonpath.sh
[1.393s] -- Installing: /home/pc/Documents/GitHub/HOME/src/install/bumperbot_controller/share/bumperbot_controller/environment/pythonpath.dsv
[1.393s] -- Installing: /home/pc/Documents/GitHub/HOME/src/install/bumperbot_controller/local/lib/python3.10/dist-packages/bumperbot_controller-0.0.0-py3.10.egg-info
[1.393s] -- Installing: /home/pc/Documents/GitHub/HOME/src/install/bumperbot_controller/local/lib/python3.10/dist-packages/bumperbot_controller-0.0.0-py3.10.egg-info/dependency_links.txt
[1.393s] -- Installing: /home/pc/Documents/GitHub/HOME/src/install/bumperbot_controller/local/lib/python3.10/dist-packages/bumperbot_controller-0.0.0-py3.10.egg-info/top_level.txt
[1.393s] -- Installing: /home/pc/Documents/GitHub/HOME/src/install/bumperbot_controller/local/lib/python3.10/dist-packages/bumperbot_controller-0.0.0-py3.10.egg-info/SOURCES.txt
[1.393s] -- Installing: /home/pc/Documents/GitHub/HOME/src/install/bumperbot_controller/local/lib/python3.10/dist-packages/bumperbot_controller-0.0.0-py3.10.egg-info/PKG-INFO
[1.393s] -- Installing: /home/pc/Documents/GitHub/HOME/src/install/bumperbot_controller/local/lib/python3.10/dist-packages/bumperbot_controller
[1.393s] -- Installing: /home/pc/Documents/GitHub/HOME/src/install/bumperbot_controller/local/lib/python3.10/dist-packages/bumperbot_controller/__init__.py
[1.394s] -- Installing: /home/pc/Documents/GitHub/HOME/src/install/bumperbot_controller/local/lib/python3.10/dist-packages/bumperbot_controller/noisy_controller.py
[1.394s] -- Installing: /home/pc/Documents/GitHub/HOME/src/install/bumperbot_controller/local/lib/python3.10/dist-packages/bumperbot_controller/simple_controller.py
[1.394s] -- Installing: /home/pc/Documents/GitHub/HOME/src/install/bumperbot_controller/local/lib/python3.10/dist-packages/bumperbot_controller/twist_relay.py
[1.415s] Listing '/home/pc/Documents/GitHub/HOME/src/install/bumperbot_controller/local/lib/python3.10/dist-packages/bumperbot_controller'...
[1.415s] Compiling '/home/pc/Documents/GitHub/HOME/src/install/bumperbot_controller/local/lib/python3.10/dist-packages/bumperbot_controller/__init__.py'...
[1.415s] Compiling '/home/pc/Documents/GitHub/HOME/src/install/bumperbot_controller/local/lib/python3.10/dist-packages/bumperbot_controller/noisy_controller.py'...
[1.415s] Compiling '/home/pc/Documents/GitHub/HOME/src/install/bumperbot_controller/local/lib/python3.10/dist-packages/bumperbot_controller/simple_controller.py'...
[1.415s] Compiling '/home/pc/Documents/GitHub/HOME/src/install/bumperbot_controller/local/lib/python3.10/dist-packages/bumperbot_controller/twist_relay.py'...
[1.418s] -- Installing: /home/pc/Documents/GitHub/HOME/src/install/bumperbot_controller/share/bumperbot_controller/config
[1.418s] -- Installing: /home/pc/Documents/GitHub/HOME/src/install/bumperbot_controller/share/bumperbot_controller/config/gz_bridge.yaml
[1.419s] -- Installing: /home/pc/Documents/GitHub/HOME/src/install/bumperbot_controller/share/bumperbot_controller/config/joy_config.yaml
[1.419s] -- Installing: /home/pc/Documents/GitHub/HOME/src/install/bumperbot_controller/share/bumperbot_controller/config/joy_teleop.yaml
[1.419s] -- Installing: /home/pc/Documents/GitHub/HOME/src/install/bumperbot_controller/share/bumperbot_controller/config/twist_mux_locks.yaml
[1.419s] -- Installing: /home/pc/Documents/GitHub/HOME/src/install/bumperbot_controller/share/bumperbot_controller/config/teleop_keyboard_config.yaml
[1.419s] -- Installing: /home/pc/Documents/GitHub/HOME/src/install/bumperbot_controller/share/bumperbot_controller/config/twist_mux_joy.yaml
[1.419s] -- Installing: /home/pc/Documents/GitHub/HOME/src/install/bumperbot_controller/share/bumperbot_controller/config/twist_mux_topics.yaml
[1.419s] -- Installing: /home/pc/Documents/GitHub/HOME/src/install/bumperbot_controller/share/bumperbot_controller/config/bumperbot_controllers.yaml
[1.419s] -- Installing: /home/pc/Documents/GitHub/HOME/src/install/bumperbot_controller/share/bumperbot_controller/launch
[1.419s] -- Installing: /home/pc/Documents/GitHub/HOME/src/install/bumperbot_controller/share/bumperbot_controller/launch/controller.launch.py
[1.419s] -- Installing: /home/pc/Documents/GitHub/HOME/src/install/bumperbot_controller/share/bumperbot_controller/launch/joystick_teleop.launch.py
[1.419s] -- Installing: /home/pc/Documents/GitHub/HOME/src/install/bumperbot_controller/share/bumperbot_controller/launch/keyboard_teleop.launch.py
[1.420s] -- Installing: /home/pc/Documents/GitHub/HOME/src/install/bumperbot_controller/lib/bumperbot_controller/simple_controller.py
[1.420s] -- Installing: /home/pc/Documents/GitHub/HOME/src/install/bumperbot_controller/lib/bumperbot_controller/noisy_controller.py
[1.420s] -- Installing: /home/pc/Documents/GitHub/HOME/src/install/bumperbot_controller/lib/bumperbot_controller/twist_relay.py
[1.420s] -- Installing: /home/pc/Documents/GitHub/HOME/src/install/bumperbot_controller/share/ament_index/resource_index/package_run_dependencies/bumperbot_controller
[1.420s] -- Installing: /home/pc/Documents/GitHub/HOME/src/install/bumperbot_controller/share/ament_index/resource_index/parent_prefix_path/bumperbot_controller
[1.420s] -- Installing: /home/pc/Documents/GitHub/HOME/src/install/bumperbot_controller/share/bumperbot_controller/environment/ament_prefix_path.sh
[1.420s] -- Installing: /home/pc/Documents/GitHub/HOME/src/install/bumperbot_controller/share/bumperbot_controller/environment/ament_prefix_path.dsv
[1.421s] -- Installing: /home/pc/Documents/GitHub/HOME/src/install/bumperbot_controller/share/bumperbot_controller/environment/path.sh
[1.421s] -- Installing: /home/pc/Documents/GitHub/HOME/src/install/bumperbot_controller/share/bumperbot_controller/environment/path.dsv
[1.421s] -- Installing: /home/pc/Documents/GitHub/HOME/src/install/bumperbot_controller/share/bumperbot_controller/local_setup.bash
[1.421s] -- Installing: /home/pc/Documents/GitHub/HOME/src/install/bumperbot_controller/share/bumperbot_controller/local_setup.sh
[1.421s] -- Installing: /home/pc/Documents/GitHub/HOME/src/install/bumperbot_controller/share/bumperbot_controller/local_setup.zsh
[1.421s] -- Installing: /home/pc/Documents/GitHub/HOME/src/install/bumperbot_controller/share/bumperbot_controller/local_setup.dsv
[1.421s] -- Installing: /home/pc/Documents/GitHub/HOME/src/install/bumperbot_controller/share/bumperbot_controller/package.dsv
[1.421s] -- Installing: /home/pc/Documents/GitHub/HOME/src/install/bumperbot_controller/share/ament_index/resource_index/packages/bumperbot_controller
[1.422s] -- Installing: /home/pc/Documents/GitHub/HOME/src/install/bumperbot_controller/share/bumperbot_controller/cmake/bumperbot_controllerConfig.cmake
[1.422s] -- Installing: /home/pc/Documents/GitHub/HOME/src/install/bumperbot_controller/share/bumperbot_controller/cmake/bumperbot_controllerConfig-version.cmake
[1.422s] -- Installing: /home/pc/Documents/GitHub/HOME/src/install/bumperbot_controller/share/bumperbot_controller/package.xml
[1.424s] Invoked command in '/home/pc/Documents/GitHub/HOME/src/build/bumperbot_controller' returned '0': CMAKE_PREFIX_PATH=/opt/ros/humble /usr/bin/cmake --install /home/pc/Documents/GitHub/HOME/src/build/bumperbot_controller
