[0.031s] Invoking command in '/home/emzx/ros2_ws/build/my_robot_interfaces': CMAKE_PREFIX_PATH=${CMAKE_PREFIX_PATH}:/home/emzx/ros2_ws/install/turtlesim_catch_them_all:/home/emzx/ros2_ws/install/pacote_teste:/home/emzx/ros2_ws/install/bumperbot_utils:/home/emzx/ros2_ws/install/bumperbot_py:/opt/ros/jazzy DEBUGINFOD_URLS=https://debuginfod.ubuntu.com /usr/bin/cmake /home/emzx/ros2_ws/src/my_robot_interfaces -DCMAKE_INSTALL_PREFIX=/home/emzx/ros2_ws/install/my_robot_interfaces
[0.330s] -- Found ament_cmake: 2.5.3 (/opt/ros/jazzy/share/ament_cmake/cmake)
[0.331s] -- Found Python3: /usr/bin/python3 (found version "3.12.3") found components: Interpreter 
[0.331s] -- Override CMake install command with custom implementation using symlinks instead of copying resources
[0.331s] -- Found rosidl_default_generators: 1.6.0 (/opt/ros/jazzy/share/rosidl_default_generators/cmake)
[0.331s] -- Using all available rosidl_typesupport_c: rosidl_typesupport_fastrtps_c;rosidl_typesupport_introspection_c
[0.331s] -- Using all available rosidl_typesupport_cpp: rosidl_typesupport_fastrtps_cpp;rosidl_typesupport_introspection_cpp
[0.331s] -- Found rosidl_adapter: 4.6.5 (/opt/ros/jazzy/share/rosidl_adapter/cmake)
[0.332s] -- Found std_msgs: 5.3.5 (/opt/ros/jazzy/share/std_msgs/cmake)
[0.332s] -- Found geometry_msgs: 5.3.5 (/opt/ros/jazzy/share/geometry_msgs/cmake)
[0.862s] -- Found ament_cmake_ros: 0.12.0 (/opt/ros/jazzy/share/ament_cmake_ros/cmake)
[1.117s] -- Using all available rosidl_typesupport_c: rosidl_typesupport_fastrtps_c;rosidl_typesupport_introspection_c
[1.485s] -- Using all available rosidl_typesupport_cpp: rosidl_typesupport_fastrtps_cpp;rosidl_typesupport_introspection_cpp
[1.487s] -- Found python_cmake_module: 0.11.1 (/opt/ros/jazzy/share/python_cmake_module/cmake)
[1.797s] -- Found Python3: /usr/bin/python3 (found version "3.12.3") found components: Interpreter Development NumPy Development.Module Development.Embed 
[1.872s] -- Found ament_lint_auto: 0.17.1 (/opt/ros/jazzy/share/ament_lint_auto/cmake)
[1.884s] -- Configuring done (1.8s)
[1.969s] -- Generating done (0.1s)
[1.991s] -- Build files have been written to: /home/emzx/ros2_ws/build/my_robot_interfaces
[2.002s] Invoked command in '/home/emzx/ros2_ws/build/my_robot_interfaces' returned '0': CMAKE_PREFIX_PATH=${CMAKE_PREFIX_PATH}:/home/emzx/ros2_ws/install/turtlesim_catch_them_all:/home/emzx/ros2_ws/install/pacote_teste:/home/emzx/ros2_ws/install/bumperbot_utils:/home/emzx/ros2_ws/install/bumperbot_py:/opt/ros/jazzy DEBUGINFOD_URLS=https://debuginfod.ubuntu.com /usr/bin/cmake /home/emzx/ros2_ws/src/my_robot_interfaces -DCMAKE_INSTALL_PREFIX=/home/emzx/ros2_ws/install/my_robot_interfaces
[2.003s] Invoking command in '/home/emzx/ros2_ws/build/my_robot_interfaces': CMAKE_PREFIX_PATH=${CMAKE_PREFIX_PATH}:/home/emzx/ros2_ws/install/turtlesim_catch_them_all:/home/emzx/ros2_ws/install/pacote_teste:/home/emzx/ros2_ws/install/bumperbot_utils:/home/emzx/ros2_ws/install/bumperbot_py:/opt/ros/jazzy DEBUGINFOD_URLS=https://debuginfod.ubuntu.com /usr/bin/cmake --build /home/emzx/ros2_ws/build/my_robot_interfaces -- -j8 -l8
[2.062s] [  1%] Built target my_robot_interfaces__rosidl_generator_type_description
[2.072s] [  1%] Built target ament_cmake_python_symlink_my_robot_interfaces
[2.085s] [  1%] Built target my_robot_interfaces__cpp
[2.096s] [ 26%] Built target my_robot_interfaces__rosidl_generator_c
[2.138s] [ 36%] Built target my_robot_interfaces__rosidl_typesupport_c
[2.143s] [ 63%] Built target my_robot_interfaces__rosidl_typesupport_cpp
[2.143s] [ 65%] Built target my_robot_interfaces__rosidl_typesupport_introspection_cpp
[2.143s] [ 65%] Built target my_robot_interfaces__rosidl_typesupport_fastrtps_c
[2.144s] [ 74%] Built target my_robot_interfaces__rosidl_typesupport_introspection_c
[2.145s] [ 84%] Built target my_robot_interfaces__rosidl_typesupport_fastrtps_cpp
[2.166s] [ 84%] Built target my_robot_interfaces
[2.188s] [ 85%] Built target my_robot_interfaces__py
[2.219s] [ 94%] Built target my_robot_interfaces__rosidl_generator_py
[2.243s] [ 96%] Built target my_robot_interfaces_s__rosidl_typesupport_fastrtps_c
[2.244s] [ 98%] Built target my_robot_interfaces_s__rosidl_typesupport_introspection_c
[2.245s] [100%] Built target my_robot_interfaces_s__rosidl_typesupport_c
[2.337s] running egg_info
[2.359s] writing my_robot_interfaces.egg-info/PKG-INFO
[2.359s] writing dependency_links to my_robot_interfaces.egg-info/dependency_links.txt
[2.360s] writing top-level names to my_robot_interfaces.egg-info/top_level.txt
[2.424s] reading manifest file 'my_robot_interfaces.egg-info/SOURCES.txt'
[2.425s] writing manifest file 'my_robot_interfaces.egg-info/SOURCES.txt'
[2.452s] [100%] Built target ament_cmake_python_build_my_robot_interfaces_egg
[2.464s] Invoked command in '/home/emzx/ros2_ws/build/my_robot_interfaces' returned '0': CMAKE_PREFIX_PATH=${CMAKE_PREFIX_PATH}:/home/emzx/ros2_ws/install/turtlesim_catch_them_all:/home/emzx/ros2_ws/install/pacote_teste:/home/emzx/ros2_ws/install/bumperbot_utils:/home/emzx/ros2_ws/install/bumperbot_py:/opt/ros/jazzy DEBUGINFOD_URLS=https://debuginfod.ubuntu.com /usr/bin/cmake --build /home/emzx/ros2_ws/build/my_robot_interfaces -- -j8 -l8
[2.465s] Invoking command in '/home/emzx/ros2_ws/build/my_robot_interfaces': CMAKE_PREFIX_PATH=${CMAKE_PREFIX_PATH}:/home/emzx/ros2_ws/install/turtlesim_catch_them_all:/home/emzx/ros2_ws/install/pacote_teste:/home/emzx/ros2_ws/install/bumperbot_utils:/home/emzx/ros2_ws/install/bumperbot_py:/opt/ros/jazzy DEBUGINFOD_URLS=https://debuginfod.ubuntu.com /usr/bin/cmake --install /home/emzx/ros2_ws/build/my_robot_interfaces
[2.474s] -- Install configuration: ""
[2.474s] -- Execute custom install script
[2.475s] -- Up-to-date symlink: /home/emzx/ros2_ws/install/my_robot_interfaces/share/ament_index/resource_index/rosidl_interfaces/my_robot_interfaces
[2.475s] -- Up-to-date symlink: /home/emzx/ros2_ws/install/my_robot_interfaces/share/my_robot_interfaces/msg/HardwareStatus.json
[2.475s] -- Up-to-date symlink: /home/emzx/ros2_ws/install/my_robot_interfaces/share/my_robot_interfaces/msg/LedStateArray.json
[2.475s] -- Up-to-date symlink: /home/emzx/ros2_ws/install/my_robot_interfaces/share/my_robot_interfaces/msg/Turtle.json
[2.475s] -- Up-to-date symlink: /home/emzx/ros2_ws/install/my_robot_interfaces/share/my_robot_interfaces/msg/TurtleArray.json
[2.475s] -- Up-to-date symlink: /home/emzx/ros2_ws/install/my_robot_interfaces/share/my_robot_interfaces/srv/ComputeRectangleArea.json
[2.475s] -- Up-to-date symlink: /home/emzx/ros2_ws/install/my_robot_interfaces/share/my_robot_interfaces/srv/SetLed.json
[2.476s] -- Up-to-date symlink: /home/emzx/ros2_ws/install/my_robot_interfaces/share/my_robot_interfaces/srv/CatchTurtle.json
[2.476s] -- Up-to-date symlink: /home/emzx/ros2_ws/install/my_robot_interfaces/share/my_robot_interfaces/srv/GetTransform.json
[2.476s] -- Up-to-date symlink: /home/emzx/ros2_ws/install/my_robot_interfaces/include/my_robot_interfaces/my_robot_interfaces/msg/detail/hardware_status__functions.h
[2.477s] -- Up-to-date symlink: /home/emzx/ros2_ws/install/my_robot_interfaces/include/my_robot_interfaces/my_robot_interfaces/msg/detail/hardware_status__struct.h
[2.477s] -- Up-to-date symlink: /home/emzx/ros2_ws/install/my_robot_interfaces/include/my_robot_interfaces/my_robot_interfaces/msg/detail/hardware_status__type_support.h
[2.477s] -- Up-to-date symlink: /home/emzx/ros2_ws/install/my_robot_interfaces/include/my_robot_interfaces/my_robot_interfaces/msg/detail/led_state_array__functions.h
[2.477s] -- Up-to-date symlink: /home/emzx/ros2_ws/install/my_robot_interfaces/include/my_robot_interfaces/my_robot_interfaces/msg/detail/led_state_array__struct.h
[2.477s] -- Up-to-date symlink: /home/emzx/ros2_ws/install/my_robot_interfaces/include/my_robot_interfaces/my_robot_interfaces/msg/detail/led_state_array__type_support.h
[2.477s] -- Up-to-date symlink: /home/emzx/ros2_ws/install/my_robot_interfaces/include/my_robot_interfaces/my_robot_interfaces/msg/detail/turtle__functions.h
[2.477s] -- Up-to-date symlink: /home/emzx/ros2_ws/install/my_robot_interfaces/include/my_robot_interfaces/my_robot_interfaces/msg/detail/turtle__struct.h
[2.477s] -- Up-to-date symlink: /home/emzx/ros2_ws/install/my_robot_interfaces/include/my_robot_interfaces/my_robot_interfaces/msg/detail/turtle__type_support.h
[2.477s] -- Up-to-date symlink: /home/emzx/ros2_ws/install/my_robot_interfaces/include/my_robot_interfaces/my_robot_interfaces/msg/detail/turtle_array__functions.h
[2.477s] -- Up-to-date symlink: /home/emzx/ros2_ws/install/my_robot_interfaces/include/my_robot_interfaces/my_robot_interfaces/msg/detail/turtle_array__struct.h
[2.478s] -- Up-to-date symlink: /home/emzx/ros2_ws/install/my_robot_interfaces/include/my_robot_interfaces/my_robot_interfaces/msg/detail/turtle_array__type_support.h
[2.478s] -- Up-to-date symlink: /home/emzx/ros2_ws/install/my_robot_interfaces/include/my_robot_interfaces/my_robot_interfaces/msg/hardware_status.h
[2.478s] -- Up-to-date symlink: /home/emzx/ros2_ws/install/my_robot_interfaces/include/my_robot_interfaces/my_robot_interfaces/msg/led_state_array.h
[2.478s] -- Up-to-date symlink: /home/emzx/ros2_ws/install/my_robot_interfaces/include/my_robot_interfaces/my_robot_interfaces/msg/rosidl_generator_c__visibility_control.h
[2.478s] -- Up-to-date symlink: /home/emzx/ros2_ws/install/my_robot_interfaces/include/my_robot_interfaces/my_robot_interfaces/msg/turtle.h
[2.478s] -- Up-to-date symlink: /home/emzx/ros2_ws/install/my_robot_interfaces/include/my_robot_interfaces/my_robot_interfaces/msg/turtle_array.h
[2.478s] -- Up-to-date symlink: /home/emzx/ros2_ws/install/my_robot_interfaces/include/my_robot_interfaces/my_robot_interfaces/srv/catch_turtle.h
[2.478s] -- Up-to-date symlink: /home/emzx/ros2_ws/install/my_robot_interfaces/include/my_robot_interfaces/my_robot_interfaces/srv/compute_rectangle_area.h
[2.478s] -- Up-to-date symlink: /home/emzx/ros2_ws/install/my_robot_interfaces/include/my_robot_interfaces/my_robot_interfaces/srv/detail/catch_turtle__functions.h
[2.478s] -- Up-to-date symlink: /home/emzx/ros2_ws/install/my_robot_interfaces/include/my_robot_interfaces/my_robot_interfaces/srv/detail/catch_turtle__struct.h
[2.478s] -- Up-to-date symlink: /home/emzx/ros2_ws/install/my_robot_interfaces/include/my_robot_interfaces/my_robot_interfaces/srv/detail/catch_turtle__type_support.h
[2.479s] -- Up-to-date symlink: /home/emzx/ros2_ws/install/my_robot_interfaces/include/my_robot_interfaces/my_robot_interfaces/srv/detail/compute_rectangle_area__functions.h
[2.479s] -- Up-to-date symlink: /home/emzx/ros2_ws/install/my_robot_interfaces/include/my_robot_interfaces/my_robot_interfaces/srv/detail/compute_rectangle_area__struct.h
[2.479s] -- Up-to-date symlink: /home/emzx/ros2_ws/install/my_robot_interfaces/include/my_robot_interfaces/my_robot_interfaces/srv/detail/compute_rectangle_area__type_support.h
[2.479s] -- Up-to-date symlink: /home/emzx/ros2_ws/install/my_robot_interfaces/include/my_robot_interfaces/my_robot_interfaces/srv/detail/get_transform__functions.h
[2.479s] -- Up-to-date symlink: /home/emzx/ros2_ws/install/my_robot_interfaces/include/my_robot_interfaces/my_robot_interfaces/srv/detail/get_transform__struct.h
[2.479s] -- Up-to-date symlink: /home/emzx/ros2_ws/install/my_robot_interfaces/include/my_robot_interfaces/my_robot_interfaces/srv/detail/get_transform__type_support.h
[2.479s] -- Up-to-date symlink: /home/emzx/ros2_ws/install/my_robot_interfaces/include/my_robot_interfaces/my_robot_interfaces/srv/detail/set_led__functions.h
[2.479s] -- Up-to-date symlink: /home/emzx/ros2_ws/install/my_robot_interfaces/include/my_robot_interfaces/my_robot_interfaces/srv/detail/set_led__struct.h
[2.479s] -- Up-to-date symlink: /home/emzx/ros2_ws/install/my_robot_interfaces/include/my_robot_interfaces/my_robot_interfaces/srv/detail/set_led__type_support.h
[2.479s] -- Up-to-date symlink: /home/emzx/ros2_ws/install/my_robot_interfaces/include/my_robot_interfaces/my_robot_interfaces/srv/get_transform.h
[2.479s] -- Up-to-date symlink: /home/emzx/ros2_ws/install/my_robot_interfaces/include/my_robot_interfaces/my_robot_interfaces/srv/set_led.h
[2.480s] -- Up-to-date symlink: /home/emzx/ros2_ws/install/my_robot_interfaces/share/my_robot_interfaces/environment/library_path.sh
[2.480s] -- Up-to-date symlink: /home/emzx/ros2_ws/install/my_robot_interfaces/share/my_robot_interfaces/environment/library_path.dsv
[2.480s] -- Up-to-date symlink: /home/emzx/ros2_ws/install/my_robot_interfaces/include/my_robot_interfaces/my_robot_interfaces/msg/detail/hardware_status__rosidl_typesupport_fastrtps_c.h
[2.480s] -- Up-to-date symlink: /home/emzx/ros2_ws/install/my_robot_interfaces/include/my_robot_interfaces/my_robot_interfaces/msg/detail/led_state_array__rosidl_typesupport_fastrtps_c.h
[2.481s] -- Up-to-date symlink: /home/emzx/ros2_ws/install/my_robot_interfaces/include/my_robot_interfaces/my_robot_interfaces/msg/detail/turtle__rosidl_typesupport_fastrtps_c.h
[2.481s] -- Up-to-date symlink: /home/emzx/ros2_ws/install/my_robot_interfaces/include/my_robot_interfaces/my_robot_interfaces/msg/detail/turtle_array__rosidl_typesupport_fastrtps_c.h
[2.481s] -- Up-to-date symlink: /home/emzx/ros2_ws/install/my_robot_interfaces/include/my_robot_interfaces/my_robot_interfaces/msg/rosidl_typesupport_fastrtps_c__visibility_control.h
[2.481s] -- Up-to-date symlink: /home/emzx/ros2_ws/install/my_robot_interfaces/include/my_robot_interfaces/my_robot_interfaces/srv/detail/catch_turtle__rosidl_typesupport_fastrtps_c.h
[2.481s] -- Up-to-date symlink: /home/emzx/ros2_ws/install/my_robot_interfaces/include/my_robot_interfaces/my_robot_interfaces/srv/detail/compute_rectangle_area__rosidl_typesupport_fastrtps_c.h
[2.481s] -- Up-to-date symlink: /home/emzx/ros2_ws/install/my_robot_interfaces/include/my_robot_interfaces/my_robot_interfaces/srv/detail/get_transform__rosidl_typesupport_fastrtps_c.h
[2.481s] -- Up-to-date symlink: /home/emzx/ros2_ws/install/my_robot_interfaces/include/my_robot_interfaces/my_robot_interfaces/srv/detail/set_led__rosidl_typesupport_fastrtps_c.h
[2.481s] -- Up-to-date symlink: /home/emzx/ros2_ws/install/my_robot_interfaces/include/my_robot_interfaces/my_robot_interfaces/msg/detail/hardware_status__rosidl_typesupport_introspection_c.h
[2.482s] -- Up-to-date symlink: /home/emzx/ros2_ws/install/my_robot_interfaces/include/my_robot_interfaces/my_robot_interfaces/msg/detail/led_state_array__rosidl_typesupport_introspection_c.h
[2.482s] -- Up-to-date symlink: /home/emzx/ros2_ws/install/my_robot_interfaces/include/my_robot_interfaces/my_robot_interfaces/msg/detail/turtle__rosidl_typesupport_introspection_c.h
[2.482s] -- Up-to-date symlink: /home/emzx/ros2_ws/install/my_robot_interfaces/include/my_robot_interfaces/my_robot_interfaces/msg/detail/turtle_array__rosidl_typesupport_introspection_c.h
[2.482s] -- Up-to-date symlink: /home/emzx/ros2_ws/install/my_robot_interfaces/include/my_robot_interfaces/my_robot_interfaces/msg/rosidl_typesupport_introspection_c__visibility_control.h
[2.482s] -- Up-to-date symlink: /home/emzx/ros2_ws/install/my_robot_interfaces/include/my_robot_interfaces/my_robot_interfaces/srv/detail/catch_turtle__rosidl_typesupport_introspection_c.h
[2.482s] -- Up-to-date symlink: /home/emzx/ros2_ws/install/my_robot_interfaces/include/my_robot_interfaces/my_robot_interfaces/srv/detail/compute_rectangle_area__rosidl_typesupport_introspection_c.h
[2.482s] -- Up-to-date symlink: /home/emzx/ros2_ws/install/my_robot_interfaces/include/my_robot_interfaces/my_robot_interfaces/srv/detail/get_transform__rosidl_typesupport_introspection_c.h
[2.482s] -- Up-to-date symlink: /home/emzx/ros2_ws/install/my_robot_interfaces/include/my_robot_interfaces/my_robot_interfaces/srv/detail/set_led__rosidl_typesupport_introspection_c.h
[2.483s] -- Up-to-date symlink: /home/emzx/ros2_ws/install/my_robot_interfaces/include/my_robot_interfaces/my_robot_interfaces/msg/detail/hardware_status__builder.hpp
[2.483s] -- Up-to-date symlink: /home/emzx/ros2_ws/install/my_robot_interfaces/include/my_robot_interfaces/my_robot_interfaces/msg/detail/hardware_status__struct.hpp
[2.483s] -- Up-to-date symlink: /home/emzx/ros2_ws/install/my_robot_interfaces/include/my_robot_interfaces/my_robot_interfaces/msg/detail/hardware_status__traits.hpp
[2.483s] -- Up-to-date symlink: /home/emzx/ros2_ws/install/my_robot_interfaces/include/my_robot_interfaces/my_robot_interfaces/msg/detail/hardware_status__type_support.hpp
[2.483s] -- Up-to-date symlink: /home/emzx/ros2_ws/install/my_robot_interfaces/include/my_robot_interfaces/my_robot_interfaces/msg/detail/led_state_array__builder.hpp
[2.483s] -- Up-to-date symlink: /home/emzx/ros2_ws/install/my_robot_interfaces/include/my_robot_interfaces/my_robot_interfaces/msg/detail/led_state_array__struct.hpp
[2.483s] -- Up-to-date symlink: /home/emzx/ros2_ws/install/my_robot_interfaces/include/my_robot_interfaces/my_robot_interfaces/msg/detail/led_state_array__traits.hpp
[2.484s] -- Up-to-date symlink: /home/emzx/ros2_ws/install/my_robot_interfaces/include/my_robot_interfaces/my_robot_interfaces/msg/detail/led_state_array__type_support.hpp
[2.484s] -- Up-to-date symlink: /home/emzx/ros2_ws/install/my_robot_interfaces/include/my_robot_interfaces/my_robot_interfaces/msg/detail/turtle__builder.hpp
[2.484s] -- Up-to-date symlink: /home/emzx/ros2_ws/install/my_robot_interfaces/include/my_robot_interfaces/my_robot_interfaces/msg/detail/turtle__struct.hpp
[2.484s] -- Up-to-date symlink: /home/emzx/ros2_ws/install/my_robot_interfaces/include/my_robot_interfaces/my_robot_interfaces/msg/detail/turtle__traits.hpp
[2.484s] -- Up-to-date symlink: /home/emzx/ros2_ws/install/my_robot_interfaces/include/my_robot_interfaces/my_robot_interfaces/msg/detail/turtle__type_support.hpp
[2.484s] -- Up-to-date symlink: /home/emzx/ros2_ws/install/my_robot_interfaces/include/my_robot_interfaces/my_robot_interfaces/msg/detail/turtle_array__builder.hpp
[2.484s] -- Up-to-date symlink: /home/emzx/ros2_ws/install/my_robot_interfaces/include/my_robot_interfaces/my_robot_interfaces/msg/detail/turtle_array__struct.hpp
[2.484s] -- Up-to-date symlink: /home/emzx/ros2_ws/install/my_robot_interfaces/include/my_robot_interfaces/my_robot_interfaces/msg/detail/turtle_array__traits.hpp
[2.484s] -- Up-to-date symlink: /home/emzx/ros2_ws/install/my_robot_interfaces/include/my_robot_interfaces/my_robot_interfaces/msg/detail/turtle_array__type_support.hpp
[2.484s] -- Up-to-date symlink: /home/emzx/ros2_ws/install/my_robot_interfaces/include/my_robot_interfaces/my_robot_interfaces/msg/hardware_status.hpp
[2.484s] -- Up-to-date symlink: /home/emzx/ros2_ws/install/my_robot_interfaces/include/my_robot_interfaces/my_robot_interfaces/msg/led_state_array.hpp
[2.484s] -- Up-to-date symlink: /home/emzx/ros2_ws/install/my_robot_interfaces/include/my_robot_interfaces/my_robot_interfaces/msg/rosidl_generator_cpp__visibility_control.hpp
[2.485s] -- Up-to-date symlink: /home/emzx/ros2_ws/install/my_robot_interfaces/include/my_robot_interfaces/my_robot_interfaces/msg/turtle.hpp
[2.485s] -- Up-to-date symlink: /home/emzx/ros2_ws/install/my_robot_interfaces/include/my_robot_interfaces/my_robot_interfaces/msg/turtle_array.hpp
[2.485s] -- Up-to-date symlink: /home/emzx/ros2_ws/install/my_robot_interfaces/include/my_robot_interfaces/my_robot_interfaces/srv/catch_turtle.hpp
[2.485s] -- Up-to-date symlink: /home/emzx/ros2_ws/install/my_robot_interfaces/include/my_robot_interfaces/my_robot_interfaces/srv/compute_rectangle_area.hpp
[2.485s] -- Up-to-date symlink: /home/emzx/ros2_ws/install/my_robot_interfaces/include/my_robot_interfaces/my_robot_interfaces/srv/detail/catch_turtle__builder.hpp
[2.485s] -- Up-to-date symlink: /home/emzx/ros2_ws/install/my_robot_interfaces/include/my_robot_interfaces/my_robot_interfaces/srv/detail/catch_turtle__struct.hpp
[2.485s] -- Up-to-date symlink: /home/emzx/ros2_ws/install/my_robot_interfaces/include/my_robot_interfaces/my_robot_interfaces/srv/detail/catch_turtle__traits.hpp
[2.485s] -- Up-to-date symlink: /home/emzx/ros2_ws/install/my_robot_interfaces/include/my_robot_interfaces/my_robot_interfaces/srv/detail/catch_turtle__type_support.hpp
[2.485s] -- Up-to-date symlink: /home/emzx/ros2_ws/install/my_robot_interfaces/include/my_robot_interfaces/my_robot_interfaces/srv/detail/compute_rectangle_area__builder.hpp
[2.485s] -- Up-to-date symlink: /home/emzx/ros2_ws/install/my_robot_interfaces/include/my_robot_interfaces/my_robot_interfaces/srv/detail/compute_rectangle_area__struct.hpp
[2.485s] -- Up-to-date symlink: /home/emzx/ros2_ws/install/my_robot_interfaces/include/my_robot_interfaces/my_robot_interfaces/srv/detail/compute_rectangle_area__traits.hpp
[2.486s] -- Up-to-date symlink: /home/emzx/ros2_ws/install/my_robot_interfaces/include/my_robot_interfaces/my_robot_interfaces/srv/detail/compute_rectangle_area__type_support.hpp
[2.486s] -- Up-to-date symlink: /home/emzx/ros2_ws/install/my_robot_interfaces/include/my_robot_interfaces/my_robot_interfaces/srv/detail/get_transform__builder.hpp
[2.486s] -- Up-to-date symlink: /home/emzx/ros2_ws/install/my_robot_interfaces/include/my_robot_interfaces/my_robot_interfaces/srv/detail/get_transform__struct.hpp
[2.486s] -- Up-to-date symlink: /home/emzx/ros2_ws/install/my_robot_interfaces/include/my_robot_interfaces/my_robot_interfaces/srv/detail/get_transform__traits.hpp
[2.486s] -- Up-to-date symlink: /home/emzx/ros2_ws/install/my_robot_interfaces/include/my_robot_interfaces/my_robot_interfaces/srv/detail/get_transform__type_support.hpp
[2.486s] -- Up-to-date symlink: /home/emzx/ros2_ws/install/my_robot_interfaces/include/my_robot_interfaces/my_robot_interfaces/srv/detail/set_led__builder.hpp
[2.486s] -- Up-to-date symlink: /home/emzx/ros2_ws/install/my_robot_interfaces/include/my_robot_interfaces/my_robot_interfaces/srv/detail/set_led__struct.hpp
[2.486s] -- Up-to-date symlink: /home/emzx/ros2_ws/install/my_robot_interfaces/include/my_robot_interfaces/my_robot_interfaces/srv/detail/set_led__traits.hpp
[2.486s] -- Up-to-date symlink: /home/emzx/ros2_ws/install/my_robot_interfaces/include/my_robot_interfaces/my_robot_interfaces/srv/detail/set_led__type_support.hpp
[2.486s] -- Up-to-date symlink: /home/emzx/ros2_ws/install/my_robot_interfaces/include/my_robot_interfaces/my_robot_interfaces/srv/get_transform.hpp
[2.487s] -- Up-to-date symlink: /home/emzx/ros2_ws/install/my_robot_interfaces/include/my_robot_interfaces/my_robot_interfaces/srv/set_led.hpp
[2.487s] -- Up-to-date symlink: /home/emzx/ros2_ws/install/my_robot_interfaces/include/my_robot_interfaces/my_robot_interfaces/msg/detail/hardware_status__rosidl_typesupport_fastrtps_cpp.hpp
[2.487s] -- Up-to-date symlink: /home/emzx/ros2_ws/install/my_robot_interfaces/include/my_robot_interfaces/my_robot_interfaces/msg/detail/led_state_array__rosidl_typesupport_fastrtps_cpp.hpp
[2.487s] -- Up-to-date symlink: /home/emzx/ros2_ws/install/my_robot_interfaces/include/my_robot_interfaces/my_robot_interfaces/msg/detail/turtle__rosidl_typesupport_fastrtps_cpp.hpp
[2.487s] -- Up-to-date symlink: /home/emzx/ros2_ws/install/my_robot_interfaces/include/my_robot_interfaces/my_robot_interfaces/msg/detail/turtle_array__rosidl_typesupport_fastrtps_cpp.hpp
[2.488s] -- Up-to-date symlink: /home/emzx/ros2_ws/install/my_robot_interfaces/include/my_robot_interfaces/my_robot_interfaces/msg/rosidl_typesupport_fastrtps_cpp__visibility_control.h
[2.488s] -- Up-to-date symlink: /home/emzx/ros2_ws/install/my_robot_interfaces/include/my_robot_interfaces/my_robot_interfaces/srv/detail/catch_turtle__rosidl_typesupport_fastrtps_cpp.hpp
[2.488s] -- Up-to-date symlink: /home/emzx/ros2_ws/install/my_robot_interfaces/include/my_robot_interfaces/my_robot_interfaces/srv/detail/compute_rectangle_area__rosidl_typesupport_fastrtps_cpp.hpp
[2.488s] -- Up-to-date symlink: /home/emzx/ros2_ws/install/my_robot_interfaces/include/my_robot_interfaces/my_robot_interfaces/srv/detail/get_transform__rosidl_typesupport_fastrtps_cpp.hpp
[2.488s] -- Up-to-date symlink: /home/emzx/ros2_ws/install/my_robot_interfaces/include/my_robot_interfaces/my_robot_interfaces/srv/detail/set_led__rosidl_typesupport_fastrtps_cpp.hpp
[2.488s] -- Up-to-date symlink: /home/emzx/ros2_ws/install/my_robot_interfaces/include/my_robot_interfaces/my_robot_interfaces/msg/detail/hardware_status__rosidl_typesupport_introspection_cpp.hpp
[2.489s] -- Up-to-date symlink: /home/emzx/ros2_ws/install/my_robot_interfaces/include/my_robot_interfaces/my_robot_interfaces/msg/detail/led_state_array__rosidl_typesupport_introspection_cpp.hpp
[2.489s] -- Up-to-date symlink: /home/emzx/ros2_ws/install/my_robot_interfaces/include/my_robot_interfaces/my_robot_interfaces/msg/detail/turtle__rosidl_typesupport_introspection_cpp.hpp
[2.489s] -- Up-to-date symlink: /home/emzx/ros2_ws/install/my_robot_interfaces/include/my_robot_interfaces/my_robot_interfaces/msg/detail/turtle_array__rosidl_typesupport_introspection_cpp.hpp
[2.489s] -- Up-to-date symlink: /home/emzx/ros2_ws/install/my_robot_interfaces/include/my_robot_interfaces/my_robot_interfaces/srv/detail/catch_turtle__rosidl_typesupport_introspection_cpp.hpp
[2.489s] -- Up-to-date symlink: /home/emzx/ros2_ws/install/my_robot_interfaces/include/my_robot_interfaces/my_robot_interfaces/srv/detail/compute_rectangle_area__rosidl_typesupport_introspection_cpp.hpp
[2.489s] -- Up-to-date symlink: /home/emzx/ros2_ws/install/my_robot_interfaces/include/my_robot_interfaces/my_robot_interfaces/srv/detail/get_transform__rosidl_typesupport_introspection_cpp.hpp
[2.489s] -- Up-to-date symlink: /home/emzx/ros2_ws/install/my_robot_interfaces/include/my_robot_interfaces/my_robot_interfaces/srv/detail/set_led__rosidl_typesupport_introspection_cpp.hpp
[2.489s] -- Up-to-date symlink: /home/emzx/ros2_ws/install/my_robot_interfaces/share/my_robot_interfaces/environment/pythonpath.sh
[2.489s] -- Up-to-date symlink: /home/emzx/ros2_ws/install/my_robot_interfaces/share/my_robot_interfaces/environment/pythonpath.dsv
[2.490s] -- Up-to-date symlink: /home/emzx/ros2_ws/install/my_robot_interfaces/lib/python3.12/site-packages/my_robot_interfaces-0.0.0-py3.12.egg-info/PKG-INFO
[2.490s] -- Up-to-date symlink: /home/emzx/ros2_ws/install/my_robot_interfaces/lib/python3.12/site-packages/my_robot_interfaces-0.0.0-py3.12.egg-info/SOURCES.txt
[2.490s] -- Up-to-date symlink: /home/emzx/ros2_ws/install/my_robot_interfaces/lib/python3.12/site-packages/my_robot_interfaces-0.0.0-py3.12.egg-info/dependency_links.txt
[2.490s] -- Up-to-date symlink: /home/emzx/ros2_ws/install/my_robot_interfaces/lib/python3.12/site-packages/my_robot_interfaces-0.0.0-py3.12.egg-info/top_level.txt
[2.491s] -- Up-to-date symlink: /home/emzx/ros2_ws/install/my_robot_interfaces/lib/python3.12/site-packages/my_robot_interfaces/__init__.py
[2.491s] -- Up-to-date symlink: /home/emzx/ros2_ws/install/my_robot_interfaces/lib/python3.12/site-packages/my_robot_interfaces/_my_robot_interfaces_s.ep.rosidl_typesupport_c.c
[2.491s] -- Up-to-date symlink: /home/emzx/ros2_ws/install/my_robot_interfaces/lib/python3.12/site-packages/my_robot_interfaces/_my_robot_interfaces_s.ep.rosidl_typesupport_fastrtps_c.c
[2.491s] -- Up-to-date symlink: /home/emzx/ros2_ws/install/my_robot_interfaces/lib/python3.12/site-packages/my_robot_interfaces/_my_robot_interfaces_s.ep.rosidl_typesupport_introspection_c.c
[2.491s] -- Up-to-date symlink: /home/emzx/ros2_ws/install/my_robot_interfaces/lib/python3.12/site-packages/my_robot_interfaces/msg/__init__.py
[2.491s] -- Up-to-date symlink: /home/emzx/ros2_ws/install/my_robot_interfaces/lib/python3.12/site-packages/my_robot_interfaces/msg/_hardware_status.py
[2.491s] -- Up-to-date symlink: /home/emzx/ros2_ws/install/my_robot_interfaces/lib/python3.12/site-packages/my_robot_interfaces/msg/_hardware_status_s.c
[2.491s] -- Up-to-date symlink: /home/emzx/ros2_ws/install/my_robot_interfaces/lib/python3.12/site-packages/my_robot_interfaces/msg/_led_state_array.py
[2.492s] -- Up-to-date symlink: /home/emzx/ros2_ws/install/my_robot_interfaces/lib/python3.12/site-packages/my_robot_interfaces/msg/_led_state_array_s.c
[2.492s] -- Up-to-date symlink: /home/emzx/ros2_ws/install/my_robot_interfaces/lib/python3.12/site-packages/my_robot_interfaces/msg/_turtle.py
[2.492s] -- Up-to-date symlink: /home/emzx/ros2_ws/install/my_robot_interfaces/lib/python3.12/site-packages/my_robot_interfaces/msg/_turtle_array.py
[2.492s] -- Up-to-date symlink: /home/emzx/ros2_ws/install/my_robot_interfaces/lib/python3.12/site-packages/my_robot_interfaces/msg/_turtle_array_s.c
[2.492s] -- Up-to-date symlink: /home/emzx/ros2_ws/install/my_robot_interfaces/lib/python3.12/site-packages/my_robot_interfaces/msg/_turtle_s.c
[2.492s] -- Up-to-date symlink: /home/emzx/ros2_ws/install/my_robot_interfaces/lib/python3.12/site-packages/my_robot_interfaces/my_robot_interfaces_s__rosidl_typesupport_c.so
[2.492s] -- Up-to-date symlink: /home/emzx/ros2_ws/install/my_robot_interfaces/lib/python3.12/site-packages/my_robot_interfaces/my_robot_interfaces_s__rosidl_typesupport_fastrtps_c.so
[2.492s] -- Up-to-date symlink: /home/emzx/ros2_ws/install/my_robot_interfaces/lib/python3.12/site-packages/my_robot_interfaces/my_robot_interfaces_s__rosidl_typesupport_introspection_c.so
[2.492s] -- Up-to-date symlink: /home/emzx/ros2_ws/install/my_robot_interfaces/lib/python3.12/site-packages/my_robot_interfaces/srv/__init__.py
[2.492s] -- Up-to-date symlink: /home/emzx/ros2_ws/install/my_robot_interfaces/lib/python3.12/site-packages/my_robot_interfaces/srv/_catch_turtle.py
[2.492s] -- Up-to-date symlink: /home/emzx/ros2_ws/install/my_robot_interfaces/lib/python3.12/site-packages/my_robot_interfaces/srv/_catch_turtle_s.c
[2.493s] -- Up-to-date symlink: /home/emzx/ros2_ws/install/my_robot_interfaces/lib/python3.12/site-packages/my_robot_interfaces/srv/_compute_rectangle_area.py
[2.493s] -- Up-to-date symlink: /home/emzx/ros2_ws/install/my_robot_interfaces/lib/python3.12/site-packages/my_robot_interfaces/srv/_compute_rectangle_area_s.c
[2.493s] -- Up-to-date symlink: /home/emzx/ros2_ws/install/my_robot_interfaces/lib/python3.12/site-packages/my_robot_interfaces/srv/_get_transform.py
[2.493s] -- Up-to-date symlink: /home/emzx/ros2_ws/install/my_robot_interfaces/lib/python3.12/site-packages/my_robot_interfaces/srv/_get_transform_s.c
[2.493s] -- Up-to-date symlink: /home/emzx/ros2_ws/install/my_robot_interfaces/lib/python3.12/site-packages/my_robot_interfaces/srv/_set_led.py
[2.493s] -- Up-to-date symlink: /home/emzx/ros2_ws/install/my_robot_interfaces/lib/python3.12/site-packages/my_robot_interfaces/srv/_set_led_s.c
[2.493s] -- Up-to-date symlink: /home/emzx/ros2_ws/install/my_robot_interfaces/lib/python3.12/site-packages/my_robot_interfaces/my_robot_interfaces_s__rosidl_typesupport_fastrtps_c.so
[2.493s] -- Up-to-date symlink: /home/emzx/ros2_ws/install/my_robot_interfaces/lib/python3.12/site-packages/my_robot_interfaces/my_robot_interfaces_s__rosidl_typesupport_introspection_c.so
[2.494s] -- Up-to-date symlink: /home/emzx/ros2_ws/install/my_robot_interfaces/lib/python3.12/site-packages/my_robot_interfaces/my_robot_interfaces_s__rosidl_typesupport_c.so
[2.494s] -- Up-to-date symlink: /home/emzx/ros2_ws/install/my_robot_interfaces/share/my_robot_interfaces/msg/HardwareStatus.idl
[2.494s] -- Up-to-date symlink: /home/emzx/ros2_ws/install/my_robot_interfaces/share/my_robot_interfaces/msg/LedStateArray.idl
[2.494s] -- Up-to-date symlink: /home/emzx/ros2_ws/install/my_robot_interfaces/share/my_robot_interfaces/msg/Turtle.idl
[2.494s] -- Up-to-date symlink: /home/emzx/ros2_ws/install/my_robot_interfaces/share/my_robot_interfaces/msg/TurtleArray.idl
[2.494s] -- Up-to-date symlink: /home/emzx/ros2_ws/install/my_robot_interfaces/share/my_robot_interfaces/srv/ComputeRectangleArea.idl
[2.495s] -- Up-to-date symlink: /home/emzx/ros2_ws/install/my_robot_interfaces/share/my_robot_interfaces/srv/SetLed.idl
[2.495s] -- Up-to-date symlink: /home/emzx/ros2_ws/install/my_robot_interfaces/share/my_robot_interfaces/srv/CatchTurtle.idl
[2.495s] -- Up-to-date symlink: /home/emzx/ros2_ws/install/my_robot_interfaces/share/my_robot_interfaces/srv/GetTransform.idl
[2.495s] -- Up-to-date symlink: /home/emzx/ros2_ws/install/my_robot_interfaces/share/my_robot_interfaces/msg/HardwareStatus.msg
[2.495s] -- Up-to-date symlink: /home/emzx/ros2_ws/install/my_robot_interfaces/share/my_robot_interfaces/msg/LedStateArray.msg
[2.495s] -- Up-to-date symlink: /home/emzx/ros2_ws/install/my_robot_interfaces/share/my_robot_interfaces/msg/Turtle.msg
[2.495s] -- Up-to-date symlink: /home/emzx/ros2_ws/install/my_robot_interfaces/share/my_robot_interfaces/msg/TurtleArray.msg
[2.495s] -- Up-to-date symlink: /home/emzx/ros2_ws/install/my_robot_interfaces/share/my_robot_interfaces/srv/ComputeRectangleArea.srv
[2.496s] -- Up-to-date symlink: /home/emzx/ros2_ws/install/my_robot_interfaces/share/my_robot_interfaces/srv/SetLed.srv
[2.496s] -- Up-to-date symlink: /home/emzx/ros2_ws/install/my_robot_interfaces/share/my_robot_interfaces/srv/CatchTurtle.srv
[2.496s] -- Up-to-date symlink: /home/emzx/ros2_ws/install/my_robot_interfaces/share/my_robot_interfaces/srv/GetTransform.srv
[2.496s] -- Up-to-date symlink: /home/emzx/ros2_ws/install/my_robot_interfaces/share/ament_index/resource_index/package_run_dependencies/my_robot_interfaces
[2.496s] -- Up-to-date symlink: /home/emzx/ros2_ws/install/my_robot_interfaces/share/ament_index/resource_index/parent_prefix_path/my_robot_interfaces
[2.496s] -- Up-to-date symlink: /home/emzx/ros2_ws/install/my_robot_interfaces/share/my_robot_interfaces/environment/ament_prefix_path.sh
[2.496s] -- Up-to-date symlink: /home/emzx/ros2_ws/install/my_robot_interfaces/share/my_robot_interfaces/environment/ament_prefix_path.dsv
[2.497s] -- Up-to-date symlink: /home/emzx/ros2_ws/install/my_robot_interfaces/share/my_robot_interfaces/environment/path.sh
[2.497s] -- Up-to-date symlink: /home/emzx/ros2_ws/install/my_robot_interfaces/share/my_robot_interfaces/environment/path.dsv
[2.497s] -- Up-to-date symlink: /home/emzx/ros2_ws/install/my_robot_interfaces/share/my_robot_interfaces/local_setup.bash
[2.497s] -- Up-to-date symlink: /home/emzx/ros2_ws/install/my_robot_interfaces/share/my_robot_interfaces/local_setup.sh
[2.497s] -- Up-to-date symlink: /home/emzx/ros2_ws/install/my_robot_interfaces/share/my_robot_interfaces/local_setup.zsh
[2.497s] -- Up-to-date symlink: /home/emzx/ros2_ws/install/my_robot_interfaces/share/my_robot_interfaces/local_setup.dsv
[2.497s] -- Symlinking: /home/emzx/ros2_ws/install/my_robot_interfaces/share/my_robot_interfaces/package.dsv
[2.507s] -- Up-to-date symlink: /home/emzx/ros2_ws/install/my_robot_interfaces/share/ament_index/resource_index/packages/my_robot_interfaces
[2.507s] -- Up-to-date symlink: /home/emzx/ros2_ws/install/my_robot_interfaces/share/my_robot_interfaces/cmake/rosidl_cmake-extras.cmake
[2.507s] -- Up-to-date symlink: /home/emzx/ros2_ws/install/my_robot_interfaces/share/my_robot_interfaces/cmake/ament_cmake_export_dependencies-extras.cmake
[2.507s] -- Up-to-date symlink: /home/emzx/ros2_ws/install/my_robot_interfaces/share/my_robot_interfaces/cmake/ament_cmake_export_include_directories-extras.cmake
[2.507s] -- Up-to-date symlink: /home/emzx/ros2_ws/install/my_robot_interfaces/share/my_robot_interfaces/cmake/ament_cmake_export_libraries-extras.cmake
[2.508s] -- Up-to-date symlink: /home/emzx/ros2_ws/install/my_robot_interfaces/share/my_robot_interfaces/cmake/ament_cmake_export_targets-extras.cmake
[2.508s] -- Up-to-date symlink: /home/emzx/ros2_ws/install/my_robot_interfaces/share/my_robot_interfaces/cmake/rosidl_cmake_export_typesupport_targets-extras.cmake
[2.508s] -- Up-to-date symlink: /home/emzx/ros2_ws/install/my_robot_interfaces/share/my_robot_interfaces/cmake/rosidl_cmake_export_typesupport_libraries-extras.cmake
[2.508s] -- Up-to-date symlink: /home/emzx/ros2_ws/install/my_robot_interfaces/share/my_robot_interfaces/cmake/my_robot_interfacesConfig.cmake
[2.508s] -- Up-to-date symlink: /home/emzx/ros2_ws/install/my_robot_interfaces/share/my_robot_interfaces/cmake/my_robot_interfacesConfig-version.cmake
[2.508s] -- Up-to-date symlink: /home/emzx/ros2_ws/install/my_robot_interfaces/share/my_robot_interfaces/package.xml
[2.508s] -- Up-to-date: /home/emzx/ros2_ws/install/my_robot_interfaces/lib/libmy_robot_interfaces__rosidl_generator_c.so
[2.509s] -- Up-to-date: /home/emzx/ros2_ws/install/my_robot_interfaces/lib/libmy_robot_interfaces__rosidl_typesupport_fastrtps_c.so
[2.509s] -- Up-to-date: /home/emzx/ros2_ws/install/my_robot_interfaces/lib/libmy_robot_interfaces__rosidl_typesupport_introspection_c.so
[2.509s] -- Up-to-date: /home/emzx/ros2_ws/install/my_robot_interfaces/lib/libmy_robot_interfaces__rosidl_typesupport_c.so
[2.509s] -- Up-to-date: /home/emzx/ros2_ws/install/my_robot_interfaces/lib/libmy_robot_interfaces__rosidl_typesupport_fastrtps_cpp.so
[2.509s] -- Up-to-date: /home/emzx/ros2_ws/install/my_robot_interfaces/lib/libmy_robot_interfaces__rosidl_typesupport_introspection_cpp.so
[2.510s] -- Up-to-date: /home/emzx/ros2_ws/install/my_robot_interfaces/lib/libmy_robot_interfaces__rosidl_typesupport_cpp.so
[2.549s] Listing '/home/emzx/ros2_ws/install/my_robot_interfaces/lib/python3.12/site-packages/my_robot_interfaces'...
[2.549s] Compiling '/home/emzx/ros2_ws/install/my_robot_interfaces/lib/python3.12/site-packages/my_robot_interfaces/__init__.py'...
[2.549s] Listing '/home/emzx/ros2_ws/install/my_robot_interfaces/lib/python3.12/site-packages/my_robot_interfaces/msg'...
[2.549s] Listing '/home/emzx/ros2_ws/install/my_robot_interfaces/lib/python3.12/site-packages/my_robot_interfaces/srv'...
[2.555s] -- Up-to-date: /home/emzx/ros2_ws/install/my_robot_interfaces/lib/libmy_robot_interfaces__rosidl_generator_py.so
[2.555s] -- Up-to-date: /home/emzx/ros2_ws/install/my_robot_interfaces/share/my_robot_interfaces/cmake/export_my_robot_interfaces__rosidl_generator_cExport.cmake
[2.555s] -- Up-to-date: /home/emzx/ros2_ws/install/my_robot_interfaces/share/my_robot_interfaces/cmake/export_my_robot_interfaces__rosidl_generator_cExport-noconfig.cmake
[2.555s] -- Up-to-date: /home/emzx/ros2_ws/install/my_robot_interfaces/share/my_robot_interfaces/cmake/export_my_robot_interfaces__rosidl_typesupport_fastrtps_cExport.cmake
[2.555s] -- Up-to-date: /home/emzx/ros2_ws/install/my_robot_interfaces/share/my_robot_interfaces/cmake/export_my_robot_interfaces__rosidl_typesupport_fastrtps_cExport-noconfig.cmake
[2.555s] -- Up-to-date: /home/emzx/ros2_ws/install/my_robot_interfaces/share/my_robot_interfaces/cmake/my_robot_interfaces__rosidl_typesupport_introspection_cExport.cmake
[2.556s] -- Up-to-date: /home/emzx/ros2_ws/install/my_robot_interfaces/share/my_robot_interfaces/cmake/my_robot_interfaces__rosidl_typesupport_introspection_cExport-noconfig.cmake
[2.556s] -- Up-to-date: /home/emzx/ros2_ws/install/my_robot_interfaces/share/my_robot_interfaces/cmake/my_robot_interfaces__rosidl_typesupport_cExport.cmake
[2.556s] -- Up-to-date: /home/emzx/ros2_ws/install/my_robot_interfaces/share/my_robot_interfaces/cmake/my_robot_interfaces__rosidl_typesupport_cExport-noconfig.cmake
[2.556s] -- Up-to-date: /home/emzx/ros2_ws/install/my_robot_interfaces/share/my_robot_interfaces/cmake/export_my_robot_interfaces__rosidl_generator_cppExport.cmake
[2.556s] -- Up-to-date: /home/emzx/ros2_ws/install/my_robot_interfaces/share/my_robot_interfaces/cmake/export_my_robot_interfaces__rosidl_typesupport_fastrtps_cppExport.cmake
[2.556s] -- Up-to-date: /home/emzx/ros2_ws/install/my_robot_interfaces/share/my_robot_interfaces/cmake/export_my_robot_interfaces__rosidl_typesupport_fastrtps_cppExport-noconfig.cmake
[2.556s] -- Up-to-date: /home/emzx/ros2_ws/install/my_robot_interfaces/share/my_robot_interfaces/cmake/my_robot_interfaces__rosidl_typesupport_introspection_cppExport.cmake
[2.556s] -- Up-to-date: /home/emzx/ros2_ws/install/my_robot_interfaces/share/my_robot_interfaces/cmake/my_robot_interfaces__rosidl_typesupport_introspection_cppExport-noconfig.cmake
[2.556s] -- Up-to-date: /home/emzx/ros2_ws/install/my_robot_interfaces/share/my_robot_interfaces/cmake/my_robot_interfaces__rosidl_typesupport_cppExport.cmake
[2.556s] -- Up-to-date: /home/emzx/ros2_ws/install/my_robot_interfaces/share/my_robot_interfaces/cmake/my_robot_interfaces__rosidl_typesupport_cppExport-noconfig.cmake
[2.556s] -- Up-to-date: /home/emzx/ros2_ws/install/my_robot_interfaces/share/my_robot_interfaces/cmake/export_my_robot_interfaces__rosidl_generator_pyExport.cmake
[2.556s] -- Up-to-date: /home/emzx/ros2_ws/install/my_robot_interfaces/share/my_robot_interfaces/cmake/export_my_robot_interfaces__rosidl_generator_pyExport-noconfig.cmake
[2.558s] Invoked command in '/home/emzx/ros2_ws/build/my_robot_interfaces' returned '0': CMAKE_PREFIX_PATH=${CMAKE_PREFIX_PATH}:/home/emzx/ros2_ws/install/turtlesim_catch_them_all:/home/emzx/ros2_ws/install/pacote_teste:/home/emzx/ros2_ws/install/bumperbot_utils:/home/emzx/ros2_ws/install/bumperbot_py:/opt/ros/jazzy DEBUGINFOD_URLS=https://debuginfod.ubuntu.com /usr/bin/cmake --install /home/emzx/ros2_ws/build/my_robot_interfaces
