[0.070s] Invoking command in '/home/emzx/ros2_ws/build/bumperbot_description': CMAKE_PREFIX_PATH=${CMAKE_PREFIX_PATH}:/home/emzx/ros2_ws/install/turtlesim_catch_them_all:/home/emzx/ros2_ws/install/pacote_teste:/home/emzx/ros2_ws/install/bumperbot_utils:/home/emzx/ros2_ws/install/bumperbot_py:/opt/ros/jazzy DEBUGINFOD_URLS=https://debuginfod.ubuntu.com /usr/bin/cmake /home/emzx/ros2_ws/src/bumperbot_description -DAMENT_CMAKE_SYMLINK_INSTALL=1 -DCMAKE_INSTALL_PREFIX=/home/emzx/ros2_ws/install/bumperbot_description
[0.432s] -- Found ament_cmake: 2.5.3 (/opt/ros/jazzy/share/ament_cmake/cmake)
[0.432s] -- Override CMake install command with custom implementation using symlinks instead of copying resources
[0.440s] -- Found ament_lint_auto: 0.17.1 (/opt/ros/jazzy/share/ament_lint_auto/cmake)
[0.683s] -- Added test 'flake8' to check Python code syntax and style conventions
[0.683s] -- Configured 'flake8' exclude dirs and/or files: 
[0.696s] -- Added test 'lint_cmake' to check CMake code style
[0.703s] -- Added test 'pep257' to check Python code against some of the docstring style conventions in PEP 257
[0.760s] -- Added test 'xmllint' to check XML markup files
[0.762s] -- Configuring done (0.7s)
[0.769s] -- Generating done (0.0s)
[0.771s] -- Build files have been written to: /home/emzx/ros2_ws/build/bumperbot_description
[0.803s] Invoked command in '/home/emzx/ros2_ws/build/bumperbot_description' returned '0': CMAKE_PREFIX_PATH=${CMAKE_PREFIX_PATH}:/home/emzx/ros2_ws/install/turtlesim_catch_them_all:/home/emzx/ros2_ws/install/pacote_teste:/home/emzx/ros2_ws/install/bumperbot_utils:/home/emzx/ros2_ws/install/bumperbot_py:/opt/ros/jazzy DEBUGINFOD_URLS=https://debuginfod.ubuntu.com /usr/bin/cmake /home/emzx/ros2_ws/src/bumperbot_description -DAMENT_CMAKE_SYMLINK_INSTALL=1 -DCMAKE_INSTALL_PREFIX=/home/emzx/ros2_ws/install/bumperbot_description
[0.804s] Invoking command in '/home/emzx/ros2_ws/build/bumperbot_description': CMAKE_PREFIX_PATH=${CMAKE_PREFIX_PATH}:/home/emzx/ros2_ws/install/turtlesim_catch_them_all:/home/emzx/ros2_ws/install/pacote_teste:/home/emzx/ros2_ws/install/bumperbot_utils:/home/emzx/ros2_ws/install/bumperbot_py:/opt/ros/jazzy DEBUGINFOD_URLS=https://debuginfod.ubuntu.com /usr/bin/cmake --build /home/emzx/ros2_ws/build/bumperbot_description -- -j8 -l8
[0.871s] Invoked command in '/home/emzx/ros2_ws/build/bumperbot_description' returned '0': CMAKE_PREFIX_PATH=${CMAKE_PREFIX_PATH}:/home/emzx/ros2_ws/install/turtlesim_catch_them_all:/home/emzx/ros2_ws/install/pacote_teste:/home/emzx/ros2_ws/install/bumperbot_utils:/home/emzx/ros2_ws/install/bumperbot_py:/opt/ros/jazzy DEBUGINFOD_URLS=https://debuginfod.ubuntu.com /usr/bin/cmake --build /home/emzx/ros2_ws/build/bumperbot_description -- -j8 -l8
[0.873s] Invoking command in '/home/emzx/ros2_ws/build/bumperbot_description': CMAKE_PREFIX_PATH=${CMAKE_PREFIX_PATH}:/home/emzx/ros2_ws/install/turtlesim_catch_them_all:/home/emzx/ros2_ws/install/pacote_teste:/home/emzx/ros2_ws/install/bumperbot_utils:/home/emzx/ros2_ws/install/bumperbot_py:/opt/ros/jazzy DEBUGINFOD_URLS=https://debuginfod.ubuntu.com /usr/bin/cmake --install /home/emzx/ros2_ws/build/bumperbot_description
[0.884s] -- Install configuration: ""
[0.885s] -- Execute custom install script
[0.886s] -- Up-to-date symlink: /home/emzx/ros2_ws/install/bumperbot_description/share/bumperbot_description/meshes/base_link.STL
[0.886s] -- Up-to-date symlink: /home/emzx/ros2_ws/install/bumperbot_description/share/bumperbot_description/meshes/can_link.STL
[0.886s] -- Up-to-date symlink: /home/emzx/ros2_ws/install/bumperbot_description/share/bumperbot_description/meshes/caster_front_link.STL
[0.886s] -- Up-to-date symlink: /home/emzx/ros2_ws/install/bumperbot_description/share/bumperbot_description/meshes/caster_rear_link.STL
[0.887s] -- Up-to-date symlink: /home/emzx/ros2_ws/install/bumperbot_description/share/bumperbot_description/meshes/imu_link.STL
[0.887s] -- Up-to-date symlink: /home/emzx/ros2_ws/install/bumperbot_description/share/bumperbot_description/meshes/laser_link.STL
[0.887s] -- Up-to-date symlink: /home/emzx/ros2_ws/install/bumperbot_description/share/bumperbot_description/meshes/rplidar c1.stl
[0.889s] -- Up-to-date symlink: /home/emzx/ros2_ws/install/bumperbot_description/share/bumperbot_description/meshes/wheel_left_link.STL
[0.890s] -- Up-to-date symlink: /home/emzx/ros2_ws/install/bumperbot_description/share/bumperbot_description/meshes/wheel_right_link.STL
[0.890s] -- Up-to-date symlink: /home/emzx/ros2_ws/install/bumperbot_description/share/bumperbot_description/urdf/bumperbot.urdf.xacro
[0.890s] -- Up-to-date symlink: /home/emzx/ros2_ws/install/bumperbot_description/share/bumperbot_description/urdf/bumperbot_gazebo.xacro
[0.890s] -- Up-to-date symlink: /home/emzx/ros2_ws/install/bumperbot_description/share/bumperbot_description/urdf/bumperbot_ros2_control.xacro
[0.894s] -- Up-to-date symlink: /home/emzx/ros2_ws/install/bumperbot_description/share/bumperbot_description/launch/display.launch.py
[0.894s] -- Up-to-date symlink: /home/emzx/ros2_ws/install/bumperbot_description/share/bumperbot_description/launch/gazebo.launch.py
[0.894s] -- Up-to-date symlink: /home/emzx/ros2_ws/install/bumperbot_description/share/bumperbot_description/rviz/display.rviz
[0.901s] -- Up-to-date symlink: /home/emzx/ros2_ws/install/bumperbot_description/share/bumperbot_description/models/aws_robomaker_residential_AirconditionerA_01/materials/textures/aws_AirconditionerA_01.png
[0.902s] -- Up-to-date symlink: /home/emzx/ros2_ws/install/bumperbot_description/share/bumperbot_description/models/aws_robomaker_residential_AirconditionerA_01/meshes/aws_AirconditionerA_01_collision.DAE
[0.902s] -- Up-to-date symlink: /home/emzx/ros2_ws/install/bumperbot_description/share/bumperbot_description/models/aws_robomaker_residential_AirconditionerA_01/meshes/aws_AirconditionerA_01_visual.DAE
[0.903s] -- Up-to-date symlink: /home/emzx/ros2_ws/install/bumperbot_description/share/bumperbot_description/models/aws_robomaker_residential_AirconditionerA_01/meshes/aws__Air conditioner_01.DAE
[0.903s] -- Up-to-date symlink: /home/emzx/ros2_ws/install/bumperbot_description/share/bumperbot_description/models/aws_robomaker_residential_AirconditionerA_01/model.config
[0.903s] -- Up-to-date symlink: /home/emzx/ros2_ws/install/bumperbot_description/share/bumperbot_description/models/aws_robomaker_residential_AirconditionerA_01/model.sdf
[0.904s] -- Up-to-date symlink: /home/emzx/ros2_ws/install/bumperbot_description/share/bumperbot_description/models/aws_robomaker_residential_AirconditionerB_01/materials/textures/aws_AirconditionerB_01.png
[0.904s] -- Up-to-date symlink: /home/emzx/ros2_ws/install/bumperbot_description/share/bumperbot_description/models/aws_robomaker_residential_AirconditionerB_01/meshes/aws_AirconditionerB_01_collision.DAE
[0.904s] -- Up-to-date symlink: /home/emzx/ros2_ws/install/bumperbot_description/share/bumperbot_description/models/aws_robomaker_residential_AirconditionerB_01/meshes/aws_AirconditionerB_01_visual.DAE
[0.905s] -- Up-to-date symlink: /home/emzx/ros2_ws/install/bumperbot_description/share/bumperbot_description/models/aws_robomaker_residential_AirconditionerB_01/model.config
[0.905s] -- Up-to-date symlink: /home/emzx/ros2_ws/install/bumperbot_description/share/bumperbot_description/models/aws_robomaker_residential_AirconditionerB_01/model.sdf
[0.906s] -- Up-to-date symlink: /home/emzx/ros2_ws/install/bumperbot_description/share/bumperbot_description/models/aws_robomaker_residential_BalconyTable_01/materials/textures/aws_BalconyTable_01.png
[0.906s] -- Up-to-date symlink: /home/emzx/ros2_ws/install/bumperbot_description/share/bumperbot_description/models/aws_robomaker_residential_BalconyTable_01/meshes/aws_BalconyTable_01_collision.DAE
[0.907s] -- Up-to-date symlink: /home/emzx/ros2_ws/install/bumperbot_description/share/bumperbot_description/models/aws_robomaker_residential_BalconyTable_01/meshes/aws_BalconyTable_01_visual.DAE
[0.907s] -- Up-to-date symlink: /home/emzx/ros2_ws/install/bumperbot_description/share/bumperbot_description/models/aws_robomaker_residential_BalconyTable_01/model.config
[0.907s] -- Up-to-date symlink: /home/emzx/ros2_ws/install/bumperbot_description/share/bumperbot_description/models/aws_robomaker_residential_BalconyTable_01/model.sdf
[0.908s] -- Up-to-date symlink: /home/emzx/ros2_ws/install/bumperbot_description/share/bumperbot_description/models/aws_robomaker_residential_Ball_01/materials/textures/aws_Ball_01.png
[0.909s] -- Up-to-date symlink: /home/emzx/ros2_ws/install/bumperbot_description/share/bumperbot_description/models/aws_robomaker_residential_Ball_01/meshes/aws_Ball_01_collision.DAE
[0.909s] -- Up-to-date symlink: /home/emzx/ros2_ws/install/bumperbot_description/share/bumperbot_description/models/aws_robomaker_residential_Ball_01/meshes/aws_Ball_01_visual.DAE
[0.909s] -- Up-to-date symlink: /home/emzx/ros2_ws/install/bumperbot_description/share/bumperbot_description/models/aws_robomaker_residential_Ball_01/model.config
[0.910s] -- Up-to-date symlink: /home/emzx/ros2_ws/install/bumperbot_description/share/bumperbot_description/models/aws_robomaker_residential_Ball_01/model.sdf
[0.911s] -- Up-to-date symlink: /home/emzx/ros2_ws/install/bumperbot_description/share/bumperbot_description/models/aws_robomaker_residential_Bed_01/materials/textures/aws_BedA_01.png
[0.911s] -- Up-to-date symlink: /home/emzx/ros2_ws/install/bumperbot_description/share/bumperbot_description/models/aws_robomaker_residential_Bed_01/materials/textures/aws_BedB_01.png
[0.912s] -- Up-to-date symlink: /home/emzx/ros2_ws/install/bumperbot_description/share/bumperbot_description/models/aws_robomaker_residential_Bed_01/materials/textures/aws_BedC_01.png
[0.912s] -- Up-to-date symlink: /home/emzx/ros2_ws/install/bumperbot_description/share/bumperbot_description/models/aws_robomaker_residential_Bed_01/materials/textures/aws_Bed_01.png
[0.912s] -- Up-to-date symlink: /home/emzx/ros2_ws/install/bumperbot_description/share/bumperbot_description/models/aws_robomaker_residential_Bed_01/meshes/aws_Bed_01_collision.DAE
[0.912s] -- Up-to-date symlink: /home/emzx/ros2_ws/install/bumperbot_description/share/bumperbot_description/models/aws_robomaker_residential_Bed_01/meshes/aws_Bed_01_visual.DAE
[0.913s] -- Up-to-date symlink: /home/emzx/ros2_ws/install/bumperbot_description/share/bumperbot_description/models/aws_robomaker_residential_Bed_01/model.config
[0.913s] -- Up-to-date symlink: /home/emzx/ros2_ws/install/bumperbot_description/share/bumperbot_description/models/aws_robomaker_residential_Bed_01/model.sdf
[0.914s] -- Up-to-date symlink: /home/emzx/ros2_ws/install/bumperbot_description/share/bumperbot_description/models/aws_robomaker_residential_Board_01/materials/textures/aws_Board_01.png
[0.914s] -- Up-to-date symlink: /home/emzx/ros2_ws/install/bumperbot_description/share/bumperbot_description/models/aws_robomaker_residential_Board_01/meshes/aws_Board_01_collision.DAE
[0.915s] -- Up-to-date symlink: /home/emzx/ros2_ws/install/bumperbot_description/share/bumperbot_description/models/aws_robomaker_residential_Board_01/meshes/aws_Board_01_visual.DAE
[0.915s] -- Up-to-date symlink: /home/emzx/ros2_ws/install/bumperbot_description/share/bumperbot_description/models/aws_robomaker_residential_Board_01/model.config
[0.916s] -- Up-to-date symlink: /home/emzx/ros2_ws/install/bumperbot_description/share/bumperbot_description/models/aws_robomaker_residential_Board_01/model.sdf
[0.916s] -- Up-to-date symlink: /home/emzx/ros2_ws/install/bumperbot_description/share/bumperbot_description/models/aws_robomaker_residential_Carpet_01/materials/textures/aws_Carpet_01.png
[0.917s] -- Up-to-date symlink: /home/emzx/ros2_ws/install/bumperbot_description/share/bumperbot_description/models/aws_robomaker_residential_Carpet_01/meshes/aws_Carpet_01_collision.DAE
[0.917s] -- Up-to-date symlink: /home/emzx/ros2_ws/install/bumperbot_description/share/bumperbot_description/models/aws_robomaker_residential_Carpet_01/meshes/aws_Carpet_01_visual.DAE
[0.918s] -- Up-to-date symlink: /home/emzx/ros2_ws/install/bumperbot_description/share/bumperbot_description/models/aws_robomaker_residential_Carpet_01/model.config
[0.918s] -- Up-to-date symlink: /home/emzx/ros2_ws/install/bumperbot_description/share/bumperbot_description/models/aws_robomaker_residential_Carpet_01/model.sdf
[0.919s] -- Up-to-date symlink: /home/emzx/ros2_ws/install/bumperbot_description/share/bumperbot_description/models/aws_robomaker_residential_ChairA_01/materials/textures/aws_ChairA_01.png
[0.919s] -- Up-to-date symlink: /home/emzx/ros2_ws/install/bumperbot_description/share/bumperbot_description/models/aws_robomaker_residential_ChairA_01/meshes/aws_ChairA_01_collision.DAE
[0.919s] -- Up-to-date symlink: /home/emzx/ros2_ws/install/bumperbot_description/share/bumperbot_description/models/aws_robomaker_residential_ChairA_01/meshes/aws_ChairA_01_visual.DAE
[0.920s] -- Up-to-date symlink: /home/emzx/ros2_ws/install/bumperbot_description/share/bumperbot_description/models/aws_robomaker_residential_ChairA_01/model.config
[0.921s] -- Up-to-date symlink: /home/emzx/ros2_ws/install/bumperbot_description/share/bumperbot_description/models/aws_robomaker_residential_ChairA_01/model.sdf
[0.922s] -- Up-to-date symlink: /home/emzx/ros2_ws/install/bumperbot_description/share/bumperbot_description/models/aws_robomaker_residential_ChairD_01/materials/textures/aws_ChairD_01.png
[0.922s] -- Up-to-date symlink: /home/emzx/ros2_ws/install/bumperbot_description/share/bumperbot_description/models/aws_robomaker_residential_ChairD_01/meshes/aws_ChairD_01_collision.DAE
[0.922s] -- Up-to-date symlink: /home/emzx/ros2_ws/install/bumperbot_description/share/bumperbot_description/models/aws_robomaker_residential_ChairD_01/meshes/aws_ChairD_01_visual.DAE
[0.923s] -- Up-to-date symlink: /home/emzx/ros2_ws/install/bumperbot_description/share/bumperbot_description/models/aws_robomaker_residential_ChairD_01/model.config
[0.923s] -- Up-to-date symlink: /home/emzx/ros2_ws/install/bumperbot_description/share/bumperbot_description/models/aws_robomaker_residential_ChairD_01/model.sdf
[0.923s] -- Up-to-date symlink: /home/emzx/ros2_ws/install/bumperbot_description/share/bumperbot_description/models/aws_robomaker_residential_Chandelier_01/materials/textures/aws_Chandelier_01.png
[0.923s] -- Up-to-date symlink: /home/emzx/ros2_ws/install/bumperbot_description/share/bumperbot_description/models/aws_robomaker_residential_Chandelier_01/meshes/aws_Chandelier_01.DAE
[0.923s] -- Up-to-date symlink: /home/emzx/ros2_ws/install/bumperbot_description/share/bumperbot_description/models/aws_robomaker_residential_Chandelier_01/meshes/aws_Chandelier_01_collision.DAE
[0.924s] -- Up-to-date symlink: /home/emzx/ros2_ws/install/bumperbot_description/share/bumperbot_description/models/aws_robomaker_residential_Chandelier_01/meshes/aws_Chandelier_01_visual.DAE
[0.924s] -- Up-to-date symlink: /home/emzx/ros2_ws/install/bumperbot_description/share/bumperbot_description/models/aws_robomaker_residential_Chandelier_01/model.config
[0.925s] -- Up-to-date symlink: /home/emzx/ros2_ws/install/bumperbot_description/share/bumperbot_description/models/aws_robomaker_residential_Chandelier_01/model.sdf
[0.925s] -- Up-to-date symlink: /home/emzx/ros2_ws/install/bumperbot_description/share/bumperbot_description/models/aws_robomaker_residential_CoffeeTable_01/materials/textures/aws_CoffeeTable_01.png
[0.925s] -- Up-to-date symlink: /home/emzx/ros2_ws/install/bumperbot_description/share/bumperbot_description/models/aws_robomaker_residential_CoffeeTable_01/meshes/aws_CoffeeTable_01_collision.DAE
[0.925s] -- Up-to-date symlink: /home/emzx/ros2_ws/install/bumperbot_description/share/bumperbot_description/models/aws_robomaker_residential_CoffeeTable_01/meshes/aws_CoffeeTable_01_visual.DAE
[0.925s] -- Up-to-date symlink: /home/emzx/ros2_ws/install/bumperbot_description/share/bumperbot_description/models/aws_robomaker_residential_CoffeeTable_01/model.config
[0.926s] -- Up-to-date symlink: /home/emzx/ros2_ws/install/bumperbot_description/share/bumperbot_description/models/aws_robomaker_residential_CoffeeTable_01/model.sdf
[0.926s] -- Up-to-date symlink: /home/emzx/ros2_ws/install/bumperbot_description/share/bumperbot_description/models/aws_robomaker_residential_CookingBench_01/materials/textures/aws_CookingBench_01.png
[0.927s] -- Up-to-date symlink: /home/emzx/ros2_ws/install/bumperbot_description/share/bumperbot_description/models/aws_robomaker_residential_CookingBench_01/meshes/aws_CookingBench_01.DAE
[0.927s] -- Up-to-date symlink: /home/emzx/ros2_ws/install/bumperbot_description/share/bumperbot_description/models/aws_robomaker_residential_CookingBench_01/meshes/aws_CookingBench_01_collision.DAE
[0.928s] -- Up-to-date symlink: /home/emzx/ros2_ws/install/bumperbot_description/share/bumperbot_description/models/aws_robomaker_residential_CookingBench_01/meshes/aws_CookingBench_01_visual.DAE
[0.928s] -- Up-to-date symlink: /home/emzx/ros2_ws/install/bumperbot_description/share/bumperbot_description/models/aws_robomaker_residential_CookingBench_01/model.config
[0.928s] -- Up-to-date symlink: /home/emzx/ros2_ws/install/bumperbot_description/share/bumperbot_description/models/aws_robomaker_residential_CookingBench_01/model.sdf
[0.929s] -- Up-to-date symlink: /home/emzx/ros2_ws/install/bumperbot_description/share/bumperbot_description/models/aws_robomaker_residential_Curtain_01/materials/textures/aws_Curtain_01.png
[0.929s] -- Up-to-date symlink: /home/emzx/ros2_ws/install/bumperbot_description/share/bumperbot_description/models/aws_robomaker_residential_Curtain_01/meshes/aws_Curtain_01_collision.DAE
[0.929s] -- Up-to-date symlink: /home/emzx/ros2_ws/install/bumperbot_description/share/bumperbot_description/models/aws_robomaker_residential_Curtain_01/meshes/aws_Curtain_01_visual.DAE
[0.930s] -- Up-to-date symlink: /home/emzx/ros2_ws/install/bumperbot_description/share/bumperbot_description/models/aws_robomaker_residential_Curtain_01/model.config
[0.930s] -- Up-to-date symlink: /home/emzx/ros2_ws/install/bumperbot_description/share/bumperbot_description/models/aws_robomaker_residential_Curtain_01/model.sdf
[0.930s] -- Up-to-date symlink: /home/emzx/ros2_ws/install/bumperbot_description/share/bumperbot_description/models/aws_robomaker_residential_DeskPortraitA_01/materials/textures/aws_DeskPortraitA_01.png
[0.930s] -- Up-to-date symlink: /home/emzx/ros2_ws/install/bumperbot_description/share/bumperbot_description/models/aws_robomaker_residential_DeskPortraitA_01/materials/textures/aws_DeskPortraitA_02.png
[0.930s] -- Up-to-date symlink: /home/emzx/ros2_ws/install/bumperbot_description/share/bumperbot_description/models/aws_robomaker_residential_DeskPortraitA_01/meshes/aws_DeskPortraitA_01_collision.DAE
[0.931s] -- Up-to-date symlink: /home/emzx/ros2_ws/install/bumperbot_description/share/bumperbot_description/models/aws_robomaker_residential_DeskPortraitA_01/meshes/aws_DeskPortraitA_01_visual.DAE
[0.931s] -- Up-to-date symlink: /home/emzx/ros2_ws/install/bumperbot_description/share/bumperbot_description/models/aws_robomaker_residential_DeskPortraitA_01/model.config
[0.931s] -- Up-to-date symlink: /home/emzx/ros2_ws/install/bumperbot_description/share/bumperbot_description/models/aws_robomaker_residential_DeskPortraitA_01/model.sdf
[0.931s] -- Up-to-date symlink: /home/emzx/ros2_ws/install/bumperbot_description/share/bumperbot_description/models/aws_robomaker_residential_DeskPortraitA_02/materials/textures/aws_DeskPortraitA_01.png
[0.932s] -- Up-to-date symlink: /home/emzx/ros2_ws/install/bumperbot_description/share/bumperbot_description/models/aws_robomaker_residential_DeskPortraitA_02/materials/textures/aws_DeskPortraitA_02.png
[0.932s] -- Up-to-date symlink: /home/emzx/ros2_ws/install/bumperbot_description/share/bumperbot_description/models/aws_robomaker_residential_DeskPortraitA_02/meshes/aws_DeskPortraitA_01_collision.DAE
[0.932s] -- Up-to-date symlink: /home/emzx/ros2_ws/install/bumperbot_description/share/bumperbot_description/models/aws_robomaker_residential_DeskPortraitA_02/meshes/aws_DeskPortraitA_01_visual.DAE
[0.933s] -- Up-to-date symlink: /home/emzx/ros2_ws/install/bumperbot_description/share/bumperbot_description/models/aws_robomaker_residential_DeskPortraitA_02/model.config
[0.933s] -- Up-to-date symlink: /home/emzx/ros2_ws/install/bumperbot_description/share/bumperbot_description/models/aws_robomaker_residential_DeskPortraitA_02/model.sdf
[0.933s] -- Up-to-date symlink: /home/emzx/ros2_ws/install/bumperbot_description/share/bumperbot_description/models/aws_robomaker_residential_DeskPortraitB_01/materials/textures/aws_DeskPortraitB_01.png
[0.934s] -- Up-to-date symlink: /home/emzx/ros2_ws/install/bumperbot_description/share/bumperbot_description/models/aws_robomaker_residential_DeskPortraitB_01/materials/textures/aws_DeskPortraitB_02.png
[0.934s] -- Up-to-date symlink: /home/emzx/ros2_ws/install/bumperbot_description/share/bumperbot_description/models/aws_robomaker_residential_DeskPortraitB_01/meshes/aws_DeskPortraitB_01_collision.DAE
[0.934s] -- Up-to-date symlink: /home/emzx/ros2_ws/install/bumperbot_description/share/bumperbot_description/models/aws_robomaker_residential_DeskPortraitB_01/meshes/aws_DeskPortraitB_01_visual.DAE
[0.934s] -- Up-to-date symlink: /home/emzx/ros2_ws/install/bumperbot_description/share/bumperbot_description/models/aws_robomaker_residential_DeskPortraitB_01/model.config
[0.934s] -- Up-to-date symlink: /home/emzx/ros2_ws/install/bumperbot_description/share/bumperbot_description/models/aws_robomaker_residential_DeskPortraitB_01/model.sdf
[0.935s] -- Up-to-date symlink: /home/emzx/ros2_ws/install/bumperbot_description/share/bumperbot_description/models/aws_robomaker_residential_DeskPortraitB_02/materials/textures/aws_DeskPortraitB_01.png
[0.935s] -- Up-to-date symlink: /home/emzx/ros2_ws/install/bumperbot_description/share/bumperbot_description/models/aws_robomaker_residential_DeskPortraitB_02/materials/textures/aws_DeskPortraitB_02.png
[0.936s] -- Up-to-date symlink: /home/emzx/ros2_ws/install/bumperbot_description/share/bumperbot_description/models/aws_robomaker_residential_DeskPortraitB_02/meshes/aws_DeskPortraitB_01_collision.DAE
[0.936s] -- Up-to-date symlink: /home/emzx/ros2_ws/install/bumperbot_description/share/bumperbot_description/models/aws_robomaker_residential_DeskPortraitB_02/meshes/aws_DeskPortraitB_01_visual.DAE
[0.936s] -- Up-to-date symlink: /home/emzx/ros2_ws/install/bumperbot_description/share/bumperbot_description/models/aws_robomaker_residential_DeskPortraitB_02/model.config
[0.937s] -- Up-to-date symlink: /home/emzx/ros2_ws/install/bumperbot_description/share/bumperbot_description/models/aws_robomaker_residential_DeskPortraitB_02/model.sdf
[0.938s] -- Up-to-date symlink: /home/emzx/ros2_ws/install/bumperbot_description/share/bumperbot_description/models/aws_robomaker_residential_DeskPortraitC_01/materials/textures/aws_DeskPortraitC_01.png
[0.938s] -- Up-to-date symlink: /home/emzx/ros2_ws/install/bumperbot_description/share/bumperbot_description/models/aws_robomaker_residential_DeskPortraitC_01/materials/textures/aws_DeskPortraitC_02.png
[0.939s] -- Up-to-date symlink: /home/emzx/ros2_ws/install/bumperbot_description/share/bumperbot_description/models/aws_robomaker_residential_DeskPortraitC_01/meshes/aws_DeskPortraitC_01_collision.DAE
[0.939s] -- Up-to-date symlink: /home/emzx/ros2_ws/install/bumperbot_description/share/bumperbot_description/models/aws_robomaker_residential_DeskPortraitC_01/meshes/aws_DeskPortraitC_01_visual.DAE
[0.939s] -- Up-to-date symlink: /home/emzx/ros2_ws/install/bumperbot_description/share/bumperbot_description/models/aws_robomaker_residential_DeskPortraitC_01/model.config
[0.940s] -- Up-to-date symlink: /home/emzx/ros2_ws/install/bumperbot_description/share/bumperbot_description/models/aws_robomaker_residential_DeskPortraitC_01/model.sdf
[0.941s] -- Up-to-date symlink: /home/emzx/ros2_ws/install/bumperbot_description/share/bumperbot_description/models/aws_robomaker_residential_DeskPortraitC_02/materials/textures/aws_DeskPortraitC_01.png
[0.942s] -- Up-to-date symlink: /home/emzx/ros2_ws/install/bumperbot_description/share/bumperbot_description/models/aws_robomaker_residential_DeskPortraitC_02/materials/textures/aws_DeskPortraitC_02.png
[0.942s] -- Up-to-date symlink: /home/emzx/ros2_ws/install/bumperbot_description/share/bumperbot_description/models/aws_robomaker_residential_DeskPortraitC_02/meshes/aws_DeskPortraitC_01_collision.DAE
[0.943s] -- Up-to-date symlink: /home/emzx/ros2_ws/install/bumperbot_description/share/bumperbot_description/models/aws_robomaker_residential_DeskPortraitC_02/meshes/aws_DeskPortraitC_01_visual.DAE
[0.946s] -- Up-to-date symlink: /home/emzx/ros2_ws/install/bumperbot_description/share/bumperbot_description/models/aws_robomaker_residential_DeskPortraitC_02/model.config
[0.946s] -- Up-to-date symlink: /home/emzx/ros2_ws/install/bumperbot_description/share/bumperbot_description/models/aws_robomaker_residential_DeskPortraitC_02/model.sdf
[0.946s] -- Up-to-date symlink: /home/emzx/ros2_ws/install/bumperbot_description/share/bumperbot_description/models/aws_robomaker_residential_DeskPortraitD_01/materials/textures/aws_DeskPortraitD_01.png
[0.947s] -- Up-to-date symlink: /home/emzx/ros2_ws/install/bumperbot_description/share/bumperbot_description/models/aws_robomaker_residential_DeskPortraitD_01/materials/textures/aws_DeskPortraitD_02.png
[0.947s] -- Up-to-date symlink: /home/emzx/ros2_ws/install/bumperbot_description/share/bumperbot_description/models/aws_robomaker_residential_DeskPortraitD_01/meshes/aws_DeskPortraitD_01_collision.DAE
[0.947s] -- Up-to-date symlink: /home/emzx/ros2_ws/install/bumperbot_description/share/bumperbot_description/models/aws_robomaker_residential_DeskPortraitD_01/meshes/aws_DeskPortraitD_01_visual.DAE
[0.948s] -- Up-to-date symlink: /home/emzx/ros2_ws/install/bumperbot_description/share/bumperbot_description/models/aws_robomaker_residential_DeskPortraitD_01/model.config
[0.948s] -- Up-to-date symlink: /home/emzx/ros2_ws/install/bumperbot_description/share/bumperbot_description/models/aws_robomaker_residential_DeskPortraitD_01/model.sdf
[0.949s] -- Up-to-date symlink: /home/emzx/ros2_ws/install/bumperbot_description/share/bumperbot_description/models/aws_robomaker_residential_DeskPortraitD_02/materials/textures/aws_DeskPortraitD_01.png
[0.949s] -- Up-to-date symlink: /home/emzx/ros2_ws/install/bumperbot_description/share/bumperbot_description/models/aws_robomaker_residential_DeskPortraitD_02/materials/textures/aws_DeskPortraitD_02.png
[0.950s] -- Up-to-date symlink: /home/emzx/ros2_ws/install/bumperbot_description/share/bumperbot_description/models/aws_robomaker_residential_DeskPortraitD_02/meshes/aws_DeskPortraitD_01_collision.DAE
[0.950s] -- Up-to-date symlink: /home/emzx/ros2_ws/install/bumperbot_description/share/bumperbot_description/models/aws_robomaker_residential_DeskPortraitD_02/meshes/aws_DeskPortraitD_01_visual.DAE
[0.950s] -- Up-to-date symlink: /home/emzx/ros2_ws/install/bumperbot_description/share/bumperbot_description/models/aws_robomaker_residential_DeskPortraitD_02/model.config
[0.951s] -- Up-to-date symlink: /home/emzx/ros2_ws/install/bumperbot_description/share/bumperbot_description/models/aws_robomaker_residential_DeskPortraitD_02/model.sdf
[0.951s] -- Up-to-date symlink: /home/emzx/ros2_ws/install/bumperbot_description/share/bumperbot_description/models/aws_robomaker_residential_DeskPortraitD_03/materials/textures/aws_DeskPortraitD_01.png
[0.952s] -- Up-to-date symlink: /home/emzx/ros2_ws/install/bumperbot_description/share/bumperbot_description/models/aws_robomaker_residential_DeskPortraitD_03/materials/textures/aws_DeskPortraitD_02.png
[0.952s] -- Up-to-date symlink: /home/emzx/ros2_ws/install/bumperbot_description/share/bumperbot_description/models/aws_robomaker_residential_DeskPortraitD_03/meshes/aws_DeskPortraitD_01_collision.DAE
[0.953s] -- Up-to-date symlink: /home/emzx/ros2_ws/install/bumperbot_description/share/bumperbot_description/models/aws_robomaker_residential_DeskPortraitD_03/meshes/aws_DeskPortraitD_01_visual.DAE
[0.953s] -- Up-to-date symlink: /home/emzx/ros2_ws/install/bumperbot_description/share/bumperbot_description/models/aws_robomaker_residential_DeskPortraitD_03/model.config
[0.953s] -- Up-to-date symlink: /home/emzx/ros2_ws/install/bumperbot_description/share/bumperbot_description/models/aws_robomaker_residential_DeskPortraitD_03/model.sdf
[0.954s] -- Up-to-date symlink: /home/emzx/ros2_ws/install/bumperbot_description/share/bumperbot_description/models/aws_robomaker_residential_DeskPortraitD_04/materials/textures/aws_DeskPortraitD_01.png
[0.954s] -- Up-to-date symlink: /home/emzx/ros2_ws/install/bumperbot_description/share/bumperbot_description/models/aws_robomaker_residential_DeskPortraitD_04/materials/textures/aws_DeskPortraitD_02.png
[0.955s] -- Up-to-date symlink: /home/emzx/ros2_ws/install/bumperbot_description/share/bumperbot_description/models/aws_robomaker_residential_DeskPortraitD_04/meshes/aws_DeskPortraitD_01_collision.DAE
[0.955s] -- Up-to-date symlink: /home/emzx/ros2_ws/install/bumperbot_description/share/bumperbot_description/models/aws_robomaker_residential_DeskPortraitD_04/meshes/aws_DeskPortraitD_01_visual.DAE
[0.956s] -- Up-to-date symlink: /home/emzx/ros2_ws/install/bumperbot_description/share/bumperbot_description/models/aws_robomaker_residential_DeskPortraitD_04/model.config
[0.956s] -- Up-to-date symlink: /home/emzx/ros2_ws/install/bumperbot_description/share/bumperbot_description/models/aws_robomaker_residential_DeskPortraitD_04/model.sdf
[0.957s] -- Up-to-date symlink: /home/emzx/ros2_ws/install/bumperbot_description/share/bumperbot_description/models/aws_robomaker_residential_Door_01/materials/textures/aws_Door_01.png
[0.958s] -- Up-to-date symlink: /home/emzx/ros2_ws/install/bumperbot_description/share/bumperbot_description/models/aws_robomaker_residential_Door_01/meshes/aws_Door_01_collision.DAE
[0.958s] -- Up-to-date symlink: /home/emzx/ros2_ws/install/bumperbot_description/share/bumperbot_description/models/aws_robomaker_residential_Door_01/meshes/aws_Door_01_visual.DAE
[0.958s] -- Up-to-date symlink: /home/emzx/ros2_ws/install/bumperbot_description/share/bumperbot_description/models/aws_robomaker_residential_Door_01/model.config
[0.960s] -- Up-to-date symlink: /home/emzx/ros2_ws/install/bumperbot_description/share/bumperbot_description/models/aws_robomaker_residential_Door_01/model.sdf
[0.961s] -- Up-to-date symlink: /home/emzx/ros2_ws/install/bumperbot_description/share/bumperbot_description/models/aws_robomaker_residential_Dumbbell_01/materials/textures/aws_Dumbbell_01.png
[0.961s] -- Up-to-date symlink: /home/emzx/ros2_ws/install/bumperbot_description/share/bumperbot_description/models/aws_robomaker_residential_Dumbbell_01/meshes/aws_Dumbbell_01_collision.DAE
[0.961s] -- Up-to-date symlink: /home/emzx/ros2_ws/install/bumperbot_description/share/bumperbot_description/models/aws_robomaker_residential_Dumbbell_01/meshes/aws_Dumbbell_01_visual.DAE
[0.961s] -- Up-to-date symlink: /home/emzx/ros2_ws/install/bumperbot_description/share/bumperbot_description/models/aws_robomaker_residential_Dumbbell_01/model.config
[0.961s] -- Up-to-date symlink: /home/emzx/ros2_ws/install/bumperbot_description/share/bumperbot_description/models/aws_robomaker_residential_Dumbbell_01/model.sdf
[0.962s] -- Up-to-date symlink: /home/emzx/ros2_ws/install/bumperbot_description/share/bumperbot_description/models/aws_robomaker_residential_FitnessEquipment_01/materials/textures/aws_FitnessEquipment_01.png
[0.962s] -- Up-to-date symlink: /home/emzx/ros2_ws/install/bumperbot_description/share/bumperbot_description/models/aws_robomaker_residential_FitnessEquipment_01/meshes/aws_FitnessEquipment_01_collision.DAE
[0.962s] -- Up-to-date symlink: /home/emzx/ros2_ws/install/bumperbot_description/share/bumperbot_description/models/aws_robomaker_residential_FitnessEquipment_01/meshes/aws_FitnessEquipment_01_visual.DAE
[0.962s] -- Up-to-date symlink: /home/emzx/ros2_ws/install/bumperbot_description/share/bumperbot_description/models/aws_robomaker_residential_FitnessEquipment_01/model.config
[0.963s] -- Up-to-date symlink: /home/emzx/ros2_ws/install/bumperbot_description/share/bumperbot_description/models/aws_robomaker_residential_FitnessEquipment_01/model.sdf
[0.963s] -- Up-to-date symlink: /home/emzx/ros2_ws/install/bumperbot_description/share/bumperbot_description/models/aws_robomaker_residential_FloorB_01/materials/textures/aws_FloorB_01.png
[0.964s] -- Up-to-date symlink: /home/emzx/ros2_ws/install/bumperbot_description/share/bumperbot_description/models/aws_robomaker_residential_FloorB_01/meshes/aws_FloorB_01_collision.DAE
[0.964s] -- Up-to-date symlink: /home/emzx/ros2_ws/install/bumperbot_description/share/bumperbot_description/models/aws_robomaker_residential_FloorB_01/meshes/aws_FloorB_01_visual.DAE
[0.965s] -- Up-to-date symlink: /home/emzx/ros2_ws/install/bumperbot_description/share/bumperbot_description/models/aws_robomaker_residential_FloorB_01/model.config
[0.965s] -- Up-to-date symlink: /home/emzx/ros2_ws/install/bumperbot_description/share/bumperbot_description/models/aws_robomaker_residential_FloorB_01/model.sdf
[0.966s] -- Up-to-date symlink: /home/emzx/ros2_ws/install/bumperbot_description/share/bumperbot_description/models/aws_robomaker_residential_FoldingDoor_01/materials/textures/aws_FoldingDoor_01.png
[0.966s] -- Up-to-date symlink: /home/emzx/ros2_ws/install/bumperbot_description/share/bumperbot_description/models/aws_robomaker_residential_FoldingDoor_01/meshes/aws_FoldingDoor_01_collision.DAE
[0.967s] -- Up-to-date symlink: /home/emzx/ros2_ws/install/bumperbot_description/share/bumperbot_description/models/aws_robomaker_residential_FoldingDoor_01/meshes/aws_FoldingDoor_01_visual.DAE
[0.967s] -- Up-to-date symlink: /home/emzx/ros2_ws/install/bumperbot_description/share/bumperbot_description/models/aws_robomaker_residential_FoldingDoor_01/model.config
[0.968s] -- Up-to-date symlink: /home/emzx/ros2_ws/install/bumperbot_description/share/bumperbot_description/models/aws_robomaker_residential_FoldingDoor_01/model.sdf
[0.969s] -- Up-to-date symlink: /home/emzx/ros2_ws/install/bumperbot_description/share/bumperbot_description/models/aws_robomaker_residential_FoldingDoor_02/materials/textures/aws_FoldingDoor_02.png
[0.969s] -- Up-to-date symlink: /home/emzx/ros2_ws/install/bumperbot_description/share/bumperbot_description/models/aws_robomaker_residential_FoldingDoor_02/meshes/aws_FoldingDoor_02_collision.DAE
[0.969s] -- Up-to-date symlink: /home/emzx/ros2_ws/install/bumperbot_description/share/bumperbot_description/models/aws_robomaker_residential_FoldingDoor_02/meshes/aws_FoldingDoor_02_visual.DAE
[0.970s] -- Up-to-date symlink: /home/emzx/ros2_ws/install/bumperbot_description/share/bumperbot_description/models/aws_robomaker_residential_FoldingDoor_02/model.config
[0.970s] -- Up-to-date symlink: /home/emzx/ros2_ws/install/bumperbot_description/share/bumperbot_description/models/aws_robomaker_residential_FoldingDoor_02/model.sdf
[0.971s] -- Up-to-date symlink: /home/emzx/ros2_ws/install/bumperbot_description/share/bumperbot_description/models/aws_robomaker_residential_Handle_01/materials/textures/aws_Handle_01.png
[0.972s] -- Up-to-date symlink: /home/emzx/ros2_ws/install/bumperbot_description/share/bumperbot_description/models/aws_robomaker_residential_Handle_01/meshes/aws_ handle_01_collision.DAE
[0.972s] -- Up-to-date symlink: /home/emzx/ros2_ws/install/bumperbot_description/share/bumperbot_description/models/aws_robomaker_residential_Handle_01/meshes/aws_Handle_01_collision.DAE
[0.972s] -- Up-to-date symlink: /home/emzx/ros2_ws/install/bumperbot_description/share/bumperbot_description/models/aws_robomaker_residential_Handle_01/meshes/aws_Handle_01_visual.DAE
[0.973s] -- Up-to-date symlink: /home/emzx/ros2_ws/install/bumperbot_description/share/bumperbot_description/models/aws_robomaker_residential_Handle_01/model.config
[0.973s] -- Up-to-date symlink: /home/emzx/ros2_ws/install/bumperbot_description/share/bumperbot_description/models/aws_robomaker_residential_Handle_01/model.sdf
[0.976s] -- Up-to-date symlink: /home/emzx/ros2_ws/install/bumperbot_description/share/bumperbot_description/models/aws_robomaker_residential_HouseWallB_01/materials/textures/aws_HouseWallB_01.png
[0.977s] -- Up-to-date symlink: /home/emzx/ros2_ws/install/bumperbot_description/share/bumperbot_description/models/aws_robomaker_residential_HouseWallB_01/meshes/aws_HouseWallB_01_collision.DAE
[0.977s] -- Up-to-date symlink: /home/emzx/ros2_ws/install/bumperbot_description/share/bumperbot_description/models/aws_robomaker_residential_HouseWallB_01/meshes/aws_HouseWallB_01_visual.DAE
[0.977s] -- Up-to-date symlink: /home/emzx/ros2_ws/install/bumperbot_description/share/bumperbot_description/models/aws_robomaker_residential_HouseWallB_01/model.config
[0.977s] -- Up-to-date symlink: /home/emzx/ros2_ws/install/bumperbot_description/share/bumperbot_description/models/aws_robomaker_residential_HouseWallB_01/model.sdf
[0.977s] -- Up-to-date symlink: /home/emzx/ros2_ws/install/bumperbot_description/share/bumperbot_description/models/aws_robomaker_residential_KitchenCabinet_01/materials/textures/aws_KitchenCabinet_01.png
[0.977s] -- Up-to-date symlink: /home/emzx/ros2_ws/install/bumperbot_description/share/bumperbot_description/models/aws_robomaker_residential_KitchenCabinet_01/meshes/aws_KitchenCabinet_01_collision.DAE
[0.977s] -- Up-to-date symlink: /home/emzx/ros2_ws/install/bumperbot_description/share/bumperbot_description/models/aws_robomaker_residential_KitchenCabinet_01/meshes/aws_KitchenCabinet_01_visual.DAE
[0.977s] -- Up-to-date symlink: /home/emzx/ros2_ws/install/bumperbot_description/share/bumperbot_description/models/aws_robomaker_residential_KitchenCabinet_01/model.config
[0.978s] -- Up-to-date symlink: /home/emzx/ros2_ws/install/bumperbot_description/share/bumperbot_description/models/aws_robomaker_residential_KitchenCabinet_01/model.sdf
[0.978s] -- Up-to-date symlink: /home/emzx/ros2_ws/install/bumperbot_description/share/bumperbot_description/models/aws_robomaker_residential_KitchenTable_01/materials/textures/aws_KitchenTable_01.png
[0.978s] -- Up-to-date symlink: /home/emzx/ros2_ws/install/bumperbot_description/share/bumperbot_description/models/aws_robomaker_residential_KitchenTable_01/meshes/aws_KitchenTable_01_collision.DAE
[0.978s] -- Up-to-date symlink: /home/emzx/ros2_ws/install/bumperbot_description/share/bumperbot_description/models/aws_robomaker_residential_KitchenTable_01/meshes/aws_KitchenTable_01_visual.DAE
[0.978s] -- Up-to-date symlink: /home/emzx/ros2_ws/install/bumperbot_description/share/bumperbot_description/models/aws_robomaker_residential_KitchenTable_01/model.config
[0.978s] -- Up-to-date symlink: /home/emzx/ros2_ws/install/bumperbot_description/share/bumperbot_description/models/aws_robomaker_residential_KitchenTable_01/model.sdf
[0.978s] -- Up-to-date symlink: /home/emzx/ros2_ws/install/bumperbot_description/share/bumperbot_description/models/aws_robomaker_residential_KitchenUtensils_01/materials/textures/aws_KitchenUtensils_01.png
[0.978s] -- Up-to-date symlink: /home/emzx/ros2_ws/install/bumperbot_description/share/bumperbot_description/models/aws_robomaker_residential_KitchenUtensils_01/meshes/aws_KitchenUtensils_01_collision.DAE
[0.979s] -- Up-to-date symlink: /home/emzx/ros2_ws/install/bumperbot_description/share/bumperbot_description/models/aws_robomaker_residential_KitchenUtensils_01/meshes/aws_KitchenUtensils_01_visual.DAE
[0.979s] -- Up-to-date symlink: /home/emzx/ros2_ws/install/bumperbot_description/share/bumperbot_description/models/aws_robomaker_residential_KitchenUtensils_01/model.config
[0.979s] -- Up-to-date symlink: /home/emzx/ros2_ws/install/bumperbot_description/share/bumperbot_description/models/aws_robomaker_residential_KitchenUtensils_01/model.sdf
[0.979s] -- Up-to-date symlink: /home/emzx/ros2_ws/install/bumperbot_description/share/bumperbot_description/models/aws_robomaker_residential_LightC_01/materials/textures/aws_LightC_01.png
[0.979s] -- Up-to-date symlink: /home/emzx/ros2_ws/install/bumperbot_description/share/bumperbot_description/models/aws_robomaker_residential_LightC_01/meshes/aws_LightC_01_collision.DAE
[0.980s] -- Up-to-date symlink: /home/emzx/ros2_ws/install/bumperbot_description/share/bumperbot_description/models/aws_robomaker_residential_LightC_01/meshes/aws_LightC_01_visual.DAE
[0.980s] -- Up-to-date symlink: /home/emzx/ros2_ws/install/bumperbot_description/share/bumperbot_description/models/aws_robomaker_residential_LightC_01/model.config
[0.980s] -- Up-to-date symlink: /home/emzx/ros2_ws/install/bumperbot_description/share/bumperbot_description/models/aws_robomaker_residential_LightC_01/model.sdf
[0.981s] -- Up-to-date symlink: /home/emzx/ros2_ws/install/bumperbot_description/share/bumperbot_description/models/aws_robomaker_residential_NightStand_01/materials/textures/aws_NightStand_01.png
[0.983s] -- Up-to-date symlink: /home/emzx/ros2_ws/install/bumperbot_description/share/bumperbot_description/models/aws_robomaker_residential_NightStand_01/meshes/aws_NightStand_01_collision.DAE
[0.983s] -- Up-to-date symlink: /home/emzx/ros2_ws/install/bumperbot_description/share/bumperbot_description/models/aws_robomaker_residential_NightStand_01/meshes/aws_NightStand_01_visual.DAE
[0.986s] -- Up-to-date symlink: /home/emzx/ros2_ws/install/bumperbot_description/share/bumperbot_description/models/aws_robomaker_residential_NightStand_01/model.config
[0.987s] -- Up-to-date symlink: /home/emzx/ros2_ws/install/bumperbot_description/share/bumperbot_description/models/aws_robomaker_residential_NightStand_01/model.sdf
[0.987s] -- Up-to-date symlink: /home/emzx/ros2_ws/install/bumperbot_description/share/bumperbot_description/models/aws_robomaker_residential_Pillow_01/materials/textures/aws_Pillow_01.png
[0.987s] -- Up-to-date symlink: /home/emzx/ros2_ws/install/bumperbot_description/share/bumperbot_description/models/aws_robomaker_residential_Pillow_01/meshes/aws_Pillow_01_collision.DAE
[0.987s] -- Up-to-date symlink: /home/emzx/ros2_ws/install/bumperbot_description/share/bumperbot_description/models/aws_robomaker_residential_Pillow_01/meshes/aws_Pillow_01_visual.DAE
[0.987s] -- Up-to-date symlink: /home/emzx/ros2_ws/install/bumperbot_description/share/bumperbot_description/models/aws_robomaker_residential_Pillow_01/model.config
[0.987s] -- Up-to-date symlink: /home/emzx/ros2_ws/install/bumperbot_description/share/bumperbot_description/models/aws_robomaker_residential_Pillow_01/model.sdf
[0.987s] -- Up-to-date symlink: /home/emzx/ros2_ws/install/bumperbot_description/share/bumperbot_description/models/aws_robomaker_residential_PortraitA_01/materials/textures/aws_PortraitA_01.png
[0.987s] -- Up-to-date symlink: /home/emzx/ros2_ws/install/bumperbot_description/share/bumperbot_description/models/aws_robomaker_residential_PortraitA_01/materials/textures/aws_PortraitA_02.png
[0.988s] -- Up-to-date symlink: /home/emzx/ros2_ws/install/bumperbot_description/share/bumperbot_description/models/aws_robomaker_residential_PortraitA_01/meshes/aws_PortraitA_01_collision.DAE
[0.988s] -- Up-to-date symlink: /home/emzx/ros2_ws/install/bumperbot_description/share/bumperbot_description/models/aws_robomaker_residential_PortraitA_01/meshes/aws_PortraitA_01_visual.DAE
[0.992s] -- Up-to-date symlink: /home/emzx/ros2_ws/install/bumperbot_description/share/bumperbot_description/models/aws_robomaker_residential_PortraitA_01/model.config
[0.992s] -- Up-to-date symlink: /home/emzx/ros2_ws/install/bumperbot_description/share/bumperbot_description/models/aws_robomaker_residential_PortraitA_01/model.sdf
[0.992s] -- Up-to-date symlink: /home/emzx/ros2_ws/install/bumperbot_description/share/bumperbot_description/models/aws_robomaker_residential_PortraitA_02/materials/textures/aws_PortraitA_01.png
[0.992s] -- Up-to-date symlink: /home/emzx/ros2_ws/install/bumperbot_description/share/bumperbot_description/models/aws_robomaker_residential_PortraitA_02/materials/textures/aws_PortraitA_02.png
[0.992s] -- Up-to-date symlink: /home/emzx/ros2_ws/install/bumperbot_description/share/bumperbot_description/models/aws_robomaker_residential_PortraitA_02/meshes/aws_PortraitA_01_collision.DAE
[0.992s] -- Up-to-date symlink: /home/emzx/ros2_ws/install/bumperbot_description/share/bumperbot_description/models/aws_robomaker_residential_PortraitA_02/meshes/aws_PortraitA_01_visual.DAE
[0.992s] -- Up-to-date symlink: /home/emzx/ros2_ws/install/bumperbot_description/share/bumperbot_description/models/aws_robomaker_residential_PortraitA_02/model.config
[0.993s] -- Up-to-date symlink: /home/emzx/ros2_ws/install/bumperbot_description/share/bumperbot_description/models/aws_robomaker_residential_PortraitA_02/model.sdf
[0.993s] -- Up-to-date symlink: /home/emzx/ros2_ws/install/bumperbot_description/share/bumperbot_description/models/aws_robomaker_residential_PortraitB_01/materials/textures/aws_PortraitB_01.png
[0.993s] -- Up-to-date symlink: /home/emzx/ros2_ws/install/bumperbot_description/share/bumperbot_description/models/aws_robomaker_residential_PortraitB_01/materials/textures/aws_PortraitB_02.png
[0.993s] -- Up-to-date symlink: /home/emzx/ros2_ws/install/bumperbot_description/share/bumperbot_description/models/aws_robomaker_residential_PortraitB_01/meshes/aws_PortraitB_01_collision.DAE
[0.994s] -- Up-to-date symlink: /home/emzx/ros2_ws/install/bumperbot_description/share/bumperbot_description/models/aws_robomaker_residential_PortraitB_01/meshes/aws_PortraitB_01_visual.DAE
[0.994s] -- Up-to-date symlink: /home/emzx/ros2_ws/install/bumperbot_description/share/bumperbot_description/models/aws_robomaker_residential_PortraitB_01/model.config
[0.994s] -- Up-to-date symlink: /home/emzx/ros2_ws/install/bumperbot_description/share/bumperbot_description/models/aws_robomaker_residential_PortraitB_01/model.sdf
[0.994s] -- Up-to-date symlink: /home/emzx/ros2_ws/install/bumperbot_description/share/bumperbot_description/models/aws_robomaker_residential_PortraitB_02/materials/textures/aws_PortraitB_01.png
[0.994s] -- Up-to-date symlink: /home/emzx/ros2_ws/install/bumperbot_description/share/bumperbot_description/models/aws_robomaker_residential_PortraitB_02/materials/textures/aws_PortraitB_02.png
[0.994s] -- Up-to-date symlink: /home/emzx/ros2_ws/install/bumperbot_description/share/bumperbot_description/models/aws_robomaker_residential_PortraitB_02/meshes/aws_PortraitB_01_collision.DAE
[0.995s] -- Up-to-date symlink: /home/emzx/ros2_ws/install/bumperbot_description/share/bumperbot_description/models/aws_robomaker_residential_PortraitB_02/meshes/aws_PortraitB_01_visual.DAE
[0.995s] -- Up-to-date symlink: /home/emzx/ros2_ws/install/bumperbot_description/share/bumperbot_description/models/aws_robomaker_residential_PortraitB_02/model.config
[0.995s] -- Up-to-date symlink: /home/emzx/ros2_ws/install/bumperbot_description/share/bumperbot_description/models/aws_robomaker_residential_PortraitB_02/model.sdf
[0.996s] -- Up-to-date symlink: /home/emzx/ros2_ws/install/bumperbot_description/share/bumperbot_description/models/aws_robomaker_residential_PortraitB_03/materials/textures/aws_PortraitB_01.png
[0.997s] -- Up-to-date symlink: /home/emzx/ros2_ws/install/bumperbot_description/share/bumperbot_description/models/aws_robomaker_residential_PortraitB_03/materials/textures/aws_PortraitB_02.png
[0.997s] -- Up-to-date symlink: /home/emzx/ros2_ws/install/bumperbot_description/share/bumperbot_description/models/aws_robomaker_residential_PortraitB_03/meshes/aws_PortraitB_01_collision.DAE
[0.998s] -- Up-to-date symlink: /home/emzx/ros2_ws/install/bumperbot_description/share/bumperbot_description/models/aws_robomaker_residential_PortraitB_03/meshes/aws_PortraitB_01_visual.DAE
[0.998s] -- Up-to-date symlink: /home/emzx/ros2_ws/install/bumperbot_description/share/bumperbot_description/models/aws_robomaker_residential_PortraitB_03/model.config
[0.998s] -- Up-to-date symlink: /home/emzx/ros2_ws/install/bumperbot_description/share/bumperbot_description/models/aws_robomaker_residential_PortraitB_03/model.sdf
[0.999s] -- Up-to-date symlink: /home/emzx/ros2_ws/install/bumperbot_description/share/bumperbot_description/models/aws_robomaker_residential_PortraitC_01/materials/textures/aws_PortraitC_01.png
[0.999s] -- Up-to-date symlink: /home/emzx/ros2_ws/install/bumperbot_description/share/bumperbot_description/models/aws_robomaker_residential_PortraitC_01/materials/textures/aws_PortraitC_02.png
[1.000s] -- Up-to-date symlink: /home/emzx/ros2_ws/install/bumperbot_description/share/bumperbot_description/models/aws_robomaker_residential_PortraitC_01/meshes/aws_PortraitC_01_collision.DAE
[1.000s] -- Up-to-date symlink: /home/emzx/ros2_ws/install/bumperbot_description/share/bumperbot_description/models/aws_robomaker_residential_PortraitC_01/meshes/aws_PortraitC_01_visual.DAE
[1.001s] -- Up-to-date symlink: /home/emzx/ros2_ws/install/bumperbot_description/share/bumperbot_description/models/aws_robomaker_residential_PortraitC_01/model.config
[1.001s] -- Up-to-date symlink: /home/emzx/ros2_ws/install/bumperbot_description/share/bumperbot_description/models/aws_robomaker_residential_PortraitC_01/model.sdf
[1.002s] -- Up-to-date symlink: /home/emzx/ros2_ws/install/bumperbot_description/share/bumperbot_description/models/aws_robomaker_residential_PortraitD_01/materials/textures/aws_PortraitD_01.png
[1.002s] -- Up-to-date symlink: /home/emzx/ros2_ws/install/bumperbot_description/share/bumperbot_description/models/aws_robomaker_residential_PortraitD_01/materials/textures/aws_PortraitD_02.png
[1.002s] -- Up-to-date symlink: /home/emzx/ros2_ws/install/bumperbot_description/share/bumperbot_description/models/aws_robomaker_residential_PortraitD_01/meshes/aws_PortraitD_01_collision.DAE
[1.003s] -- Up-to-date symlink: /home/emzx/ros2_ws/install/bumperbot_description/share/bumperbot_description/models/aws_robomaker_residential_PortraitD_01/meshes/aws_PortraitD_01_visual.DAE
[1.003s] -- Up-to-date symlink: /home/emzx/ros2_ws/install/bumperbot_description/share/bumperbot_description/models/aws_robomaker_residential_PortraitD_01/model.config
[1.003s] -- Up-to-date symlink: /home/emzx/ros2_ws/install/bumperbot_description/share/bumperbot_description/models/aws_robomaker_residential_PortraitD_01/model.sdf
[1.004s] -- Up-to-date symlink: /home/emzx/ros2_ws/install/bumperbot_description/share/bumperbot_description/models/aws_robomaker_residential_PortraitD_02/materials/textures/aws_PortraitD_01.png
[1.005s] -- Up-to-date symlink: /home/emzx/ros2_ws/install/bumperbot_description/share/bumperbot_description/models/aws_robomaker_residential_PortraitD_02/materials/textures/aws_PortraitD_02.png
[1.005s] -- Up-to-date symlink: /home/emzx/ros2_ws/install/bumperbot_description/share/bumperbot_description/models/aws_robomaker_residential_PortraitD_02/meshes/aws_PortraitD_01_collision.DAE
[1.005s] -- Up-to-date symlink: /home/emzx/ros2_ws/install/bumperbot_description/share/bumperbot_description/models/aws_robomaker_residential_PortraitD_02/meshes/aws_PortraitD_01_visual.DAE
[1.006s] -- Up-to-date symlink: /home/emzx/ros2_ws/install/bumperbot_description/share/bumperbot_description/models/aws_robomaker_residential_PortraitD_02/model.config
[1.006s] -- Up-to-date symlink: /home/emzx/ros2_ws/install/bumperbot_description/share/bumperbot_description/models/aws_robomaker_residential_PortraitD_02/model.sdf
[1.007s] -- Up-to-date symlink: /home/emzx/ros2_ws/install/bumperbot_description/share/bumperbot_description/models/aws_robomaker_residential_PortraitE_01/materials/textures/aws_PortraitE_01.png
[1.007s] -- Up-to-date symlink: /home/emzx/ros2_ws/install/bumperbot_description/share/bumperbot_description/models/aws_robomaker_residential_PortraitE_01/materials/textures/aws_PortraitE_02.png
[1.008s] -- Up-to-date symlink: /home/emzx/ros2_ws/install/bumperbot_description/share/bumperbot_description/models/aws_robomaker_residential_PortraitE_01/meshes/aws_PortraitE_01_collision.DAE
[1.008s] -- Up-to-date symlink: /home/emzx/ros2_ws/install/bumperbot_description/share/bumperbot_description/models/aws_robomaker_residential_PortraitE_01/meshes/aws_PortraitE_01_visual.DAE
[1.012s] -- Up-to-date symlink: /home/emzx/ros2_ws/install/bumperbot_description/share/bumperbot_description/models/aws_robomaker_residential_PortraitE_01/model.config
[1.012s] -- Up-to-date symlink: /home/emzx/ros2_ws/install/bumperbot_description/share/bumperbot_description/models/aws_robomaker_residential_PortraitE_01/model.sdf
[1.013s] -- Up-to-date symlink: /home/emzx/ros2_ws/install/bumperbot_description/share/bumperbot_description/models/aws_robomaker_residential_PortraitE_02/materials/textures/aws_PortraitE_01.png
[1.013s] -- Up-to-date symlink: /home/emzx/ros2_ws/install/bumperbot_description/share/bumperbot_description/models/aws_robomaker_residential_PortraitE_02/materials/textures/aws_PortraitE_02.png
[1.014s] -- Up-to-date symlink: /home/emzx/ros2_ws/install/bumperbot_description/share/bumperbot_description/models/aws_robomaker_residential_PortraitE_02/meshes/aws_PortraitE_01_collision.DAE
[1.014s] -- Up-to-date symlink: /home/emzx/ros2_ws/install/bumperbot_description/share/bumperbot_description/models/aws_robomaker_residential_PortraitE_02/meshes/aws_PortraitE_01_visual.DAE
[1.014s] -- Up-to-date symlink: /home/emzx/ros2_ws/install/bumperbot_description/share/bumperbot_description/models/aws_robomaker_residential_PortraitE_02/model.config
[1.015s] -- Up-to-date symlink: /home/emzx/ros2_ws/install/bumperbot_description/share/bumperbot_description/models/aws_robomaker_residential_PortraitE_02/model.sdf
[1.015s] -- Up-to-date symlink: /home/emzx/ros2_ws/install/bumperbot_description/share/bumperbot_description/models/aws_robomaker_residential_Quilt_01/materials/textures/aws_Quilt_01.png
[1.016s] -- Up-to-date symlink: /home/emzx/ros2_ws/install/bumperbot_description/share/bumperbot_description/models/aws_robomaker_residential_Quilt_01/meshes/aws_Quilt_01_collision.DAE
[1.016s] -- Up-to-date symlink: /home/emzx/ros2_ws/install/bumperbot_description/share/bumperbot_description/models/aws_robomaker_residential_Quilt_01/meshes/aws_Quilt_01_visual.DAE
[1.017s] -- Up-to-date symlink: /home/emzx/ros2_ws/install/bumperbot_description/share/bumperbot_description/models/aws_robomaker_residential_Quilt_01/model.config
[1.018s] -- Up-to-date symlink: /home/emzx/ros2_ws/install/bumperbot_description/share/bumperbot_description/models/aws_robomaker_residential_Quilt_01/model.sdf
[1.019s] -- Up-to-date symlink: /home/emzx/ros2_ws/install/bumperbot_description/share/bumperbot_description/models/aws_robomaker_residential_Rangehood_01/materials/textures/aws_Rangehood_01.png
[1.019s] -- Up-to-date symlink: /home/emzx/ros2_ws/install/bumperbot_description/share/bumperbot_description/models/aws_robomaker_residential_Rangehood_01/meshes/aws_Rangehood_01_collision.DAE
[1.019s] -- Up-to-date symlink: /home/emzx/ros2_ws/install/bumperbot_description/share/bumperbot_description/models/aws_robomaker_residential_Rangehood_01/meshes/aws_Rangehood_01_visual.DAE
[1.019s] -- Up-to-date symlink: /home/emzx/ros2_ws/install/bumperbot_description/share/bumperbot_description/models/aws_robomaker_residential_Rangehood_01/model.config
[1.020s] -- Up-to-date symlink: /home/emzx/ros2_ws/install/bumperbot_description/share/bumperbot_description/models/aws_robomaker_residential_Rangehood_01/model.sdf
[1.020s] -- Up-to-date symlink: /home/emzx/ros2_ws/install/bumperbot_description/share/bumperbot_description/models/aws_robomaker_residential_ReadingDesk_01/materials/textures/aws_ReadingDesk_01.png
[1.020s] -- Up-to-date symlink: /home/emzx/ros2_ws/install/bumperbot_description/share/bumperbot_description/models/aws_robomaker_residential_ReadingDesk_01/meshes/aws_ReadingDesk_01_collision.DAE
[1.020s] -- Up-to-date symlink: /home/emzx/ros2_ws/install/bumperbot_description/share/bumperbot_description/models/aws_robomaker_residential_ReadingDesk_01/meshes/aws_ReadingDesk_01_visual.DAE
[1.021s] -- Up-to-date symlink: /home/emzx/ros2_ws/install/bumperbot_description/share/bumperbot_description/models/aws_robomaker_residential_ReadingDesk_01/model.config
[1.021s] -- Up-to-date symlink: /home/emzx/ros2_ws/install/bumperbot_description/share/bumperbot_description/models/aws_robomaker_residential_ReadingDesk_01/model.sdf
[1.022s] -- Up-to-date symlink: /home/emzx/ros2_ws/install/bumperbot_description/share/bumperbot_description/models/aws_robomaker_residential_Refrigerator_01/materials/textures/aws_Refrigerator_01.png
[1.022s] -- Up-to-date symlink: /home/emzx/ros2_ws/install/bumperbot_description/share/bumperbot_description/models/aws_robomaker_residential_Refrigerator_01/materials/textures/aws_Refrigerator_02.png
[1.023s] -- Up-to-date symlink: /home/emzx/ros2_ws/install/bumperbot_description/share/bumperbot_description/models/aws_robomaker_residential_Refrigerator_01/meshes/aws_Refrigerator_01.DAE
[1.023s] -- Up-to-date symlink: /home/emzx/ros2_ws/install/bumperbot_description/share/bumperbot_description/models/aws_robomaker_residential_Refrigerator_01/meshes/aws_Refrigerator_01_collision.DAE
[1.024s] -- Up-to-date symlink: /home/emzx/ros2_ws/install/bumperbot_description/share/bumperbot_description/models/aws_robomaker_residential_Refrigerator_01/meshes/aws_Refrigerator_01_visual.DAE
[1.024s] -- Up-to-date symlink: /home/emzx/ros2_ws/install/bumperbot_description/share/bumperbot_description/models/aws_robomaker_residential_Refrigerator_01/model.config
[1.027s] -- Up-to-date symlink: /home/emzx/ros2_ws/install/bumperbot_description/share/bumperbot_description/models/aws_robomaker_residential_Refrigerator_01/model.sdf
[1.027s] -- Up-to-date symlink: /home/emzx/ros2_ws/install/bumperbot_description/share/bumperbot_description/models/aws_robomaker_residential_RoomCeiling_01/materials/textures/aws_RoomCeiling_01.png
[1.027s] -- Up-to-date symlink: /home/emzx/ros2_ws/install/bumperbot_description/share/bumperbot_description/models/aws_robomaker_residential_RoomCeiling_01/meshes/aws_RoomCeiling_01_collision.DAE
[1.027s] -- Up-to-date symlink: /home/emzx/ros2_ws/install/bumperbot_description/share/bumperbot_description/models/aws_robomaker_residential_RoomCeiling_01/meshes/aws_RoomCeiling_01_visual.DAE
[1.028s] -- Up-to-date symlink: /home/emzx/ros2_ws/install/bumperbot_description/share/bumperbot_description/models/aws_robomaker_residential_RoomCeiling_01/model.config
[1.028s] -- Up-to-date symlink: /home/emzx/ros2_ws/install/bumperbot_description/share/bumperbot_description/models/aws_robomaker_residential_RoomCeiling_01/model.sdf
[1.028s] -- Up-to-date symlink: /home/emzx/ros2_ws/install/bumperbot_description/share/bumperbot_description/models/aws_robomaker_residential_RoomWall_01/materials/textures/aws_RoomWall_01.png
[1.028s] -- Up-to-date symlink: /home/emzx/ros2_ws/install/bumperbot_description/share/bumperbot_description/models/aws_robomaker_residential_RoomWall_01/meshes/aws_RoomWall_01_collision.DAE
[1.029s] -- Up-to-date symlink: /home/emzx/ros2_ws/install/bumperbot_description/share/bumperbot_description/models/aws_robomaker_residential_RoomWall_01/meshes/aws_RoomWall_01_visual.DAE
[1.029s] -- Up-to-date symlink: /home/emzx/ros2_ws/install/bumperbot_description/share/bumperbot_description/models/aws_robomaker_residential_RoomWall_01/model.config
[1.029s] -- Up-to-date symlink: /home/emzx/ros2_ws/install/bumperbot_description/share/bumperbot_description/models/aws_robomaker_residential_RoomWall_01/model.sdf
[1.031s] -- Up-to-date symlink: /home/emzx/ros2_ws/install/bumperbot_description/share/bumperbot_description/models/aws_robomaker_residential_RoomWindow_01/materials/textures/aws_RoomWindow_01.png
[1.031s] -- Up-to-date symlink: /home/emzx/ros2_ws/install/bumperbot_description/share/bumperbot_description/models/aws_robomaker_residential_RoomWindow_01/meshes/aws_RoomWindow_01_collision.DAE
[1.032s] -- Up-to-date symlink: /home/emzx/ros2_ws/install/bumperbot_description/share/bumperbot_description/models/aws_robomaker_residential_RoomWindow_01/meshes/aws_RoomWindow_01_visual.DAE
[1.033s] -- Up-to-date symlink: /home/emzx/ros2_ws/install/bumperbot_description/share/bumperbot_description/models/aws_robomaker_residential_RoomWindow_01/model.config
[1.033s] -- Up-to-date symlink: /home/emzx/ros2_ws/install/bumperbot_description/share/bumperbot_description/models/aws_robomaker_residential_RoomWindow_01/model.sdf
[1.035s] -- Up-to-date symlink: /home/emzx/ros2_ws/install/bumperbot_description/share/bumperbot_description/models/aws_robomaker_residential_SeasoningBox_01/materials/textures/aws_SeasoningBox_01.png
[1.035s] -- Up-to-date symlink: /home/emzx/ros2_ws/install/bumperbot_description/share/bumperbot_description/models/aws_robomaker_residential_SeasoningBox_01/meshes/aws_SeasoningBox_01_collision.DAE
[1.036s] -- Up-to-date symlink: /home/emzx/ros2_ws/install/bumperbot_description/share/bumperbot_description/models/aws_robomaker_residential_SeasoningBox_01/meshes/aws_SeasoningBox_01_visual.DAE
[1.036s] -- Up-to-date symlink: /home/emzx/ros2_ws/install/bumperbot_description/share/bumperbot_description/models/aws_robomaker_residential_SeasoningBox_01/model.config
[1.036s] -- Up-to-date symlink: /home/emzx/ros2_ws/install/bumperbot_description/share/bumperbot_description/models/aws_robomaker_residential_SeasoningBox_01/model.sdf
[1.036s] -- Up-to-date symlink: /home/emzx/ros2_ws/install/bumperbot_description/share/bumperbot_description/models/aws_robomaker_residential_SecurityCamera_01/materials/textures/aws_SecurityCamera_01.png
[1.036s] -- Up-to-date symlink: /home/emzx/ros2_ws/install/bumperbot_description/share/bumperbot_description/models/aws_robomaker_residential_SecurityCamera_01/meshes/aws_SecurityCamera_01_collision.DAE
[1.036s] -- Up-to-date symlink: /home/emzx/ros2_ws/install/bumperbot_description/share/bumperbot_description/models/aws_robomaker_residential_SecurityCamera_01/meshes/aws_SecurityCamera_01_visual.DAE
[1.036s] -- Up-to-date symlink: /home/emzx/ros2_ws/install/bumperbot_description/share/bumperbot_description/models/aws_robomaker_residential_SecurityCamera_01/model.config
[1.037s] -- Up-to-date symlink: /home/emzx/ros2_ws/install/bumperbot_description/share/bumperbot_description/models/aws_robomaker_residential_SecurityCamera_01/model.sdf
[1.037s] -- Up-to-date symlink: /home/emzx/ros2_ws/install/bumperbot_description/share/bumperbot_description/models/aws_robomaker_residential_ShoeRack_01/materials/textures/aws_ShoeRack_01.png
[1.037s] -- Up-to-date symlink: /home/emzx/ros2_ws/install/bumperbot_description/share/bumperbot_description/models/aws_robomaker_residential_ShoeRack_01/meshes/aws_ShoeRack_01_collision.DAE
[1.037s] -- Up-to-date symlink: /home/emzx/ros2_ws/install/bumperbot_description/share/bumperbot_description/models/aws_robomaker_residential_ShoeRack_01/meshes/aws_ShoeRack_01_visual.DAE
[1.037s] -- Up-to-date symlink: /home/emzx/ros2_ws/install/bumperbot_description/share/bumperbot_description/models/aws_robomaker_residential_ShoeRack_01/model.config
[1.037s] -- Up-to-date symlink: /home/emzx/ros2_ws/install/bumperbot_description/share/bumperbot_description/models/aws_robomaker_residential_ShoeRack_01/model.sdf
[1.037s] -- Up-to-date symlink: /home/emzx/ros2_ws/install/bumperbot_description/share/bumperbot_description/models/aws_robomaker_residential_SofaB_01/materials/textures/aws_SofaB_01.png
[1.038s] -- Up-to-date symlink: /home/emzx/ros2_ws/install/bumperbot_description/share/bumperbot_description/models/aws_robomaker_residential_SofaB_01/meshes/aws_SofaB_01_collision.DAE
[1.038s] -- Up-to-date symlink: /home/emzx/ros2_ws/install/bumperbot_description/share/bumperbot_description/models/aws_robomaker_residential_SofaB_01/meshes/aws_SofaB_01_visual.DAE
[1.038s] -- Up-to-date symlink: /home/emzx/ros2_ws/install/bumperbot_description/share/bumperbot_description/models/aws_robomaker_residential_SofaB_01/model.config
[1.038s] -- Up-to-date symlink: /home/emzx/ros2_ws/install/bumperbot_description/share/bumperbot_description/models/aws_robomaker_residential_SofaB_01/model.sdf
[1.039s] -- Up-to-date symlink: /home/emzx/ros2_ws/install/bumperbot_description/share/bumperbot_description/models/aws_robomaker_residential_SofaC_01/materials/textures/aws_SofaC_01.png
[1.039s] -- Up-to-date symlink: /home/emzx/ros2_ws/install/bumperbot_description/share/bumperbot_description/models/aws_robomaker_residential_SofaC_01/meshes/aws_SofaC_01_collision.DAE
[1.040s] -- Up-to-date symlink: /home/emzx/ros2_ws/install/bumperbot_description/share/bumperbot_description/models/aws_robomaker_residential_SofaC_01/meshes/aws_SofaC_01_visual.DAE
[1.040s] -- Up-to-date symlink: /home/emzx/ros2_ws/install/bumperbot_description/share/bumperbot_description/models/aws_robomaker_residential_SofaC_01/model.config
[1.041s] -- Up-to-date symlink: /home/emzx/ros2_ws/install/bumperbot_description/share/bumperbot_description/models/aws_robomaker_residential_SofaC_01/model.sdf
[1.041s] -- Up-to-date symlink: /home/emzx/ros2_ws/install/bumperbot_description/share/bumperbot_description/models/aws_robomaker_residential_Sofa_01/materials/textures/aws_Sofa_01.png
[1.042s] -- Up-to-date symlink: /home/emzx/ros2_ws/install/bumperbot_description/share/bumperbot_description/models/aws_robomaker_residential_Sofa_01/meshes/aws_Sofa_01.DAE
[1.042s] -- Up-to-date symlink: /home/emzx/ros2_ws/install/bumperbot_description/share/bumperbot_description/models/aws_robomaker_residential_Sofa_01/meshes/aws_Sofa_01_collision.DAE
[1.043s] -- Up-to-date symlink: /home/emzx/ros2_ws/install/bumperbot_description/share/bumperbot_description/models/aws_robomaker_residential_Sofa_01/meshes/aws_Sofa_01_visual.DAE
[1.043s] -- Up-to-date symlink: /home/emzx/ros2_ws/install/bumperbot_description/share/bumperbot_description/models/aws_robomaker_residential_Sofa_01/model.config
[1.043s] -- Up-to-date symlink: /home/emzx/ros2_ws/install/bumperbot_description/share/bumperbot_description/models/aws_robomaker_residential_Sofa_01/model.sdf
[1.044s] -- Up-to-date symlink: /home/emzx/ros2_ws/install/bumperbot_description/share/bumperbot_description/models/aws_robomaker_residential_TVCabinet_01/materials/textures/aws_TVCabinet_01.png
[1.044s] -- Up-to-date symlink: /home/emzx/ros2_ws/install/bumperbot_description/share/bumperbot_description/models/aws_robomaker_residential_TVCabinet_01/meshes/aws_TVCabinet_01_collision.DAE
[1.044s] -- Up-to-date symlink: /home/emzx/ros2_ws/install/bumperbot_description/share/bumperbot_description/models/aws_robomaker_residential_TVCabinet_01/meshes/aws_TVCabinet_01_visual.DAE
[1.045s] -- Up-to-date symlink: /home/emzx/ros2_ws/install/bumperbot_description/share/bumperbot_description/models/aws_robomaker_residential_TVCabinet_01/model.config
[1.045s] -- Up-to-date symlink: /home/emzx/ros2_ws/install/bumperbot_description/share/bumperbot_description/models/aws_robomaker_residential_TVCabinet_01/model.sdf
[1.045s] -- Up-to-date symlink: /home/emzx/ros2_ws/install/bumperbot_description/share/bumperbot_description/models/aws_robomaker_residential_TV_01/materials/textures/aws_TV_01.png
[1.047s] -- Up-to-date symlink: /home/emzx/ros2_ws/install/bumperbot_description/share/bumperbot_description/models/aws_robomaker_residential_TV_01/meshes/aws_TV_01_collision.DAE
[1.047s] -- Up-to-date symlink: /home/emzx/ros2_ws/install/bumperbot_description/share/bumperbot_description/models/aws_robomaker_residential_TV_01/meshes/aws_TV_01_visual.DAE
[1.047s] -- Up-to-date symlink: /home/emzx/ros2_ws/install/bumperbot_description/share/bumperbot_description/models/aws_robomaker_residential_TV_01/model.config
[1.047s] -- Up-to-date symlink: /home/emzx/ros2_ws/install/bumperbot_description/share/bumperbot_description/models/aws_robomaker_residential_TV_01/model.sdf
[1.049s] -- Up-to-date symlink: /home/emzx/ros2_ws/install/bumperbot_description/share/bumperbot_description/models/aws_robomaker_residential_TV_02/materials/textures/aws_TV_01.png
[1.049s] -- Up-to-date symlink: /home/emzx/ros2_ws/install/bumperbot_description/share/bumperbot_description/models/aws_robomaker_residential_TV_02/meshes/aws_TV_01_collision.DAE
[1.049s] -- Up-to-date symlink: /home/emzx/ros2_ws/install/bumperbot_description/share/bumperbot_description/models/aws_robomaker_residential_TV_02/meshes/aws_TV_01_visual.DAE
[1.049s] -- Up-to-date symlink: /home/emzx/ros2_ws/install/bumperbot_description/share/bumperbot_description/models/aws_robomaker_residential_TV_02/model.config
[1.049s] -- Up-to-date symlink: /home/emzx/ros2_ws/install/bumperbot_description/share/bumperbot_description/models/aws_robomaker_residential_TV_02/model.sdf
[1.050s] -- Up-to-date symlink: /home/emzx/ros2_ws/install/bumperbot_description/share/bumperbot_description/models/aws_robomaker_residential_Tablet_01/materials/textures/aws_Tablet_01_nologo.png
[1.050s] -- Up-to-date symlink: /home/emzx/ros2_ws/install/bumperbot_description/share/bumperbot_description/models/aws_robomaker_residential_Tablet_01/meshes/aws_Tablet_01_collision.DAE
[1.051s] -- Up-to-date symlink: /home/emzx/ros2_ws/install/bumperbot_description/share/bumperbot_description/models/aws_robomaker_residential_Tablet_01/meshes/aws_Tablet_01_visual.DAE
[1.051s] -- Up-to-date symlink: /home/emzx/ros2_ws/install/bumperbot_description/share/bumperbot_description/models/aws_robomaker_residential_Tablet_01/model.config
[1.051s] -- Up-to-date symlink: /home/emzx/ros2_ws/install/bumperbot_description/share/bumperbot_description/models/aws_robomaker_residential_Tablet_01/model.sdf
[1.052s] -- Up-to-date symlink: /home/emzx/ros2_ws/install/bumperbot_description/share/bumperbot_description/models/aws_robomaker_residential_Tableware_01/materials/textures/aws_Tableware_01.png
[1.053s] -- Up-to-date symlink: /home/emzx/ros2_ws/install/bumperbot_description/share/bumperbot_description/models/aws_robomaker_residential_Tableware_01/meshes/aws_Tableware_01_collision.DAE
[1.053s] -- Up-to-date symlink: /home/emzx/ros2_ws/install/bumperbot_description/share/bumperbot_description/models/aws_robomaker_residential_Tableware_01/meshes/aws_Tableware_01_visual.DAE
[1.054s] -- Up-to-date symlink: /home/emzx/ros2_ws/install/bumperbot_description/share/bumperbot_description/models/aws_robomaker_residential_Tableware_01/model.config
[1.055s] -- Up-to-date symlink: /home/emzx/ros2_ws/install/bumperbot_description/share/bumperbot_description/models/aws_robomaker_residential_Tableware_01/model.sdf
[1.055s] -- Up-to-date symlink: /home/emzx/ros2_ws/install/bumperbot_description/share/bumperbot_description/models/aws_robomaker_residential_Trash_01/materials/textures/aws_Trash_01.png
[1.055s] -- Up-to-date symlink: /home/emzx/ros2_ws/install/bumperbot_description/share/bumperbot_description/models/aws_robomaker_residential_Trash_01/meshes/aws_Trash_01_collision.DAE
[1.055s] -- Up-to-date symlink: /home/emzx/ros2_ws/install/bumperbot_description/share/bumperbot_description/models/aws_robomaker_residential_Trash_01/meshes/aws_Trash_01_visual.DAE
[1.055s] -- Up-to-date symlink: /home/emzx/ros2_ws/install/bumperbot_description/share/bumperbot_description/models/aws_robomaker_residential_Trash_01/model.config
[1.055s] -- Up-to-date symlink: /home/emzx/ros2_ws/install/bumperbot_description/share/bumperbot_description/models/aws_robomaker_residential_Trash_01/model.sdf
[1.056s] -- Up-to-date symlink: /home/emzx/ros2_ws/install/bumperbot_description/share/bumperbot_description/models/aws_robomaker_residential_Vase_01/materials/textures/aws_Vase_01.png
[1.056s] -- Up-to-date symlink: /home/emzx/ros2_ws/install/bumperbot_description/share/bumperbot_description/models/aws_robomaker_residential_Vase_01/meshes/aws_Vase_01_collision.DAE
[1.057s] -- Up-to-date symlink: /home/emzx/ros2_ws/install/bumperbot_description/share/bumperbot_description/models/aws_robomaker_residential_Vase_01/meshes/aws_Vase_01_visual.DAE
[1.057s] -- Up-to-date symlink: /home/emzx/ros2_ws/install/bumperbot_description/share/bumperbot_description/models/aws_robomaker_residential_Vase_01/model.config
[1.057s] -- Up-to-date symlink: /home/emzx/ros2_ws/install/bumperbot_description/share/bumperbot_description/models/aws_robomaker_residential_Vase_01/model.sdf
[1.058s] -- Up-to-date symlink: /home/emzx/ros2_ws/install/bumperbot_description/share/bumperbot_description/models/aws_robomaker_residential_Wardrobe_01/materials/textures/aws_Wardrobe_01.png
[1.059s] -- Up-to-date symlink: /home/emzx/ros2_ws/install/bumperbot_description/share/bumperbot_description/models/aws_robomaker_residential_Wardrobe_01/meshes/aws_Wardrobe_01_collision.DAE
[1.060s] -- Up-to-date symlink: /home/emzx/ros2_ws/install/bumperbot_description/share/bumperbot_description/models/aws_robomaker_residential_Wardrobe_01/meshes/aws_Wardrobe_01_visual.DAE
[1.060s] -- Up-to-date symlink: /home/emzx/ros2_ws/install/bumperbot_description/share/bumperbot_description/models/aws_robomaker_residential_Wardrobe_01/model.config
[1.060s] -- Up-to-date symlink: /home/emzx/ros2_ws/install/bumperbot_description/share/bumperbot_description/models/aws_robomaker_residential_Wardrobe_01/model.sdf
[1.060s] -- Up-to-date symlink: /home/emzx/ros2_ws/install/bumperbot_description/share/bumperbot_description/models/aws_robomaker_warehouse_Bucket_01/.DS_Store
[1.062s] -- Up-to-date symlink: /home/emzx/ros2_ws/install/bumperbot_description/share/bumperbot_description/models/aws_robomaker_warehouse_Bucket_01/materials/.DS_Store
[1.062s] -- Up-to-date symlink: /home/emzx/ros2_ws/install/bumperbot_description/share/bumperbot_description/models/aws_robomaker_warehouse_Bucket_01/materials/textures/aws_robomaker_warehouse_Bucket_01.png
[1.062s] -- Up-to-date symlink: /home/emzx/ros2_ws/install/bumperbot_description/share/bumperbot_description/models/aws_robomaker_warehouse_Bucket_01/meshes/aws_robomaker_warehouse_Bucket_01_collision.DAE
[1.062s] -- Up-to-date symlink: /home/emzx/ros2_ws/install/bumperbot_description/share/bumperbot_description/models/aws_robomaker_warehouse_Bucket_01/meshes/aws_robomaker_warehouse_Bucket_01_visual.DAE
[1.062s] -- Up-to-date symlink: /home/emzx/ros2_ws/install/bumperbot_description/share/bumperbot_description/models/aws_robomaker_warehouse_Bucket_01/model.config
[1.062s] -- Up-to-date symlink: /home/emzx/ros2_ws/install/bumperbot_description/share/bumperbot_description/models/aws_robomaker_warehouse_Bucket_01/model.sdf
[1.063s] -- Up-to-date symlink: /home/emzx/ros2_ws/install/bumperbot_description/share/bumperbot_description/models/aws_robomaker_warehouse_ClutteringA_01/.DS_Store
[1.063s] -- Up-to-date symlink: /home/emzx/ros2_ws/install/bumperbot_description/share/bumperbot_description/models/aws_robomaker_warehouse_ClutteringA_01/materials/.DS_Store
[1.063s] -- Up-to-date symlink: /home/emzx/ros2_ws/install/bumperbot_description/share/bumperbot_description/models/aws_robomaker_warehouse_ClutteringA_01/materials/textures/.DS_Store
[1.063s] -- Up-to-date symlink: /home/emzx/ros2_ws/install/bumperbot_description/share/bumperbot_description/models/aws_robomaker_warehouse_ClutteringA_01/materials/textures/aws_robomaker_warehouse_ClutteringA_01.png
[1.064s] -- Up-to-date symlink: /home/emzx/ros2_ws/install/bumperbot_description/share/bumperbot_description/models/aws_robomaker_warehouse_ClutteringA_01/materials/textures/aws_robomaker_warehouse_ClutteringA_02.png
[1.064s] -- Up-to-date symlink: /home/emzx/ros2_ws/install/bumperbot_description/share/bumperbot_description/models/aws_robomaker_warehouse_ClutteringA_01/materials/textures/aws_robomaker_warehouse_ClutteringA_03.png
[1.065s] -- Up-to-date symlink: /home/emzx/ros2_ws/install/bumperbot_description/share/bumperbot_description/models/aws_robomaker_warehouse_ClutteringA_01/meshes/aws_robomaker_warehouse_ClutteringA_01_collision.DAE
[1.065s] -- Up-to-date symlink: /home/emzx/ros2_ws/install/bumperbot_description/share/bumperbot_description/models/aws_robomaker_warehouse_ClutteringA_01/meshes/aws_robomaker_warehouse_ClutteringA_01_visual.DAE
[1.066s] -- Up-to-date symlink: /home/emzx/ros2_ws/install/bumperbot_description/share/bumperbot_description/models/aws_robomaker_warehouse_ClutteringA_01/model.config
[1.066s] -- Up-to-date symlink: /home/emzx/ros2_ws/install/bumperbot_description/share/bumperbot_description/models/aws_robomaker_warehouse_ClutteringA_01/model.sdf
[1.067s] -- Up-to-date symlink: /home/emzx/ros2_ws/install/bumperbot_description/share/bumperbot_description/models/aws_robomaker_warehouse_ClutteringC_01/materials/textures/aws_robomaker_warehouse_ClutteringC_01.png
[1.067s] -- Up-to-date symlink: /home/emzx/ros2_ws/install/bumperbot_description/share/bumperbot_description/models/aws_robomaker_warehouse_ClutteringC_01/materials/textures/aws_robomaker_warehouse_ClutteringC_02.png
[1.068s] -- Up-to-date symlink: /home/emzx/ros2_ws/install/bumperbot_description/share/bumperbot_description/models/aws_robomaker_warehouse_ClutteringC_01/meshes/aws_robomaker_warehouse_ClutteringC_01_collision.DAE
[1.068s] -- Up-to-date symlink: /home/emzx/ros2_ws/install/bumperbot_description/share/bumperbot_description/models/aws_robomaker_warehouse_ClutteringC_01/meshes/aws_robomaker_warehouse_ClutteringC_01_visual.DAE
[1.068s] -- Up-to-date symlink: /home/emzx/ros2_ws/install/bumperbot_description/share/bumperbot_description/models/aws_robomaker_warehouse_ClutteringC_01/model.config
[1.068s] -- Up-to-date symlink: /home/emzx/ros2_ws/install/bumperbot_description/share/bumperbot_description/models/aws_robomaker_warehouse_ClutteringC_01/model.sdf
[1.069s] -- Up-to-date symlink: /home/emzx/ros2_ws/install/bumperbot_description/share/bumperbot_description/models/aws_robomaker_warehouse_ClutteringD_01/materials/textures/aws_robomaker_warehouse_ClutteringD_01.png
[1.070s] -- Up-to-date symlink: /home/emzx/ros2_ws/install/bumperbot_description/share/bumperbot_description/models/aws_robomaker_warehouse_ClutteringD_01/materials/textures/aws_robomaker_warehouse_ClutteringD_02.png
[1.070s] -- Up-to-date symlink: /home/emzx/ros2_ws/install/bumperbot_description/share/bumperbot_description/models/aws_robomaker_warehouse_ClutteringD_01/meshes/aws_robomaker_warehouse_ClutteringD_01_collision.DAE
[1.070s] -- Up-to-date symlink: /home/emzx/ros2_ws/install/bumperbot_description/share/bumperbot_description/models/aws_robomaker_warehouse_ClutteringD_01/meshes/aws_robomaker_warehouse_ClutteringD_01_visual.DAE
[1.071s] -- Up-to-date symlink: /home/emzx/ros2_ws/install/bumperbot_description/share/bumperbot_description/models/aws_robomaker_warehouse_ClutteringD_01/model.config
[1.071s] -- Up-to-date symlink: /home/emzx/ros2_ws/install/bumperbot_description/share/bumperbot_description/models/aws_robomaker_warehouse_ClutteringD_01/model.sdf
[1.072s] -- Up-to-date symlink: /home/emzx/ros2_ws/install/bumperbot_description/share/bumperbot_description/models/aws_robomaker_warehouse_DeskC_01/materials/.DS_Store
[1.073s] -- Up-to-date symlink: /home/emzx/ros2_ws/install/bumperbot_description/share/bumperbot_description/models/aws_robomaker_warehouse_DeskC_01/materials/textures/aws_robomaker_warehouse_DeskC_01.png
[1.073s] -- Up-to-date symlink: /home/emzx/ros2_ws/install/bumperbot_description/share/bumperbot_description/models/aws_robomaker_warehouse_DeskC_01/materials/textures/aws_robomaker_warehouse_DeskC_02.png
[1.074s] -- Up-to-date symlink: /home/emzx/ros2_ws/install/bumperbot_description/share/bumperbot_description/models/aws_robomaker_warehouse_DeskC_01/materials/textures/aws_robomaker_warehouse_DeskC_03.png
[1.074s] -- Up-to-date symlink: /home/emzx/ros2_ws/install/bumperbot_description/share/bumperbot_description/models/aws_robomaker_warehouse_DeskC_01/materials/textures/aws_robomaker_warehouse_DeskC_03.psd
[1.075s] -- Up-to-date symlink: /home/emzx/ros2_ws/install/bumperbot_description/share/bumperbot_description/models/aws_robomaker_warehouse_DeskC_01/materials/textures/aws_robomaker_warehouse_DeskC_04.png
[1.075s] -- Up-to-date symlink: /home/emzx/ros2_ws/install/bumperbot_description/share/bumperbot_description/models/aws_robomaker_warehouse_DeskC_01/meshes/aws_robomaker_warehouse_DeskC_01_collision.DAE
[1.076s] -- Up-to-date symlink: /home/emzx/ros2_ws/install/bumperbot_description/share/bumperbot_description/models/aws_robomaker_warehouse_DeskC_01/meshes/aws_robomaker_warehouse_DeskC_01_visual.DAE
[1.077s] -- Up-to-date symlink: /home/emzx/ros2_ws/install/bumperbot_description/share/bumperbot_description/models/aws_robomaker_warehouse_DeskC_01/model.config
[1.077s] -- Up-to-date symlink: /home/emzx/ros2_ws/install/bumperbot_description/share/bumperbot_description/models/aws_robomaker_warehouse_DeskC_01/model.sdf
[1.078s] -- Up-to-date symlink: /home/emzx/ros2_ws/install/bumperbot_description/share/bumperbot_description/models/aws_robomaker_warehouse_GroundB_01/materials/textures/aws_robomaker_warehouse_GroundB_01.png
[1.078s] -- Up-to-date symlink: /home/emzx/ros2_ws/install/bumperbot_description/share/bumperbot_description/models/aws_robomaker_warehouse_GroundB_01/materials/textures/aws_robomaker_warehouse_GroundB_02.png
[1.079s] -- Up-to-date symlink: /home/emzx/ros2_ws/install/bumperbot_description/share/bumperbot_description/models/aws_robomaker_warehouse_GroundB_01/meshes/aws_robomaker_warehouse_GroundB_01_collision.DAE
[1.079s] -- Up-to-date symlink: /home/emzx/ros2_ws/install/bumperbot_description/share/bumperbot_description/models/aws_robomaker_warehouse_GroundB_01/meshes/aws_robomaker_warehouse_GroundB_01_visual.DAE
[1.079s] -- Up-to-date symlink: /home/emzx/ros2_ws/install/bumperbot_description/share/bumperbot_description/models/aws_robomaker_warehouse_GroundB_01/model.config
[1.080s] -- Up-to-date symlink: /home/emzx/ros2_ws/install/bumperbot_description/share/bumperbot_description/models/aws_robomaker_warehouse_GroundB_01/model.sdf
[1.080s] -- Up-to-date symlink: /home/emzx/ros2_ws/install/bumperbot_description/share/bumperbot_description/models/aws_robomaker_warehouse_Lamp_01/materials/textures/aws_robomaker_warehouse_Lamp_01.png
[1.081s] -- Up-to-date symlink: /home/emzx/ros2_ws/install/bumperbot_description/share/bumperbot_description/models/aws_robomaker_warehouse_Lamp_01/meshes/aws_robomaker_warehouse_Lamp_01_collision.DAE
[1.081s] -- Up-to-date symlink: /home/emzx/ros2_ws/install/bumperbot_description/share/bumperbot_description/models/aws_robomaker_warehouse_Lamp_01/meshes/aws_robomaker_warehouse_Lamp_01_visual.DAE
[1.082s] -- Up-to-date symlink: /home/emzx/ros2_ws/install/bumperbot_description/share/bumperbot_description/models/aws_robomaker_warehouse_Lamp_01/model.config
[1.082s] -- Up-to-date symlink: /home/emzx/ros2_ws/install/bumperbot_description/share/bumperbot_description/models/aws_robomaker_warehouse_Lamp_01/model.sdf
[1.083s] -- Up-to-date symlink: /home/emzx/ros2_ws/install/bumperbot_description/share/bumperbot_description/models/aws_robomaker_warehouse_PalletJackB_01/.DS_Store
[1.083s] -- Up-to-date symlink: /home/emzx/ros2_ws/install/bumperbot_description/share/bumperbot_description/models/aws_robomaker_warehouse_PalletJackB_01/materials/.DS_Store
[1.084s] -- Up-to-date symlink: /home/emzx/ros2_ws/install/bumperbot_description/share/bumperbot_description/models/aws_robomaker_warehouse_PalletJackB_01/materials/textures/aws_robomaker_warehouse_PalletJackB_01.png
[1.084s] -- Up-to-date symlink: /home/emzx/ros2_ws/install/bumperbot_description/share/bumperbot_description/models/aws_robomaker_warehouse_PalletJackB_01/materials/textures/aws_robomaker_warehouse_PalletJackB_02.png
[1.085s] -- Up-to-date symlink: /home/emzx/ros2_ws/install/bumperbot_description/share/bumperbot_description/models/aws_robomaker_warehouse_PalletJackB_01/meshes/aws_robomaker_warehouse_PalletJackB_01_collision.DAE
[1.085s] -- Up-to-date symlink: /home/emzx/ros2_ws/install/bumperbot_description/share/bumperbot_description/models/aws_robomaker_warehouse_PalletJackB_01/meshes/aws_robomaker_warehouse_PalletJackB_01_visual.DAE
[1.085s] -- Up-to-date symlink: /home/emzx/ros2_ws/install/bumperbot_description/share/bumperbot_description/models/aws_robomaker_warehouse_PalletJackB_01/model.config
[1.087s] -- Up-to-date symlink: /home/emzx/ros2_ws/install/bumperbot_description/share/bumperbot_description/models/aws_robomaker_warehouse_PalletJackB_01/model.sdf
[1.087s] -- Up-to-date symlink: /home/emzx/ros2_ws/install/bumperbot_description/share/bumperbot_description/models/aws_robomaker_warehouse_RoofB_01/materials/textures/aws_robomaker_warehouse_RoofB_01.png
[1.088s] -- Up-to-date symlink: /home/emzx/ros2_ws/install/bumperbot_description/share/bumperbot_description/models/aws_robomaker_warehouse_RoofB_01/meshes/aws_robomaker_warehouse_RoofB_01_collision.DAE
[1.088s] -- Up-to-date symlink: /home/emzx/ros2_ws/install/bumperbot_description/share/bumperbot_description/models/aws_robomaker_warehouse_RoofB_01/meshes/aws_robomaker_warehouse_RoofB_01_visual.DAE
[1.089s] -- Up-to-date symlink: /home/emzx/ros2_ws/install/bumperbot_description/share/bumperbot_description/models/aws_robomaker_warehouse_RoofB_01/model.config
[1.089s] -- Up-to-date symlink: /home/emzx/ros2_ws/install/bumperbot_description/share/bumperbot_description/models/aws_robomaker_warehouse_RoofB_01/model.sdf
[1.089s] -- Up-to-date symlink: /home/emzx/ros2_ws/install/bumperbot_description/share/bumperbot_description/models/aws_robomaker_warehouse_ShelfD_01/materials/textures/aws_robomaker_warehouse_ShelfD_01.png
[1.089s] -- Up-to-date symlink: /home/emzx/ros2_ws/install/bumperbot_description/share/bumperbot_description/models/aws_robomaker_warehouse_ShelfD_01/materials/textures/aws_robomaker_warehouse_ShelfD_02.png
[1.090s] -- Up-to-date symlink: /home/emzx/ros2_ws/install/bumperbot_description/share/bumperbot_description/models/aws_robomaker_warehouse_ShelfD_01/materials/textures/aws_robomaker_warehouse_ShelfD_03.png
[1.090s] -- Up-to-date symlink: /home/emzx/ros2_ws/install/bumperbot_description/share/bumperbot_description/models/aws_robomaker_warehouse_ShelfD_01/materials/textures/aws_robomaker_warehouse_ShelfD_04.png
[1.090s] -- Up-to-date symlink: /home/emzx/ros2_ws/install/bumperbot_description/share/bumperbot_description/models/aws_robomaker_warehouse_ShelfD_01/meshes/aws_robomaker_warehouse_ShelfD_01_collision.DAE
[1.090s] -- Up-to-date symlink: /home/emzx/ros2_ws/install/bumperbot_description/share/bumperbot_description/models/aws_robomaker_warehouse_ShelfD_01/meshes/aws_robomaker_warehouse_ShelfD_01_visual.DAE
[1.090s] -- Up-to-date symlink: /home/emzx/ros2_ws/install/bumperbot_description/share/bumperbot_description/models/aws_robomaker_warehouse_ShelfD_01/model.config
[1.090s] -- Up-to-date symlink: /home/emzx/ros2_ws/install/bumperbot_description/share/bumperbot_description/models/aws_robomaker_warehouse_ShelfD_01/model.sdf
[1.091s] -- Up-to-date symlink: /home/emzx/ros2_ws/install/bumperbot_description/share/bumperbot_description/models/aws_robomaker_warehouse_ShelfE_01/.DS_Store
[1.092s] -- Up-to-date symlink: /home/emzx/ros2_ws/install/bumperbot_description/share/bumperbot_description/models/aws_robomaker_warehouse_ShelfE_01/materials/.DS_Store
[1.093s] -- Up-to-date symlink: /home/emzx/ros2_ws/install/bumperbot_description/share/bumperbot_description/models/aws_robomaker_warehouse_ShelfE_01/materials/textures/aws_robomaker_warehouse_ShelfE_01.png
[1.093s] -- Up-to-date symlink: /home/emzx/ros2_ws/install/bumperbot_description/share/bumperbot_description/models/aws_robomaker_warehouse_ShelfE_01/materials/textures/aws_robomaker_warehouse_ShelfE_02.png
[1.093s] -- Up-to-date symlink: /home/emzx/ros2_ws/install/bumperbot_description/share/bumperbot_description/models/aws_robomaker_warehouse_ShelfE_01/materials/textures/aws_robomaker_warehouse_ShelfE_03.png
[1.094s] -- Up-to-date symlink: /home/emzx/ros2_ws/install/bumperbot_description/share/bumperbot_description/models/aws_robomaker_warehouse_ShelfE_01/materials/textures/aws_robomaker_warehouse_ShelfE_04.png
[1.094s] -- Up-to-date symlink: /home/emzx/ros2_ws/install/bumperbot_description/share/bumperbot_description/models/aws_robomaker_warehouse_ShelfE_01/meshes/aws_robomaker_warehouse_ShelfE_01_collision.DAE
[1.094s] -- Up-to-date symlink: /home/emzx/ros2_ws/install/bumperbot_description/share/bumperbot_description/models/aws_robomaker_warehouse_ShelfE_01/meshes/aws_robomaker_warehouse_ShelfE_01_visual.DAE
[1.094s] -- Up-to-date symlink: /home/emzx/ros2_ws/install/bumperbot_description/share/bumperbot_description/models/aws_robomaker_warehouse_ShelfE_01/model.config
[1.095s] -- Up-to-date symlink: /home/emzx/ros2_ws/install/bumperbot_description/share/bumperbot_description/models/aws_robomaker_warehouse_ShelfE_01/model.sdf
[1.095s] -- Up-to-date symlink: /home/emzx/ros2_ws/install/bumperbot_description/share/bumperbot_description/models/aws_robomaker_warehouse_ShelfF_01/materials/textures/aws_robomaker_warehouse_ShelfF_01.png
[1.096s] -- Up-to-date symlink: /home/emzx/ros2_ws/install/bumperbot_description/share/bumperbot_description/models/aws_robomaker_warehouse_ShelfF_01/materials/textures/aws_robomaker_warehouse_ShelfF_02.png
[1.096s] -- Up-to-date symlink: /home/emzx/ros2_ws/install/bumperbot_description/share/bumperbot_description/models/aws_robomaker_warehouse_ShelfF_01/materials/textures/aws_robomaker_warehouse_ShelfF_03.png
[1.097s] -- Up-to-date symlink: /home/emzx/ros2_ws/install/bumperbot_description/share/bumperbot_description/models/aws_robomaker_warehouse_ShelfF_01/meshes/aws_robomaker_warehouse_ShelfF_01_collision.DAE
[1.097s] -- Up-to-date symlink: /home/emzx/ros2_ws/install/bumperbot_description/share/bumperbot_description/models/aws_robomaker_warehouse_ShelfF_01/meshes/aws_robomaker_warehouse_ShelfF_01_visual.DAE
[1.097s] -- Up-to-date symlink: /home/emzx/ros2_ws/install/bumperbot_description/share/bumperbot_description/models/aws_robomaker_warehouse_ShelfF_01/model.config
[1.097s] -- Up-to-date symlink: /home/emzx/ros2_ws/install/bumperbot_description/share/bumperbot_description/models/aws_robomaker_warehouse_ShelfF_01/model.sdf
[1.098s] -- Up-to-date symlink: /home/emzx/ros2_ws/install/bumperbot_description/share/bumperbot_description/models/aws_robomaker_warehouse_TrashCanC_01/materials/textures/aws_robomaker_warehouse_TrashCanC_01.png
[1.098s] -- Up-to-date symlink: /home/emzx/ros2_ws/install/bumperbot_description/share/bumperbot_description/models/aws_robomaker_warehouse_TrashCanC_01/meshes/aws_robomaker_warehouse_TrashCanC_01_collision.DAE
[1.099s] -- Up-to-date symlink: /home/emzx/ros2_ws/install/bumperbot_description/share/bumperbot_description/models/aws_robomaker_warehouse_TrashCanC_01/meshes/aws_robomaker_warehouse_TrashCanC_01_visual.DAE
[1.099s] -- Up-to-date symlink: /home/emzx/ros2_ws/install/bumperbot_description/share/bumperbot_description/models/aws_robomaker_warehouse_TrashCanC_01/model.config
[1.099s] -- Up-to-date symlink: /home/emzx/ros2_ws/install/bumperbot_description/share/bumperbot_description/models/aws_robomaker_warehouse_TrashCanC_01/model.sdf
[1.099s] -- Up-to-date symlink: /home/emzx/ros2_ws/install/bumperbot_description/share/bumperbot_description/models/aws_robomaker_warehouse_WallB_01/materials/textures/aws_robomaker_warehouse_WallB_01.png
[1.100s] -- Up-to-date symlink: /home/emzx/ros2_ws/install/bumperbot_description/share/bumperbot_description/models/aws_robomaker_warehouse_WallB_01/meshes/aws_robomaker_warehouse_WallB_01_collision.DAE
[1.100s] -- Up-to-date symlink: /home/emzx/ros2_ws/install/bumperbot_description/share/bumperbot_description/models/aws_robomaker_warehouse_WallB_01/meshes/aws_robomaker_warehouse_WallB_01_visual.DAE
[1.100s] -- Up-to-date symlink: /home/emzx/ros2_ws/install/bumperbot_description/share/bumperbot_description/models/aws_robomaker_warehouse_WallB_01/model.config
[1.101s] -- Up-to-date symlink: /home/emzx/ros2_ws/install/bumperbot_description/share/bumperbot_description/models/aws_robomaker_warehouse_WallB_01/model.sdf
[1.101s] -- Up-to-date symlink: /home/emzx/ros2_ws/install/bumperbot_description/share/bumperbot_description/worlds/empty.world
[1.101s] -- Up-to-date symlink: /home/emzx/ros2_ws/install/bumperbot_description/share/bumperbot_description/worlds/small_house.world
[1.102s] -- Up-to-date symlink: /home/emzx/ros2_ws/install/bumperbot_description/share/bumperbot_description/worlds/small_warehouse.world
[1.103s] -- Up-to-date symlink: /home/emzx/ros2_ws/install/bumperbot_description/share/bumperbot_description/photos/DeskPortraitA_01.jpg
[1.103s] -- Up-to-date symlink: /home/emzx/ros2_ws/install/bumperbot_description/share/bumperbot_description/photos/DeskPortraitA_02.jpg
[1.103s] -- Up-to-date symlink: /home/emzx/ros2_ws/install/bumperbot_description/share/bumperbot_description/photos/DeskPortraitB_01.jpg
[1.103s] -- Up-to-date symlink: /home/emzx/ros2_ws/install/bumperbot_description/share/bumperbot_description/photos/DeskPortraitB_02.jpg
[1.104s] -- Up-to-date symlink: /home/emzx/ros2_ws/install/bumperbot_description/share/bumperbot_description/photos/DeskPortraitC_01.jpg
[1.105s] -- Up-to-date symlink: /home/emzx/ros2_ws/install/bumperbot_description/share/bumperbot_description/photos/DeskPortraitC_02.jpg
[1.105s] -- Up-to-date symlink: /home/emzx/ros2_ws/install/bumperbot_description/share/bumperbot_description/photos/DeskPortraitD_01.jpg
[1.105s] -- Up-to-date symlink: /home/emzx/ros2_ws/install/bumperbot_description/share/bumperbot_description/photos/DeskPortraitD_02.jpg
[1.105s] -- Up-to-date symlink: /home/emzx/ros2_ws/install/bumperbot_description/share/bumperbot_description/photos/DeskPortraitD_03.jpg
[1.105s] -- Up-to-date symlink: /home/emzx/ros2_ws/install/bumperbot_description/share/bumperbot_description/photos/DeskPortraitD_04.jpg
[1.108s] -- Up-to-date symlink: /home/emzx/ros2_ws/install/bumperbot_description/share/bumperbot_description/photos/PortraitA_01.jpg
[1.108s] -- Up-to-date symlink: /home/emzx/ros2_ws/install/bumperbot_description/share/bumperbot_description/photos/PortraitA_02.jpg
[1.108s] -- Up-to-date symlink: /home/emzx/ros2_ws/install/bumperbot_description/share/bumperbot_description/photos/PortraitB_01.jpg
[1.108s] -- Up-to-date symlink: /home/emzx/ros2_ws/install/bumperbot_description/share/bumperbot_description/photos/PortraitB_02.jpg
[1.109s] -- Up-to-date symlink: /home/emzx/ros2_ws/install/bumperbot_description/share/bumperbot_description/photos/PortraitB_03.jpg
[1.109s] -- Up-to-date symlink: /home/emzx/ros2_ws/install/bumperbot_description/share/bumperbot_description/photos/PortraitC_01.jpg
[1.109s] -- Up-to-date symlink: /home/emzx/ros2_ws/install/bumperbot_description/share/bumperbot_description/photos/PortraitD_01.jpg
[1.109s] -- Up-to-date symlink: /home/emzx/ros2_ws/install/bumperbot_description/share/bumperbot_description/photos/PortraitD_02.jpg
[1.109s] -- Up-to-date symlink: /home/emzx/ros2_ws/install/bumperbot_description/share/bumperbot_description/photos/PortraitE_01.jpg
[1.109s] -- Up-to-date symlink: /home/emzx/ros2_ws/install/bumperbot_description/share/bumperbot_description/photos/PortraitE_02.jpg
[1.110s] -- Up-to-date symlink: /home/emzx/ros2_ws/install/bumperbot_description/share/ament_index/resource_index/package_run_dependencies/bumperbot_description
[1.110s] -- Up-to-date symlink: /home/emzx/ros2_ws/install/bumperbot_description/share/ament_index/resource_index/parent_prefix_path/bumperbot_description
[1.110s] -- Up-to-date symlink: /home/emzx/ros2_ws/install/bumperbot_description/share/bumperbot_description/environment/ament_prefix_path.sh
[1.110s] -- Up-to-date symlink: /home/emzx/ros2_ws/install/bumperbot_description/share/bumperbot_description/environment/ament_prefix_path.dsv
[1.111s] -- Up-to-date symlink: /home/emzx/ros2_ws/install/bumperbot_description/share/bumperbot_description/environment/path.sh
[1.111s] -- Up-to-date symlink: /home/emzx/ros2_ws/install/bumperbot_description/share/bumperbot_description/environment/path.dsv
[1.111s] -- Up-to-date symlink: /home/emzx/ros2_ws/install/bumperbot_description/share/bumperbot_description/local_setup.bash
[1.111s] -- Up-to-date symlink: /home/emzx/ros2_ws/install/bumperbot_description/share/bumperbot_description/local_setup.sh
[1.111s] -- Up-to-date symlink: /home/emzx/ros2_ws/install/bumperbot_description/share/bumperbot_description/local_setup.zsh
[1.112s] -- Up-to-date symlink: /home/emzx/ros2_ws/install/bumperbot_description/share/bumperbot_description/local_setup.dsv
[1.112s] -- Symlinking: /home/emzx/ros2_ws/install/bumperbot_description/share/bumperbot_description/package.dsv
[1.124s] -- Up-to-date symlink: /home/emzx/ros2_ws/install/bumperbot_description/share/ament_index/resource_index/packages/bumperbot_description
[1.127s] -- Up-to-date symlink: /home/emzx/ros2_ws/install/bumperbot_description/share/bumperbot_description/cmake/bumperbot_descriptionConfig.cmake
[1.127s] -- Up-to-date symlink: /home/emzx/ros2_ws/install/bumperbot_description/share/bumperbot_description/cmake/bumperbot_descriptionConfig-version.cmake
[1.127s] -- Up-to-date symlink: /home/emzx/ros2_ws/install/bumperbot_description/share/bumperbot_description/package.xml
[1.136s] Invoked command in '/home/emzx/ros2_ws/build/bumperbot_description' returned '0': CMAKE_PREFIX_PATH=${CMAKE_PREFIX_PATH}:/home/emzx/ros2_ws/install/turtlesim_catch_them_all:/home/emzx/ros2_ws/install/pacote_teste:/home/emzx/ros2_ws/install/bumperbot_utils:/home/emzx/ros2_ws/install/bumperbot_py:/opt/ros/jazzy DEBUGINFOD_URLS=https://debuginfod.ubuntu.com /usr/bin/cmake --install /home/emzx/ros2_ws/build/bumperbot_description
