[0.071s] Invoking command in '/home/emzx/ros2_ws/build/bumperbot_localization': CMAKE_PREFIX_PATH=${CMAKE_PREFIX_PATH}:/home/emzx/ros2_ws/install/turtlesim_catch_them_all:/home/emzx/ros2_ws/install/pacote_teste:/home/emzx/ros2_ws/install/bumperbot_utils:/home/emzx/ros2_ws/install/bumperbot_py:/opt/ros/jazzy DEBUGINFOD_URLS=https://debuginfod.ubuntu.com /usr/bin/cmake /home/emzx/ros2_ws/src/bumperbot_localization -DAMENT_CMAKE_SYMLINK_INSTALL=1 -DCMAKE_INSTALL_PREFIX=/home/emzx/ros2_ws/install/bumperbot_localization
[0.427s] -- Found ament_cmake: 2.5.3 (/opt/ros/jazzy/share/ament_cmake/cmake)
[0.427s] -- Override CMake install command with custom implementation using symlinks instead of copying resources
[0.427s] -- Found rclpy: 7.1.3 (/opt/ros/jazzy/share/rclpy/cmake)
[0.427s] -- Found nav_msgs: 5.3.5 (/opt/ros/jazzy/share/nav_msgs/cmake)
[0.441s] -- Found rosidl_generator_c: 4.6.5 (/opt/ros/jazzy/share/rosidl_generator_c/cmake)
[0.459s] -- Found rosidl_generator_cpp: 4.6.5 (/opt/ros/jazzy/share/rosidl_generator_cpp/cmake)
[0.475s] -- Using all available rosidl_typesupport_c: rosidl_typesupport_fastrtps_c;rosidl_typesupport_introspection_c
[0.498s] -- Using all available rosidl_typesupport_cpp: rosidl_typesupport_fastrtps_cpp;rosidl_typesupport_introspection_cpp
[0.593s] -- Found sensor_msgs: 5.3.5 (/opt/ros/jazzy/share/sensor_msgs/cmake)
[0.760s] -- Found ament_lint_auto: 0.17.1 (/opt/ros/jazzy/share/ament_lint_auto/cmake)
[0.914s] -- Added test 'flake8' to check Python code syntax and style conventions
[0.914s] -- Configured 'flake8' exclude dirs and/or files: 
[0.917s] -- Added test 'lint_cmake' to check CMake code style
[0.917s] -- Added test 'pep257' to check Python code against some of the docstring style conventions in PEP 257
[0.919s] -- Added test 'xmllint' to check XML markup files
[0.922s] -- Configuring done (0.8s)
[0.937s] -- Generating done (0.0s)
[0.944s] -- Build files have been written to: /home/emzx/ros2_ws/build/bumperbot_localization
[0.954s] Invoked command in '/home/emzx/ros2_ws/build/bumperbot_localization' returned '0': CMAKE_PREFIX_PATH=${CMAKE_PREFIX_PATH}:/home/emzx/ros2_ws/install/turtlesim_catch_them_all:/home/emzx/ros2_ws/install/pacote_teste:/home/emzx/ros2_ws/install/bumperbot_utils:/home/emzx/ros2_ws/install/bumperbot_py:/opt/ros/jazzy DEBUGINFOD_URLS=https://debuginfod.ubuntu.com /usr/bin/cmake /home/emzx/ros2_ws/src/bumperbot_localization -DAMENT_CMAKE_SYMLINK_INSTALL=1 -DCMAKE_INSTALL_PREFIX=/home/emzx/ros2_ws/install/bumperbot_localization
[0.954s] Invoking command in '/home/emzx/ros2_ws/build/bumperbot_localization': CMAKE_PREFIX_PATH=${CMAKE_PREFIX_PATH}:/home/emzx/ros2_ws/install/turtlesim_catch_them_all:/home/emzx/ros2_ws/install/pacote_teste:/home/emzx/ros2_ws/install/bumperbot_utils:/home/emzx/ros2_ws/install/bumperbot_py:/opt/ros/jazzy DEBUGINFOD_URLS=https://debuginfod.ubuntu.com /usr/bin/cmake --build /home/emzx/ros2_ws/build/bumperbot_localization -- -j8 -l8
[1.038s] Built target ament_cmake_python_symlink_bumperbot_localization
[1.408s] running egg_info
[1.443s] writing bumperbot_localization.egg-info/PKG-INFO
[1.444s] writing dependency_links to bumperbot_localization.egg-info/dependency_links.txt
[1.444s] writing top-level names to bumperbot_localization.egg-info/top_level.txt
[1.530s] reading manifest file 'bumperbot_localization.egg-info/SOURCES.txt'
[1.531s] writing manifest file 'bumperbot_localization.egg-info/SOURCES.txt'
[1.562s] Built target ament_cmake_python_build_bumperbot_localization_egg
