[0.082s] DEBUG:colcon:Command line arguments: ['/usr/bin/colcon', 'list', '-p', '--base-paths', '/home/pc/Documents/GitHub/HOME', '--log-base', '/dev/null']
[0.082s] DEBUG:colcon:Parsed command line arguments: Namespace(log_base=None, log_level=None, verb_name='list', build_base='build', ignore_user_meta=False, metas=['./colcon.meta'], base_paths=['/home/pc/Documents/GitHub/HOME', '--log-base', '/dev/null'], packages_ignore=None, packages_ignore_regex=None, paths=None, packages_up_to=None, packages_up_to_regex=None, packages_above=None, packages_above_and_dependencies=None, packages_above_depth=None, packages_select_by_dep=None, packages_skip_by_dep=None, packages_skip_up_to=None, packages_select_build_failed=False, packages_skip_build_finished=False, packages_select_test_failures=False, packages_skip_test_passed=False, packages_select=None, packages_skip=None, packages_select_regex=None, packages_skip_regex=None, packages_start=None, packages_end=None, allow_overriding=[], topological_order=False, names_only=False, paths_only=True, topological_graph=False, topological_graph_dot=False, topological_graph_density=False, topological_graph_legend=False, topological_graph_dot_cluster=False, topological_graph_dot_include_skipped=False, verb_parser=<colcon_defaults.argument_parser.defaults.DefaultArgumentsDecorator object at 0x705942e5ce20>, verb_extension=<colcon_package_information.verb.list.ListVerb object at 0x705942f5c910>, main=<bound method ListVerb.main of <colcon_package_information.verb.list.ListVerb object at 0x705942f5c910>>)
[0.201s] Level 1:colcon.colcon_core.package_discovery:discover_packages(colcon_meta) check parameters
[0.201s] Level 1:colcon.colcon_core.package_discovery:discover_packages(recursive) check parameters
[0.202s] Level 1:colcon.colcon_core.package_discovery:discover_packages(ignore) check parameters
[0.202s] Level 1:colcon.colcon_core.package_discovery:discover_packages(path) check parameters
[0.202s] Level 1:colcon.colcon_core.package_discovery:discover_packages(recursive) discover
[0.202s] INFO:colcon.colcon_core.package_discovery:Crawling recursively for packages in '/home/pc/Documents/GitHub/HOME', '/home/pc/Documents/GitHub/HOME/--log-base', '/dev/null'
[0.202s] Level 1:colcon.colcon_core.package_identification:_identify(/home/pc/Documents/GitHub/HOME) by extensions ['ignore', 'ignore_ament_install']
[0.202s] Level 1:colcon.colcon_core.package_identification:_identify(/home/pc/Documents/GitHub/HOME) by extension 'ignore'
[0.202s] Level 1:colcon.colcon_core.package_identification:_identify(/home/pc/Documents/GitHub/HOME) by extension 'ignore_ament_install'
[0.202s] Level 1:colcon.colcon_core.package_identification:_identify(/home/pc/Documents/GitHub/HOME) by extensions ['colcon_pkg']
[0.202s] Level 1:colcon.colcon_core.package_identification:_identify(/home/pc/Documents/GitHub/HOME) by extension 'colcon_pkg'
[0.202s] Level 1:colcon.colcon_core.package_identification:_identify(/home/pc/Documents/GitHub/HOME) by extensions ['colcon_meta']
[0.202s] Level 1:colcon.colcon_core.package_identification:_identify(/home/pc/Documents/GitHub/HOME) by extension 'colcon_meta'
[0.202s] Level 1:colcon.colcon_core.package_identification:_identify(/home/pc/Documents/GitHub/HOME) by extensions ['ros']
[0.202s] Level 1:colcon.colcon_core.package_identification:_identify(/home/pc/Documents/GitHub/HOME) by extension 'ros'
[0.214s] Level 1:colcon.colcon_core.package_identification:_identify(/home/pc/Documents/GitHub/HOME) by extensions ['cmake', 'python']
[0.214s] Level 1:colcon.colcon_core.package_identification:_identify(/home/pc/Documents/GitHub/HOME) by extension 'cmake'
[0.214s] Level 1:colcon.colcon_core.package_identification:_identify(/home/pc/Documents/GitHub/HOME) by extension 'python'
[0.214s] Level 1:colcon.colcon_core.package_identification:_identify(/home/pc/Documents/GitHub/HOME) by extensions ['python_setup_py']
[0.214s] Level 1:colcon.colcon_core.package_identification:_identify(/home/pc/Documents/GitHub/HOME) by extension 'python_setup_py'
[0.214s] Level 1:colcon.colcon_core.package_identification:_identify(/home/pc/Documents/GitHub/HOME/Yolo_trainig) by extensions ['ignore', 'ignore_ament_install']
[0.214s] Level 1:colcon.colcon_core.package_identification:_identify(/home/pc/Documents/GitHub/HOME/Yolo_trainig) by extension 'ignore'
[0.214s] Level 1:colcon.colcon_core.package_identification:_identify(/home/pc/Documents/GitHub/HOME/Yolo_trainig) by extension 'ignore_ament_install'
[0.214s] Level 1:colcon.colcon_core.package_identification:_identify(/home/pc/Documents/GitHub/HOME/Yolo_trainig) by extensions ['colcon_pkg']
[0.214s] Level 1:colcon.colcon_core.package_identification:_identify(/home/pc/Documents/GitHub/HOME/Yolo_trainig) by extension 'colcon_pkg'
[0.214s] Level 1:colcon.colcon_core.package_identification:_identify(/home/pc/Documents/GitHub/HOME/Yolo_trainig) by extensions ['colcon_meta']
[0.214s] Level 1:colcon.colcon_core.package_identification:_identify(/home/pc/Documents/GitHub/HOME/Yolo_trainig) by extension 'colcon_meta'
[0.214s] Level 1:colcon.colcon_core.package_identification:_identify(/home/pc/Documents/GitHub/HOME/Yolo_trainig) by extensions ['ros']
[0.214s] Level 1:colcon.colcon_core.package_identification:_identify(/home/pc/Documents/GitHub/HOME/Yolo_trainig) by extension 'ros'
[0.215s] Level 1:colcon.colcon_core.package_identification:_identify(/home/pc/Documents/GitHub/HOME/Yolo_trainig) by extensions ['cmake', 'python']
[0.215s] Level 1:colcon.colcon_core.package_identification:_identify(/home/pc/Documents/GitHub/HOME/Yolo_trainig) by extension 'cmake'
[0.215s] Level 1:colcon.colcon_core.package_identification:_identify(/home/pc/Documents/GitHub/HOME/Yolo_trainig) by extension 'python'
[0.215s] Level 1:colcon.colcon_core.package_identification:_identify(/home/pc/Documents/GitHub/HOME/Yolo_trainig) by extensions ['python_setup_py']
[0.215s] Level 1:colcon.colcon_core.package_identification:_identify(/home/pc/Documents/GitHub/HOME/Yolo_trainig) by extension 'python_setup_py'
[0.215s] Level 1:colcon.colcon_core.package_identification:_identify(/home/pc/Documents/GitHub/HOME/Yolo_trainig/REMY-1) by extensions ['ignore', 'ignore_ament_install']
[0.215s] Level 1:colcon.colcon_core.package_identification:_identify(/home/pc/Documents/GitHub/HOME/Yolo_trainig/REMY-1) by extension 'ignore'
[0.215s] Level 1:colcon.colcon_core.package_identification:_identify(/home/pc/Documents/GitHub/HOME/Yolo_trainig/REMY-1) by extension 'ignore_ament_install'
[0.215s] Level 1:colcon.colcon_core.package_identification:_identify(/home/pc/Documents/GitHub/HOME/Yolo_trainig/REMY-1) by extensions ['colcon_pkg']
[0.215s] Level 1:colcon.colcon_core.package_identification:_identify(/home/pc/Documents/GitHub/HOME/Yolo_trainig/REMY-1) by extension 'colcon_pkg'
[0.215s] Level 1:colcon.colcon_core.package_identification:_identify(/home/pc/Documents/GitHub/HOME/Yolo_trainig/REMY-1) by extensions ['colcon_meta']
[0.215s] Level 1:colcon.colcon_core.package_identification:_identify(/home/pc/Documents/GitHub/HOME/Yolo_trainig/REMY-1) by extension 'colcon_meta'
[0.215s] Level 1:colcon.colcon_core.package_identification:_identify(/home/pc/Documents/GitHub/HOME/Yolo_trainig/REMY-1) by extensions ['ros']
[0.215s] Level 1:colcon.colcon_core.package_identification:_identify(/home/pc/Documents/GitHub/HOME/Yolo_trainig/REMY-1) by extension 'ros'
[0.215s] Level 1:colcon.colcon_core.package_identification:_identify(/home/pc/Documents/GitHub/HOME/Yolo_trainig/REMY-1) by extensions ['cmake', 'python']
[0.215s] Level 1:colcon.colcon_core.package_identification:_identify(/home/pc/Documents/GitHub/HOME/Yolo_trainig/REMY-1) by extension 'cmake'
[0.215s] Level 1:colcon.colcon_core.package_identification:_identify(/home/pc/Documents/GitHub/HOME/Yolo_trainig/REMY-1) by extension 'python'
[0.215s] Level 1:colcon.colcon_core.package_identification:_identify(/home/pc/Documents/GitHub/HOME/Yolo_trainig/REMY-1) by extensions ['python_setup_py']
[0.216s] Level 1:colcon.colcon_core.package_identification:_identify(/home/pc/Documents/GitHub/HOME/Yolo_trainig/REMY-1) by extension 'python_setup_py'
[0.216s] Level 1:colcon.colcon_core.package_identification:_identify(/home/pc/Documents/GitHub/HOME/Yolo_trainig/REMY-1/train) by extensions ['ignore', 'ignore_ament_install']
[0.216s] Level 1:colcon.colcon_core.package_identification:_identify(/home/pc/Documents/GitHub/HOME/Yolo_trainig/REMY-1/train) by extension 'ignore'
[0.216s] Level 1:colcon.colcon_core.package_identification:_identify(/home/pc/Documents/GitHub/HOME/Yolo_trainig/REMY-1/train) by extension 'ignore_ament_install'
[0.216s] Level 1:colcon.colcon_core.package_identification:_identify(/home/pc/Documents/GitHub/HOME/Yolo_trainig/REMY-1/train) by extensions ['colcon_pkg']
[0.216s] Level 1:colcon.colcon_core.package_identification:_identify(/home/pc/Documents/GitHub/HOME/Yolo_trainig/REMY-1/train) by extension 'colcon_pkg'
[0.216s] Level 1:colcon.colcon_core.package_identification:_identify(/home/pc/Documents/GitHub/HOME/Yolo_trainig/REMY-1/train) by extensions ['colcon_meta']
[0.216s] Level 1:colcon.colcon_core.package_identification:_identify(/home/pc/Documents/GitHub/HOME/Yolo_trainig/REMY-1/train) by extension 'colcon_meta'
[0.216s] Level 1:colcon.colcon_core.package_identification:_identify(/home/pc/Documents/GitHub/HOME/Yolo_trainig/REMY-1/train) by extensions ['ros']
[0.216s] Level 1:colcon.colcon_core.package_identification:_identify(/home/pc/Documents/GitHub/HOME/Yolo_trainig/REMY-1/train) by extension 'ros'
[0.216s] Level 1:colcon.colcon_core.package_identification:_identify(/home/pc/Documents/GitHub/HOME/Yolo_trainig/REMY-1/train) by extensions ['cmake', 'python']
[0.216s] Level 1:colcon.colcon_core.package_identification:_identify(/home/pc/Documents/GitHub/HOME/Yolo_trainig/REMY-1/train) by extension 'cmake'
[0.216s] Level 1:colcon.colcon_core.package_identification:_identify(/home/pc/Documents/GitHub/HOME/Yolo_trainig/REMY-1/train) by extension 'python'
[0.216s] Level 1:colcon.colcon_core.package_identification:_identify(/home/pc/Documents/GitHub/HOME/Yolo_trainig/REMY-1/train) by extensions ['python_setup_py']
[0.216s] Level 1:colcon.colcon_core.package_identification:_identify(/home/pc/Documents/GitHub/HOME/Yolo_trainig/REMY-1/train) by extension 'python_setup_py'
[0.221s] Level 1:colcon.colcon_core.package_identification:_identify(/home/pc/Documents/GitHub/HOME/Yolo_trainig/REMY-1/train/images) by extensions ['ignore', 'ignore_ament_install']
[0.221s] Level 1:colcon.colcon_core.package_identification:_identify(/home/pc/Documents/GitHub/HOME/Yolo_trainig/REMY-1/train/images) by extension 'ignore'
[0.221s] Level 1:colcon.colcon_core.package_identification:_identify(/home/pc/Documents/GitHub/HOME/Yolo_trainig/REMY-1/train/images) by extension 'ignore_ament_install'
[0.221s] Level 1:colcon.colcon_core.package_identification:_identify(/home/pc/Documents/GitHub/HOME/Yolo_trainig/REMY-1/train/images) by extensions ['colcon_pkg']
[0.221s] Level 1:colcon.colcon_core.package_identification:_identify(/home/pc/Documents/GitHub/HOME/Yolo_trainig/REMY-1/train/images) by extension 'colcon_pkg'
[0.221s] Level 1:colcon.colcon_core.package_identification:_identify(/home/pc/Documents/GitHub/HOME/Yolo_trainig/REMY-1/train/images) by extensions ['colcon_meta']
[0.221s] Level 1:colcon.colcon_core.package_identification:_identify(/home/pc/Documents/GitHub/HOME/Yolo_trainig/REMY-1/train/images) by extension 'colcon_meta'
[0.221s] Level 1:colcon.colcon_core.package_identification:_identify(/home/pc/Documents/GitHub/HOME/Yolo_trainig/REMY-1/train/images) by extensions ['ros']
[0.221s] Level 1:colcon.colcon_core.package_identification:_identify(/home/pc/Documents/GitHub/HOME/Yolo_trainig/REMY-1/train/images) by extension 'ros'
[0.221s] Level 1:colcon.colcon_core.package_identification:_identify(/home/pc/Documents/GitHub/HOME/Yolo_trainig/REMY-1/train/images) by extensions ['cmake', 'python']
[0.221s] Level 1:colcon.colcon_core.package_identification:_identify(/home/pc/Documents/GitHub/HOME/Yolo_trainig/REMY-1/train/images) by extension 'cmake'
[0.222s] Level 1:colcon.colcon_core.package_identification:_identify(/home/pc/Documents/GitHub/HOME/Yolo_trainig/REMY-1/train/images) by extension 'python'
[0.222s] Level 1:colcon.colcon_core.package_identification:_identify(/home/pc/Documents/GitHub/HOME/Yolo_trainig/REMY-1/train/images) by extensions ['python_setup_py']
[0.222s] Level 1:colcon.colcon_core.package_identification:_identify(/home/pc/Documents/GitHub/HOME/Yolo_trainig/REMY-1/train/images) by extension 'python_setup_py'
[0.222s] Level 1:colcon.colcon_core.package_identification:_identify(/home/pc/Documents/GitHub/HOME/Yolo_trainig/runs) by extensions ['ignore', 'ignore_ament_install']
[0.222s] Level 1:colcon.colcon_core.package_identification:_identify(/home/pc/Documents/GitHub/HOME/Yolo_trainig/runs) by extension 'ignore'
[0.222s] Level 1:colcon.colcon_core.package_identification:_identify(/home/pc/Documents/GitHub/HOME/Yolo_trainig/runs) by extension 'ignore_ament_install'
[0.222s] Level 1:colcon.colcon_core.package_identification:_identify(/home/pc/Documents/GitHub/HOME/Yolo_trainig/runs) by extensions ['colcon_pkg']
[0.222s] Level 1:colcon.colcon_core.package_identification:_identify(/home/pc/Documents/GitHub/HOME/Yolo_trainig/runs) by extension 'colcon_pkg'
[0.222s] Level 1:colcon.colcon_core.package_identification:_identify(/home/pc/Documents/GitHub/HOME/Yolo_trainig/runs) by extensions ['colcon_meta']
[0.222s] Level 1:colcon.colcon_core.package_identification:_identify(/home/pc/Documents/GitHub/HOME/Yolo_trainig/runs) by extension 'colcon_meta'
[0.222s] Level 1:colcon.colcon_core.package_identification:_identify(/home/pc/Documents/GitHub/HOME/Yolo_trainig/runs) by extensions ['ros']
[0.222s] Level 1:colcon.colcon_core.package_identification:_identify(/home/pc/Documents/GitHub/HOME/Yolo_trainig/runs) by extension 'ros'
[0.222s] Level 1:colcon.colcon_core.package_identification:_identify(/home/pc/Documents/GitHub/HOME/Yolo_trainig/runs) by extensions ['cmake', 'python']
[0.222s] Level 1:colcon.colcon_core.package_identification:_identify(/home/pc/Documents/GitHub/HOME/Yolo_trainig/runs) by extension 'cmake'
[0.222s] Level 1:colcon.colcon_core.package_identification:_identify(/home/pc/Documents/GitHub/HOME/Yolo_trainig/runs) by extension 'python'
[0.222s] Level 1:colcon.colcon_core.package_identification:_identify(/home/pc/Documents/GitHub/HOME/Yolo_trainig/runs) by extensions ['python_setup_py']
[0.222s] Level 1:colcon.colcon_core.package_identification:_identify(/home/pc/Documents/GitHub/HOME/Yolo_trainig/runs) by extension 'python_setup_py'
[0.223s] Level 1:colcon.colcon_core.package_identification:_identify(/home/pc/Documents/GitHub/HOME/Yolo_trainig/runs/detect) by extensions ['ignore', 'ignore_ament_install']
[0.223s] Level 1:colcon.colcon_core.package_identification:_identify(/home/pc/Documents/GitHub/HOME/Yolo_trainig/runs/detect) by extension 'ignore'
[0.223s] Level 1:colcon.colcon_core.package_identification:_identify(/home/pc/Documents/GitHub/HOME/Yolo_trainig/runs/detect) by extension 'ignore_ament_install'
[0.223s] Level 1:colcon.colcon_core.package_identification:_identify(/home/pc/Documents/GitHub/HOME/Yolo_trainig/runs/detect) by extensions ['colcon_pkg']
[0.223s] Level 1:colcon.colcon_core.package_identification:_identify(/home/pc/Documents/GitHub/HOME/Yolo_trainig/runs/detect) by extension 'colcon_pkg'
[0.223s] Level 1:colcon.colcon_core.package_identification:_identify(/home/pc/Documents/GitHub/HOME/Yolo_trainig/runs/detect) by extensions ['colcon_meta']
[0.223s] Level 1:colcon.colcon_core.package_identification:_identify(/home/pc/Documents/GitHub/HOME/Yolo_trainig/runs/detect) by extension 'colcon_meta'
[0.223s] Level 1:colcon.colcon_core.package_identification:_identify(/home/pc/Documents/GitHub/HOME/Yolo_trainig/runs/detect) by extensions ['ros']
[0.223s] Level 1:colcon.colcon_core.package_identification:_identify(/home/pc/Documents/GitHub/HOME/Yolo_trainig/runs/detect) by extension 'ros'
[0.223s] Level 1:colcon.colcon_core.package_identification:_identify(/home/pc/Documents/GitHub/HOME/Yolo_trainig/runs/detect) by extensions ['cmake', 'python']
[0.223s] Level 1:colcon.colcon_core.package_identification:_identify(/home/pc/Documents/GitHub/HOME/Yolo_trainig/runs/detect) by extension 'cmake'
[0.223s] Level 1:colcon.colcon_core.package_identification:_identify(/home/pc/Documents/GitHub/HOME/Yolo_trainig/runs/detect) by extension 'python'
[0.223s] Level 1:colcon.colcon_core.package_identification:_identify(/home/pc/Documents/GitHub/HOME/Yolo_trainig/runs/detect) by extensions ['python_setup_py']
[0.223s] Level 1:colcon.colcon_core.package_identification:_identify(/home/pc/Documents/GitHub/HOME/Yolo_trainig/runs/detect) by extension 'python_setup_py'
[0.223s] Level 1:colcon.colcon_core.package_identification:_identify(/home/pc/Documents/GitHub/HOME/Yolo_trainig/runs/detect/treinada (falta bandeja)) by extensions ['ignore', 'ignore_ament_install']
[0.223s] Level 1:colcon.colcon_core.package_identification:_identify(/home/pc/Documents/GitHub/HOME/Yolo_trainig/runs/detect/treinada (falta bandeja)) by extension 'ignore'
[0.224s] Level 1:colcon.colcon_core.package_identification:_identify(/home/pc/Documents/GitHub/HOME/Yolo_trainig/runs/detect/treinada (falta bandeja)) by extension 'ignore_ament_install'
[0.224s] Level 1:colcon.colcon_core.package_identification:_identify(/home/pc/Documents/GitHub/HOME/Yolo_trainig/runs/detect/treinada (falta bandeja)) by extensions ['colcon_pkg']
[0.224s] Level 1:colcon.colcon_core.package_identification:_identify(/home/pc/Documents/GitHub/HOME/Yolo_trainig/runs/detect/treinada (falta bandeja)) by extension 'colcon_pkg'
[0.224s] Level 1:colcon.colcon_core.package_identification:_identify(/home/pc/Documents/GitHub/HOME/Yolo_trainig/runs/detect/treinada (falta bandeja)) by extensions ['colcon_meta']
[0.224s] Level 1:colcon.colcon_core.package_identification:_identify(/home/pc/Documents/GitHub/HOME/Yolo_trainig/runs/detect/treinada (falta bandeja)) by extension 'colcon_meta'
[0.224s] Level 1:colcon.colcon_core.package_identification:_identify(/home/pc/Documents/GitHub/HOME/Yolo_trainig/runs/detect/treinada (falta bandeja)) by extensions ['ros']
[0.224s] Level 1:colcon.colcon_core.package_identification:_identify(/home/pc/Documents/GitHub/HOME/Yolo_trainig/runs/detect/treinada (falta bandeja)) by extension 'ros'
[0.224s] Level 1:colcon.colcon_core.package_identification:_identify(/home/pc/Documents/GitHub/HOME/Yolo_trainig/runs/detect/treinada (falta bandeja)) by extensions ['cmake', 'python']
[0.224s] Level 1:colcon.colcon_core.package_identification:_identify(/home/pc/Documents/GitHub/HOME/Yolo_trainig/runs/detect/treinada (falta bandeja)) by extension 'cmake'
[0.224s] Level 1:colcon.colcon_core.package_identification:_identify(/home/pc/Documents/GitHub/HOME/Yolo_trainig/runs/detect/treinada (falta bandeja)) by extension 'python'
[0.224s] Level 1:colcon.colcon_core.package_identification:_identify(/home/pc/Documents/GitHub/HOME/Yolo_trainig/runs/detect/treinada (falta bandeja)) by extensions ['python_setup_py']
[0.224s] Level 1:colcon.colcon_core.package_identification:_identify(/home/pc/Documents/GitHub/HOME/Yolo_trainig/runs/detect/treinada (falta bandeja)) by extension 'python_setup_py'
[0.224s] Level 1:colcon.colcon_core.package_identification:_identify(/home/pc/Documents/GitHub/HOME/Yolo_trainig/runs/detect/treinada (falta bandeja)/weights) by extensions ['ignore', 'ignore_ament_install']
[0.224s] Level 1:colcon.colcon_core.package_identification:_identify(/home/pc/Documents/GitHub/HOME/Yolo_trainig/runs/detect/treinada (falta bandeja)/weights) by extension 'ignore'
[0.224s] Level 1:colcon.colcon_core.package_identification:_identify(/home/pc/Documents/GitHub/HOME/Yolo_trainig/runs/detect/treinada (falta bandeja)/weights) by extension 'ignore_ament_install'
[0.224s] Level 1:colcon.colcon_core.package_identification:_identify(/home/pc/Documents/GitHub/HOME/Yolo_trainig/runs/detect/treinada (falta bandeja)/weights) by extensions ['colcon_pkg']
[0.224s] Level 1:colcon.colcon_core.package_identification:_identify(/home/pc/Documents/GitHub/HOME/Yolo_trainig/runs/detect/treinada (falta bandeja)/weights) by extension 'colcon_pkg'
[0.224s] Level 1:colcon.colcon_core.package_identification:_identify(/home/pc/Documents/GitHub/HOME/Yolo_trainig/runs/detect/treinada (falta bandeja)/weights) by extensions ['colcon_meta']
[0.224s] Level 1:colcon.colcon_core.package_identification:_identify(/home/pc/Documents/GitHub/HOME/Yolo_trainig/runs/detect/treinada (falta bandeja)/weights) by extension 'colcon_meta'
[0.225s] Level 1:colcon.colcon_core.package_identification:_identify(/home/pc/Documents/GitHub/HOME/Yolo_trainig/runs/detect/treinada (falta bandeja)/weights) by extensions ['ros']
[0.225s] Level 1:colcon.colcon_core.package_identification:_identify(/home/pc/Documents/GitHub/HOME/Yolo_trainig/runs/detect/treinada (falta bandeja)/weights) by extension 'ros'
[0.225s] Level 1:colcon.colcon_core.package_identification:_identify(/home/pc/Documents/GitHub/HOME/Yolo_trainig/runs/detect/treinada (falta bandeja)/weights) by extensions ['cmake', 'python']
[0.225s] Level 1:colcon.colcon_core.package_identification:_identify(/home/pc/Documents/GitHub/HOME/Yolo_trainig/runs/detect/treinada (falta bandeja)/weights) by extension 'cmake'
[0.225s] Level 1:colcon.colcon_core.package_identification:_identify(/home/pc/Documents/GitHub/HOME/Yolo_trainig/runs/detect/treinada (falta bandeja)/weights) by extension 'python'
[0.225s] Level 1:colcon.colcon_core.package_identification:_identify(/home/pc/Documents/GitHub/HOME/Yolo_trainig/runs/detect/treinada (falta bandeja)/weights) by extensions ['python_setup_py']
[0.225s] Level 1:colcon.colcon_core.package_identification:_identify(/home/pc/Documents/GitHub/HOME/Yolo_trainig/runs/detect/treinada (falta bandeja)/weights) by extension 'python_setup_py'
[0.225s] Level 1:colcon.colcon_core.package_identification:_identify(/home/pc/Documents/GitHub/HOME/Yolo_trainig/runs/detect/treinada (falta bandeja)6) by extensions ['ignore', 'ignore_ament_install']
[0.225s] Level 1:colcon.colcon_core.package_identification:_identify(/home/pc/Documents/GitHub/HOME/Yolo_trainig/runs/detect/treinada (falta bandeja)6) by extension 'ignore'
[0.225s] Level 1:colcon.colcon_core.package_identification:_identify(/home/pc/Documents/GitHub/HOME/Yolo_trainig/runs/detect/treinada (falta bandeja)6) by extension 'ignore_ament_install'
[0.225s] Level 1:colcon.colcon_core.package_identification:_identify(/home/pc/Documents/GitHub/HOME/Yolo_trainig/runs/detect/treinada (falta bandeja)6) by extensions ['colcon_pkg']
[0.225s] Level 1:colcon.colcon_core.package_identification:_identify(/home/pc/Documents/GitHub/HOME/Yolo_trainig/runs/detect/treinada (falta bandeja)6) by extension 'colcon_pkg'
[0.225s] Level 1:colcon.colcon_core.package_identification:_identify(/home/pc/Documents/GitHub/HOME/Yolo_trainig/runs/detect/treinada (falta bandeja)6) by extensions ['colcon_meta']
[0.225s] Level 1:colcon.colcon_core.package_identification:_identify(/home/pc/Documents/GitHub/HOME/Yolo_trainig/runs/detect/treinada (falta bandeja)6) by extension 'colcon_meta'
[0.225s] Level 1:colcon.colcon_core.package_identification:_identify(/home/pc/Documents/GitHub/HOME/Yolo_trainig/runs/detect/treinada (falta bandeja)6) by extensions ['ros']
[0.225s] Level 1:colcon.colcon_core.package_identification:_identify(/home/pc/Documents/GitHub/HOME/Yolo_trainig/runs/detect/treinada (falta bandeja)6) by extension 'ros'
[0.225s] Level 1:colcon.colcon_core.package_identification:_identify(/home/pc/Documents/GitHub/HOME/Yolo_trainig/runs/detect/treinada (falta bandeja)6) by extensions ['cmake', 'python']
[0.226s] Level 1:colcon.colcon_core.package_identification:_identify(/home/pc/Documents/GitHub/HOME/Yolo_trainig/runs/detect/treinada (falta bandeja)6) by extension 'cmake'
[0.226s] Level 1:colcon.colcon_core.package_identification:_identify(/home/pc/Documents/GitHub/HOME/Yolo_trainig/runs/detect/treinada (falta bandeja)6) by extension 'python'
[0.226s] Level 1:colcon.colcon_core.package_identification:_identify(/home/pc/Documents/GitHub/HOME/Yolo_trainig/runs/detect/treinada (falta bandeja)6) by extensions ['python_setup_py']
[0.226s] Level 1:colcon.colcon_core.package_identification:_identify(/home/pc/Documents/GitHub/HOME/Yolo_trainig/runs/detect/treinada (falta bandeja)6) by extension 'python_setup_py'
[0.226s] Level 1:colcon.colcon_core.package_identification:_identify(/home/pc/Documents/GitHub/HOME/Yolo_trainig/runs/detect/treinada (falta bandeja)6/weights) by extensions ['ignore', 'ignore_ament_install']
[0.226s] Level 1:colcon.colcon_core.package_identification:_identify(/home/pc/Documents/GitHub/HOME/Yolo_trainig/runs/detect/treinada (falta bandeja)6/weights) by extension 'ignore'
[0.226s] Level 1:colcon.colcon_core.package_identification:_identify(/home/pc/Documents/GitHub/HOME/Yolo_trainig/runs/detect/treinada (falta bandeja)6/weights) by extension 'ignore_ament_install'
[0.226s] Level 1:colcon.colcon_core.package_identification:_identify(/home/pc/Documents/GitHub/HOME/Yolo_trainig/runs/detect/treinada (falta bandeja)6/weights) by extensions ['colcon_pkg']
[0.226s] Level 1:colcon.colcon_core.package_identification:_identify(/home/pc/Documents/GitHub/HOME/Yolo_trainig/runs/detect/treinada (falta bandeja)6/weights) by extension 'colcon_pkg'
[0.226s] Level 1:colcon.colcon_core.package_identification:_identify(/home/pc/Documents/GitHub/HOME/Yolo_trainig/runs/detect/treinada (falta bandeja)6/weights) by extensions ['colcon_meta']
[0.226s] Level 1:colcon.colcon_core.package_identification:_identify(/home/pc/Documents/GitHub/HOME/Yolo_trainig/runs/detect/treinada (falta bandeja)6/weights) by extension 'colcon_meta'
[0.226s] Level 1:colcon.colcon_core.package_identification:_identify(/home/pc/Documents/GitHub/HOME/Yolo_trainig/runs/detect/treinada (falta bandeja)6/weights) by extensions ['ros']
[0.226s] Level 1:colcon.colcon_core.package_identification:_identify(/home/pc/Documents/GitHub/HOME/Yolo_trainig/runs/detect/treinada (falta bandeja)6/weights) by extension 'ros'
[0.226s] Level 1:colcon.colcon_core.package_identification:_identify(/home/pc/Documents/GitHub/HOME/Yolo_trainig/runs/detect/treinada (falta bandeja)6/weights) by extensions ['cmake', 'python']
[0.226s] Level 1:colcon.colcon_core.package_identification:_identify(/home/pc/Documents/GitHub/HOME/Yolo_trainig/runs/detect/treinada (falta bandeja)6/weights) by extension 'cmake'
[0.226s] Level 1:colcon.colcon_core.package_identification:_identify(/home/pc/Documents/GitHub/HOME/Yolo_trainig/runs/detect/treinada (falta bandeja)6/weights) by extension 'python'
[0.226s] Level 1:colcon.colcon_core.package_identification:_identify(/home/pc/Documents/GitHub/HOME/Yolo_trainig/runs/detect/treinada (falta bandeja)6/weights) by extensions ['python_setup_py']
[0.226s] Level 1:colcon.colcon_core.package_identification:_identify(/home/pc/Documents/GitHub/HOME/Yolo_trainig/runs/detect/treinada (falta bandeja)6/weights) by extension 'python_setup_py'
[0.226s] Level 1:colcon.colcon_core.package_identification:_identify(/home/pc/Documents/GitHub/HOME/audio) by extensions ['ignore', 'ignore_ament_install']
[0.226s] Level 1:colcon.colcon_core.package_identification:_identify(/home/pc/Documents/GitHub/HOME/audio) by extension 'ignore'
[0.226s] Level 1:colcon.colcon_core.package_identification:_identify(/home/pc/Documents/GitHub/HOME/audio) by extension 'ignore_ament_install'
[0.227s] Level 1:colcon.colcon_core.package_identification:_identify(/home/pc/Documents/GitHub/HOME/audio) by extensions ['colcon_pkg']
[0.227s] Level 1:colcon.colcon_core.package_identification:_identify(/home/pc/Documents/GitHub/HOME/audio) by extension 'colcon_pkg'
[0.227s] Level 1:colcon.colcon_core.package_identification:_identify(/home/pc/Documents/GitHub/HOME/audio) by extensions ['colcon_meta']
[0.227s] Level 1:colcon.colcon_core.package_identification:_identify(/home/pc/Documents/GitHub/HOME/audio) by extension 'colcon_meta'
[0.227s] Level 1:colcon.colcon_core.package_identification:_identify(/home/pc/Documents/GitHub/HOME/audio) by extensions ['ros']
[0.227s] Level 1:colcon.colcon_core.package_identification:_identify(/home/pc/Documents/GitHub/HOME/audio) by extension 'ros'
[0.227s] Level 1:colcon.colcon_core.package_identification:_identify(/home/pc/Documents/GitHub/HOME/audio) by extensions ['cmake', 'python']
[0.227s] Level 1:colcon.colcon_core.package_identification:_identify(/home/pc/Documents/GitHub/HOME/audio) by extension 'cmake'
[0.227s] Level 1:colcon.colcon_core.package_identification:_identify(/home/pc/Documents/GitHub/HOME/audio) by extension 'python'
[0.227s] Level 1:colcon.colcon_core.package_identification:_identify(/home/pc/Documents/GitHub/HOME/audio) by extensions ['python_setup_py']
[0.227s] Level 1:colcon.colcon_core.package_identification:_identify(/home/pc/Documents/GitHub/HOME/audio) by extension 'python_setup_py'
[0.227s] Level 1:colcon.colcon_core.package_identification:_identify(/home/pc/Documents/GitHub/HOME/log) by extensions ['ignore', 'ignore_ament_install']
[0.227s] Level 1:colcon.colcon_core.package_identification:_identify(/home/pc/Documents/GitHub/HOME/log) by extension 'ignore'
[0.227s] Level 1:colcon.colcon_core.package_identification:_identify(/home/pc/Documents/GitHub/HOME/log) ignored
[0.227s] Level 1:colcon.colcon_core.package_identification:_identify(/home/pc/Documents/GitHub/HOME/mudancas_testar) by extensions ['ignore', 'ignore_ament_install']
[0.227s] Level 1:colcon.colcon_core.package_identification:_identify(/home/pc/Documents/GitHub/HOME/mudancas_testar) by extension 'ignore'
[0.227s] Level 1:colcon.colcon_core.package_identification:_identify(/home/pc/Documents/GitHub/HOME/mudancas_testar) by extension 'ignore_ament_install'
[0.227s] Level 1:colcon.colcon_core.package_identification:_identify(/home/pc/Documents/GitHub/HOME/mudancas_testar) by extensions ['colcon_pkg']
[0.227s] Level 1:colcon.colcon_core.package_identification:_identify(/home/pc/Documents/GitHub/HOME/mudancas_testar) by extension 'colcon_pkg'
[0.227s] Level 1:colcon.colcon_core.package_identification:_identify(/home/pc/Documents/GitHub/HOME/mudancas_testar) by extensions ['colcon_meta']
[0.227s] Level 1:colcon.colcon_core.package_identification:_identify(/home/pc/Documents/GitHub/HOME/mudancas_testar) by extension 'colcon_meta'
[0.227s] Level 1:colcon.colcon_core.package_identification:_identify(/home/pc/Documents/GitHub/HOME/mudancas_testar) by extensions ['ros']
[0.227s] Level 1:colcon.colcon_core.package_identification:_identify(/home/pc/Documents/GitHub/HOME/mudancas_testar) by extension 'ros'
[0.227s] Level 1:colcon.colcon_core.package_identification:_identify(/home/pc/Documents/GitHub/HOME/mudancas_testar) by extensions ['cmake', 'python']
[0.227s] Level 1:colcon.colcon_core.package_identification:_identify(/home/pc/Documents/GitHub/HOME/mudancas_testar) by extension 'cmake'
[0.227s] Level 1:colcon.colcon_core.package_identification:_identify(/home/pc/Documents/GitHub/HOME/mudancas_testar) by extension 'python'
[0.227s] Level 1:colcon.colcon_core.package_identification:_identify(/home/pc/Documents/GitHub/HOME/mudancas_testar) by extensions ['python_setup_py']
[0.227s] Level 1:colcon.colcon_core.package_identification:_identify(/home/pc/Documents/GitHub/HOME/mudancas_testar) by extension 'python_setup_py'
[0.227s] Level 1:colcon.colcon_core.package_identification:_identify(/home/pc/Documents/GitHub/HOME/mudancas_testar/opcao1) by extensions ['ignore', 'ignore_ament_install']
[0.228s] Level 1:colcon.colcon_core.package_identification:_identify(/home/pc/Documents/GitHub/HOME/mudancas_testar/opcao1) by extension 'ignore'
[0.228s] Level 1:colcon.colcon_core.package_identification:_identify(/home/pc/Documents/GitHub/HOME/mudancas_testar/opcao1) by extension 'ignore_ament_install'
[0.228s] Level 1:colcon.colcon_core.package_identification:_identify(/home/pc/Documents/GitHub/HOME/mudancas_testar/opcao1) by extensions ['colcon_pkg']
[0.228s] Level 1:colcon.colcon_core.package_identification:_identify(/home/pc/Documents/GitHub/HOME/mudancas_testar/opcao1) by extension 'colcon_pkg'
[0.228s] Level 1:colcon.colcon_core.package_identification:_identify(/home/pc/Documents/GitHub/HOME/mudancas_testar/opcao1) by extensions ['colcon_meta']
[0.228s] Level 1:colcon.colcon_core.package_identification:_identify(/home/pc/Documents/GitHub/HOME/mudancas_testar/opcao1) by extension 'colcon_meta'
[0.228s] Level 1:colcon.colcon_core.package_identification:_identify(/home/pc/Documents/GitHub/HOME/mudancas_testar/opcao1) by extensions ['ros']
[0.228s] Level 1:colcon.colcon_core.package_identification:_identify(/home/pc/Documents/GitHub/HOME/mudancas_testar/opcao1) by extension 'ros'
[0.228s] Level 1:colcon.colcon_core.package_identification:_identify(/home/pc/Documents/GitHub/HOME/mudancas_testar/opcao1) by extensions ['cmake', 'python']
[0.228s] Level 1:colcon.colcon_core.package_identification:_identify(/home/pc/Documents/GitHub/HOME/mudancas_testar/opcao1) by extension 'cmake'
[0.228s] Level 1:colcon.colcon_core.package_identification:_identify(/home/pc/Documents/GitHub/HOME/mudancas_testar/opcao1) by extension 'python'
[0.228s] Level 1:colcon.colcon_core.package_identification:_identify(/home/pc/Documents/GitHub/HOME/mudancas_testar/opcao1) by extensions ['python_setup_py']
[0.228s] Level 1:colcon.colcon_core.package_identification:_identify(/home/pc/Documents/GitHub/HOME/mudancas_testar/opcao1) by extension 'python_setup_py'
[0.228s] Level 1:colcon.colcon_core.package_identification:_identify(/home/pc/Documents/GitHub/HOME/mudancas_testar/opcao_2) by extensions ['ignore', 'ignore_ament_install']
[0.228s] Level 1:colcon.colcon_core.package_identification:_identify(/home/pc/Documents/GitHub/HOME/mudancas_testar/opcao_2) by extension 'ignore'
[0.228s] Level 1:colcon.colcon_core.package_identification:_identify(/home/pc/Documents/GitHub/HOME/mudancas_testar/opcao_2) by extension 'ignore_ament_install'
[0.228s] Level 1:colcon.colcon_core.package_identification:_identify(/home/pc/Documents/GitHub/HOME/mudancas_testar/opcao_2) by extensions ['colcon_pkg']
[0.228s] Level 1:colcon.colcon_core.package_identification:_identify(/home/pc/Documents/GitHub/HOME/mudancas_testar/opcao_2) by extension 'colcon_pkg'
[0.228s] Level 1:colcon.colcon_core.package_identification:_identify(/home/pc/Documents/GitHub/HOME/mudancas_testar/opcao_2) by extensions ['colcon_meta']
[0.228s] Level 1:colcon.colcon_core.package_identification:_identify(/home/pc/Documents/GitHub/HOME/mudancas_testar/opcao_2) by extension 'colcon_meta'
[0.228s] Level 1:colcon.colcon_core.package_identification:_identify(/home/pc/Documents/GitHub/HOME/mudancas_testar/opcao_2) by extensions ['ros']
[0.228s] Level 1:colcon.colcon_core.package_identification:_identify(/home/pc/Documents/GitHub/HOME/mudancas_testar/opcao_2) by extension 'ros'
[0.228s] Level 1:colcon.colcon_core.package_identification:_identify(/home/pc/Documents/GitHub/HOME/mudancas_testar/opcao_2) by extensions ['cmake', 'python']
[0.228s] Level 1:colcon.colcon_core.package_identification:_identify(/home/pc/Documents/GitHub/HOME/mudancas_testar/opcao_2) by extension 'cmake'
[0.228s] Level 1:colcon.colcon_core.package_identification:_identify(/home/pc/Documents/GitHub/HOME/mudancas_testar/opcao_2) by extension 'python'
[0.228s] Level 1:colcon.colcon_core.package_identification:_identify(/home/pc/Documents/GitHub/HOME/mudancas_testar/opcao_2) by extensions ['python_setup_py']
[0.228s] Level 1:colcon.colcon_core.package_identification:_identify(/home/pc/Documents/GitHub/HOME/mudancas_testar/opcao_2) by extension 'python_setup_py'
[0.228s] Level 1:colcon.colcon_core.package_identification:_identify(/home/pc/Documents/GitHub/HOME/src) by extensions ['ignore', 'ignore_ament_install']
[0.228s] Level 1:colcon.colcon_core.package_identification:_identify(/home/pc/Documents/GitHub/HOME/src) by extension 'ignore'
[0.228s] Level 1:colcon.colcon_core.package_identification:_identify(/home/pc/Documents/GitHub/HOME/src) by extension 'ignore_ament_install'
[0.228s] Level 1:colcon.colcon_core.package_identification:_identify(/home/pc/Documents/GitHub/HOME/src) by extensions ['colcon_pkg']
[0.228s] Level 1:colcon.colcon_core.package_identification:_identify(/home/pc/Documents/GitHub/HOME/src) by extension 'colcon_pkg'
[0.228s] Level 1:colcon.colcon_core.package_identification:_identify(/home/pc/Documents/GitHub/HOME/src) by extensions ['colcon_meta']
[0.229s] Level 1:colcon.colcon_core.package_identification:_identify(/home/pc/Documents/GitHub/HOME/src) by extension 'colcon_meta'
[0.229s] Level 1:colcon.colcon_core.package_identification:_identify(/home/pc/Documents/GitHub/HOME/src) by extensions ['ros']
[0.229s] Level 1:colcon.colcon_core.package_identification:_identify(/home/pc/Documents/GitHub/HOME/src) by extension 'ros'
[0.229s] Level 1:colcon.colcon_core.package_identification:_identify(/home/pc/Documents/GitHub/HOME/src) by extensions ['cmake', 'python']
[0.229s] Level 1:colcon.colcon_core.package_identification:_identify(/home/pc/Documents/GitHub/HOME/src) by extension 'cmake'
[0.229s] Level 1:colcon.colcon_core.package_identification:_identify(/home/pc/Documents/GitHub/HOME/src) by extension 'python'
[0.229s] Level 1:colcon.colcon_core.package_identification:_identify(/home/pc/Documents/GitHub/HOME/src) by extensions ['python_setup_py']
[0.229s] Level 1:colcon.colcon_core.package_identification:_identify(/home/pc/Documents/GitHub/HOME/src) by extension 'python_setup_py'
[0.229s] Level 1:colcon.colcon_core.package_identification:_identify(/home/pc/Documents/GitHub/HOME/src/build) by extensions ['ignore', 'ignore_ament_install']
[0.229s] Level 1:colcon.colcon_core.package_identification:_identify(/home/pc/Documents/GitHub/HOME/src/build) by extension 'ignore'
[0.229s] Level 1:colcon.colcon_core.package_identification:_identify(/home/pc/Documents/GitHub/HOME/src/build) ignored
[0.229s] Level 1:colcon.colcon_core.package_identification:_identify(/home/pc/Documents/GitHub/HOME/src/bumperbot_bringup) by extensions ['ignore', 'ignore_ament_install']
[0.229s] Level 1:colcon.colcon_core.package_identification:_identify(/home/pc/Documents/GitHub/HOME/src/bumperbot_bringup) by extension 'ignore'
[0.229s] Level 1:colcon.colcon_core.package_identification:_identify(/home/pc/Documents/GitHub/HOME/src/bumperbot_bringup) by extension 'ignore_ament_install'
[0.229s] Level 1:colcon.colcon_core.package_identification:_identify(/home/pc/Documents/GitHub/HOME/src/bumperbot_bringup) by extensions ['colcon_pkg']
[0.229s] Level 1:colcon.colcon_core.package_identification:_identify(/home/pc/Documents/GitHub/HOME/src/bumperbot_bringup) by extension 'colcon_pkg'
[0.229s] Level 1:colcon.colcon_core.package_identification:_identify(/home/pc/Documents/GitHub/HOME/src/bumperbot_bringup) by extensions ['colcon_meta']
[0.229s] Level 1:colcon.colcon_core.package_identification:_identify(/home/pc/Documents/GitHub/HOME/src/bumperbot_bringup) by extension 'colcon_meta'
[0.229s] Level 1:colcon.colcon_core.package_identification:_identify(/home/pc/Documents/GitHub/HOME/src/bumperbot_bringup) by extensions ['ros']
[0.229s] Level 1:colcon.colcon_core.package_identification:_identify(/home/pc/Documents/GitHub/HOME/src/bumperbot_bringup) by extension 'ros'
[0.231s] DEBUG:colcon.colcon_core.package_identification:Package '/home/pc/Documents/GitHub/HOME/src/bumperbot_bringup' with type 'ros.ament_cmake' and name 'bumperbot_bringup'
[0.231s] Level 1:colcon.colcon_core.package_identification:_identify(/home/pc/Documents/GitHub/HOME/src/bumperbot_controller) by extensions ['ignore', 'ignore_ament_install']
[0.231s] Level 1:colcon.colcon_core.package_identification:_identify(/home/pc/Documents/GitHub/HOME/src/bumperbot_controller) by extension 'ignore'
[0.231s] Level 1:colcon.colcon_core.package_identification:_identify(/home/pc/Documents/GitHub/HOME/src/bumperbot_controller) by extension 'ignore_ament_install'
[0.231s] Level 1:colcon.colcon_core.package_identification:_identify(/home/pc/Documents/GitHub/HOME/src/bumperbot_controller) by extensions ['colcon_pkg']
[0.231s] Level 1:colcon.colcon_core.package_identification:_identify(/home/pc/Documents/GitHub/HOME/src/bumperbot_controller) by extension 'colcon_pkg'
[0.231s] Level 1:colcon.colcon_core.package_identification:_identify(/home/pc/Documents/GitHub/HOME/src/bumperbot_controller) by extensions ['colcon_meta']
[0.231s] Level 1:colcon.colcon_core.package_identification:_identify(/home/pc/Documents/GitHub/HOME/src/bumperbot_controller) by extension 'colcon_meta'
[0.231s] Level 1:colcon.colcon_core.package_identification:_identify(/home/pc/Documents/GitHub/HOME/src/bumperbot_controller) by extensions ['ros']
[0.231s] Level 1:colcon.colcon_core.package_identification:_identify(/home/pc/Documents/GitHub/HOME/src/bumperbot_controller) by extension 'ros'
[0.232s] DEBUG:colcon.colcon_core.package_identification:Package '/home/pc/Documents/GitHub/HOME/src/bumperbot_controller' with type 'ros.ament_cmake' and name 'bumperbot_controller'
[0.232s] Level 1:colcon.colcon_core.package_identification:_identify(/home/pc/Documents/GitHub/HOME/src/bumperbot_description) by extensions ['ignore', 'ignore_ament_install']
[0.232s] Level 1:colcon.colcon_core.package_identification:_identify(/home/pc/Documents/GitHub/HOME/src/bumperbot_description) by extension 'ignore'
[0.232s] Level 1:colcon.colcon_core.package_identification:_identify(/home/pc/Documents/GitHub/HOME/src/bumperbot_description) by extension 'ignore_ament_install'
[0.232s] Level 1:colcon.colcon_core.package_identification:_identify(/home/pc/Documents/GitHub/HOME/src/bumperbot_description) by extensions ['colcon_pkg']
[0.232s] Level 1:colcon.colcon_core.package_identification:_identify(/home/pc/Documents/GitHub/HOME/src/bumperbot_description) by extension 'colcon_pkg'
[0.232s] Level 1:colcon.colcon_core.package_identification:_identify(/home/pc/Documents/GitHub/HOME/src/bumperbot_description) by extensions ['colcon_meta']
[0.232s] Level 1:colcon.colcon_core.package_identification:_identify(/home/pc/Documents/GitHub/HOME/src/bumperbot_description) by extension 'colcon_meta'
[0.232s] Level 1:colcon.colcon_core.package_identification:_identify(/home/pc/Documents/GitHub/HOME/src/bumperbot_description) by extensions ['ros']
[0.232s] Level 1:colcon.colcon_core.package_identification:_identify(/home/pc/Documents/GitHub/HOME/src/bumperbot_description) by extension 'ros'
[0.234s] DEBUG:colcon.colcon_core.package_identification:Package '/home/pc/Documents/GitHub/HOME/src/bumperbot_description' with type 'ros.ament_cmake' and name 'bumperbot_description'
[0.234s] Level 1:colcon.colcon_core.package_identification:_identify(/home/pc/Documents/GitHub/HOME/src/bumperbot_localization) by extensions ['ignore', 'ignore_ament_install']
[0.234s] Level 1:colcon.colcon_core.package_identification:_identify(/home/pc/Documents/GitHub/HOME/src/bumperbot_localization) by extension 'ignore'
[0.234s] Level 1:colcon.colcon_core.package_identification:_identify(/home/pc/Documents/GitHub/HOME/src/bumperbot_localization) by extension 'ignore_ament_install'
[0.235s] Level 1:colcon.colcon_core.package_identification:_identify(/home/pc/Documents/GitHub/HOME/src/bumperbot_localization) by extensions ['colcon_pkg']
[0.235s] Level 1:colcon.colcon_core.package_identification:_identify(/home/pc/Documents/GitHub/HOME/src/bumperbot_localization) by extension 'colcon_pkg'
[0.235s] Level 1:colcon.colcon_core.package_identification:_identify(/home/pc/Documents/GitHub/HOME/src/bumperbot_localization) by extensions ['colcon_meta']
[0.235s] Level 1:colcon.colcon_core.package_identification:_identify(/home/pc/Documents/GitHub/HOME/src/bumperbot_localization) by extension 'colcon_meta'
[0.235s] Level 1:colcon.colcon_core.package_identification:_identify(/home/pc/Documents/GitHub/HOME/src/bumperbot_localization) by extensions ['ros']
[0.235s] Level 1:colcon.colcon_core.package_identification:_identify(/home/pc/Documents/GitHub/HOME/src/bumperbot_localization) by extension 'ros'
[0.236s] DEBUG:colcon.colcon_core.package_identification:Package '/home/pc/Documents/GitHub/HOME/src/bumperbot_localization' with type 'ros.ament_cmake' and name 'bumperbot_localization'
[0.236s] Level 1:colcon.colcon_core.package_identification:_identify(/home/pc/Documents/GitHub/HOME/src/bumperbot_mapping) by extensions ['ignore', 'ignore_ament_install']
[0.236s] Level 1:colcon.colcon_core.package_identification:_identify(/home/pc/Documents/GitHub/HOME/src/bumperbot_mapping) by extension 'ignore'
[0.236s] Level 1:colcon.colcon_core.package_identification:_identify(/home/pc/Documents/GitHub/HOME/src/bumperbot_mapping) by extension 'ignore_ament_install'
[0.236s] Level 1:colcon.colcon_core.package_identification:_identify(/home/pc/Documents/GitHub/HOME/src/bumperbot_mapping) by extensions ['colcon_pkg']
[0.236s] Level 1:colcon.colcon_core.package_identification:_identify(/home/pc/Documents/GitHub/HOME/src/bumperbot_mapping) by extension 'colcon_pkg'
[0.236s] Level 1:colcon.colcon_core.package_identification:_identify(/home/pc/Documents/GitHub/HOME/src/bumperbot_mapping) by extensions ['colcon_meta']
[0.236s] Level 1:colcon.colcon_core.package_identification:_identify(/home/pc/Documents/GitHub/HOME/src/bumperbot_mapping) by extension 'colcon_meta'
[0.236s] Level 1:colcon.colcon_core.package_identification:_identify(/home/pc/Documents/GitHub/HOME/src/bumperbot_mapping) by extensions ['ros']
[0.236s] Level 1:colcon.colcon_core.package_identification:_identify(/home/pc/Documents/GitHub/HOME/src/bumperbot_mapping) by extension 'ros'
[0.237s] DEBUG:colcon.colcon_core.package_identification:Package '/home/pc/Documents/GitHub/HOME/src/bumperbot_mapping' with type 'ros.ament_cmake' and name 'bumperbot_mapping'
[0.237s] Level 1:colcon.colcon_core.package_identification:_identify(/home/pc/Documents/GitHub/HOME/src/bumperbot_py) by extensions ['ignore', 'ignore_ament_install']
[0.237s] Level 1:colcon.colcon_core.package_identification:_identify(/home/pc/Documents/GitHub/HOME/src/bumperbot_py) by extension 'ignore'
[0.237s] Level 1:colcon.colcon_core.package_identification:_identify(/home/pc/Documents/GitHub/HOME/src/bumperbot_py) by extension 'ignore_ament_install'
[0.237s] Level 1:colcon.colcon_core.package_identification:_identify(/home/pc/Documents/GitHub/HOME/src/bumperbot_py) by extensions ['colcon_pkg']
[0.237s] Level 1:colcon.colcon_core.package_identification:_identify(/home/pc/Documents/GitHub/HOME/src/bumperbot_py) by extension 'colcon_pkg'
[0.237s] Level 1:colcon.colcon_core.package_identification:_identify(/home/pc/Documents/GitHub/HOME/src/bumperbot_py) by extensions ['colcon_meta']
[0.237s] Level 1:colcon.colcon_core.package_identification:_identify(/home/pc/Documents/GitHub/HOME/src/bumperbot_py) by extension 'colcon_meta'
[0.237s] Level 1:colcon.colcon_core.package_identification:_identify(/home/pc/Documents/GitHub/HOME/src/bumperbot_py) by extensions ['ros']
[0.237s] Level 1:colcon.colcon_core.package_identification:_identify(/home/pc/Documents/GitHub/HOME/src/bumperbot_py) by extension 'ros'
[0.238s] DEBUG:colcon.colcon_core.package_identification:Package '/home/pc/Documents/GitHub/HOME/src/bumperbot_py' with type 'ros.ament_python' and name 'bumperbot_py'
[0.238s] Level 1:colcon.colcon_core.package_identification:_identify(/home/pc/Documents/GitHub/HOME/src/bumperbot_utils) by extensions ['ignore', 'ignore_ament_install']
[0.238s] Level 1:colcon.colcon_core.package_identification:_identify(/home/pc/Documents/GitHub/HOME/src/bumperbot_utils) by extension 'ignore'
[0.238s] Level 1:colcon.colcon_core.package_identification:_identify(/home/pc/Documents/GitHub/HOME/src/bumperbot_utils) by extension 'ignore_ament_install'
[0.239s] Level 1:colcon.colcon_core.package_identification:_identify(/home/pc/Documents/GitHub/HOME/src/bumperbot_utils) by extensions ['colcon_pkg']
[0.239s] Level 1:colcon.colcon_core.package_identification:_identify(/home/pc/Documents/GitHub/HOME/src/bumperbot_utils) by extension 'colcon_pkg'
[0.239s] Level 1:colcon.colcon_core.package_identification:_identify(/home/pc/Documents/GitHub/HOME/src/bumperbot_utils) by extensions ['colcon_meta']
[0.239s] Level 1:colcon.colcon_core.package_identification:_identify(/home/pc/Documents/GitHub/HOME/src/bumperbot_utils) by extension 'colcon_meta'
[0.239s] Level 1:colcon.colcon_core.package_identification:_identify(/home/pc/Documents/GitHub/HOME/src/bumperbot_utils) by extensions ['ros']
[0.239s] Level 1:colcon.colcon_core.package_identification:_identify(/home/pc/Documents/GitHub/HOME/src/bumperbot_utils) by extension 'ros'
[0.240s] DEBUG:colcon.colcon_core.package_identification:Package '/home/pc/Documents/GitHub/HOME/src/bumperbot_utils' with type 'ros.ament_python' and name 'bumperbot_utils'
[0.240s] Level 1:colcon.colcon_core.package_identification:_identify(/home/pc/Documents/GitHub/HOME/src/install) by extensions ['ignore', 'ignore_ament_install']
[0.240s] Level 1:colcon.colcon_core.package_identification:_identify(/home/pc/Documents/GitHub/HOME/src/install) by extension 'ignore'
[0.240s] Level 1:colcon.colcon_core.package_identification:_identify(/home/pc/Documents/GitHub/HOME/src/install) ignored
[0.240s] Level 1:colcon.colcon_core.package_identification:_identify(/home/pc/Documents/GitHub/HOME/src/log) by extensions ['ignore', 'ignore_ament_install']
[0.240s] Level 1:colcon.colcon_core.package_identification:_identify(/home/pc/Documents/GitHub/HOME/src/log) by extension 'ignore'
[0.240s] Level 1:colcon.colcon_core.package_identification:_identify(/home/pc/Documents/GitHub/HOME/src/log) ignored
[0.240s] Level 1:colcon.colcon_core.package_identification:_identify(/home/pc/Documents/GitHub/HOME/src/my_robot_bringup) by extensions ['ignore', 'ignore_ament_install']
[0.240s] Level 1:colcon.colcon_core.package_identification:_identify(/home/pc/Documents/GitHub/HOME/src/my_robot_bringup) by extension 'ignore'
[0.240s] Level 1:colcon.colcon_core.package_identification:_identify(/home/pc/Documents/GitHub/HOME/src/my_robot_bringup) by extension 'ignore_ament_install'
[0.240s] Level 1:colcon.colcon_core.package_identification:_identify(/home/pc/Documents/GitHub/HOME/src/my_robot_bringup) by extensions ['colcon_pkg']
[0.240s] Level 1:colcon.colcon_core.package_identification:_identify(/home/pc/Documents/GitHub/HOME/src/my_robot_bringup) by extension 'colcon_pkg'
[0.241s] Level 1:colcon.colcon_core.package_identification:_identify(/home/pc/Documents/GitHub/HOME/src/my_robot_bringup) by extensions ['colcon_meta']
[0.241s] Level 1:colcon.colcon_core.package_identification:_identify(/home/pc/Documents/GitHub/HOME/src/my_robot_bringup) by extension 'colcon_meta'
[0.241s] Level 1:colcon.colcon_core.package_identification:_identify(/home/pc/Documents/GitHub/HOME/src/my_robot_bringup) by extensions ['ros']
[0.241s] Level 1:colcon.colcon_core.package_identification:_identify(/home/pc/Documents/GitHub/HOME/src/my_robot_bringup) by extension 'ros'
[0.241s] DEBUG:colcon.colcon_core.package_identification:Package '/home/pc/Documents/GitHub/HOME/src/my_robot_bringup' with type 'ros.ament_cmake' and name 'my_robot_bringup'
[0.241s] Level 1:colcon.colcon_core.package_identification:_identify(/home/pc/Documents/GitHub/HOME/src/my_robot_interfaces) by extensions ['ignore', 'ignore_ament_install']
[0.242s] Level 1:colcon.colcon_core.package_identification:_identify(/home/pc/Documents/GitHub/HOME/src/my_robot_interfaces) by extension 'ignore'
[0.242s] Level 1:colcon.colcon_core.package_identification:_identify(/home/pc/Documents/GitHub/HOME/src/my_robot_interfaces) by extension 'ignore_ament_install'
[0.242s] Level 1:colcon.colcon_core.package_identification:_identify(/home/pc/Documents/GitHub/HOME/src/my_robot_interfaces) by extensions ['colcon_pkg']
[0.242s] Level 1:colcon.colcon_core.package_identification:_identify(/home/pc/Documents/GitHub/HOME/src/my_robot_interfaces) by extension 'colcon_pkg'
[0.242s] Level 1:colcon.colcon_core.package_identification:_identify(/home/pc/Documents/GitHub/HOME/src/my_robot_interfaces) by extensions ['colcon_meta']
[0.242s] Level 1:colcon.colcon_core.package_identification:_identify(/home/pc/Documents/GitHub/HOME/src/my_robot_interfaces) by extension 'colcon_meta'
[0.242s] Level 1:colcon.colcon_core.package_identification:_identify(/home/pc/Documents/GitHub/HOME/src/my_robot_interfaces) by extensions ['ros']
[0.242s] Level 1:colcon.colcon_core.package_identification:_identify(/home/pc/Documents/GitHub/HOME/src/my_robot_interfaces) by extension 'ros'
[0.243s] DEBUG:colcon.colcon_core.package_identification:Package '/home/pc/Documents/GitHub/HOME/src/my_robot_interfaces' with type 'ros.ament_cmake' and name 'my_robot_interfaces'
[0.243s] Level 1:colcon.colcon_core.package_identification:_identify(/home/pc/Documents/GitHub/HOME/src/pacote_teste) by extensions ['ignore', 'ignore_ament_install']
[0.243s] Level 1:colcon.colcon_core.package_identification:_identify(/home/pc/Documents/GitHub/HOME/src/pacote_teste) by extension 'ignore'
[0.243s] Level 1:colcon.colcon_core.package_identification:_identify(/home/pc/Documents/GitHub/HOME/src/pacote_teste) by extension 'ignore_ament_install'
[0.243s] Level 1:colcon.colcon_core.package_identification:_identify(/home/pc/Documents/GitHub/HOME/src/pacote_teste) by extensions ['colcon_pkg']
[0.243s] Level 1:colcon.colcon_core.package_identification:_identify(/home/pc/Documents/GitHub/HOME/src/pacote_teste) by extension 'colcon_pkg'
[0.243s] Level 1:colcon.colcon_core.package_identification:_identify(/home/pc/Documents/GitHub/HOME/src/pacote_teste) by extensions ['colcon_meta']
[0.244s] Level 1:colcon.colcon_core.package_identification:_identify(/home/pc/Documents/GitHub/HOME/src/pacote_teste) by extension 'colcon_meta'
[0.244s] Level 1:colcon.colcon_core.package_identification:_identify(/home/pc/Documents/GitHub/HOME/src/pacote_teste) by extensions ['ros']
[0.244s] Level 1:colcon.colcon_core.package_identification:_identify(/home/pc/Documents/GitHub/HOME/src/pacote_teste) by extension 'ros'
[0.244s] DEBUG:colcon.colcon_core.package_identification:Package '/home/pc/Documents/GitHub/HOME/src/pacote_teste' with type 'ros.ament_python' and name 'pacote_teste'
[0.245s] Level 1:colcon.colcon_core.package_identification:_identify(/home/pc/Documents/GitHub/HOME/src/remy_odom) by extensions ['ignore', 'ignore_ament_install']
[0.245s] Level 1:colcon.colcon_core.package_identification:_identify(/home/pc/Documents/GitHub/HOME/src/remy_odom) by extension 'ignore'
[0.245s] Level 1:colcon.colcon_core.package_identification:_identify(/home/pc/Documents/GitHub/HOME/src/remy_odom) by extension 'ignore_ament_install'
[0.245s] Level 1:colcon.colcon_core.package_identification:_identify(/home/pc/Documents/GitHub/HOME/src/remy_odom) by extensions ['colcon_pkg']
[0.245s] Level 1:colcon.colcon_core.package_identification:_identify(/home/pc/Documents/GitHub/HOME/src/remy_odom) by extension 'colcon_pkg'
[0.245s] Level 1:colcon.colcon_core.package_identification:_identify(/home/pc/Documents/GitHub/HOME/src/remy_odom) by extensions ['colcon_meta']
[0.245s] Level 1:colcon.colcon_core.package_identification:_identify(/home/pc/Documents/GitHub/HOME/src/remy_odom) by extension 'colcon_meta'
[0.245s] Level 1:colcon.colcon_core.package_identification:_identify(/home/pc/Documents/GitHub/HOME/src/remy_odom) by extensions ['ros']
[0.245s] Level 1:colcon.colcon_core.package_identification:_identify(/home/pc/Documents/GitHub/HOME/src/remy_odom) by extension 'ros'
[0.247s] DEBUG:colcon.colcon_core.package_identification:Package '/home/pc/Documents/GitHub/HOME/src/remy_odom' with type 'ros.ament_cmake' and name 'remy_odom'
[0.247s] Level 1:colcon.colcon_core.package_identification:_identify(/home/pc/Documents/GitHub/HOME/src/rplidar_ros) by extensions ['ignore', 'ignore_ament_install']
[0.247s] Level 1:colcon.colcon_core.package_identification:_identify(/home/pc/Documents/GitHub/HOME/src/rplidar_ros) by extension 'ignore'
[0.247s] Level 1:colcon.colcon_core.package_identification:_identify(/home/pc/Documents/GitHub/HOME/src/rplidar_ros) by extension 'ignore_ament_install'
[0.247s] Level 1:colcon.colcon_core.package_identification:_identify(/home/pc/Documents/GitHub/HOME/src/rplidar_ros) by extensions ['colcon_pkg']
[0.247s] Level 1:colcon.colcon_core.package_identification:_identify(/home/pc/Documents/GitHub/HOME/src/rplidar_ros) by extension 'colcon_pkg'
[0.247s] Level 1:colcon.colcon_core.package_identification:_identify(/home/pc/Documents/GitHub/HOME/src/rplidar_ros) by extensions ['colcon_meta']
[0.247s] Level 1:colcon.colcon_core.package_identification:_identify(/home/pc/Documents/GitHub/HOME/src/rplidar_ros) by extension 'colcon_meta'
[0.247s] Level 1:colcon.colcon_core.package_identification:_identify(/home/pc/Documents/GitHub/HOME/src/rplidar_ros) by extensions ['ros']
[0.247s] Level 1:colcon.colcon_core.package_identification:_identify(/home/pc/Documents/GitHub/HOME/src/rplidar_ros) by extension 'ros'
[0.247s] Level 1:colcon.colcon_core.package_identification:_identify(/home/pc/Documents/GitHub/HOME/src/rplidar_ros) by extensions ['cmake', 'python']
[0.247s] Level 1:colcon.colcon_core.package_identification:_identify(/home/pc/Documents/GitHub/HOME/src/rplidar_ros) by extension 'cmake'
[0.247s] Level 1:colcon.colcon_core.package_identification:_identify(/home/pc/Documents/GitHub/HOME/src/rplidar_ros) by extension 'python'
[0.247s] Level 1:colcon.colcon_core.package_identification:_identify(/home/pc/Documents/GitHub/HOME/src/rplidar_ros) by extensions ['python_setup_py']
[0.247s] Level 1:colcon.colcon_core.package_identification:_identify(/home/pc/Documents/GitHub/HOME/src/rplidar_ros) by extension 'python_setup_py'
[0.248s] Level 1:colcon.colcon_core.package_identification:_identify(/home/pc/Documents/GitHub/HOME/src/turtlesim_catch_them_all) by extensions ['ignore', 'ignore_ament_install']
[0.248s] Level 1:colcon.colcon_core.package_identification:_identify(/home/pc/Documents/GitHub/HOME/src/turtlesim_catch_them_all) by extension 'ignore'
[0.248s] Level 1:colcon.colcon_core.package_identification:_identify(/home/pc/Documents/GitHub/HOME/src/turtlesim_catch_them_all) by extension 'ignore_ament_install'
[0.248s] Level 1:colcon.colcon_core.package_identification:_identify(/home/pc/Documents/GitHub/HOME/src/turtlesim_catch_them_all) by extensions ['colcon_pkg']
[0.248s] Level 1:colcon.colcon_core.package_identification:_identify(/home/pc/Documents/GitHub/HOME/src/turtlesim_catch_them_all) by extension 'colcon_pkg'
[0.248s] Level 1:colcon.colcon_core.package_identification:_identify(/home/pc/Documents/GitHub/HOME/src/turtlesim_catch_them_all) by extensions ['colcon_meta']
[0.248s] Level 1:colcon.colcon_core.package_identification:_identify(/home/pc/Documents/GitHub/HOME/src/turtlesim_catch_them_all) by extension 'colcon_meta'
[0.248s] Level 1:colcon.colcon_core.package_identification:_identify(/home/pc/Documents/GitHub/HOME/src/turtlesim_catch_them_all) by extensions ['ros']
[0.248s] Level 1:colcon.colcon_core.package_identification:_identify(/home/pc/Documents/GitHub/HOME/src/turtlesim_catch_them_all) by extension 'ros'
[0.249s] DEBUG:colcon.colcon_core.package_identification:Package '/home/pc/Documents/GitHub/HOME/src/turtlesim_catch_them_all' with type 'ros.ament_python' and name 'turtlesim_catch_them_all'
[0.249s] Level 1:colcon.colcon_core.package_discovery:discover_packages(recursive) using defaults
