[0.089s] Invoking command in '/home/emzx/ros2_ws/build/bumperbot_controller': CMAKE_PREFIX_PATH=${CMAKE_PREFIX_PATH}:/home/emzx/ros2_ws/install/turtlesim_catch_them_all:/home/emzx/ros2_ws/install/pacote_teste:/home/emzx/ros2_ws/install/bumperbot_utils:/home/emzx/ros2_ws/install/bumperbot_py:/opt/ros/jazzy DEBUGINFOD_URLS=https://debuginfod.ubuntu.com /usr/bin/cmake --build /home/emzx/ros2_ws/build/bumperbot_controller -- -j8 -l8
[0.716s] Built target ament_cmake_python_symlink_bumperbot_controller
[0.847s] running egg_info
[0.890s] writing bumperbot_controller.egg-info/PKG-INFO
[0.890s] writing dependency_links to bumperbot_controller.egg-info/dependency_links.txt
[0.890s] writing top-level names to bumperbot_controller.egg-info/top_level.txt
[1.017s] reading manifest file 'bumperbot_controller.egg-info/SOURCES.txt'
[1.019s] writing manifest file 'bumperbot_controller.egg-info/SOURCES.txt'
[1.065s] Built target ament_cmake_python_build_bumperbot_controller_egg
[1.371s] Invoked command in '/home/emzx/ros2_ws/build/bumperbot_controller' returned '0': CMAKE_PREFIX_PATH=${CMAKE_PREFIX_PATH}:/home/emzx/ros2_ws/install/turtlesim_catch_them_all:/home/emzx/ros2_ws/install/pacote_teste:/home/emzx/ros2_ws/install/bumperbot_utils:/home/emzx/ros2_ws/install/bumperbot_py:/opt/ros/jazzy DEBUGINFOD_URLS=https://debuginfod.ubuntu.com /usr/bin/cmake --build /home/emzx/ros2_ws/build/bumperbot_controller -- -j8 -l8
[1.375s] Invoking command in '/home/emzx/ros2_ws/build/bumperbot_controller': CMAKE_PREFIX_PATH=${CMAKE_PREFIX_PATH}:/home/emzx/ros2_ws/install/turtlesim_catch_them_all:/home/emzx/ros2_ws/install/pacote_teste:/home/emzx/ros2_ws/install/bumperbot_utils:/home/emzx/ros2_ws/install/bumperbot_py:/opt/ros/jazzy DEBUGINFOD_URLS=https://debuginfod.ubuntu.com /usr/bin/cmake --install /home/emzx/ros2_ws/build/bumperbot_controller
[1.407s] -- Install configuration: ""
[1.409s] -- Execute custom install script
[1.411s] -- Up-to-date symlink: /home/emzx/ros2_ws/install/bumperbot_controller/share/bumperbot_controller/environment/pythonpath.sh
[1.415s] -- Up-to-date symlink: /home/emzx/ros2_ws/install/bumperbot_controller/share/bumperbot_controller/environment/pythonpath.dsv
[1.417s] -- Up-to-date symlink: /home/emzx/ros2_ws/install/bumperbot_controller/lib/python3.12/site-packages/bumperbot_controller-0.0.0-py3.12.egg-info/PKG-INFO
[1.417s] -- Up-to-date symlink: /home/emzx/ros2_ws/install/bumperbot_controller/lib/python3.12/site-packages/bumperbot_controller-0.0.0-py3.12.egg-info/SOURCES.txt
[1.418s] -- Up-to-date symlink: /home/emzx/ros2_ws/install/bumperbot_controller/lib/python3.12/site-packages/bumperbot_controller-0.0.0-py3.12.egg-info/dependency_links.txt
[1.418s] -- Up-to-date symlink: /home/emzx/ros2_ws/install/bumperbot_controller/lib/python3.12/site-packages/bumperbot_controller-0.0.0-py3.12.egg-info/top_level.txt
[1.418s] -- Up-to-date symlink: /home/emzx/ros2_ws/install/bumperbot_controller/lib/python3.12/site-packages/bumperbot_controller/__init__.py
[1.418s] -- Up-to-date symlink: /home/emzx/ros2_ws/install/bumperbot_controller/lib/python3.12/site-packages/bumperbot_controller/noisy_controller.py
[1.418s] -- Up-to-date symlink: /home/emzx/ros2_ws/install/bumperbot_controller/lib/python3.12/site-packages/bumperbot_controller/simple_controller.py
[1.418s] -- Up-to-date symlink: /home/emzx/ros2_ws/install/bumperbot_controller/lib/python3.12/site-packages/bumperbot_controller/twist_relay.py
[1.419s] -- Up-to-date symlink: /home/emzx/ros2_ws/install/bumperbot_controller/share/bumperbot_controller/config/bumperbot_controllers.yaml
[1.419s] -- Up-to-date symlink: /home/emzx/ros2_ws/install/bumperbot_controller/share/bumperbot_controller/config/gz_bridge.yaml
[1.419s] -- Up-to-date symlink: /home/emzx/ros2_ws/install/bumperbot_controller/share/bumperbot_controller/config/joy_config.yaml
[1.419s] -- Up-to-date symlink: /home/emzx/ros2_ws/install/bumperbot_controller/share/bumperbot_controller/config/joy_teleop.yaml
[1.419s] -- Up-to-date symlink: /home/emzx/ros2_ws/install/bumperbot_controller/share/bumperbot_controller/config/teleop_keyboard_config.yaml
[1.420s] -- Up-to-date symlink: /home/emzx/ros2_ws/install/bumperbot_controller/share/bumperbot_controller/config/twist_mux_joy.yaml
[1.421s] -- Up-to-date symlink: /home/emzx/ros2_ws/install/bumperbot_controller/share/bumperbot_controller/config/twist_mux_locks.yaml
[1.422s] -- Up-to-date symlink: /home/emzx/ros2_ws/install/bumperbot_controller/share/bumperbot_controller/config/twist_mux_topics.yaml
[1.422s] -- Up-to-date symlink: /home/emzx/ros2_ws/install/bumperbot_controller/share/bumperbot_controller/launch/controller.launch.py
[1.422s] -- Up-to-date symlink: /home/emzx/ros2_ws/install/bumperbot_controller/share/bumperbot_controller/launch/joystick_teleop.launch.py
[1.423s] -- Up-to-date symlink: /home/emzx/ros2_ws/install/bumperbot_controller/share/bumperbot_controller/launch/keyboard_teleop.launch.py
[1.423s] -- Up-to-date symlink: /home/emzx/ros2_ws/install/bumperbot_controller/lib/bumperbot_controller/simple_controller.py
[1.423s] -- Up-to-date symlink: /home/emzx/ros2_ws/install/bumperbot_controller/lib/bumperbot_controller/noisy_controller.py
[1.423s] -- Up-to-date symlink: /home/emzx/ros2_ws/install/bumperbot_controller/lib/bumperbot_controller/twist_relay.py
[1.424s] -- Up-to-date symlink: /home/emzx/ros2_ws/install/bumperbot_controller/share/ament_index/resource_index/package_run_dependencies/bumperbot_controller
[1.426s] -- Up-to-date symlink: /home/emzx/ros2_ws/install/bumperbot_controller/share/ament_index/resource_index/parent_prefix_path/bumperbot_controller
[1.427s] -- Up-to-date symlink: /home/emzx/ros2_ws/install/bumperbot_controller/share/bumperbot_controller/environment/ament_prefix_path.sh
[1.433s] -- Up-to-date symlink: /home/emzx/ros2_ws/install/bumperbot_controller/share/bumperbot_controller/environment/ament_prefix_path.dsv
[1.433s] -- Up-to-date symlink: /home/emzx/ros2_ws/install/bumperbot_controller/share/bumperbot_controller/environment/path.sh
[1.434s] -- Up-to-date symlink: /home/emzx/ros2_ws/install/bumperbot_controller/share/bumperbot_controller/environment/path.dsv
[1.436s] -- Up-to-date symlink: /home/emzx/ros2_ws/install/bumperbot_controller/share/bumperbot_controller/local_setup.bash
[1.436s] -- Up-to-date symlink: /home/emzx/ros2_ws/install/bumperbot_controller/share/bumperbot_controller/local_setup.sh
[1.441s] -- Up-to-date symlink: /home/emzx/ros2_ws/install/bumperbot_controller/share/bumperbot_controller/local_setup.zsh
[1.441s] -- Up-to-date symlink: /home/emzx/ros2_ws/install/bumperbot_controller/share/bumperbot_controller/local_setup.dsv
[1.441s] -- Symlinking: /home/emzx/ros2_ws/install/bumperbot_controller/share/bumperbot_controller/package.dsv
[1.478s] -- Up-to-date symlink: /home/emzx/ros2_ws/install/bumperbot_controller/share/ament_index/resource_index/packages/bumperbot_controller
[1.478s] -- Up-to-date symlink: /home/emzx/ros2_ws/install/bumperbot_controller/share/bumperbot_controller/cmake/bumperbot_controllerConfig.cmake
[1.485s] -- Up-to-date symlink: /home/emzx/ros2_ws/install/bumperbot_controller/share/bumperbot_controller/cmake/bumperbot_controllerConfig-version.cmake
[1.485s] -- Up-to-date symlink: /home/emzx/ros2_ws/install/bumperbot_controller/share/bumperbot_controller/package.xml
[1.638s] Listing '/home/emzx/ros2_ws/install/bumperbot_controller/lib/python3.12/site-packages/bumperbot_controller'...
[1.784s] Invoked command in '/home/emzx/ros2_ws/build/bumperbot_controller' returned '0': CMAKE_PREFIX_PATH=${CMAKE_PREFIX_PATH}:/home/emzx/ros2_ws/install/turtlesim_catch_them_all:/home/emzx/ros2_ws/install/pacote_teste:/home/emzx/ros2_ws/install/bumperbot_utils:/home/emzx/ros2_ws/install/bumperbot_py:/opt/ros/jazzy DEBUGINFOD_URLS=https://debuginfod.ubuntu.com /usr/bin/cmake --install /home/emzx/ros2_ws/build/bumperbot_controller
