-- The C compiler identification is GNU 11.4.0
-- The CXX compiler identification is GNU 11.4.0
-- Detecting C compiler ABI info
-- Detecting C compiler ABI info - done
-- Check for working C compiler: /usr/bin/cc - skipped
-- Detecting C compile features
-- Detecting C compile features - done
-- Detecting CXX compiler ABI info
-- Detecting CXX compiler ABI info - done
-- Check for working CXX compiler: /usr/bin/c++ - skipped
-- Detecting CXX compile features
-- Detecting CXX compile features - done
-- Found ament_cmake: 1.3.12 (/opt/ros/humble/share/ament_cmake/cmake)
-- Found Python3: /usr/bin/python3 (found version "3.10.12") found components: Interpreter 
-- Override CMake install command with custom implementation using symlinks instead of copying resources
-- Found urdf: 2.6.1 (/opt/ros/humble/share/urdf/cmake)
-- Configuring done
-- Generating done
-- Build files have been written to: /home/emzx/neuronbot2_ros2_ws/build/neuronbot2_description
-- Install configuration: "Release"
-- Execute custom install script
-- Symlinking: /home/emzx/neuronbot2_ros2_ws/install/neuronbot2_description/share/neuronbot2_description/meshes/neuronbot2/base_link.stl
-- Symlinking: /home/emzx/neuronbot2_ros2_ws/install/neuronbot2_description/share/neuronbot2_description/meshes/neuronbot2/laser_link.stl
-- Symlinking: /home/emzx/neuronbot2_ros2_ws/install/neuronbot2_description/share/neuronbot2_description/meshes/neuronbot2/wheel_link.stl
-- Symlinking: /home/emzx/neuronbot2_ros2_ws/install/neuronbot2_description/share/neuronbot2_description/rviz/urdf.rviz
-- Symlinking: /home/emzx/neuronbot2_ros2_ws/install/neuronbot2_description/share/neuronbot2_description/urdf/neuronbot2.urdf
-- Symlinking: /home/emzx/neuronbot2_ros2_ws/install/neuronbot2_description/share/neuronbot2_description/urdf/neuronbot2_w_front_camera.urdf
-- Symlinking: /home/emzx/neuronbot2_ros2_ws/install/neuronbot2_description/share/neuronbot2_description/urdf/neuronbot2_w_top_camera.urdf
-- Symlinking: /home/emzx/neuronbot2_ros2_ws/install/neuronbot2_description/share/ament_index/resource_index/package_run_dependencies/neuronbot2_description
-- Symlinking: /home/emzx/neuronbot2_ros2_ws/install/neuronbot2_description/share/ament_index/resource_index/parent_prefix_path/neuronbot2_description
-- Symlinking: /home/emzx/neuronbot2_ros2_ws/install/neuronbot2_description/share/neuronbot2_description/environment/ament_prefix_path.sh
-- Symlinking: /home/emzx/neuronbot2_ros2_ws/install/neuronbot2_description/share/neuronbot2_description/environment/ament_prefix_path.dsv
-- Symlinking: /home/emzx/neuronbot2_ros2_ws/install/neuronbot2_description/share/neuronbot2_description/environment/path.sh
-- Symlinking: /home/emzx/neuronbot2_ros2_ws/install/neuronbot2_description/share/neuronbot2_description/environment/path.dsv
-- Symlinking: /home/emzx/neuronbot2_ros2_ws/install/neuronbot2_description/share/neuronbot2_description/local_setup.bash
-- Symlinking: /home/emzx/neuronbot2_ros2_ws/install/neuronbot2_description/share/neuronbot2_description/local_setup.sh
-- Symlinking: /home/emzx/neuronbot2_ros2_ws/install/neuronbot2_description/share/neuronbot2_description/local_setup.zsh
-- Symlinking: /home/emzx/neuronbot2_ros2_ws/install/neuronbot2_description/share/neuronbot2_description/local_setup.dsv
-- Symlinking: /home/emzx/neuronbot2_ros2_ws/install/neuronbot2_description/share/neuronbot2_description/package.dsv
-- Symlinking: /home/emzx/neuronbot2_ros2_ws/install/neuronbot2_description/share/ament_index/resource_index/packages/neuronbot2_description
-- Symlinking: /home/emzx/neuronbot2_ros2_ws/install/neuronbot2_description/share/neuronbot2_description/cmake/neuronbot2_descriptionConfig.cmake
-- Symlinking: /home/emzx/neuronbot2_ros2_ws/install/neuronbot2_description/share/neuronbot2_description/cmake/neuronbot2_descriptionConfig-version.cmake
-- Symlinking: /home/emzx/neuronbot2_ros2_ws/install/neuronbot2_description/share/neuronbot2_description/package.xml
