[0.062s] Invoking command in '/home/emzx/neuronbot2_ros2_ws/build/neuronbot2_description': CMAKE_PREFIX_PATH=${CMAKE_PREFIX_PATH}:/home/emzx/ros2_ws/install/rtabmap_python:/home/emzx/ros2_ws/install/follow_human:/home/emzx/ros2_ws/install/box_follower_pkg:/opt/ros/humble /usr/bin/cmake /home/emzx/neuronbot2_ros2_ws/src/neuronbot2/neuronbot2_description -DCMAKE_BUILD_TYPE=Release -DAMENT_CMAKE_SYMLINK_INSTALL=1 -DCMAKE_INSTALL_PREFIX=/home/emzx/neuronbot2_ros2_ws/install/neuronbot2_description
[0.756s] -- The C compiler identification is GNU 11.4.0
[0.757s] -- The CXX compiler identification is GNU 11.4.0
[0.757s] -- Detecting C compiler ABI info
[0.757s] -- Detecting C compiler ABI info - done
[0.757s] -- Check for working C compiler: /usr/bin/cc - skipped
[0.757s] -- Detecting C compile features
[0.758s] -- Detecting C compile features - done
[0.758s] -- Detecting CXX compiler ABI info
[0.758s] -- Detecting CXX compiler ABI info - done
[0.777s] -- Check for working CXX compiler: /usr/bin/c++ - skipped
[0.777s] -- Detecting CXX compile features
[0.777s] -- Detecting CXX compile features - done
[0.784s] -- Found ament_cmake: 1.3.12 (/opt/ros/humble/share/ament_cmake/cmake)
[1.290s] -- Found Python3: /usr/bin/python3 (found version "3.10.12") found components: Interpreter 
[1.486s] -- Override CMake install command with custom implementation using symlinks instead of copying resources
[1.584s] -- Found urdf: 2.6.1 (/opt/ros/humble/share/urdf/cmake)
[2.083s] -- Configuring done
[2.094s] -- Generating done
[2.099s] -- Build files have been written to: /home/emzx/neuronbot2_ros2_ws/build/neuronbot2_description
[2.124s] Invoked command in '/home/emzx/neuronbot2_ros2_ws/build/neuronbot2_description' returned '0': CMAKE_PREFIX_PATH=${CMAKE_PREFIX_PATH}:/home/emzx/ros2_ws/install/rtabmap_python:/home/emzx/ros2_ws/install/follow_human:/home/emzx/ros2_ws/install/box_follower_pkg:/opt/ros/humble /usr/bin/cmake /home/emzx/neuronbot2_ros2_ws/src/neuronbot2/neuronbot2_description -DCMAKE_BUILD_TYPE=Release -DAMENT_CMAKE_SYMLINK_INSTALL=1 -DCMAKE_INSTALL_PREFIX=/home/emzx/neuronbot2_ros2_ws/install/neuronbot2_description
[2.131s] Invoking command in '/home/emzx/neuronbot2_ros2_ws/build/neuronbot2_description': CMAKE_PREFIX_PATH=${CMAKE_PREFIX_PATH}:/home/emzx/ros2_ws/install/rtabmap_python:/home/emzx/ros2_ws/install/follow_human:/home/emzx/ros2_ws/install/box_follower_pkg:/opt/ros/humble /usr/bin/cmake --build /home/emzx/neuronbot2_ros2_ws/build/neuronbot2_description -- -j8 -l8
[2.889s] Invoked command in '/home/emzx/neuronbot2_ros2_ws/build/neuronbot2_description' returned '0': CMAKE_PREFIX_PATH=${CMAKE_PREFIX_PATH}:/home/emzx/ros2_ws/install/rtabmap_python:/home/emzx/ros2_ws/install/follow_human:/home/emzx/ros2_ws/install/box_follower_pkg:/opt/ros/humble /usr/bin/cmake --build /home/emzx/neuronbot2_ros2_ws/build/neuronbot2_description -- -j8 -l8
[2.948s] Invoking command in '/home/emzx/neuronbot2_ros2_ws/build/neuronbot2_description': CMAKE_PREFIX_PATH=${CMAKE_PREFIX_PATH}:/home/emzx/ros2_ws/install/rtabmap_python:/home/emzx/ros2_ws/install/follow_human:/home/emzx/ros2_ws/install/box_follower_pkg:/opt/ros/humble /usr/bin/cmake --install /home/emzx/neuronbot2_ros2_ws/build/neuronbot2_description
[3.248s] -- Install configuration: "Release"
[3.249s] -- Execute custom install script
[3.249s] -- Symlinking: /home/emzx/neuronbot2_ros2_ws/install/neuronbot2_description/share/neuronbot2_description/meshes/neuronbot2/base_link.stl
[3.249s] -- Symlinking: /home/emzx/neuronbot2_ros2_ws/install/neuronbot2_description/share/neuronbot2_description/meshes/neuronbot2/laser_link.stl
[3.249s] -- Symlinking: /home/emzx/neuronbot2_ros2_ws/install/neuronbot2_description/share/neuronbot2_description/meshes/neuronbot2/wheel_link.stl
[3.249s] -- Symlinking: /home/emzx/neuronbot2_ros2_ws/install/neuronbot2_description/share/neuronbot2_description/rviz/urdf.rviz
[3.249s] -- Symlinking: /home/emzx/neuronbot2_ros2_ws/install/neuronbot2_description/share/neuronbot2_description/urdf/neuronbot2.urdf
[3.250s] -- Symlinking: /home/emzx/neuronbot2_ros2_ws/install/neuronbot2_description/share/neuronbot2_description/urdf/neuronbot2_w_front_camera.urdf
[3.279s] -- Symlinking: /home/emzx/neuronbot2_ros2_ws/install/neuronbot2_description/share/neuronbot2_description/urdf/neuronbot2_w_top_camera.urdf
[3.325s] -- Symlinking: /home/emzx/neuronbot2_ros2_ws/install/neuronbot2_description/share/ament_index/resource_index/package_run_dependencies/neuronbot2_description
[3.370s] -- Symlinking: /home/emzx/neuronbot2_ros2_ws/install/neuronbot2_description/share/ament_index/resource_index/parent_prefix_path/neuronbot2_description
[3.413s] -- Symlinking: /home/emzx/neuronbot2_ros2_ws/install/neuronbot2_description/share/neuronbot2_description/environment/ament_prefix_path.sh
[3.465s] -- Symlinking: /home/emzx/neuronbot2_ros2_ws/install/neuronbot2_description/share/neuronbot2_description/environment/ament_prefix_path.dsv
[3.509s] -- Symlinking: /home/emzx/neuronbot2_ros2_ws/install/neuronbot2_description/share/neuronbot2_description/environment/path.sh
[3.534s] -- Symlinking: /home/emzx/neuronbot2_ros2_ws/install/neuronbot2_description/share/neuronbot2_description/environment/path.dsv
[3.560s] -- Symlinking: /home/emzx/neuronbot2_ros2_ws/install/neuronbot2_description/share/neuronbot2_description/local_setup.bash
[3.587s] -- Symlinking: /home/emzx/neuronbot2_ros2_ws/install/neuronbot2_description/share/neuronbot2_description/local_setup.sh
[3.612s] -- Symlinking: /home/emzx/neuronbot2_ros2_ws/install/neuronbot2_description/share/neuronbot2_description/local_setup.zsh
[3.647s] -- Symlinking: /home/emzx/neuronbot2_ros2_ws/install/neuronbot2_description/share/neuronbot2_description/local_setup.dsv
[3.674s] -- Symlinking: /home/emzx/neuronbot2_ros2_ws/install/neuronbot2_description/share/neuronbot2_description/package.dsv
[3.717s] -- Symlinking: /home/emzx/neuronbot2_ros2_ws/install/neuronbot2_description/share/ament_index/resource_index/packages/neuronbot2_description
[3.742s] -- Symlinking: /home/emzx/neuronbot2_ros2_ws/install/neuronbot2_description/share/neuronbot2_description/cmake/neuronbot2_descriptionConfig.cmake
[3.779s] -- Symlinking: /home/emzx/neuronbot2_ros2_ws/install/neuronbot2_description/share/neuronbot2_description/cmake/neuronbot2_descriptionConfig-version.cmake
[3.803s] -- Symlinking: /home/emzx/neuronbot2_ros2_ws/install/neuronbot2_description/share/neuronbot2_description/package.xml
[3.889s] Invoked command in '/home/emzx/neuronbot2_ros2_ws/build/neuronbot2_description' returned '0': CMAKE_PREFIX_PATH=${CMAKE_PREFIX_PATH}:/home/emzx/ros2_ws/install/rtabmap_python:/home/emzx/ros2_ws/install/follow_human:/home/emzx/ros2_ws/install/box_follower_pkg:/opt/ros/humble /usr/bin/cmake --install /home/emzx/neuronbot2_ros2_ws/build/neuronbot2_description
