[0.017s] Invoking command in '/home/emzx/ros2_ws/build/bumperbot_description': CMAKE_PREFIX_PATH=${CMAKE_PREFIX_PATH}:/home/emzx/ros2_ws/install/turtlesim_catch_them_all:/home/emzx/ros2_ws/install/pacote_teste:/home/emzx/ros2_ws/install/bumperbot_py:/opt/ros/jazzy DEBUGINFOD_URLS=https://debuginfod.ubuntu.com /usr/bin/cmake /home/emzx/ros2_ws/src/bumperbot_description -DCMAKE_INSTALL_PREFIX=/home/emzx/ros2_ws/install/bumperbot_description
[0.088s] -- The C compiler identification is GNU 13.3.0
[0.184s] -- The CXX compiler identification is GNU 13.3.0
[0.204s] -- Detecting C compiler ABI info
[0.304s] -- Detecting C compiler ABI info - done
[0.316s] -- Check for working C compiler: /usr/bin/cc - skipped
[0.316s] -- Detecting C compile features
[0.316s] -- Detecting C compile features - done
[0.324s] -- Detecting CXX compiler ABI info
[0.416s] -- Detecting CXX compiler ABI info - done
[0.425s] -- Check for working CXX compiler: /usr/bin/c++ - skipped
[0.426s] -- Detecting CXX compile features
[0.426s] -- Detecting CXX compile features - done
[0.430s] -- Found ament_cmake: 2.5.3 (/opt/ros/jazzy/share/ament_cmake/cmake)
[0.593s] -- Found Python3: /usr/bin/python3 (found version "3.12.3") found components: Interpreter 
[0.742s] -- Found ament_lint_auto: 0.17.1 (/opt/ros/jazzy/share/ament_lint_auto/cmake)
[0.858s] -- Added test 'flake8' to check Python code syntax and style conventions
[0.858s] -- Configured 'flake8' exclude dirs and/or files: 
[0.859s] -- Added test 'lint_cmake' to check CMake code style
[0.860s] -- Added test 'pep257' to check Python code against some of the docstring style conventions in PEP 257
[0.861s] -- Added test 'xmllint' to check XML markup files
[0.863s] -- Configuring done (0.8s)
[0.865s] -- Generating done (0.0s)
[0.867s] -- Build files have been written to: /home/emzx/ros2_ws/build/bumperbot_description
[1.053s] Invoked command in '/home/emzx/ros2_ws/build/bumperbot_description' returned '0': CMAKE_PREFIX_PATH=${CMAKE_PREFIX_PATH}:/home/emzx/ros2_ws/install/turtlesim_catch_them_all:/home/emzx/ros2_ws/install/pacote_teste:/home/emzx/ros2_ws/install/bumperbot_py:/opt/ros/jazzy DEBUGINFOD_URLS=https://debuginfod.ubuntu.com /usr/bin/cmake /home/emzx/ros2_ws/src/bumperbot_description -DCMAKE_INSTALL_PREFIX=/home/emzx/ros2_ws/install/bumperbot_description
[1.054s] Invoking command in '/home/emzx/ros2_ws/build/bumperbot_description': CMAKE_PREFIX_PATH=${CMAKE_PREFIX_PATH}:/home/emzx/ros2_ws/install/turtlesim_catch_them_all:/home/emzx/ros2_ws/install/pacote_teste:/home/emzx/ros2_ws/install/bumperbot_py:/opt/ros/jazzy DEBUGINFOD_URLS=https://debuginfod.ubuntu.com /usr/bin/cmake --build /home/emzx/ros2_ws/build/bumperbot_description -- -j8 -l8
[1.113s] Invoked command in '/home/emzx/ros2_ws/build/bumperbot_description' returned '0': CMAKE_PREFIX_PATH=${CMAKE_PREFIX_PATH}:/home/emzx/ros2_ws/install/turtlesim_catch_them_all:/home/emzx/ros2_ws/install/pacote_teste:/home/emzx/ros2_ws/install/bumperbot_py:/opt/ros/jazzy DEBUGINFOD_URLS=https://debuginfod.ubuntu.com /usr/bin/cmake --build /home/emzx/ros2_ws/build/bumperbot_description -- -j8 -l8
[1.114s] Invoking command in '/home/emzx/ros2_ws/build/bumperbot_description': CMAKE_PREFIX_PATH=${CMAKE_PREFIX_PATH}:/home/emzx/ros2_ws/install/turtlesim_catch_them_all:/home/emzx/ros2_ws/install/pacote_teste:/home/emzx/ros2_ws/install/bumperbot_py:/opt/ros/jazzy DEBUGINFOD_URLS=https://debuginfod.ubuntu.com /usr/bin/cmake --install /home/emzx/ros2_ws/build/bumperbot_description
[1.126s] -- Install configuration: ""
[1.126s] -- Installing: /home/emzx/ros2_ws/install/bumperbot_description/share/bumperbot_description/meshes
[1.126s] -- Installing: /home/emzx/ros2_ws/install/bumperbot_description/share/bumperbot_description/meshes/can_link.STL
[1.127s] -- Installing: /home/emzx/ros2_ws/install/bumperbot_description/share/bumperbot_description/meshes/caster_front_link.STL
[1.128s] -- Installing: /home/emzx/ros2_ws/install/bumperbot_description/share/bumperbot_description/meshes/wheel_left_link.STL
[1.130s] -- Installing: /home/emzx/ros2_ws/install/bumperbot_description/share/bumperbot_description/meshes/caster_rear_link.STL
[1.131s] -- Installing: /home/emzx/ros2_ws/install/bumperbot_description/share/bumperbot_description/meshes/wheel_right_link.STL
[1.132s] -- Installing: /home/emzx/ros2_ws/install/bumperbot_description/share/bumperbot_description/meshes/imu_link.STL
[1.133s] -- Installing: /home/emzx/ros2_ws/install/bumperbot_description/share/bumperbot_description/meshes/base_link.STL
[1.150s] -- Installing: /home/emzx/ros2_ws/install/bumperbot_description/share/bumperbot_description/urdf
[1.150s] -- Installing: /home/emzx/ros2_ws/install/bumperbot_description/share/bumperbot_description/urdf/bumperbot_gazebo.xacro
[1.150s] -- Installing: /home/emzx/ros2_ws/install/bumperbot_description/share/bumperbot_description/urdf/bumperbot_ros2_control.xacro
[1.150s] -- Installing: /home/emzx/ros2_ws/install/bumperbot_description/share/bumperbot_description/urdf/bumperbot.urdf.xacro
[1.151s] -- Installing: /home/emzx/ros2_ws/install/bumperbot_description/share/bumperbot_description/launch
[1.151s] -- Installing: /home/emzx/ros2_ws/install/bumperbot_description/share/bumperbot_description/launch/gazebo.launch.py
[1.151s] -- Installing: /home/emzx/ros2_ws/install/bumperbot_description/share/bumperbot_description/launch/display.launch.py
[1.151s] -- Installing: /home/emzx/ros2_ws/install/bumperbot_description/share/bumperbot_description/rviz
[1.151s] -- Installing: /home/emzx/ros2_ws/install/bumperbot_description/share/bumperbot_description/rviz/display.rviz
[1.151s] -- Installing: /home/emzx/ros2_ws/install/bumperbot_description/share/ament_index/resource_index/package_run_dependencies/bumperbot_description
[1.152s] -- Installing: /home/emzx/ros2_ws/install/bumperbot_description/share/ament_index/resource_index/parent_prefix_path/bumperbot_description
[1.152s] -- Installing: /home/emzx/ros2_ws/install/bumperbot_description/share/bumperbot_description/environment/ament_prefix_path.sh
[1.152s] -- Installing: /home/emzx/ros2_ws/install/bumperbot_description/share/bumperbot_description/environment/ament_prefix_path.dsv
[1.152s] -- Installing: /home/emzx/ros2_ws/install/bumperbot_description/share/bumperbot_description/environment/path.sh
[1.152s] -- Installing: /home/emzx/ros2_ws/install/bumperbot_description/share/bumperbot_description/environment/path.dsv
[1.152s] -- Installing: /home/emzx/ros2_ws/install/bumperbot_description/share/bumperbot_description/local_setup.bash
[1.153s] -- Installing: /home/emzx/ros2_ws/install/bumperbot_description/share/bumperbot_description/local_setup.sh
[1.153s] -- Installing: /home/emzx/ros2_ws/install/bumperbot_description/share/bumperbot_description/local_setup.zsh
[1.153s] -- Installing: /home/emzx/ros2_ws/install/bumperbot_description/share/bumperbot_description/local_setup.dsv
[1.153s] -- Installing: /home/emzx/ros2_ws/install/bumperbot_description/share/bumperbot_description/package.dsv
[1.153s] -- Installing: /home/emzx/ros2_ws/install/bumperbot_description/share/ament_index/resource_index/packages/bumperbot_description
[1.153s] -- Installing: /home/emzx/ros2_ws/install/bumperbot_description/share/bumperbot_description/cmake/bumperbot_descriptionConfig.cmake
[1.154s] -- Installing: /home/emzx/ros2_ws/install/bumperbot_description/share/bumperbot_description/cmake/bumperbot_descriptionConfig-version.cmake
[1.154s] -- Installing: /home/emzx/ros2_ws/install/bumperbot_description/share/bumperbot_description/package.xml
[1.156s] Invoked command in '/home/emzx/ros2_ws/build/bumperbot_description' returned '0': CMAKE_PREFIX_PATH=${CMAKE_PREFIX_PATH}:/home/emzx/ros2_ws/install/turtlesim_catch_them_all:/home/emzx/ros2_ws/install/pacote_teste:/home/emzx/ros2_ws/install/bumperbot_py:/opt/ros/jazzy DEBUGINFOD_URLS=https://debuginfod.ubuntu.com /usr/bin/cmake --install /home/emzx/ros2_ws/build/bumperbot_description
