[1.359s] Invoking command in '/home/emzx/neuronbot2_ros2_ws/build/yolo_ros': AMENT_PREFIX_PATH=/home/emzx/neuronbot2_ros2_ws/install/yolo_msgs:${AMENT_PREFIX_PATH} CMAKE_PREFIX_PATH=/home/emzx/neuronbot2_ros2_ws/install/yolo_msgs:${CMAKE_PREFIX_PATH} LD_LIBRARY_PATH=/home/emzx/neuronbot2_ros2_ws/install/yolo_msgs/lib:/home/emzx/ros2_ws/install/yolo_msgs/lib:/home/emzx/ros2_ws/install/rtabmap_conversions/lib:/home/emzx/ros2_ws/install/rtabmap_msgs/lib:/home/emzx/ros2_ws/install/realsense2_camera/lib:/home/emzx/ros2_ws/install/realsense2_camera_msgs/lib:/home/emzx/neuronbot2_ros2_ws/install/serial/lib:/home/emzx/neuronbot2_ros2_ws/install/openslam_gmapping/lib:/usr/lib/x86_64-linux-gnu/gazebo-11/plugins:/opt/ros/humble/opt/rviz_ogre_vendor/lib:/opt/ros/humble/lib/x86_64-linux-gnu:/opt/ros/humble/lib:/usr/lib/x86_64-linux-gnu/gazebo-11/plugins:/opt/ros/humble/lib PS1=(opencv_env) \[\e]0;\u@\h: \w\a\]${debian_chroot:+($debian_chroot)}\[\033[01;32m\]\u@\h\[\033[00m\]:\[\033[01;34m\]\w\[\033[00m\]\$ PYTHONPATH=/home/emzx/neuronbot2_ros2_ws/build/yolo_ros/prefix_override:/usr/lib/python3/dist-packages/colcon_core/task/python/colcon_distutils_commands:/home/emzx/neuronbot2_ros2_ws/install/yolo_ros/lib/python3.10/site-packages:/home/emzx/neuronbot2_ros2_ws/install/yolo_msgs/local/lib/python3.10/dist-packages:${PYTHONPATH} VIRTUAL_ENV_PROMPT=(opencv_env) /usr/bin/python3 -W ignore:setup.py install is deprecated -W ignore:easy_install command is deprecated setup.py develop --editable --build-directory /home/emzx/neuronbot2_ros2_ws/build/yolo_ros/build --no-deps symlink_data
[1.906s] running develop
[2.315s] running egg_info
[2.315s] creating yolo_ros.egg-info
[2.315s] writing yolo_ros.egg-info/PKG-INFO
[2.316s] writing dependency_links to yolo_ros.egg-info/dependency_links.txt
[2.316s] writing entry points to yolo_ros.egg-info/entry_points.txt
[2.316s] writing requirements to yolo_ros.egg-info/requires.txt
[2.316s] writing top-level names to yolo_ros.egg-info/top_level.txt
[2.317s] writing manifest file 'yolo_ros.egg-info/SOURCES.txt'
[2.320s] reading manifest file 'yolo_ros.egg-info/SOURCES.txt'
[2.321s] writing manifest file 'yolo_ros.egg-info/SOURCES.txt'
[2.324s] running build_ext
[2.324s] Creating /home/emzx/neuronbot2_ros2_ws/install/yolo_ros/lib/python3.10/site-packages/yolo-ros.egg-link (link to .)
[2.325s] Installing debug_node script to /home/emzx/neuronbot2_ros2_ws/install/yolo_ros/lib/yolo_ros
[2.325s] Installing detect_3d_node script to /home/emzx/neuronbot2_ros2_ws/install/yolo_ros/lib/yolo_ros
[2.325s] Installing tracking_node script to /home/emzx/neuronbot2_ros2_ws/install/yolo_ros/lib/yolo_ros
[2.326s] Installing yolo_node script to /home/emzx/neuronbot2_ros2_ws/install/yolo_ros/lib/yolo_ros
[2.326s] 
[2.326s] Installed /home/emzx/neuronbot2_ros2_ws/build/yolo_ros
[2.326s] running symlink_data
[2.326s] creating /home/emzx/neuronbot2_ros2_ws/install/yolo_ros/share/ament_index
[2.326s] creating /home/emzx/neuronbot2_ros2_ws/install/yolo_ros/share/ament_index/resource_index
[2.327s] creating /home/emzx/neuronbot2_ros2_ws/install/yolo_ros/share/ament_index/resource_index/packages
[2.327s] symbolically linking /home/emzx/neuronbot2_ros2_ws/build/yolo_ros/resource/yolo_ros -> /home/emzx/neuronbot2_ros2_ws/install/yolo_ros/share/ament_index/resource_index/packages
[2.327s] symbolically linking /home/emzx/neuronbot2_ros2_ws/build/yolo_ros/package.xml -> /home/emzx/neuronbot2_ros2_ws/install/yolo_ros/share/yolo_ros
[2.372s] Invoked command in '/home/emzx/neuronbot2_ros2_ws/build/yolo_ros' returned '0': AMENT_PREFIX_PATH=/home/emzx/neuronbot2_ros2_ws/install/yolo_msgs:${AMENT_PREFIX_PATH} CMAKE_PREFIX_PATH=/home/emzx/neuronbot2_ros2_ws/install/yolo_msgs:${CMAKE_PREFIX_PATH} LD_LIBRARY_PATH=/home/emzx/neuronbot2_ros2_ws/install/yolo_msgs/lib:/home/emzx/ros2_ws/install/yolo_msgs/lib:/home/emzx/ros2_ws/install/rtabmap_conversions/lib:/home/emzx/ros2_ws/install/rtabmap_msgs/lib:/home/emzx/ros2_ws/install/realsense2_camera/lib:/home/emzx/ros2_ws/install/realsense2_camera_msgs/lib:/home/emzx/neuronbot2_ros2_ws/install/serial/lib:/home/emzx/neuronbot2_ros2_ws/install/openslam_gmapping/lib:/usr/lib/x86_64-linux-gnu/gazebo-11/plugins:/opt/ros/humble/opt/rviz_ogre_vendor/lib:/opt/ros/humble/lib/x86_64-linux-gnu:/opt/ros/humble/lib:/usr/lib/x86_64-linux-gnu/gazebo-11/plugins:/opt/ros/humble/lib PS1=(opencv_env) \[\e]0;\u@\h: \w\a\]${debian_chroot:+($debian_chroot)}\[\033[01;32m\]\u@\h\[\033[00m\]:\[\033[01;34m\]\w\[\033[00m\]\$ PYTHONPATH=/home/emzx/neuronbot2_ros2_ws/build/yolo_ros/prefix_override:/usr/lib/python3/dist-packages/colcon_core/task/python/colcon_distutils_commands:/home/emzx/neuronbot2_ros2_ws/install/yolo_ros/lib/python3.10/site-packages:/home/emzx/neuronbot2_ros2_ws/install/yolo_msgs/local/lib/python3.10/dist-packages:${PYTHONPATH} VIRTUAL_ENV_PROMPT=(opencv_env) /usr/bin/python3 -W ignore:setup.py install is deprecated -W ignore:easy_install command is deprecated setup.py develop --editable --build-directory /home/emzx/neuronbot2_ros2_ws/build/yolo_ros/build --no-deps symlink_data
