[0.039s] Invoking command in '/home/emzx/ros2_ws/build/bumperbot_controller': CMAKE_PREFIX_PATH=${CMAKE_PREFIX_PATH}:/home/emzx/ros2_ws/install/turtlesim_catch_them_all:/home/emzx/ros2_ws/install/pacote_teste:/home/emzx/ros2_ws/install/bumperbot_utils:/home/emzx/ros2_ws/install/bumperbot_py:/opt/ros/jazzy DEBUGINFOD_URLS=https://debuginfod.ubuntu.com /usr/bin/cmake --build /home/emzx/ros2_ws/build/bumperbot_controller -- -j8 -l8
[0.437s] Built target ament_cmake_python_symlink_bumperbot_controller
[0.437s] running egg_info
[0.450s] writing bumperbot_controller.egg-info/PKG-INFO
[0.451s] writing dependency_links to bumperbot_controller.egg-info/dependency_links.txt
[0.451s] writing top-level names to bumperbot_controller.egg-info/top_level.txt
[0.534s] reading manifest file 'bumperbot_controller.egg-info/SOURCES.txt'
[0.535s] writing manifest file 'bumperbot_controller.egg-info/SOURCES.txt'
[0.564s] Built target ament_cmake_python_build_bumperbot_controller_egg
[0.858s] Invoked command in '/home/emzx/ros2_ws/build/bumperbot_controller' returned '0': CMAKE_PREFIX_PATH=${CMAKE_PREFIX_PATH}:/home/emzx/ros2_ws/install/turtlesim_catch_them_all:/home/emzx/ros2_ws/install/pacote_teste:/home/emzx/ros2_ws/install/bumperbot_utils:/home/emzx/ros2_ws/install/bumperbot_py:/opt/ros/jazzy DEBUGINFOD_URLS=https://debuginfod.ubuntu.com /usr/bin/cmake --build /home/emzx/ros2_ws/build/bumperbot_controller -- -j8 -l8
[0.860s] Invoking command in '/home/emzx/ros2_ws/build/bumperbot_controller': CMAKE_PREFIX_PATH=${CMAKE_PREFIX_PATH}:/home/emzx/ros2_ws/install/turtlesim_catch_them_all:/home/emzx/ros2_ws/install/pacote_teste:/home/emzx/ros2_ws/install/bumperbot_utils:/home/emzx/ros2_ws/install/bumperbot_py:/opt/ros/jazzy DEBUGINFOD_URLS=https://debuginfod.ubuntu.com /usr/bin/cmake --install /home/emzx/ros2_ws/build/bumperbot_controller
[0.872s] -- Install configuration: ""
[0.879s] -- Execute custom install script
[0.884s] -- Up-to-date symlink: /home/emzx/ros2_ws/install/bumperbot_controller/share/bumperbot_controller/environment/pythonpath.sh
[0.884s] -- Up-to-date symlink: /home/emzx/ros2_ws/install/bumperbot_controller/share/bumperbot_controller/environment/pythonpath.dsv
[0.884s] -- Up-to-date symlink: /home/emzx/ros2_ws/install/bumperbot_controller/lib/python3.12/site-packages/bumperbot_controller-0.0.0-py3.12.egg-info/PKG-INFO
[0.884s] -- Up-to-date symlink: /home/emzx/ros2_ws/install/bumperbot_controller/lib/python3.12/site-packages/bumperbot_controller-0.0.0-py3.12.egg-info/SOURCES.txt
[0.885s] -- Up-to-date symlink: /home/emzx/ros2_ws/install/bumperbot_controller/lib/python3.12/site-packages/bumperbot_controller-0.0.0-py3.12.egg-info/dependency_links.txt
[0.888s] -- Up-to-date symlink: /home/emzx/ros2_ws/install/bumperbot_controller/lib/python3.12/site-packages/bumperbot_controller-0.0.0-py3.12.egg-info/top_level.txt
[0.888s] -- Up-to-date symlink: /home/emzx/ros2_ws/install/bumperbot_controller/lib/python3.12/site-packages/bumperbot_controller/__init__.py
[0.888s] -- Up-to-date symlink: /home/emzx/ros2_ws/install/bumperbot_controller/lib/python3.12/site-packages/bumperbot_controller/noisy_controller.py
[0.888s] -- Up-to-date symlink: /home/emzx/ros2_ws/install/bumperbot_controller/lib/python3.12/site-packages/bumperbot_controller/simple_controller.py
[0.888s] -- Up-to-date symlink: /home/emzx/ros2_ws/install/bumperbot_controller/lib/python3.12/site-packages/bumperbot_controller/twist_relay.py
[0.888s] -- Up-to-date symlink: /home/emzx/ros2_ws/install/bumperbot_controller/share/bumperbot_controller/config/bumperbot_controllers.yaml
[0.889s] -- Up-to-date symlink: /home/emzx/ros2_ws/install/bumperbot_controller/share/bumperbot_controller/config/gz_bridge.yaml
[0.889s] -- Up-to-date symlink: /home/emzx/ros2_ws/install/bumperbot_controller/share/bumperbot_controller/config/joy_config.yaml
[0.889s] -- Up-to-date symlink: /home/emzx/ros2_ws/install/bumperbot_controller/share/bumperbot_controller/config/joy_teleop.yaml
[0.889s] -- Up-to-date symlink: /home/emzx/ros2_ws/install/bumperbot_controller/share/bumperbot_controller/config/teleop_keyboard_config.yaml
[0.890s] -- Up-to-date symlink: /home/emzx/ros2_ws/install/bumperbot_controller/share/bumperbot_controller/config/twist_mux_joy.yaml
[0.890s] -- Up-to-date symlink: /home/emzx/ros2_ws/install/bumperbot_controller/share/bumperbot_controller/config/twist_mux_locks.yaml
[0.890s] -- Up-to-date symlink: /home/emzx/ros2_ws/install/bumperbot_controller/share/bumperbot_controller/config/twist_mux_topics.yaml
[0.890s] -- Up-to-date symlink: /home/emzx/ros2_ws/install/bumperbot_controller/share/bumperbot_controller/launch/controller.launch.py
[0.890s] -- Up-to-date symlink: /home/emzx/ros2_ws/install/bumperbot_controller/share/bumperbot_controller/launch/joystick_teleop.launch.py
[0.891s] -- Up-to-date symlink: /home/emzx/ros2_ws/install/bumperbot_controller/share/bumperbot_controller/launch/keyboard_teleop.launch.py
[0.892s] -- Up-to-date symlink: /home/emzx/ros2_ws/install/bumperbot_controller/lib/bumperbot_controller/simple_controller.py
[0.892s] -- Up-to-date symlink: /home/emzx/ros2_ws/install/bumperbot_controller/lib/bumperbot_controller/noisy_controller.py
[0.892s] -- Up-to-date symlink: /home/emzx/ros2_ws/install/bumperbot_controller/lib/bumperbot_controller/twist_relay.py
[0.892s] -- Up-to-date symlink: /home/emzx/ros2_ws/install/bumperbot_controller/share/ament_index/resource_index/package_run_dependencies/bumperbot_controller
[0.893s] -- Up-to-date symlink: /home/emzx/ros2_ws/install/bumperbot_controller/share/ament_index/resource_index/parent_prefix_path/bumperbot_controller
[0.893s] -- Up-to-date symlink: /home/emzx/ros2_ws/install/bumperbot_controller/share/bumperbot_controller/environment/ament_prefix_path.sh
[0.893s] -- Up-to-date symlink: /home/emzx/ros2_ws/install/bumperbot_controller/share/bumperbot_controller/environment/ament_prefix_path.dsv
[0.893s] -- Up-to-date symlink: /home/emzx/ros2_ws/install/bumperbot_controller/share/bumperbot_controller/environment/path.sh
[0.894s] -- Up-to-date symlink: /home/emzx/ros2_ws/install/bumperbot_controller/share/bumperbot_controller/environment/path.dsv
[0.894s] -- Up-to-date symlink: /home/emzx/ros2_ws/install/bumperbot_controller/share/bumperbot_controller/local_setup.bash
[0.895s] -- Up-to-date symlink: /home/emzx/ros2_ws/install/bumperbot_controller/share/bumperbot_controller/local_setup.sh
[0.895s] -- Up-to-date symlink: /home/emzx/ros2_ws/install/bumperbot_controller/share/bumperbot_controller/local_setup.zsh
[0.895s] -- Up-to-date symlink: /home/emzx/ros2_ws/install/bumperbot_controller/share/bumperbot_controller/local_setup.dsv
[0.896s] -- Symlinking: /home/emzx/ros2_ws/install/bumperbot_controller/share/bumperbot_controller/package.dsv
[0.908s] -- Up-to-date symlink: /home/emzx/ros2_ws/install/bumperbot_controller/share/ament_index/resource_index/packages/bumperbot_controller
[0.908s] -- Up-to-date symlink: /home/emzx/ros2_ws/install/bumperbot_controller/share/bumperbot_controller/cmake/bumperbot_controllerConfig.cmake
[0.909s] -- Up-to-date symlink: /home/emzx/ros2_ws/install/bumperbot_controller/share/bumperbot_controller/cmake/bumperbot_controllerConfig-version.cmake
[0.909s] -- Up-to-date symlink: /home/emzx/ros2_ws/install/bumperbot_controller/share/bumperbot_controller/package.xml
[0.952s] Listing '/home/emzx/ros2_ws/install/bumperbot_controller/lib/python3.12/site-packages/bumperbot_controller'...
[0.953s] Compiling '/home/emzx/ros2_ws/install/bumperbot_controller/lib/python3.12/site-packages/bumperbot_controller/simple_controller.py'...
[0.980s] Invoked command in '/home/emzx/ros2_ws/build/bumperbot_controller' returned '0': CMAKE_PREFIX_PATH=${CMAKE_PREFIX_PATH}:/home/emzx/ros2_ws/install/turtlesim_catch_them_all:/home/emzx/ros2_ws/install/pacote_teste:/home/emzx/ros2_ws/install/bumperbot_utils:/home/emzx/ros2_ws/install/bumperbot_py:/opt/ros/jazzy DEBUGINFOD_URLS=https://debuginfod.ubuntu.com /usr/bin/cmake --install /home/emzx/ros2_ws/build/bumperbot_controller
