[0.056s] Invoking command in '/home/emzx/neuronbot2_ros2_ws/build/slam_gmapping': CMAKE_PREFIX_PATH=/home/emzx/neuronbot2_ros2_ws/install/openslam_gmapping:/home/emzx/ros2_ws/install/yolo_bringup:/home/emzx/ros2_ws/install/yolo_msgs:/home/emzx/ros2_ws/install/rtabmap_conversions:/home/emzx/ros2_ws/install/rtabmap_msgs:/home/emzx/ros2_ws/install/rtabmap_demos:/home/emzx/ros2_ws/install/realsense2_description:/home/emzx/ros2_ws/install/realsense2_camera:/home/emzx/ros2_ws/install/realsense2_camera_msgs:/home/emzx/neuronbot2_ros2_ws/install/slam_gmapping:/home/emzx/neuronbot2_ros2_ws/install/neuronbot2_bringup:/home/emzx/neuronbot2_ros2_ws/install/serial:/home/emzx/neuronbot2_ros2_ws/install/rplidar_ros2:/home/emzx/neuronbot2_ros2_ws/install/neuronbot2_slam:/home/emzx/neuronbot2_ros2_ws/install/neuronbot2_nav:/home/emzx/neuronbot2_ros2_ws/install/neuronbot2_gazebo:/home/emzx/neuronbot2_ros2_ws/install/neuronbot2_description:/home/emzx/ros2_ws/install/yolo_ros:/home/emzx/ros2_ws/install/vision_pipeline_openvino:/home/emzx/ros2_ws/install/rtabmap_python:/home/emzx/ros2_ws/install/box_follower_pkg:/home/emzx/neuronbot2_ros2_ws/install/neuronbot2_led:/opt/ros/humble PS1=(opencv_env) \[\e]0;\u@\h: \w\a\]${debian_chroot:+($debian_chroot)}\[\033[01;32m\]\u@\h\[\033[00m\]:\[\033[01;34m\]\w\[\033[00m\]\$ VIRTUAL_ENV_PROMPT=(opencv_env) /usr/bin/cmake /home/emzx/neuronbot2_ros2_ws/src/slam_gmapping/slam_gmapping -DAMENT_CMAKE_SYMLINK_INSTALL=1 -DCMAKE_INSTALL_PREFIX=/home/emzx/neuronbot2_ros2_ws/install/slam_gmapping
[0.118s] -- Found ament_cmake: 1.3.12 (/opt/ros/humble/share/ament_cmake/cmake)
[0.467s] -- Override CMake install command with custom implementation using symlinks instead of copying resources
[0.480s] -- Found std_msgs: 4.9.0 (/opt/ros/humble/share/std_msgs/cmake)
[0.537s] -- Found rosidl_generator_c: 3.1.7 (/opt/ros/humble/share/rosidl_generator_c/cmake)
[0.542s] -- Found rosidl_adapter: 3.1.7 (/opt/ros/humble/share/rosidl_adapter/cmake)
[0.554s] -- Found rosidl_generator_cpp: 3.1.7 (/opt/ros/humble/share/rosidl_generator_cpp/cmake)
[0.590s] -- Using all available rosidl_typesupport_c: rosidl_typesupport_fastrtps_c;rosidl_typesupport_introspection_c
[0.622s] -- Using all available rosidl_typesupport_cpp: rosidl_typesupport_fastrtps_cpp;rosidl_typesupport_introspection_cpp
[0.693s] -- Found nav_msgs: 4.9.0 (/opt/ros/humble/share/nav_msgs/cmake)
[0.780s] -- Found tf2: 0.25.16 (/opt/ros/humble/share/tf2/cmake)
[0.789s] -- Found tf2_ros: 0.25.16 (/opt/ros/humble/share/tf2_ros/cmake)
[0.876s] -- Found rmw_implementation_cmake: 6.1.2 (/opt/ros/humble/share/rmw_implementation_cmake/cmake)
[0.880s] -- Found rmw_fastrtps_cpp: 6.2.9 (/opt/ros/humble/share/rmw_fastrtps_cpp/cmake)
[1.097s] -- Using RMW implementation 'rmw_fastrtps_cpp' as default
[1.377s] -- Found tf2_geometry_msgs: 0.25.16 (/opt/ros/humble/share/tf2_geometry_msgs/cmake)
[1.385s] -- Found eigen3_cmake_module: 0.1.1 (/opt/ros/humble/share/eigen3_cmake_module/cmake)
[1.387s] -- Ensuring Eigen3 include directory is part of orocos-kdl CMake target
[1.391s] -- Found sensor_msgs: 4.9.0 (/opt/ros/humble/share/sensor_msgs/cmake)
[1.429s] -- Found visualization_msgs: 4.9.0 (/opt/ros/humble/share/visualization_msgs/cmake)
[1.479s] -- Found openslam_gmapping: 0.1.2 (/home/emzx/neuronbot2_ros2_ws/install/openslam_gmapping/share/openslam_gmapping/cmake)
[1.484s] -- Found ament_lint_auto: 0.12.14 (/opt/ros/humble/share/ament_lint_auto/cmake)
[1.747s] -- Added test 'cppcheck' to perform static code analysis on C / C++ code
[1.747s] -- Configured cppcheck include dirs: /home/emzx/neuronbot2_ros2_ws/src/slam_gmapping/slam_gmapping/include
[1.747s] -- Configured cppcheck exclude dirs and/or files: 
[1.748s] -- Added test 'flake8' to check Python code syntax and style conventions
[1.748s] -- Added test 'lint_cmake' to check CMake code style
[1.749s] -- Added test 'pep257' to check Python code against some of the docstring style conventions in PEP 257
[1.751s] -- Added test 'uncrustify' to check C / C++ code style
[1.751s] -- Configured uncrustify additional arguments: 
[1.752s] -- Added test 'xmllint' to check XML markup files
[1.756s] -- Configuring done
[1.781s] -- Generating done
[1.794s] -- Build files have been written to: /home/emzx/neuronbot2_ros2_ws/build/slam_gmapping
[1.815s] Invoked command in '/home/emzx/neuronbot2_ros2_ws/build/slam_gmapping' returned '0': CMAKE_PREFIX_PATH=/home/emzx/neuronbot2_ros2_ws/install/openslam_gmapping:/home/emzx/ros2_ws/install/yolo_bringup:/home/emzx/ros2_ws/install/yolo_msgs:/home/emzx/ros2_ws/install/rtabmap_conversions:/home/emzx/ros2_ws/install/rtabmap_msgs:/home/emzx/ros2_ws/install/rtabmap_demos:/home/emzx/ros2_ws/install/realsense2_description:/home/emzx/ros2_ws/install/realsense2_camera:/home/emzx/ros2_ws/install/realsense2_camera_msgs:/home/emzx/neuronbot2_ros2_ws/install/slam_gmapping:/home/emzx/neuronbot2_ros2_ws/install/neuronbot2_bringup:/home/emzx/neuronbot2_ros2_ws/install/serial:/home/emzx/neuronbot2_ros2_ws/install/rplidar_ros2:/home/emzx/neuronbot2_ros2_ws/install/neuronbot2_slam:/home/emzx/neuronbot2_ros2_ws/install/neuronbot2_nav:/home/emzx/neuronbot2_ros2_ws/install/neuronbot2_gazebo:/home/emzx/neuronbot2_ros2_ws/install/neuronbot2_description:/home/emzx/ros2_ws/install/yolo_ros:/home/emzx/ros2_ws/install/vision_pipeline_openvino:/home/emzx/ros2_ws/install/rtabmap_python:/home/emzx/ros2_ws/install/box_follower_pkg:/home/emzx/neuronbot2_ros2_ws/install/neuronbot2_led:/opt/ros/humble PS1=(opencv_env) \[\e]0;\u@\h: \w\a\]${debian_chroot:+($debian_chroot)}\[\033[01;32m\]\u@\h\[\033[00m\]:\[\033[01;34m\]\w\[\033[00m\]\$ VIRTUAL_ENV_PROMPT=(opencv_env) /usr/bin/cmake /home/emzx/neuronbot2_ros2_ws/src/slam_gmapping/slam_gmapping -DAMENT_CMAKE_SYMLINK_INSTALL=1 -DCMAKE_INSTALL_PREFIX=/home/emzx/neuronbot2_ros2_ws/install/slam_gmapping
[1.818s] Invoking command in '/home/emzx/neuronbot2_ros2_ws/build/slam_gmapping': CMAKE_PREFIX_PATH=/home/emzx/neuronbot2_ros2_ws/install/openslam_gmapping:/home/emzx/ros2_ws/install/yolo_bringup:/home/emzx/ros2_ws/install/yolo_msgs:/home/emzx/ros2_ws/install/rtabmap_conversions:/home/emzx/ros2_ws/install/rtabmap_msgs:/home/emzx/ros2_ws/install/rtabmap_demos:/home/emzx/ros2_ws/install/realsense2_description:/home/emzx/ros2_ws/install/realsense2_camera:/home/emzx/ros2_ws/install/realsense2_camera_msgs:/home/emzx/neuronbot2_ros2_ws/install/slam_gmapping:/home/emzx/neuronbot2_ros2_ws/install/neuronbot2_bringup:/home/emzx/neuronbot2_ros2_ws/install/serial:/home/emzx/neuronbot2_ros2_ws/install/rplidar_ros2:/home/emzx/neuronbot2_ros2_ws/install/neuronbot2_slam:/home/emzx/neuronbot2_ros2_ws/install/neuronbot2_nav:/home/emzx/neuronbot2_ros2_ws/install/neuronbot2_gazebo:/home/emzx/neuronbot2_ros2_ws/install/neuronbot2_description:/home/emzx/ros2_ws/install/yolo_ros:/home/emzx/ros2_ws/install/vision_pipeline_openvino:/home/emzx/ros2_ws/install/rtabmap_python:/home/emzx/ros2_ws/install/box_follower_pkg:/home/emzx/neuronbot2_ros2_ws/install/neuronbot2_led:/opt/ros/humble PS1=(opencv_env) \[\e]0;\u@\h: \w\a\]${debian_chroot:+($debian_chroot)}\[\033[01;32m\]\u@\h\[\033[00m\]:\[\033[01;34m\]\w\[\033[00m\]\$ VIRTUAL_ENV_PROMPT=(opencv_env) /usr/bin/cmake --build /home/emzx/neuronbot2_ros2_ws/build/slam_gmapping -- -j8 -l8
[1.895s] [35m[1mConsolidate compiler generated dependencies of target slam_gmapping[0m
[1.930s] [100%] Built target slam_gmapping
[1.951s] Invoked command in '/home/emzx/neuronbot2_ros2_ws/build/slam_gmapping' returned '0': CMAKE_PREFIX_PATH=/home/emzx/neuronbot2_ros2_ws/install/openslam_gmapping:/home/emzx/ros2_ws/install/yolo_bringup:/home/emzx/ros2_ws/install/yolo_msgs:/home/emzx/ros2_ws/install/rtabmap_conversions:/home/emzx/ros2_ws/install/rtabmap_msgs:/home/emzx/ros2_ws/install/rtabmap_demos:/home/emzx/ros2_ws/install/realsense2_description:/home/emzx/ros2_ws/install/realsense2_camera:/home/emzx/ros2_ws/install/realsense2_camera_msgs:/home/emzx/neuronbot2_ros2_ws/install/slam_gmapping:/home/emzx/neuronbot2_ros2_ws/install/neuronbot2_bringup:/home/emzx/neuronbot2_ros2_ws/install/serial:/home/emzx/neuronbot2_ros2_ws/install/rplidar_ros2:/home/emzx/neuronbot2_ros2_ws/install/neuronbot2_slam:/home/emzx/neuronbot2_ros2_ws/install/neuronbot2_nav:/home/emzx/neuronbot2_ros2_ws/install/neuronbot2_gazebo:/home/emzx/neuronbot2_ros2_ws/install/neuronbot2_description:/home/emzx/ros2_ws/install/yolo_ros:/home/emzx/ros2_ws/install/vision_pipeline_openvino:/home/emzx/ros2_ws/install/rtabmap_python:/home/emzx/ros2_ws/install/box_follower_pkg:/home/emzx/neuronbot2_ros2_ws/install/neuronbot2_led:/opt/ros/humble PS1=(opencv_env) \[\e]0;\u@\h: \w\a\]${debian_chroot:+($debian_chroot)}\[\033[01;32m\]\u@\h\[\033[00m\]:\[\033[01;34m\]\w\[\033[00m\]\$ VIRTUAL_ENV_PROMPT=(opencv_env) /usr/bin/cmake --build /home/emzx/neuronbot2_ros2_ws/build/slam_gmapping -- -j8 -l8
[1.955s] Invoking command in '/home/emzx/neuronbot2_ros2_ws/build/slam_gmapping': CMAKE_PREFIX_PATH=/home/emzx/neuronbot2_ros2_ws/install/openslam_gmapping:/home/emzx/ros2_ws/install/yolo_bringup:/home/emzx/ros2_ws/install/yolo_msgs:/home/emzx/ros2_ws/install/rtabmap_conversions:/home/emzx/ros2_ws/install/rtabmap_msgs:/home/emzx/ros2_ws/install/rtabmap_demos:/home/emzx/ros2_ws/install/realsense2_description:/home/emzx/ros2_ws/install/realsense2_camera:/home/emzx/ros2_ws/install/realsense2_camera_msgs:/home/emzx/neuronbot2_ros2_ws/install/slam_gmapping:/home/emzx/neuronbot2_ros2_ws/install/neuronbot2_bringup:/home/emzx/neuronbot2_ros2_ws/install/serial:/home/emzx/neuronbot2_ros2_ws/install/rplidar_ros2:/home/emzx/neuronbot2_ros2_ws/install/neuronbot2_slam:/home/emzx/neuronbot2_ros2_ws/install/neuronbot2_nav:/home/emzx/neuronbot2_ros2_ws/install/neuronbot2_gazebo:/home/emzx/neuronbot2_ros2_ws/install/neuronbot2_description:/home/emzx/ros2_ws/install/yolo_ros:/home/emzx/ros2_ws/install/vision_pipeline_openvino:/home/emzx/ros2_ws/install/rtabmap_python:/home/emzx/ros2_ws/install/box_follower_pkg:/home/emzx/neuronbot2_ros2_ws/install/neuronbot2_led:/opt/ros/humble PS1=(opencv_env) \[\e]0;\u@\h: \w\a\]${debian_chroot:+($debian_chroot)}\[\033[01;32m\]\u@\h\[\033[00m\]:\[\033[01;34m\]\w\[\033[00m\]\$ VIRTUAL_ENV_PROMPT=(opencv_env) /usr/bin/cmake --install /home/emzx/neuronbot2_ros2_ws/build/slam_gmapping
[1.970s] -- Install configuration: "Release"
[1.971s] -- Execute custom install script
[1.971s] -- Up-to-date symlink: /home/emzx/neuronbot2_ros2_ws/install/slam_gmapping/lib/slam_gmapping/slam_gmapping
[1.973s] -- Up-to-date symlink: /home/emzx/neuronbot2_ros2_ws/install/slam_gmapping/share/slam_gmapping/launch/slam_gmapping.launch.py
[1.973s] -- Up-to-date symlink: /home/emzx/neuronbot2_ros2_ws/install/slam_gmapping/share/ament_index/resource_index/package_run_dependencies/slam_gmapping
[1.973s] -- Up-to-date symlink: /home/emzx/neuronbot2_ros2_ws/install/slam_gmapping/share/ament_index/resource_index/parent_prefix_path/slam_gmapping
[1.974s] -- Up-to-date symlink: /home/emzx/neuronbot2_ros2_ws/install/slam_gmapping/share/slam_gmapping/environment/ament_prefix_path.sh
[1.974s] -- Up-to-date symlink: /home/emzx/neuronbot2_ros2_ws/install/slam_gmapping/share/slam_gmapping/environment/ament_prefix_path.dsv
[1.975s] -- Up-to-date symlink: /home/emzx/neuronbot2_ros2_ws/install/slam_gmapping/share/slam_gmapping/environment/path.sh
[1.975s] -- Up-to-date symlink: /home/emzx/neuronbot2_ros2_ws/install/slam_gmapping/share/slam_gmapping/environment/path.dsv
[1.976s] -- Up-to-date symlink: /home/emzx/neuronbot2_ros2_ws/install/slam_gmapping/share/slam_gmapping/local_setup.bash
[1.976s] -- Up-to-date symlink: /home/emzx/neuronbot2_ros2_ws/install/slam_gmapping/share/slam_gmapping/local_setup.sh
[1.976s] -- Up-to-date symlink: /home/emzx/neuronbot2_ros2_ws/install/slam_gmapping/share/slam_gmapping/local_setup.zsh
[1.977s] -- Up-to-date symlink: /home/emzx/neuronbot2_ros2_ws/install/slam_gmapping/share/slam_gmapping/local_setup.dsv
[1.977s] -- Symlinking: /home/emzx/neuronbot2_ros2_ws/install/slam_gmapping/share/slam_gmapping/package.dsv
[1.998s] -- Up-to-date symlink: /home/emzx/neuronbot2_ros2_ws/install/slam_gmapping/share/ament_index/resource_index/packages/slam_gmapping
[1.998s] -- Up-to-date symlink: /home/emzx/neuronbot2_ros2_ws/install/slam_gmapping/share/slam_gmapping/cmake/slam_gmappingConfig.cmake
[1.999s] -- Up-to-date symlink: /home/emzx/neuronbot2_ros2_ws/install/slam_gmapping/share/slam_gmapping/cmake/slam_gmappingConfig-version.cmake
[1.999s] -- Up-to-date symlink: /home/emzx/neuronbot2_ros2_ws/install/slam_gmapping/share/slam_gmapping/package.xml
[2.007s] Invoked command in '/home/emzx/neuronbot2_ros2_ws/build/slam_gmapping' returned '0': CMAKE_PREFIX_PATH=/home/emzx/neuronbot2_ros2_ws/install/openslam_gmapping:/home/emzx/ros2_ws/install/yolo_bringup:/home/emzx/ros2_ws/install/yolo_msgs:/home/emzx/ros2_ws/install/rtabmap_conversions:/home/emzx/ros2_ws/install/rtabmap_msgs:/home/emzx/ros2_ws/install/rtabmap_demos:/home/emzx/ros2_ws/install/realsense2_description:/home/emzx/ros2_ws/install/realsense2_camera:/home/emzx/ros2_ws/install/realsense2_camera_msgs:/home/emzx/neuronbot2_ros2_ws/install/slam_gmapping:/home/emzx/neuronbot2_ros2_ws/install/neuronbot2_bringup:/home/emzx/neuronbot2_ros2_ws/install/serial:/home/emzx/neuronbot2_ros2_ws/install/rplidar_ros2:/home/emzx/neuronbot2_ros2_ws/install/neuronbot2_slam:/home/emzx/neuronbot2_ros2_ws/install/neuronbot2_nav:/home/emzx/neuronbot2_ros2_ws/install/neuronbot2_gazebo:/home/emzx/neuronbot2_ros2_ws/install/neuronbot2_description:/home/emzx/ros2_ws/install/yolo_ros:/home/emzx/ros2_ws/install/vision_pipeline_openvino:/home/emzx/ros2_ws/install/rtabmap_python:/home/emzx/ros2_ws/install/box_follower_pkg:/home/emzx/neuronbot2_ros2_ws/install/neuronbot2_led:/opt/ros/humble PS1=(opencv_env) \[\e]0;\u@\h: \w\a\]${debian_chroot:+($debian_chroot)}\[\033[01;32m\]\u@\h\[\033[00m\]:\[\033[01;34m\]\w\[\033[00m\]\$ VIRTUAL_ENV_PROMPT=(opencv_env) /usr/bin/cmake --install /home/emzx/neuronbot2_ros2_ws/build/slam_gmapping
