[0.035s] Invoking command in '/home/emzx/ros2_ws/build/bumperbot_localization': CMAKE_PREFIX_PATH=${CMAKE_PREFIX_PATH}:/home/emzx/ros2_ws/install/turtlesim_catch_them_all:/home/emzx/ros2_ws/install/pacote_teste:/home/emzx/ros2_ws/install/bumperbot_utils:/home/emzx/ros2_ws/install/bumperbot_py:/opt/ros/jazzy DEBUGINFOD_URLS=https://debuginfod.ubuntu.com /usr/bin/cmake --build /home/emzx/ros2_ws/build/bumperbot_localization -- -j8 -l8
[0.372s] -- Found ament_cmake: 2.5.3 (/opt/ros/jazzy/share/ament_cmake/cmake)
[0.387s] -- Override CMake install command with custom implementation using symlinks instead of copying resources
[0.406s] -- Found rclpy: 7.1.3 (/opt/ros/jazzy/share/rclpy/cmake)
[0.407s] -- Found nav_msgs: 5.3.5 (/opt/ros/jazzy/share/nav_msgs/cmake)
[0.460s] -- Found rosidl_generator_c: 4.6.5 (/opt/ros/jazzy/share/rosidl_generator_c/cmake)
[0.479s] -- Found rosidl_generator_cpp: 4.6.5 (/opt/ros/jazzy/share/rosidl_generator_cpp/cmake)
[0.503s] -- Using all available rosidl_typesupport_c: rosidl_typesupport_fastrtps_c;rosidl_typesupport_introspection_c
[0.520s] -- Using all available rosidl_typesupport_cpp: rosidl_typesupport_fastrtps_cpp;rosidl_typesupport_introspection_cpp
[0.619s] -- Found sensor_msgs: 5.3.5 (/opt/ros/jazzy/share/sensor_msgs/cmake)
[0.807s] -- Found ament_lint_auto: 0.17.1 (/opt/ros/jazzy/share/ament_lint_auto/cmake)
[0.922s] -- Added test 'flake8' to check Python code syntax and style conventions
[0.922s] -- Configured 'flake8' exclude dirs and/or files: 
[0.923s] -- Added test 'lint_cmake' to check CMake code style
[0.923s] -- Added test 'pep257' to check Python code against some of the docstring style conventions in PEP 257
[0.925s] -- Added test 'xmllint' to check XML markup files
[0.927s] -- Configuring done (0.9s)
[0.936s] -- Generating done (0.0s)
[0.939s] -- Build files have been written to: /home/emzx/ros2_ws/build/bumperbot_localization
[0.979s] Built target ament_cmake_python_symlink_bumperbot_localization
[1.203s] running egg_info
[1.224s] writing bumperbot_localization.egg-info/PKG-INFO
[1.224s] writing dependency_links to bumperbot_localization.egg-info/dependency_links.txt
[1.224s] writing top-level names to bumperbot_localization.egg-info/top_level.txt
[1.283s] reading manifest file 'bumperbot_localization.egg-info/SOURCES.txt'
[1.284s] writing manifest file 'bumperbot_localization.egg-info/SOURCES.txt'
[1.311s] Built target ament_cmake_python_build_bumperbot_localization_egg
[1.382s] Invoked command in '/home/emzx/ros2_ws/build/bumperbot_localization' returned '0': CMAKE_PREFIX_PATH=${CMAKE_PREFIX_PATH}:/home/emzx/ros2_ws/install/turtlesim_catch_them_all:/home/emzx/ros2_ws/install/pacote_teste:/home/emzx/ros2_ws/install/bumperbot_utils:/home/emzx/ros2_ws/install/bumperbot_py:/opt/ros/jazzy DEBUGINFOD_URLS=https://debuginfod.ubuntu.com /usr/bin/cmake --build /home/emzx/ros2_ws/build/bumperbot_localization -- -j8 -l8
[1.384s] Invoking command in '/home/emzx/ros2_ws/build/bumperbot_localization': CMAKE_PREFIX_PATH=${CMAKE_PREFIX_PATH}:/home/emzx/ros2_ws/install/turtlesim_catch_them_all:/home/emzx/ros2_ws/install/pacote_teste:/home/emzx/ros2_ws/install/bumperbot_utils:/home/emzx/ros2_ws/install/bumperbot_py:/opt/ros/jazzy DEBUGINFOD_URLS=https://debuginfod.ubuntu.com /usr/bin/cmake --install /home/emzx/ros2_ws/build/bumperbot_localization
[1.394s] -- Install configuration: ""
[1.395s] -- Execute custom install script
[1.395s] -- Up-to-date symlink: /home/emzx/ros2_ws/install/bumperbot_localization/share/bumperbot_localization/environment/pythonpath.sh
[1.396s] -- Up-to-date symlink: /home/emzx/ros2_ws/install/bumperbot_localization/share/bumperbot_localization/environment/pythonpath.dsv
[1.396s] -- Up-to-date symlink: /home/emzx/ros2_ws/install/bumperbot_localization/lib/python3.12/site-packages/bumperbot_localization-0.0.0-py3.12.egg-info/PKG-INFO
[1.396s] -- Up-to-date symlink: /home/emzx/ros2_ws/install/bumperbot_localization/lib/python3.12/site-packages/bumperbot_localization-0.0.0-py3.12.egg-info/SOURCES.txt
[1.396s] -- Up-to-date symlink: /home/emzx/ros2_ws/install/bumperbot_localization/lib/python3.12/site-packages/bumperbot_localization-0.0.0-py3.12.egg-info/dependency_links.txt
[1.397s] -- Up-to-date symlink: /home/emzx/ros2_ws/install/bumperbot_localization/lib/python3.12/site-packages/bumperbot_localization-0.0.0-py3.12.egg-info/top_level.txt
[1.397s] -- Up-to-date symlink: /home/emzx/ros2_ws/install/bumperbot_localization/lib/python3.12/site-packages/bumperbot_localization/__init__.py
[1.397s] -- Symlinking: /home/emzx/ros2_ws/install/bumperbot_localization/lib/python3.12/site-packages/bumperbot_localization/imu_republisher.py
[1.412s] -- Up-to-date symlink: /home/emzx/ros2_ws/install/bumperbot_localization/lib/python3.12/site-packages/bumperbot_localization/kalman_filter.py
[1.412s] -- Up-to-date symlink: /home/emzx/ros2_ws/install/bumperbot_localization/lib/bumperbot_localization/kalman_filter.py
[1.412s] -- Symlinking: /home/emzx/ros2_ws/install/bumperbot_localization/lib/bumperbot_localization/imu_republisher.py
[1.426s] -- Up-to-date symlink: /home/emzx/ros2_ws/install/bumperbot_localization/share/ament_index/resource_index/package_run_dependencies/bumperbot_localization
[1.427s] -- Up-to-date symlink: /home/emzx/ros2_ws/install/bumperbot_localization/share/ament_index/resource_index/parent_prefix_path/bumperbot_localization
[1.427s] -- Up-to-date symlink: /home/emzx/ros2_ws/install/bumperbot_localization/share/bumperbot_localization/environment/ament_prefix_path.sh
[1.428s] -- Up-to-date symlink: /home/emzx/ros2_ws/install/bumperbot_localization/share/bumperbot_localization/environment/ament_prefix_path.dsv
[1.428s] -- Up-to-date symlink: /home/emzx/ros2_ws/install/bumperbot_localization/share/bumperbot_localization/environment/path.sh
[1.428s] -- Up-to-date symlink: /home/emzx/ros2_ws/install/bumperbot_localization/share/bumperbot_localization/environment/path.dsv
[1.429s] -- Up-to-date symlink: /home/emzx/ros2_ws/install/bumperbot_localization/share/bumperbot_localization/local_setup.bash
[1.429s] -- Up-to-date symlink: /home/emzx/ros2_ws/install/bumperbot_localization/share/bumperbot_localization/local_setup.sh
[1.429s] -- Up-to-date symlink: /home/emzx/ros2_ws/install/bumperbot_localization/share/bumperbot_localization/local_setup.zsh
[1.429s] -- Up-to-date symlink: /home/emzx/ros2_ws/install/bumperbot_localization/share/bumperbot_localization/local_setup.dsv
[1.430s] -- Symlinking: /home/emzx/ros2_ws/install/bumperbot_localization/share/bumperbot_localization/package.dsv
[1.445s] -- Up-to-date symlink: /home/emzx/ros2_ws/install/bumperbot_localization/share/ament_index/resource_index/packages/bumperbot_localization
[1.445s] -- Up-to-date symlink: /home/emzx/ros2_ws/install/bumperbot_localization/share/bumperbot_localization/cmake/bumperbot_localizationConfig.cmake
[1.446s] -- Up-to-date symlink: /home/emzx/ros2_ws/install/bumperbot_localization/share/bumperbot_localization/cmake/bumperbot_localizationConfig-version.cmake
[1.446s] -- Up-to-date symlink: /home/emzx/ros2_ws/install/bumperbot_localization/share/bumperbot_localization/package.xml
[1.506s] Listing '/home/emzx/ros2_ws/install/bumperbot_localization/lib/python3.12/site-packages/bumperbot_localization'...
[1.506s] Compiling '/home/emzx/ros2_ws/install/bumperbot_localization/lib/python3.12/site-packages/bumperbot_localization/imu_republisher.py'...
[1.517s] Invoked command in '/home/emzx/ros2_ws/build/bumperbot_localization' returned '0': CMAKE_PREFIX_PATH=${CMAKE_PREFIX_PATH}:/home/emzx/ros2_ws/install/turtlesim_catch_them_all:/home/emzx/ros2_ws/install/pacote_teste:/home/emzx/ros2_ws/install/bumperbot_utils:/home/emzx/ros2_ws/install/bumperbot_py:/opt/ros/jazzy DEBUGINFOD_URLS=https://debuginfod.ubuntu.com /usr/bin/cmake --install /home/emzx/ros2_ws/build/bumperbot_localization
