[0.024s] Invoking command in '/home/emzx/ros2_ws/build/bumperbot_localization': DEBUGINFOD_URLS=https://debuginfod.ubuntu.com /usr/bin/cmake --build /home/emzx/ros2_ws/build/bumperbot_localization -- -j8 -l8
[0.311s] -- Found ament_cmake: 2.5.3 (/opt/ros/jazzy/share/ament_cmake/cmake)
[0.338s] -- Override CMake install command with custom implementation using symlinks instead of copying resources
[0.348s] -- Found rclpy: 7.1.3 (/opt/ros/jazzy/share/rclpy/cmake)
[0.349s] -- Found nav_msgs: 5.3.5 (/opt/ros/jazzy/share/nav_msgs/cmake)
[0.376s] -- Found rosidl_generator_c: 4.6.5 (/opt/ros/jazzy/share/rosidl_generator_c/cmake)
[0.389s] -- Found rosidl_generator_cpp: 4.6.5 (/opt/ros/jazzy/share/rosidl_generator_cpp/cmake)
[0.402s] -- Using all available rosidl_typesupport_c: rosidl_typesupport_fastrtps_c;rosidl_typesupport_introspection_c
[0.415s] -- Using all available rosidl_typesupport_cpp: rosidl_typesupport_fastrtps_cpp;rosidl_typesupport_introspection_cpp
[0.492s] -- Found sensor_msgs: 5.3.5 (/opt/ros/jazzy/share/sensor_msgs/cmake)
[0.614s] Error parsing '/home/emzx/ros2_ws/src/bumperbot_localization/package.xml':
[2.444s] Traceback (most recent call last):
[2.444s]   File "/opt/ros/jazzy/share/ament_cmake_core/cmake/core/package_xml_2_cmake.py", line 150, in <module>
[2.444s]     main()
[2.444s]   File "/opt/ros/jazzy/share/ament_cmake_core/cmake/core/package_xml_2_cmake.py", line 53, in main
[2.445s]     raise e
[2.445s]   File "/opt/ros/jazzy/share/ament_cmake_core/cmake/core/package_xml_2_cmake.py", line 49, in main
[2.445s]     package = parse_package_string(
[2.445s]               ^^^^^^^^^^^^^^^^^^^^^
[2.445s]   File "/usr/lib/python3/dist-packages/catkin_pkg/package.py", line 788, in parse_package_string
[2.445s]     pkg.validate(warnings=warnings)
[2.445s]   File "/usr/lib/python3/dist-packages/catkin_pkg/package.py", line 330, in validate
[2.445s]     raise InvalidPackage('\n'.join(errors), self.filename)
[2.446s] catkin_pkg.package.InvalidPackage: Error(s) in package '/home/emzx/ros2_ws/src/bumperbot_localization/package.xml':
[2.446s] The package "bumperbot_localization" must not "exec_depend" on a package with the same name as this package
[2.486s] [31mCMake Error at /opt/ros/jazzy/share/ament_cmake_core/cmake/core/ament_package_xml.cmake:95 (message):
[2.486s]   execute_process(/usr/bin/python3
[2.486s]   /opt/ros/jazzy/share/ament_cmake_core/cmake/core/package_xml_2_cmake.py
[2.487s]   /home/emzx/ros2_ws/src/bumperbot_localization/package.xml
[2.487s]   /home/emzx/ros2_ws/build/bumperbot_localization/ament_cmake_core/package.cmake)
[2.487s]   returned error code 1
[2.487s] Call Stack (most recent call first):
[2.487s]   /opt/ros/jazzy/share/ament_cmake_core/cmake/core/ament_package_xml.cmake:49 (_ament_package_xml)
[2.487s]   /opt/ros/jazzy/share/ament_cmake_python/cmake/ament_python_install_package.cmake:60 (ament_package_xml)
[2.487s]   /opt/ros/jazzy/share/ament_cmake_python/cmake/ament_python_install_package.cmake:39 (_ament_cmake_python_install_package)
[2.487s]   CMakeLists.txt:15 (ament_python_install_package)
[2.488s] 
[2.488s] [0m
[2.488s] -- Configuring incomplete, errors occurred!
[2.495s] gmake: *** [Makefile:254: cmake_check_build_system] Error 1
[2.497s] Invoked command in '/home/emzx/ros2_ws/build/bumperbot_localization' returned '2': DEBUGINFOD_URLS=https://debuginfod.ubuntu.com /usr/bin/cmake --build /home/emzx/ros2_ws/build/bumperbot_localization -- -j8 -l8
