[  1%] Built target my_robot_interfaces__rosidl_generator_type_description
[  1%] Built target ament_cmake_python_symlink_my_robot_interfaces
[  1%] Built target my_robot_interfaces__cpp
[ 27%] Built target my_robot_interfaces__rosidl_generator_c
[ 37%] Built target my_robot_interfaces__rosidl_typesupport_c
[ 47%] Built target my_robot_interfaces__rosidl_typesupport_introspection_c
[ 56%] Built target my_robot_interfaces__rosidl_typesupport_introspection_cpp
[ 74%] Built target my_robot_interfaces__rosidl_typesupport_fastrtps_c
[ 75%] Built target my_robot_interfaces__rosidl_typesupport_cpp
[ 85%] Built target my_robot_interfaces__rosidl_typesupport_fastrtps_cpp
[ 85%] Built target my_robot_interfaces
[ 86%] Built target my_robot_interfaces__py
[ 94%] Built target my_robot_interfaces__rosidl_generator_py
[ 96%] Built target my_robot_interfaces_s__rosidl_typesupport_introspection_c
[ 98%] Built target my_robot_interfaces_s__rosidl_typesupport_c
[100%] Built target my_robot_interfaces_s__rosidl_typesupport_fastrtps_c
running egg_info
writing my_robot_interfaces.egg-info/PKG-INFO
writing dependency_links to my_robot_interfaces.egg-info/dependency_links.txt
writing top-level names to my_robot_interfaces.egg-info/top_level.txt
reading manifest file 'my_robot_interfaces.egg-info/SOURCES.txt'
writing manifest file 'my_robot_interfaces.egg-info/SOURCES.txt'
[100%] Built target ament_cmake_python_build_my_robot_interfaces_egg
