[0.062s] Invoking command in '/home/emzx/ros2_ws/build/bumperbot_localization': CMAKE_PREFIX_PATH=${CMAKE_PREFIX_PATH}:/home/emzx/ros2_ws/install/turtlesim_catch_them_all:/home/emzx/ros2_ws/install/pacote_teste:/home/emzx/ros2_ws/install/bumperbot_utils:/home/emzx/ros2_ws/install/bumperbot_py:/opt/ros/jazzy DEBUGINFOD_URLS=https://debuginfod.ubuntu.com /usr/bin/cmake --build /home/emzx/ros2_ws/build/bumperbot_localization -- -j8 -l8
[0.762s] Built target ament_cmake_python_symlink_bumperbot_localization
[0.977s] running egg_info
[1.056s] writing bumperbot_localization.egg-info/PKG-INFO
[1.056s] writing dependency_links to bumperbot_localization.egg-info/dependency_links.txt
[1.057s] writing top-level names to bumperbot_localization.egg-info/top_level.txt
[1.229s] reading manifest file 'bumperbot_localization.egg-info/SOURCES.txt'
[1.230s] writing manifest file 'bumperbot_localization.egg-info/SOURCES.txt'
[1.296s] Built target ament_cmake_python_build_bumperbot_localization_egg
[1.560s] Invoked command in '/home/emzx/ros2_ws/build/bumperbot_localization' returned '0': CMAKE_PREFIX_PATH=${CMAKE_PREFIX_PATH}:/home/emzx/ros2_ws/install/turtlesim_catch_them_all:/home/emzx/ros2_ws/install/pacote_teste:/home/emzx/ros2_ws/install/bumperbot_utils:/home/emzx/ros2_ws/install/bumperbot_py:/opt/ros/jazzy DEBUGINFOD_URLS=https://debuginfod.ubuntu.com /usr/bin/cmake --build /home/emzx/ros2_ws/build/bumperbot_localization -- -j8 -l8
[1.574s] Invoking command in '/home/emzx/ros2_ws/build/bumperbot_localization': CMAKE_PREFIX_PATH=${CMAKE_PREFIX_PATH}:/home/emzx/ros2_ws/install/turtlesim_catch_them_all:/home/emzx/ros2_ws/install/pacote_teste:/home/emzx/ros2_ws/install/bumperbot_utils:/home/emzx/ros2_ws/install/bumperbot_py:/opt/ros/jazzy DEBUGINFOD_URLS=https://debuginfod.ubuntu.com /usr/bin/cmake --install /home/emzx/ros2_ws/build/bumperbot_localization
[1.701s] -- Install configuration: ""
[1.703s] -- Execute custom install script
[1.703s] -- Up-to-date symlink: /home/emzx/ros2_ws/install/bumperbot_localization/share/bumperbot_localization/environment/pythonpath.sh
[1.704s] -- Up-to-date symlink: /home/emzx/ros2_ws/install/bumperbot_localization/share/bumperbot_localization/environment/pythonpath.dsv
[1.704s] -- Up-to-date symlink: /home/emzx/ros2_ws/install/bumperbot_localization/lib/python3.12/site-packages/bumperbot_localization-0.0.0-py3.12.egg-info/PKG-INFO
[1.704s] -- Up-to-date symlink: /home/emzx/ros2_ws/install/bumperbot_localization/lib/python3.12/site-packages/bumperbot_localization-0.0.0-py3.12.egg-info/SOURCES.txt
[1.705s] -- Up-to-date symlink: /home/emzx/ros2_ws/install/bumperbot_localization/lib/python3.12/site-packages/bumperbot_localization-0.0.0-py3.12.egg-info/dependency_links.txt
[1.705s] -- Up-to-date symlink: /home/emzx/ros2_ws/install/bumperbot_localization/lib/python3.12/site-packages/bumperbot_localization-0.0.0-py3.12.egg-info/top_level.txt
[1.705s] -- Up-to-date symlink: /home/emzx/ros2_ws/install/bumperbot_localization/lib/python3.12/site-packages/bumperbot_localization/__init__.py
[1.705s] -- Up-to-date symlink: /home/emzx/ros2_ws/install/bumperbot_localization/lib/python3.12/site-packages/bumperbot_localization/imu_republisher.py
[1.706s] -- Up-to-date symlink: /home/emzx/ros2_ws/install/bumperbot_localization/lib/python3.12/site-packages/bumperbot_localization/kalman_filter.py
[1.706s] -- Up-to-date symlink: /home/emzx/ros2_ws/install/bumperbot_localization/lib/python3.12/site-packages/bumperbot_localization/odometry_motion_model.py
[1.706s] -- Up-to-date symlink: /home/emzx/ros2_ws/install/bumperbot_localization/lib/python3.12/site-packages/bumperbot_localization/rascunho.txt
[1.706s] -- Up-to-date symlink: /home/emzx/ros2_ws/install/bumperbot_localization/lib/bumperbot_localization/kalman_filter.py
[1.707s] -- Up-to-date symlink: /home/emzx/ros2_ws/install/bumperbot_localization/lib/bumperbot_localization/imu_republisher.py
[1.711s] -- Up-to-date symlink: /home/emzx/ros2_ws/install/bumperbot_localization/lib/bumperbot_localization/odometry_motion_model.py
[1.711s] -- Up-to-date symlink: /home/emzx/ros2_ws/install/bumperbot_localization/share/bumperbot_localization/launch/local_localization.launch.py
[1.712s] -- Up-to-date symlink: /home/emzx/ros2_ws/install/bumperbot_localization/share/bumperbot_localization/config/ekf.yaml
[1.712s] -- Up-to-date symlink: /home/emzx/ros2_ws/install/bumperbot_localization/share/ament_index/resource_index/package_run_dependencies/bumperbot_localization
[1.712s] -- Up-to-date symlink: /home/emzx/ros2_ws/install/bumperbot_localization/share/ament_index/resource_index/parent_prefix_path/bumperbot_localization
[1.713s] -- Up-to-date symlink: /home/emzx/ros2_ws/install/bumperbot_localization/share/bumperbot_localization/environment/ament_prefix_path.sh
[1.713s] -- Up-to-date symlink: /home/emzx/ros2_ws/install/bumperbot_localization/share/bumperbot_localization/environment/ament_prefix_path.dsv
[1.713s] -- Up-to-date symlink: /home/emzx/ros2_ws/install/bumperbot_localization/share/bumperbot_localization/environment/path.sh
[1.713s] -- Up-to-date symlink: /home/emzx/ros2_ws/install/bumperbot_localization/share/bumperbot_localization/environment/path.dsv
[1.714s] -- Up-to-date symlink: /home/emzx/ros2_ws/install/bumperbot_localization/share/bumperbot_localization/local_setup.bash
[1.715s] -- Up-to-date symlink: /home/emzx/ros2_ws/install/bumperbot_localization/share/bumperbot_localization/local_setup.sh
[1.715s] -- Up-to-date symlink: /home/emzx/ros2_ws/install/bumperbot_localization/share/bumperbot_localization/local_setup.zsh
[1.716s] -- Up-to-date symlink: /home/emzx/ros2_ws/install/bumperbot_localization/share/bumperbot_localization/local_setup.dsv
[1.716s] -- Symlinking: /home/emzx/ros2_ws/install/bumperbot_localization/share/bumperbot_localization/package.dsv
[1.772s] -- Up-to-date symlink: /home/emzx/ros2_ws/install/bumperbot_localization/share/ament_index/resource_index/packages/bumperbot_localization
[1.773s] -- Up-to-date symlink: /home/emzx/ros2_ws/install/bumperbot_localization/share/bumperbot_localization/cmake/bumperbot_localizationConfig.cmake
[1.774s] -- Up-to-date symlink: /home/emzx/ros2_ws/install/bumperbot_localization/share/bumperbot_localization/cmake/bumperbot_localizationConfig-version.cmake
[1.775s] -- Up-to-date symlink: /home/emzx/ros2_ws/install/bumperbot_localization/share/bumperbot_localization/package.xml
[1.856s] Listing '/home/emzx/ros2_ws/install/bumperbot_localization/lib/python3.12/site-packages/bumperbot_localization'...
[1.893s] Invoked command in '/home/emzx/ros2_ws/build/bumperbot_localization' returned '0': CMAKE_PREFIX_PATH=${CMAKE_PREFIX_PATH}:/home/emzx/ros2_ws/install/turtlesim_catch_them_all:/home/emzx/ros2_ws/install/pacote_teste:/home/emzx/ros2_ws/install/bumperbot_utils:/home/emzx/ros2_ws/install/bumperbot_py:/opt/ros/jazzy DEBUGINFOD_URLS=https://debuginfod.ubuntu.com /usr/bin/cmake --install /home/emzx/ros2_ws/build/bumperbot_localization
