[0.026s] Invoking command in '/home/emzx/ros2_ws/build/bumperbot_localization': CMAKE_PREFIX_PATH=${CMAKE_PREFIX_PATH}:/home/emzx/ros2_ws/install/turtlesim_catch_them_all:/home/emzx/ros2_ws/install/pacote_teste:/home/emzx/ros2_ws/install/bumperbot_utils:/home/emzx/ros2_ws/install/bumperbot_py:/opt/ros/jazzy DEBUGINFOD_URLS=https://debuginfod.ubuntu.com /usr/bin/cmake --build /home/emzx/ros2_ws/build/bumperbot_localization -- -j8 -l8
[0.450s] Invoked command in '/home/emzx/ros2_ws/build/bumperbot_localization' returned '0': CMAKE_PREFIX_PATH=${CMAKE_PREFIX_PATH}:/home/emzx/ros2_ws/install/turtlesim_catch_them_all:/home/emzx/ros2_ws/install/pacote_teste:/home/emzx/ros2_ws/install/bumperbot_utils:/home/emzx/ros2_ws/install/bumperbot_py:/opt/ros/jazzy DEBUGINFOD_URLS=https://debuginfod.ubuntu.com /usr/bin/cmake --build /home/emzx/ros2_ws/build/bumperbot_localization -- -j8 -l8
[0.452s] Invoking command in '/home/emzx/ros2_ws/build/bumperbot_localization': CMAKE_PREFIX_PATH=${CMAKE_PREFIX_PATH}:/home/emzx/ros2_ws/install/turtlesim_catch_them_all:/home/emzx/ros2_ws/install/pacote_teste:/home/emzx/ros2_ws/install/bumperbot_utils:/home/emzx/ros2_ws/install/bumperbot_py:/opt/ros/jazzy DEBUGINFOD_URLS=https://debuginfod.ubuntu.com /usr/bin/cmake --install /home/emzx/ros2_ws/build/bumperbot_localization
[0.459s] -- Install configuration: ""
[0.460s] -- Execute custom install script
[0.463s] -- Up-to-date symlink: /home/emzx/ros2_ws/install/bumperbot_localization/lib/bumperbot_localization/kalman_filter.py
[0.463s] -- Up-to-date symlink: /home/emzx/ros2_ws/install/bumperbot_localization/share/ament_index/resource_index/package_run_dependencies/bumperbot_localization
[0.463s] -- Up-to-date symlink: /home/emzx/ros2_ws/install/bumperbot_localization/share/ament_index/resource_index/parent_prefix_path/bumperbot_localization
[0.463s] -- Up-to-date symlink: /home/emzx/ros2_ws/install/bumperbot_localization/share/bumperbot_localization/environment/ament_prefix_path.sh
[0.463s] -- Up-to-date symlink: /home/emzx/ros2_ws/install/bumperbot_localization/share/bumperbot_localization/environment/ament_prefix_path.dsv
[0.463s] -- Up-to-date symlink: /home/emzx/ros2_ws/install/bumperbot_localization/share/bumperbot_localization/environment/path.sh
[0.463s] -- Up-to-date symlink: /home/emzx/ros2_ws/install/bumperbot_localization/share/bumperbot_localization/environment/path.dsv
[0.463s] -- Up-to-date symlink: /home/emzx/ros2_ws/install/bumperbot_localization/share/bumperbot_localization/local_setup.bash
[0.463s] -- Up-to-date symlink: /home/emzx/ros2_ws/install/bumperbot_localization/share/bumperbot_localization/local_setup.sh
[0.463s] -- Up-to-date symlink: /home/emzx/ros2_ws/install/bumperbot_localization/share/bumperbot_localization/local_setup.zsh
[0.464s] -- Up-to-date symlink: /home/emzx/ros2_ws/install/bumperbot_localization/share/bumperbot_localization/local_setup.dsv
[0.464s] -- Symlinking: /home/emzx/ros2_ws/install/bumperbot_localization/share/bumperbot_localization/package.dsv
[0.472s] -- Up-to-date symlink: /home/emzx/ros2_ws/install/bumperbot_localization/share/ament_index/resource_index/packages/bumperbot_localization
[0.472s] -- Up-to-date symlink: /home/emzx/ros2_ws/install/bumperbot_localization/share/bumperbot_localization/cmake/bumperbot_localizationConfig.cmake
[0.473s] -- Up-to-date symlink: /home/emzx/ros2_ws/install/bumperbot_localization/share/bumperbot_localization/cmake/bumperbot_localizationConfig-version.cmake
[0.473s] -- Up-to-date symlink: /home/emzx/ros2_ws/install/bumperbot_localization/share/bumperbot_localization/package.xml
[0.491s] Invoked command in '/home/emzx/ros2_ws/build/bumperbot_localization' returned '0': CMAKE_PREFIX_PATH=${CMAKE_PREFIX_PATH}:/home/emzx/ros2_ws/install/turtlesim_catch_them_all:/home/emzx/ros2_ws/install/pacote_teste:/home/emzx/ros2_ws/install/bumperbot_utils:/home/emzx/ros2_ws/install/bumperbot_py:/opt/ros/jazzy DEBUGINFOD_URLS=https://debuginfod.ubuntu.com /usr/bin/cmake --install /home/emzx/ros2_ws/build/bumperbot_localization
