[0.011s] Invoking command in '/home/emzx/ros2_ws/build/rplidar_ros': CMAKE_PREFIX_PATH=${CMAKE_PREFIX_PATH}:/home/emzx/ros2_ws/install/turtlesim_catch_them_all:/home/emzx/ros2_ws/install/pacote_teste:/home/emzx/ros2_ws/install/bumperbot_utils:/home/emzx/ros2_ws/install/bumperbot_py:/opt/ros/jazzy DEBUGINFOD_URLS=https://debuginfod.ubuntu.com /usr/bin/cmake /home/emzx/ros2_ws/src/rplidar_ros -DCMAKE_INSTALL_PREFIX=/home/emzx/ros2_ws/install/rplidar_ros
[0.024s] -- Found ament_cmake: 2.5.3 (/opt/ros/jazzy/share/ament_cmake/cmake)
[0.332s] -- Override CMake install command with custom implementation using symlinks instead of copying resources
[0.339s] -- Found rclcpp: 28.1.6 (/opt/ros/jazzy/share/rclcpp/cmake)
[0.384s] -- Found rosidl_generator_c: 4.6.5 (/opt/ros/jazzy/share/rosidl_generator_c/cmake)
[0.397s] -- Found rosidl_generator_cpp: 4.6.5 (/opt/ros/jazzy/share/rosidl_generator_cpp/cmake)
[0.409s] -- Using all available rosidl_typesupport_c: rosidl_typesupport_fastrtps_c;rosidl_typesupport_introspection_c
[0.422s] -- Using all available rosidl_typesupport_cpp: rosidl_typesupport_fastrtps_cpp;rosidl_typesupport_introspection_cpp
[0.484s] -- Found rmw_implementation_cmake: 7.3.1 (/opt/ros/jazzy/share/rmw_implementation_cmake/cmake)
[0.485s] -- Found rmw_fastrtps_cpp: 8.4.1 (/opt/ros/jazzy/share/rmw_fastrtps_cpp/cmake)
[0.550s] -- Using RMW implementation 'rmw_fastrtps_cpp' as default
[0.613s] -- Found sensor_msgs: 5.3.5 (/opt/ros/jazzy/share/sensor_msgs/cmake)
[0.668s] -- Found std_srvs: 5.3.5 (/opt/ros/jazzy/share/std_srvs/cmake)
[0.800s] -- Configuring done (0.8s)
[0.830s] -- Generating done (0.0s)
[0.842s] -- Build files have been written to: /home/emzx/ros2_ws/build/rplidar_ros
[0.854s] Invoked command in '/home/emzx/ros2_ws/build/rplidar_ros' returned '0': CMAKE_PREFIX_PATH=${CMAKE_PREFIX_PATH}:/home/emzx/ros2_ws/install/turtlesim_catch_them_all:/home/emzx/ros2_ws/install/pacote_teste:/home/emzx/ros2_ws/install/bumperbot_utils:/home/emzx/ros2_ws/install/bumperbot_py:/opt/ros/jazzy DEBUGINFOD_URLS=https://debuginfod.ubuntu.com /usr/bin/cmake /home/emzx/ros2_ws/src/rplidar_ros -DCMAKE_INSTALL_PREFIX=/home/emzx/ros2_ws/install/rplidar_ros
[0.856s] Invoking command in '/home/emzx/ros2_ws/build/rplidar_ros': CMAKE_PREFIX_PATH=${CMAKE_PREFIX_PATH}:/home/emzx/ros2_ws/install/turtlesim_catch_them_all:/home/emzx/ros2_ws/install/pacote_teste:/home/emzx/ros2_ws/install/bumperbot_utils:/home/emzx/ros2_ws/install/bumperbot_py:/opt/ros/jazzy DEBUGINFOD_URLS=https://debuginfod.ubuntu.com /usr/bin/cmake --build /home/emzx/ros2_ws/build/rplidar_ros -- -j8 -l8
[0.955s] [  5%] Built target rplidar_client
[0.973s] [ 52%] Built target rplidar_composition
[0.974s] [100%] Built target rplidar_node
[0.985s] Invoked command in '/home/emzx/ros2_ws/build/rplidar_ros' returned '0': CMAKE_PREFIX_PATH=${CMAKE_PREFIX_PATH}:/home/emzx/ros2_ws/install/turtlesim_catch_them_all:/home/emzx/ros2_ws/install/pacote_teste:/home/emzx/ros2_ws/install/bumperbot_utils:/home/emzx/ros2_ws/install/bumperbot_py:/opt/ros/jazzy DEBUGINFOD_URLS=https://debuginfod.ubuntu.com /usr/bin/cmake --build /home/emzx/ros2_ws/build/rplidar_ros -- -j8 -l8
[0.998s] Invoking command in '/home/emzx/ros2_ws/build/rplidar_ros': CMAKE_PREFIX_PATH=${CMAKE_PREFIX_PATH}:/home/emzx/ros2_ws/install/turtlesim_catch_them_all:/home/emzx/ros2_ws/install/pacote_teste:/home/emzx/ros2_ws/install/bumperbot_utils:/home/emzx/ros2_ws/install/bumperbot_py:/opt/ros/jazzy DEBUGINFOD_URLS=https://debuginfod.ubuntu.com /usr/bin/cmake --install /home/emzx/ros2_ws/build/rplidar_ros
[1.011s] -- Install configuration: ""
[1.011s] -- Execute custom install script
[1.012s] -- Up-to-date symlink: /home/emzx/ros2_ws/install/rplidar_ros/share/rplidar_ros/launch/rplidar_a1_launch.py
[1.012s] -- Up-to-date symlink: /home/emzx/ros2_ws/install/rplidar_ros/share/rplidar_ros/launch/rplidar_a2m12_launch.py
[1.013s] -- Up-to-date symlink: /home/emzx/ros2_ws/install/rplidar_ros/share/rplidar_ros/launch/rplidar_a2m7_launch.py
[1.013s] -- Up-to-date symlink: /home/emzx/ros2_ws/install/rplidar_ros/share/rplidar_ros/launch/rplidar_a2m8_launch.py
[1.013s] -- Up-to-date symlink: /home/emzx/ros2_ws/install/rplidar_ros/share/rplidar_ros/launch/rplidar_a3_launch.py
[1.013s] -- Up-to-date symlink: /home/emzx/ros2_ws/install/rplidar_ros/share/rplidar_ros/launch/rplidar_c1_launch.py
[1.013s] -- Up-to-date symlink: /home/emzx/ros2_ws/install/rplidar_ros/share/rplidar_ros/launch/rplidar_s1_launch.py
[1.014s] -- Up-to-date symlink: /home/emzx/ros2_ws/install/rplidar_ros/share/rplidar_ros/launch/rplidar_s1_tcp_launch.py
[1.014s] -- Up-to-date symlink: /home/emzx/ros2_ws/install/rplidar_ros/share/rplidar_ros/launch/rplidar_s2_launch.py
[1.014s] -- Up-to-date symlink: /home/emzx/ros2_ws/install/rplidar_ros/share/rplidar_ros/launch/rplidar_s2e_launch.py
[1.014s] -- Up-to-date symlink: /home/emzx/ros2_ws/install/rplidar_ros/share/rplidar_ros/launch/rplidar_s3_launch.py
[1.014s] -- Up-to-date symlink: /home/emzx/ros2_ws/install/rplidar_ros/share/rplidar_ros/launch/rplidar_t1_launch.py
[1.015s] -- Up-to-date symlink: /home/emzx/ros2_ws/install/rplidar_ros/share/rplidar_ros/launch/view_rplidar_a1_launch.py
[1.015s] -- Up-to-date symlink: /home/emzx/ros2_ws/install/rplidar_ros/share/rplidar_ros/launch/view_rplidar_a2m12_launch.py
[1.015s] -- Up-to-date symlink: /home/emzx/ros2_ws/install/rplidar_ros/share/rplidar_ros/launch/view_rplidar_a2m7_launch.py
[1.015s] -- Up-to-date symlink: /home/emzx/ros2_ws/install/rplidar_ros/share/rplidar_ros/launch/view_rplidar_a2m8_launch.py
[1.015s] -- Up-to-date symlink: /home/emzx/ros2_ws/install/rplidar_ros/share/rplidar_ros/launch/view_rplidar_a3_launch.py
[1.015s] -- Up-to-date symlink: /home/emzx/ros2_ws/install/rplidar_ros/share/rplidar_ros/launch/view_rplidar_c1_launch.py
[1.016s] -- Up-to-date symlink: /home/emzx/ros2_ws/install/rplidar_ros/share/rplidar_ros/launch/view_rplidar_s1_launch.py
[1.016s] -- Up-to-date symlink: /home/emzx/ros2_ws/install/rplidar_ros/share/rplidar_ros/launch/view_rplidar_s1_tcp_launch.py
[1.016s] -- Up-to-date symlink: /home/emzx/ros2_ws/install/rplidar_ros/share/rplidar_ros/launch/view_rplidar_s2_launch.py
[1.016s] -- Up-to-date symlink: /home/emzx/ros2_ws/install/rplidar_ros/share/rplidar_ros/launch/view_rplidar_s2e_launch.py
[1.016s] -- Up-to-date symlink: /home/emzx/ros2_ws/install/rplidar_ros/share/rplidar_ros/launch/view_rplidar_s3_launch.py
[1.017s] -- Up-to-date symlink: /home/emzx/ros2_ws/install/rplidar_ros/share/rplidar_ros/launch/view_rplidar_t1_launch.py
[1.017s] -- Up-to-date symlink: /home/emzx/ros2_ws/install/rplidar_ros/share/rplidar_ros/rviz/rplidar_ros.rviz
[1.017s] -- Up-to-date symlink: /home/emzx/ros2_ws/install/rplidar_ros/lib/rplidar_ros/rplidar_node
[1.017s] -- Up-to-date symlink: /home/emzx/ros2_ws/install/rplidar_ros/lib/rplidar_ros/rplidar_composition
[1.017s] -- Up-to-date symlink: /home/emzx/ros2_ws/install/rplidar_ros/lib/rplidar_ros/rplidar_client
[1.017s] -- Up-to-date symlink: /home/emzx/ros2_ws/install/rplidar_ros/share/ament_index/resource_index/package_run_dependencies/rplidar_ros
[1.017s] -- Up-to-date symlink: /home/emzx/ros2_ws/install/rplidar_ros/share/ament_index/resource_index/parent_prefix_path/rplidar_ros
[1.018s] -- Up-to-date symlink: /home/emzx/ros2_ws/install/rplidar_ros/share/rplidar_ros/environment/ament_prefix_path.sh
[1.018s] -- Up-to-date symlink: /home/emzx/ros2_ws/install/rplidar_ros/share/rplidar_ros/environment/ament_prefix_path.dsv
[1.018s] -- Up-to-date symlink: /home/emzx/ros2_ws/install/rplidar_ros/share/rplidar_ros/environment/path.sh
[1.019s] -- Up-to-date symlink: /home/emzx/ros2_ws/install/rplidar_ros/share/rplidar_ros/environment/path.dsv
[1.019s] -- Up-to-date symlink: /home/emzx/ros2_ws/install/rplidar_ros/share/rplidar_ros/local_setup.bash
[1.019s] -- Up-to-date symlink: /home/emzx/ros2_ws/install/rplidar_ros/share/rplidar_ros/local_setup.sh
[1.019s] -- Up-to-date symlink: /home/emzx/ros2_ws/install/rplidar_ros/share/rplidar_ros/local_setup.zsh
[1.019s] -- Up-to-date symlink: /home/emzx/ros2_ws/install/rplidar_ros/share/rplidar_ros/local_setup.dsv
[1.020s] -- Symlinking: /home/emzx/ros2_ws/install/rplidar_ros/share/rplidar_ros/package.dsv
[1.033s] -- Up-to-date symlink: /home/emzx/ros2_ws/install/rplidar_ros/share/ament_index/resource_index/packages/rplidar_ros
[1.034s] -- Up-to-date symlink: /home/emzx/ros2_ws/install/rplidar_ros/share/rplidar_ros/cmake/ament_cmake_export_dependencies-extras.cmake
[1.034s] -- Up-to-date symlink: /home/emzx/ros2_ws/install/rplidar_ros/share/rplidar_ros/cmake/ament_cmake_export_include_directories-extras.cmake
[1.034s] -- Up-to-date symlink: /home/emzx/ros2_ws/install/rplidar_ros/share/rplidar_ros/cmake/rplidar_rosConfig.cmake
[1.034s] -- Up-to-date symlink: /home/emzx/ros2_ws/install/rplidar_ros/share/rplidar_ros/cmake/rplidar_rosConfig-version.cmake
[1.035s] -- Up-to-date symlink: /home/emzx/ros2_ws/install/rplidar_ros/share/rplidar_ros/package.xml
[1.038s] Invoked command in '/home/emzx/ros2_ws/build/rplidar_ros' returned '0': CMAKE_PREFIX_PATH=${CMAKE_PREFIX_PATH}:/home/emzx/ros2_ws/install/turtlesim_catch_them_all:/home/emzx/ros2_ws/install/pacote_teste:/home/emzx/ros2_ws/install/bumperbot_utils:/home/emzx/ros2_ws/install/bumperbot_py:/opt/ros/jazzy DEBUGINFOD_URLS=https://debuginfod.ubuntu.com /usr/bin/cmake --install /home/emzx/ros2_ws/build/rplidar_ros
