[0.495s] Invoking command in '/home/pc/Documents/GitHub/HOME/src/turtlesim_catch_them_all': AMENT_PREFIX_PATH=/home/pc/Documents/GitHub/HOME/src/install/my_robot_interfaces:${AMENT_PREFIX_PATH} CMAKE_PREFIX_PATH=/home/pc/Documents/GitHub/HOME/src/install/my_robot_interfaces LD_LIBRARY_PATH=/home/pc/Documents/GitHub/HOME/src/install/my_robot_interfaces/lib:${LD_LIBRARY_PATH} PYTHONPATH=/home/pc/Documents/GitHub/HOME/src/build/turtlesim_catch_them_all/prefix_override:/usr/lib/python3/dist-packages/colcon_core/task/python/colcon_distutils_commands:/home/pc/Documents/GitHub/HOME/src/install/turtlesim_catch_them_all/lib/python3.10/site-packages:/home/pc/Documents/GitHub/HOME/src/install/my_robot_interfaces/local/lib/python3.10/dist-packages:${PYTHONPATH} /usr/bin/python3 -W ignore:setup.py install is deprecated -W ignore:easy_install command is deprecated setup.py egg_info --egg-base ../build/turtlesim_catch_them_all build --build-base /home/pc/Documents/GitHub/HOME/src/build/turtlesim_catch_them_all/build install --record /home/pc/Documents/GitHub/HOME/src/build/turtlesim_catch_them_all/install.log --single-version-externally-managed install_data
[0.617s] running egg_info
[0.618s] creating ../build/turtlesim_catch_them_all/turtlesim_catch_them_all.egg-info
[0.618s] writing ../build/turtlesim_catch_them_all/turtlesim_catch_them_all.egg-info/PKG-INFO
[0.618s] writing dependency_links to ../build/turtlesim_catch_them_all/turtlesim_catch_them_all.egg-info/dependency_links.txt
[0.618s] writing entry points to ../build/turtlesim_catch_them_all/turtlesim_catch_them_all.egg-info/entry_points.txt
[0.618s] writing requirements to ../build/turtlesim_catch_them_all/turtlesim_catch_them_all.egg-info/requires.txt
[0.618s] writing top-level names to ../build/turtlesim_catch_them_all/turtlesim_catch_them_all.egg-info/top_level.txt
[0.618s] writing manifest file '../build/turtlesim_catch_them_all/turtlesim_catch_them_all.egg-info/SOURCES.txt'
[0.619s] reading manifest file '../build/turtlesim_catch_them_all/turtlesim_catch_them_all.egg-info/SOURCES.txt'
[0.619s] writing manifest file '../build/turtlesim_catch_them_all/turtlesim_catch_them_all.egg-info/SOURCES.txt'
[0.624s] running build
[0.624s] running build_py
[0.624s] creating /home/pc/Documents/GitHub/HOME/src/build/turtlesim_catch_them_all/build
[0.624s] creating /home/pc/Documents/GitHub/HOME/src/build/turtlesim_catch_them_all/build/lib
[0.624s] creating /home/pc/Documents/GitHub/HOME/src/build/turtlesim_catch_them_all/build/lib/turtlesim_catch_them_all
[0.624s] copying turtlesim_catch_them_all/turtle_controller.py -> /home/pc/Documents/GitHub/HOME/src/build/turtlesim_catch_them_all/build/lib/turtlesim_catch_them_all
[0.624s] copying turtlesim_catch_them_all/__init__.py -> /home/pc/Documents/GitHub/HOME/src/build/turtlesim_catch_them_all/build/lib/turtlesim_catch_them_all
[0.625s] copying turtlesim_catch_them_all/turtle_spawner.py -> /home/pc/Documents/GitHub/HOME/src/build/turtlesim_catch_them_all/build/lib/turtlesim_catch_them_all
[0.625s] running install
[0.625s] running install_lib
[0.625s] creating /home/pc/Documents/GitHub/HOME/src/install/turtlesim_catch_them_all/lib/python3.10/site-packages/turtlesim_catch_them_all
[0.625s] copying /home/pc/Documents/GitHub/HOME/src/build/turtlesim_catch_them_all/build/lib/turtlesim_catch_them_all/turtle_controller.py -> /home/pc/Documents/GitHub/HOME/src/install/turtlesim_catch_them_all/lib/python3.10/site-packages/turtlesim_catch_them_all
[0.626s] copying /home/pc/Documents/GitHub/HOME/src/build/turtlesim_catch_them_all/build/lib/turtlesim_catch_them_all/__init__.py -> /home/pc/Documents/GitHub/HOME/src/install/turtlesim_catch_them_all/lib/python3.10/site-packages/turtlesim_catch_them_all
[0.626s] copying /home/pc/Documents/GitHub/HOME/src/build/turtlesim_catch_them_all/build/lib/turtlesim_catch_them_all/turtle_spawner.py -> /home/pc/Documents/GitHub/HOME/src/install/turtlesim_catch_them_all/lib/python3.10/site-packages/turtlesim_catch_them_all
[0.626s] byte-compiling /home/pc/Documents/GitHub/HOME/src/install/turtlesim_catch_them_all/lib/python3.10/site-packages/turtlesim_catch_them_all/turtle_controller.py to turtle_controller.cpython-310.pyc
[0.626s] byte-compiling /home/pc/Documents/GitHub/HOME/src/install/turtlesim_catch_them_all/lib/python3.10/site-packages/turtlesim_catch_them_all/__init__.py to __init__.cpython-310.pyc
[0.626s] byte-compiling /home/pc/Documents/GitHub/HOME/src/install/turtlesim_catch_them_all/lib/python3.10/site-packages/turtlesim_catch_them_all/turtle_spawner.py to turtle_spawner.cpython-310.pyc
[0.627s] running install_data
[0.627s] creating /home/pc/Documents/GitHub/HOME/src/install/turtlesim_catch_them_all/share/ament_index
[0.627s] creating /home/pc/Documents/GitHub/HOME/src/install/turtlesim_catch_them_all/share/ament_index/resource_index
[0.627s] creating /home/pc/Documents/GitHub/HOME/src/install/turtlesim_catch_them_all/share/ament_index/resource_index/packages
[0.627s] copying resource/turtlesim_catch_them_all -> /home/pc/Documents/GitHub/HOME/src/install/turtlesim_catch_them_all/share/ament_index/resource_index/packages
[0.628s] copying package.xml -> /home/pc/Documents/GitHub/HOME/src/install/turtlesim_catch_them_all/share/turtlesim_catch_them_all
[0.628s] running install_egg_info
[0.628s] Copying ../build/turtlesim_catch_them_all/turtlesim_catch_them_all.egg-info to /home/pc/Documents/GitHub/HOME/src/install/turtlesim_catch_them_all/lib/python3.10/site-packages/turtlesim_catch_them_all-0.0.0-py3.10.egg-info
[0.628s] running install_scripts
[0.641s] Installing turtle_spawner script to /home/pc/Documents/GitHub/HOME/src/install/turtlesim_catch_them_all/lib/turtlesim_catch_them_all
[0.641s] Installing turtlesim_controller script to /home/pc/Documents/GitHub/HOME/src/install/turtlesim_catch_them_all/lib/turtlesim_catch_them_all
[0.642s] writing list of installed files to '/home/pc/Documents/GitHub/HOME/src/build/turtlesim_catch_them_all/install.log'
[0.658s] Invoked command in '/home/pc/Documents/GitHub/HOME/src/turtlesim_catch_them_all' returned '0': AMENT_PREFIX_PATH=/home/pc/Documents/GitHub/HOME/src/install/my_robot_interfaces:${AMENT_PREFIX_PATH} CMAKE_PREFIX_PATH=/home/pc/Documents/GitHub/HOME/src/install/my_robot_interfaces LD_LIBRARY_PATH=/home/pc/Documents/GitHub/HOME/src/install/my_robot_interfaces/lib:${LD_LIBRARY_PATH} PYTHONPATH=/home/pc/Documents/GitHub/HOME/src/build/turtlesim_catch_them_all/prefix_override:/usr/lib/python3/dist-packages/colcon_core/task/python/colcon_distutils_commands:/home/pc/Documents/GitHub/HOME/src/install/turtlesim_catch_them_all/lib/python3.10/site-packages:/home/pc/Documents/GitHub/HOME/src/install/my_robot_interfaces/local/lib/python3.10/dist-packages:${PYTHONPATH} /usr/bin/python3 -W ignore:setup.py install is deprecated -W ignore:easy_install command is deprecated setup.py egg_info --egg-base ../build/turtlesim_catch_them_all build --build-base /home/pc/Documents/GitHub/HOME/src/build/turtlesim_catch_them_all/build install --record /home/pc/Documents/GitHub/HOME/src/build/turtlesim_catch_them_all/install.log --single-version-externally-managed install_data
