[0.055s] Invoking command in '/home/emzx/ros2_ws/build/bumperbot_mapping': CMAKE_PREFIX_PATH=${CMAKE_PREFIX_PATH}:/home/emzx/ros2_ws/install/turtlesim_catch_them_all:/home/emzx/ros2_ws/install/pacote_teste:/home/emzx/ros2_ws/install/bumperbot_utils:/home/emzx/ros2_ws/install/bumperbot_py:/opt/ros/jazzy DEBUGINFOD_URLS=https://debuginfod.ubuntu.com /usr/bin/cmake --build /home/emzx/ros2_ws/build/bumperbot_mapping -- -j8 -l8
[0.390s] -- Found ament_cmake: 2.5.3 (/opt/ros/jazzy/share/ament_cmake/cmake)
[0.442s] -- Found rclpy: 7.1.3 (/opt/ros/jazzy/share/rclpy/cmake)
[0.443s] -- Found sensor_msgs: 5.3.5 (/opt/ros/jazzy/share/sensor_msgs/cmake)
[0.495s] -- Found rosidl_generator_c: 4.6.5 (/opt/ros/jazzy/share/rosidl_generator_c/cmake)
[0.513s] -- Found rosidl_generator_cpp: 4.6.5 (/opt/ros/jazzy/share/rosidl_generator_cpp/cmake)
[0.537s] -- Using all available rosidl_typesupport_c: rosidl_typesupport_fastrtps_c;rosidl_typesupport_introspection_c
[0.566s] -- Using all available rosidl_typesupport_cpp: rosidl_typesupport_fastrtps_cpp;rosidl_typesupport_introspection_cpp
[0.707s] -- Found nav_msgs: 5.3.5 (/opt/ros/jazzy/share/nav_msgs/cmake)
[0.753s] -- Found tf2_ros: 0.36.8 (/opt/ros/jazzy/share/tf2_ros/cmake)
[0.891s] -- Found rmw_implementation_cmake: 7.3.1 (/opt/ros/jazzy/share/rmw_implementation_cmake/cmake)
[0.895s] -- Found rmw_fastrtps_cpp: 8.4.1 (/opt/ros/jazzy/share/rmw_fastrtps_cpp/cmake)
[0.997s] -- Using RMW implementation 'rmw_fastrtps_cpp' as default
[1.291s] -- Found ament_lint_auto: 0.17.1 (/opt/ros/jazzy/share/ament_lint_auto/cmake)
[1.414s] -- Added test 'flake8' to check Python code syntax and style conventions
[1.414s] -- Configured 'flake8' exclude dirs and/or files: 
[1.414s] -- Added test 'lint_cmake' to check CMake code style
[1.415s] -- Added test 'pep257' to check Python code against some of the docstring style conventions in PEP 257
[1.416s] -- Added test 'xmllint' to check XML markup files
[1.417s] -- Configuring done (1.3s)
[1.426s] -- Generating done (0.0s)
[1.429s] -- Build files have been written to: /home/emzx/ros2_ws/build/bumperbot_mapping
[1.474s] Built target ament_cmake_python_copy_bumperbot_mapping
[1.725s] running egg_info
[1.746s] writing bumperbot_mapping.egg-info/PKG-INFO
[1.747s] writing dependency_links to bumperbot_mapping.egg-info/dependency_links.txt
[1.747s] writing top-level names to bumperbot_mapping.egg-info/top_level.txt
[1.809s] reading manifest file 'bumperbot_mapping.egg-info/SOURCES.txt'
[1.810s] writing manifest file 'bumperbot_mapping.egg-info/SOURCES.txt'
[1.836s] Built target ament_cmake_python_build_bumperbot_mapping_egg
[1.847s] Invoked command in '/home/emzx/ros2_ws/build/bumperbot_mapping' returned '0': CMAKE_PREFIX_PATH=${CMAKE_PREFIX_PATH}:/home/emzx/ros2_ws/install/turtlesim_catch_them_all:/home/emzx/ros2_ws/install/pacote_teste:/home/emzx/ros2_ws/install/bumperbot_utils:/home/emzx/ros2_ws/install/bumperbot_py:/opt/ros/jazzy DEBUGINFOD_URLS=https://debuginfod.ubuntu.com /usr/bin/cmake --build /home/emzx/ros2_ws/build/bumperbot_mapping -- -j8 -l8
[1.848s] Invoking command in '/home/emzx/ros2_ws/build/bumperbot_mapping': CMAKE_PREFIX_PATH=${CMAKE_PREFIX_PATH}:/home/emzx/ros2_ws/install/turtlesim_catch_them_all:/home/emzx/ros2_ws/install/pacote_teste:/home/emzx/ros2_ws/install/bumperbot_utils:/home/emzx/ros2_ws/install/bumperbot_py:/opt/ros/jazzy DEBUGINFOD_URLS=https://debuginfod.ubuntu.com /usr/bin/cmake --install /home/emzx/ros2_ws/build/bumperbot_mapping
[1.856s] -- Install configuration: ""
[1.857s] -- Up-to-date: /home/emzx/ros2_ws/install/bumperbot_mapping/share/bumperbot_mapping/environment/pythonpath.sh
[1.857s] -- Up-to-date: /home/emzx/ros2_ws/install/bumperbot_mapping/share/bumperbot_mapping/environment/pythonpath.dsv
[1.857s] -- Up-to-date: /home/emzx/ros2_ws/install/bumperbot_mapping/lib/python3.12/site-packages/bumperbot_mapping-0.0.0-py3.12.egg-info
[1.858s] -- Installing: /home/emzx/ros2_ws/install/bumperbot_mapping/lib/python3.12/site-packages/bumperbot_mapping-0.0.0-py3.12.egg-info/dependency_links.txt
[1.858s] -- Installing: /home/emzx/ros2_ws/install/bumperbot_mapping/lib/python3.12/site-packages/bumperbot_mapping-0.0.0-py3.12.egg-info/PKG-INFO
[1.858s] -- Installing: /home/emzx/ros2_ws/install/bumperbot_mapping/lib/python3.12/site-packages/bumperbot_mapping-0.0.0-py3.12.egg-info/SOURCES.txt
[1.858s] -- Installing: /home/emzx/ros2_ws/install/bumperbot_mapping/lib/python3.12/site-packages/bumperbot_mapping-0.0.0-py3.12.egg-info/top_level.txt
[1.858s] -- Up-to-date: /home/emzx/ros2_ws/install/bumperbot_mapping/lib/python3.12/site-packages/bumperbot_mapping
[1.858s] -- Up-to-date: /home/emzx/ros2_ws/install/bumperbot_mapping/lib/python3.12/site-packages/bumperbot_mapping/__init__.py
[1.858s] -- Installing: /home/emzx/ros2_ws/install/bumperbot_mapping/lib/python3.12/site-packages/bumperbot_mapping/mapping_with_known_poses.py
[1.898s] Listing '/home/emzx/ros2_ws/install/bumperbot_mapping/lib/python3.12/site-packages/bumperbot_mapping'...
[1.898s] Compiling '/home/emzx/ros2_ws/install/bumperbot_mapping/lib/python3.12/site-packages/bumperbot_mapping/mapping_with_known_poses.py'...
[1.903s] -- Installing: /home/emzx/ros2_ws/install/bumperbot_mapping/lib/bumperbot_mapping/mapping_with_known_poses.py
[1.904s] -- Up-to-date: /home/emzx/ros2_ws/install/bumperbot_mapping/share/bumperbot_mapping/maps
[1.904s] -- Up-to-date: /home/emzx/ros2_ws/install/bumperbot_mapping/share/bumperbot_mapping/maps/small_house
[1.904s] -- Up-to-date: /home/emzx/ros2_ws/install/bumperbot_mapping/share/bumperbot_mapping/maps/small_house/map.pgm
[1.904s] -- Up-to-date: /home/emzx/ros2_ws/install/bumperbot_mapping/share/bumperbot_mapping/maps/small_house/map.yaml
[1.904s] -- Installing: /home/emzx/ros2_ws/install/bumperbot_mapping/share/ament_index/resource_index/package_run_dependencies/bumperbot_mapping
[1.904s] -- Up-to-date: /home/emzx/ros2_ws/install/bumperbot_mapping/share/ament_index/resource_index/parent_prefix_path/bumperbot_mapping
[1.904s] -- Up-to-date: /home/emzx/ros2_ws/install/bumperbot_mapping/share/bumperbot_mapping/environment/ament_prefix_path.sh
[1.904s] -- Up-to-date: /home/emzx/ros2_ws/install/bumperbot_mapping/share/bumperbot_mapping/environment/ament_prefix_path.dsv
[1.905s] -- Up-to-date: /home/emzx/ros2_ws/install/bumperbot_mapping/share/bumperbot_mapping/environment/path.sh
[1.905s] -- Up-to-date: /home/emzx/ros2_ws/install/bumperbot_mapping/share/bumperbot_mapping/environment/path.dsv
[1.905s] -- Up-to-date: /home/emzx/ros2_ws/install/bumperbot_mapping/share/bumperbot_mapping/local_setup.bash
[1.905s] -- Up-to-date: /home/emzx/ros2_ws/install/bumperbot_mapping/share/bumperbot_mapping/local_setup.sh
[1.905s] -- Up-to-date: /home/emzx/ros2_ws/install/bumperbot_mapping/share/bumperbot_mapping/local_setup.zsh
[1.905s] -- Up-to-date: /home/emzx/ros2_ws/install/bumperbot_mapping/share/bumperbot_mapping/local_setup.dsv
[1.905s] -- Installing: /home/emzx/ros2_ws/install/bumperbot_mapping/share/bumperbot_mapping/package.dsv
[1.905s] -- Up-to-date: /home/emzx/ros2_ws/install/bumperbot_mapping/share/ament_index/resource_index/packages/bumperbot_mapping
[1.906s] -- Up-to-date: /home/emzx/ros2_ws/install/bumperbot_mapping/share/bumperbot_mapping/cmake/bumperbot_mappingConfig.cmake
[1.906s] -- Up-to-date: /home/emzx/ros2_ws/install/bumperbot_mapping/share/bumperbot_mapping/cmake/bumperbot_mappingConfig-version.cmake
[1.906s] -- Installing: /home/emzx/ros2_ws/install/bumperbot_mapping/share/bumperbot_mapping/package.xml
[1.907s] Invoked command in '/home/emzx/ros2_ws/build/bumperbot_mapping' returned '0': CMAKE_PREFIX_PATH=${CMAKE_PREFIX_PATH}:/home/emzx/ros2_ws/install/turtlesim_catch_them_all:/home/emzx/ros2_ws/install/pacote_teste:/home/emzx/ros2_ws/install/bumperbot_utils:/home/emzx/ros2_ws/install/bumperbot_py:/opt/ros/jazzy DEBUGINFOD_URLS=https://debuginfod.ubuntu.com /usr/bin/cmake --install /home/emzx/ros2_ws/build/bumperbot_mapping
