running develop
Removing /home/emzx/ros2_ws/install/bumperbot_utils/lib/python3.12/site-packages/bumperbot-utils.egg-link (link to .)
running egg_info
writing ../../build/bumperbot_utils/bumperbot_utils.egg-info/PKG-INFO
writing dependency_links to ../../build/bumperbot_utils/bumperbot_utils.egg-info/dependency_links.txt
writing entry points to ../../build/bumperbot_utils/bumperbot_utils.egg-info/entry_points.txt
writing requirements to ../../build/bumperbot_utils/bumperbot_utils.egg-info/requires.txt
writing top-level names to ../../build/bumperbot_utils/bumperbot_utils.egg-info/top_level.txt
reading manifest file '../../build/bumperbot_utils/bumperbot_utils.egg-info/SOURCES.txt'
writing manifest file '../../build/bumperbot_utils/bumperbot_utils.egg-info/SOURCES.txt'
running build
running build_py
running install
running install_lib
creating /home/emzx/ros2_ws/install/bumperbot_utils/lib/python3.12/site-packages/bumperbot_utils
copying /home/emzx/ros2_ws/build/bumperbot_utils/build/lib/bumperbot_utils/__init__.py -> /home/emzx/ros2_ws/install/bumperbot_utils/lib/python3.12/site-packages/bumperbot_utils
copying /home/emzx/ros2_ws/build/bumperbot_utils/build/lib/bumperbot_utils/simple_trajectory.py -> /home/emzx/ros2_ws/install/bumperbot_utils/lib/python3.12/site-packages/bumperbot_utils
byte-compiling /home/emzx/ros2_ws/install/bumperbot_utils/lib/python3.12/site-packages/bumperbot_utils/__init__.py to __init__.cpython-312.pyc
byte-compiling /home/emzx/ros2_ws/install/bumperbot_utils/lib/python3.12/site-packages/bumperbot_utils/simple_trajectory.py to simple_trajectory.cpython-312.pyc
running install_data
copying resource/bumperbot_utils -> /home/emzx/ros2_ws/install/bumperbot_utils/share/ament_index/resource_index/packages
copying package.xml -> /home/emzx/ros2_ws/install/bumperbot_utils/share/bumperbot_utils
running install_egg_info
Copying ../../build/bumperbot_utils/bumperbot_utils.egg-info to /home/emzx/ros2_ws/install/bumperbot_utils/lib/python3.12/site-packages/bumperbot_utils-0.0.0-py3.12.egg-info
running install_scripts
Installing desenho_trajetoria script to /home/emzx/ros2_ws/install/bumperbot_utils/lib/bumperbot_utils
writing list of installed files to '/home/emzx/ros2_ws/build/bumperbot_utils/install.log'
