[0.963s] Invoking command in '/home/emzx/ros2_ws/build/bumperbot_utils': DEBUGINFOD_URLS=https://debuginfod.ubuntu.com PYTHONPATH=/home/emzx/ros2_ws/build/bumperbot_utils/prefix_override:/usr/lib/python3/dist-packages/colcon_core/task/python/colcon_distutils_commands:/home/emzx/ros2_ws/install/bumperbot_utils/lib/python3.12/site-packages:${PYTHONPATH} /usr/bin/python3 -W ignore:setup.py install is deprecated -W ignore:easy_install command is deprecated setup.py develop --uninstall --editable --build-directory /home/emzx/ros2_ws/build/bumperbot_utils/build
[1.228s] running develop
[1.413s] Removing /home/emzx/ros2_ws/install/bumperbot_utils/lib/python3.12/site-packages/bumperbot-utils.egg-link (link to .)
[1.453s] Invoked command in '/home/emzx/ros2_ws/build/bumperbot_utils' returned '0': DEBUGINFOD_URLS=https://debuginfod.ubuntu.com PYTHONPATH=/home/emzx/ros2_ws/build/bumperbot_utils/prefix_override:/usr/lib/python3/dist-packages/colcon_core/task/python/colcon_distutils_commands:/home/emzx/ros2_ws/install/bumperbot_utils/lib/python3.12/site-packages:${PYTHONPATH} /usr/bin/python3 -W ignore:setup.py install is deprecated -W ignore:easy_install command is deprecated setup.py develop --uninstall --editable --build-directory /home/emzx/ros2_ws/build/bumperbot_utils/build
[1.454s] Invoking command in '/home/emzx/ros2_ws/src/bumperbot_utils': DEBUGINFOD_URLS=https://debuginfod.ubuntu.com PYTHONPATH=/home/emzx/ros2_ws/build/bumperbot_utils/prefix_override:/usr/lib/python3/dist-packages/colcon_core/task/python/colcon_distutils_commands:/home/emzx/ros2_ws/install/bumperbot_utils/lib/python3.12/site-packages:${PYTHONPATH} /usr/bin/python3 -W ignore:setup.py install is deprecated -W ignore:easy_install command is deprecated setup.py egg_info --egg-base ../../build/bumperbot_utils build --build-base /home/emzx/ros2_ws/build/bumperbot_utils/build install --record /home/emzx/ros2_ws/build/bumperbot_utils/install.log --single-version-externally-managed install_data --force
[1.674s] running egg_info
[1.691s] writing ../../build/bumperbot_utils/bumperbot_utils.egg-info/PKG-INFO
[1.691s] writing dependency_links to ../../build/bumperbot_utils/bumperbot_utils.egg-info/dependency_links.txt
[1.691s] writing entry points to ../../build/bumperbot_utils/bumperbot_utils.egg-info/entry_points.txt
[1.691s] writing requirements to ../../build/bumperbot_utils/bumperbot_utils.egg-info/requires.txt
[1.692s] writing top-level names to ../../build/bumperbot_utils/bumperbot_utils.egg-info/top_level.txt
[1.725s] reading manifest file '../../build/bumperbot_utils/bumperbot_utils.egg-info/SOURCES.txt'
[1.726s] writing manifest file '../../build/bumperbot_utils/bumperbot_utils.egg-info/SOURCES.txt'
[1.726s] running build
[1.727s] running build_py
[1.727s] running install
[1.733s] running install_lib
[1.749s] creating /home/emzx/ros2_ws/install/bumperbot_utils/lib/python3.12/site-packages/bumperbot_utils
[1.749s] copying /home/emzx/ros2_ws/build/bumperbot_utils/build/lib/bumperbot_utils/__init__.py -> /home/emzx/ros2_ws/install/bumperbot_utils/lib/python3.12/site-packages/bumperbot_utils
[1.750s] copying /home/emzx/ros2_ws/build/bumperbot_utils/build/lib/bumperbot_utils/simple_trajectory.py -> /home/emzx/ros2_ws/install/bumperbot_utils/lib/python3.12/site-packages/bumperbot_utils
[1.750s] byte-compiling /home/emzx/ros2_ws/install/bumperbot_utils/lib/python3.12/site-packages/bumperbot_utils/__init__.py to __init__.cpython-312.pyc
[1.750s] byte-compiling /home/emzx/ros2_ws/install/bumperbot_utils/lib/python3.12/site-packages/bumperbot_utils/simple_trajectory.py to simple_trajectory.cpython-312.pyc
[1.751s] running install_data
[1.751s] copying resource/bumperbot_utils -> /home/emzx/ros2_ws/install/bumperbot_utils/share/ament_index/resource_index/packages
[1.751s] copying package.xml -> /home/emzx/ros2_ws/install/bumperbot_utils/share/bumperbot_utils
[1.751s] running install_egg_info
[1.769s] Copying ../../build/bumperbot_utils/bumperbot_utils.egg-info to /home/emzx/ros2_ws/install/bumperbot_utils/lib/python3.12/site-packages/bumperbot_utils-0.0.0-py3.12.egg-info
[1.769s] running install_scripts
[1.879s] Installing desenho_trajetoria script to /home/emzx/ros2_ws/install/bumperbot_utils/lib/bumperbot_utils
[1.879s] writing list of installed files to '/home/emzx/ros2_ws/build/bumperbot_utils/install.log'
[1.923s] Invoked command in '/home/emzx/ros2_ws/src/bumperbot_utils' returned '0': DEBUGINFOD_URLS=https://debuginfod.ubuntu.com PYTHONPATH=/home/emzx/ros2_ws/build/bumperbot_utils/prefix_override:/usr/lib/python3/dist-packages/colcon_core/task/python/colcon_distutils_commands:/home/emzx/ros2_ws/install/bumperbot_utils/lib/python3.12/site-packages:${PYTHONPATH} /usr/bin/python3 -W ignore:setup.py install is deprecated -W ignore:easy_install command is deprecated setup.py egg_info --egg-base ../../build/bumperbot_utils build --build-base /home/emzx/ros2_ws/build/bumperbot_utils/build install --record /home/emzx/ros2_ws/build/bumperbot_utils/install.log --single-version-externally-managed install_data --force
