[2.704s] Invoking command in '/home/emzx/ros2_ws/src/bumperbot_py': DEBUGINFOD_URLS=https://debuginfod.ubuntu.com PYTHONPATH=/home/emzx/ros2_ws/build/bumperbot_py/prefix_override:/usr/lib/python3/dist-packages/colcon_core/task/python/colcon_distutils_commands:/home/emzx/ros2_ws/install/bumperbot_py/lib/python3.12/site-packages:${PYTHONPATH} /usr/bin/python3 -W ignore:setup.py install is deprecated -W ignore:easy_install command is deprecated setup.py egg_info --egg-base ../../build/bumperbot_py build --build-base /home/emzx/ros2_ws/build/bumperbot_py/build install --record /home/emzx/ros2_ws/build/bumperbot_py/install.log --single-version-externally-managed install_data
[3.273s] running egg_info
[3.315s] writing ../../build/bumperbot_py/bumperbot_py.egg-info/PKG-INFO
[3.315s] writing dependency_links to ../../build/bumperbot_py/bumperbot_py.egg-info/dependency_links.txt
[3.316s] writing entry points to ../../build/bumperbot_py/bumperbot_py.egg-info/entry_points.txt
[3.316s] writing requirements to ../../build/bumperbot_py/bumperbot_py.egg-info/requires.txt
[3.316s] writing top-level names to ../../build/bumperbot_py/bumperbot_py.egg-info/top_level.txt
[3.403s] reading manifest file '../../build/bumperbot_py/bumperbot_py.egg-info/SOURCES.txt'
[3.404s] writing manifest file '../../build/bumperbot_py/bumperbot_py.egg-info/SOURCES.txt'
[3.404s] running build
[3.405s] running build_py
[3.405s] running install
[3.419s] running install_lib
[3.463s] running install_data
[3.464s] running install_egg_info
[3.509s] removing '/home/emzx/ros2_ws/install/bumperbot_py/lib/python3.12/site-packages/bumperbot_py-0.0.0-py3.12.egg-info' (and everything under it)
[3.510s] Copying ../../build/bumperbot_py/bumperbot_py.egg-info to /home/emzx/ros2_ws/install/bumperbot_py/lib/python3.12/site-packages/bumperbot_py-0.0.0-py3.12.egg-info
[3.511s] running install_scripts
[3.792s] Installing simple_action_client script to /home/emzx/ros2_ws/install/bumperbot_py/lib/bumperbot_py
[3.792s] Installing simple_action_server script to /home/emzx/ros2_ws/install/bumperbot_py/lib/bumperbot_py
[3.793s] Installing simple_lifecycle_node script to /home/emzx/ros2_ws/install/bumperbot_py/lib/bumperbot_py
[3.794s] Installing simple_parameter script to /home/emzx/ros2_ws/install/bumperbot_py/lib/bumperbot_py
[3.794s] Installing simple_qos_publisher script to /home/emzx/ros2_ws/install/bumperbot_py/lib/bumperbot_py
[3.794s] Installing simple_qos_subscriber script to /home/emzx/ros2_ws/install/bumperbot_py/lib/bumperbot_py
[3.794s] Installing simple_tf_kinematics script to /home/emzx/ros2_ws/install/bumperbot_py/lib/bumperbot_py
[3.795s] Installing simple_turtlesim_kinematics script to /home/emzx/ros2_ws/install/bumperbot_py/lib/bumperbot_py
[3.795s] Installing twist_converter script to /home/emzx/ros2_ws/install/bumperbot_py/lib/bumperbot_py
[3.795s] writing list of installed files to '/home/emzx/ros2_ws/build/bumperbot_py/install.log'
[3.867s] Invoked command in '/home/emzx/ros2_ws/src/bumperbot_py' returned '0': DEBUGINFOD_URLS=https://debuginfod.ubuntu.com PYTHONPATH=/home/emzx/ros2_ws/build/bumperbot_py/prefix_override:/usr/lib/python3/dist-packages/colcon_core/task/python/colcon_distutils_commands:/home/emzx/ros2_ws/install/bumperbot_py/lib/python3.12/site-packages:${PYTHONPATH} /usr/bin/python3 -W ignore:setup.py install is deprecated -W ignore:easy_install command is deprecated setup.py egg_info --egg-base ../../build/bumperbot_py build --build-base /home/emzx/ros2_ws/build/bumperbot_py/build install --record /home/emzx/ros2_ws/build/bumperbot_py/install.log --single-version-externally-managed install_data
