/home/pc/Documents/GitHub/HOME/src/install/bumperbot_py/lib/python3.10/site-packages/bumperbot_py/turtlesim_kinematics.py
/home/pc/Documents/GitHub/HOME/src/install/bumperbot_py/lib/python3.10/site-packages/bumperbot_py/simple_action_server.py
/home/pc/Documents/GitHub/HOME/src/install/bumperbot_py/lib/python3.10/site-packages/bumperbot_py/simple_action_client.py
/home/pc/Documents/GitHub/HOME/src/install/bumperbot_py/lib/python3.10/site-packages/bumperbot_py/simple_qos_subscriber.py
/home/pc/Documents/GitHub/HOME/src/install/bumperbot_py/lib/python3.10/site-packages/bumperbot_py/simple_qos_publisher.py
/home/pc/Documents/GitHub/HOME/src/install/bumperbot_py/lib/python3.10/site-packages/bumperbot_py/simple_tf_kinematics.py
/home/pc/Documents/GitHub/HOME/src/install/bumperbot_py/lib/python3.10/site-packages/bumperbot_py/__init__.py
/home/pc/Documents/GitHub/HOME/src/install/bumperbot_py/lib/python3.10/site-packages/bumperbot_py/simple_parameter.py
/home/pc/Documents/GitHub/HOME/src/install/bumperbot_py/lib/python3.10/site-packages/bumperbot_py/simple_lifecycle_node.py
/home/pc/Documents/GitHub/HOME/src/install/bumperbot_py/lib/python3.10/site-packages/bumperbot_py/twist_converter.py
/home/pc/Documents/GitHub/HOME/src/install/bumperbot_py/lib/python3.10/site-packages/bumperbot_py/__pycache__/turtlesim_kinematics.cpython-310.pyc
/home/pc/Documents/GitHub/HOME/src/install/bumperbot_py/lib/python3.10/site-packages/bumperbot_py/__pycache__/simple_action_server.cpython-310.pyc
/home/pc/Documents/GitHub/HOME/src/install/bumperbot_py/lib/python3.10/site-packages/bumperbot_py/__pycache__/simple_action_client.cpython-310.pyc
/home/pc/Documents/GitHub/HOME/src/install/bumperbot_py/lib/python3.10/site-packages/bumperbot_py/__pycache__/simple_qos_subscriber.cpython-310.pyc
/home/pc/Documents/GitHub/HOME/src/install/bumperbot_py/lib/python3.10/site-packages/bumperbot_py/__pycache__/simple_qos_publisher.cpython-310.pyc
/home/pc/Documents/GitHub/HOME/src/install/bumperbot_py/lib/python3.10/site-packages/bumperbot_py/__pycache__/simple_tf_kinematics.cpython-310.pyc
/home/pc/Documents/GitHub/HOME/src/install/bumperbot_py/lib/python3.10/site-packages/bumperbot_py/__pycache__/__init__.cpython-310.pyc
/home/pc/Documents/GitHub/HOME/src/install/bumperbot_py/lib/python3.10/site-packages/bumperbot_py/__pycache__/simple_parameter.cpython-310.pyc
/home/pc/Documents/GitHub/HOME/src/install/bumperbot_py/lib/python3.10/site-packages/bumperbot_py/__pycache__/simple_lifecycle_node.cpython-310.pyc
/home/pc/Documents/GitHub/HOME/src/install/bumperbot_py/lib/python3.10/site-packages/bumperbot_py/__pycache__/twist_converter.cpython-310.pyc
/home/pc/Documents/GitHub/HOME/src/install/bumperbot_py/share/ament_index/resource_index/packages/bumperbot_py
/home/pc/Documents/GitHub/HOME/src/install/bumperbot_py/share/bumperbot_py/package.xml
/home/pc/Documents/GitHub/HOME/src/install/bumperbot_py/lib/python3.10/site-packages/bumperbot_py-0.0.0-py3.10.egg-info/dependency_links.txt
/home/pc/Documents/GitHub/HOME/src/install/bumperbot_py/lib/python3.10/site-packages/bumperbot_py-0.0.0-py3.10.egg-info/zip-safe
/home/pc/Documents/GitHub/HOME/src/install/bumperbot_py/lib/python3.10/site-packages/bumperbot_py-0.0.0-py3.10.egg-info/top_level.txt
/home/pc/Documents/GitHub/HOME/src/install/bumperbot_py/lib/python3.10/site-packages/bumperbot_py-0.0.0-py3.10.egg-info/SOURCES.txt
/home/pc/Documents/GitHub/HOME/src/install/bumperbot_py/lib/python3.10/site-packages/bumperbot_py-0.0.0-py3.10.egg-info/PKG-INFO
/home/pc/Documents/GitHub/HOME/src/install/bumperbot_py/lib/python3.10/site-packages/bumperbot_py-0.0.0-py3.10.egg-info/entry_points.txt
/home/pc/Documents/GitHub/HOME/src/install/bumperbot_py/lib/python3.10/site-packages/bumperbot_py-0.0.0-py3.10.egg-info/requires.txt
/home/pc/Documents/GitHub/HOME/src/install/bumperbot_py/lib/bumperbot_py/keyboard_controller
/home/pc/Documents/GitHub/HOME/src/install/bumperbot_py/lib/bumperbot_py/simple_action_client
/home/pc/Documents/GitHub/HOME/src/install/bumperbot_py/lib/bumperbot_py/simple_action_server
/home/pc/Documents/GitHub/HOME/src/install/bumperbot_py/lib/bumperbot_py/simple_lifecycle_node
/home/pc/Documents/GitHub/HOME/src/install/bumperbot_py/lib/bumperbot_py/simple_parameter
/home/pc/Documents/GitHub/HOME/src/install/bumperbot_py/lib/bumperbot_py/simple_qos_publisher
/home/pc/Documents/GitHub/HOME/src/install/bumperbot_py/lib/bumperbot_py/simple_qos_subscriber
/home/pc/Documents/GitHub/HOME/src/install/bumperbot_py/lib/bumperbot_py/simple_tf_kinematics
/home/pc/Documents/GitHub/HOME/src/install/bumperbot_py/lib/bumperbot_py/simple_turtlesim_kinematics
/home/pc/Documents/GitHub/HOME/src/install/bumperbot_py/lib/bumperbot_py/twist_converter
