running egg_info
creating ../../build/bumperbot_py/bumperbot_py.egg-info
writing ../../build/bumperbot_py/bumperbot_py.egg-info/PKG-INFO
writing dependency_links to ../../build/bumperbot_py/bumperbot_py.egg-info/dependency_links.txt
writing entry points to ../../build/bumperbot_py/bumperbot_py.egg-info/entry_points.txt
writing requirements to ../../build/bumperbot_py/bumperbot_py.egg-info/requires.txt
writing top-level names to ../../build/bumperbot_py/bumperbot_py.egg-info/top_level.txt
writing manifest file '../../build/bumperbot_py/bumperbot_py.egg-info/SOURCES.txt'
reading manifest file '../../build/bumperbot_py/bumperbot_py.egg-info/SOURCES.txt'
writing manifest file '../../build/bumperbot_py/bumperbot_py.egg-info/SOURCES.txt'
running build
running build_py
creating /home/emzx/ros2_ws/build/bumperbot_py/build
creating /home/emzx/ros2_ws/build/bumperbot_py/build/lib
creating /home/emzx/ros2_ws/build/bumperbot_py/build/lib/bumperbot_py
copying bumperbot_py/__init__.py -> /home/emzx/ros2_ws/build/bumperbot_py/build/lib/bumperbot_py
copying bumperbot_py/simple_tf_kinematics.py -> /home/emzx/ros2_ws/build/bumperbot_py/build/lib/bumperbot_py
copying bumperbot_py/turtlesim_kinematics.py -> /home/emzx/ros2_ws/build/bumperbot_py/build/lib/bumperbot_py
copying bumperbot_py/twist_converter.py -> /home/emzx/ros2_ws/build/bumperbot_py/build/lib/bumperbot_py
copying bumperbot_py/simple_parameter.py -> /home/emzx/ros2_ws/build/bumperbot_py/build/lib/bumperbot_py
running install
running install_lib
creating /home/emzx/ros2_ws/install/bumperbot_py/lib/python3.12/site-packages/bumperbot_py
copying /home/emzx/ros2_ws/build/bumperbot_py/build/lib/bumperbot_py/__init__.py -> /home/emzx/ros2_ws/install/bumperbot_py/lib/python3.12/site-packages/bumperbot_py
copying /home/emzx/ros2_ws/build/bumperbot_py/build/lib/bumperbot_py/simple_tf_kinematics.py -> /home/emzx/ros2_ws/install/bumperbot_py/lib/python3.12/site-packages/bumperbot_py
copying /home/emzx/ros2_ws/build/bumperbot_py/build/lib/bumperbot_py/turtlesim_kinematics.py -> /home/emzx/ros2_ws/install/bumperbot_py/lib/python3.12/site-packages/bumperbot_py
copying /home/emzx/ros2_ws/build/bumperbot_py/build/lib/bumperbot_py/twist_converter.py -> /home/emzx/ros2_ws/install/bumperbot_py/lib/python3.12/site-packages/bumperbot_py
copying /home/emzx/ros2_ws/build/bumperbot_py/build/lib/bumperbot_py/simple_parameter.py -> /home/emzx/ros2_ws/install/bumperbot_py/lib/python3.12/site-packages/bumperbot_py
byte-compiling /home/emzx/ros2_ws/install/bumperbot_py/lib/python3.12/site-packages/bumperbot_py/__init__.py to __init__.cpython-312.pyc
byte-compiling /home/emzx/ros2_ws/install/bumperbot_py/lib/python3.12/site-packages/bumperbot_py/simple_tf_kinematics.py to simple_tf_kinematics.cpython-312.pyc
byte-compiling /home/emzx/ros2_ws/install/bumperbot_py/lib/python3.12/site-packages/bumperbot_py/turtlesim_kinematics.py to turtlesim_kinematics.cpython-312.pyc
byte-compiling /home/emzx/ros2_ws/install/bumperbot_py/lib/python3.12/site-packages/bumperbot_py/twist_converter.py to twist_converter.cpython-312.pyc
byte-compiling /home/emzx/ros2_ws/install/bumperbot_py/lib/python3.12/site-packages/bumperbot_py/simple_parameter.py to simple_parameter.cpython-312.pyc
running install_data
creating /home/emzx/ros2_ws/install/bumperbot_py/share/ament_index
creating /home/emzx/ros2_ws/install/bumperbot_py/share/ament_index/resource_index
creating /home/emzx/ros2_ws/install/bumperbot_py/share/ament_index/resource_index/packages
copying resource/bumperbot_py -> /home/emzx/ros2_ws/install/bumperbot_py/share/ament_index/resource_index/packages
copying package.xml -> /home/emzx/ros2_ws/install/bumperbot_py/share/bumperbot_py
running install_egg_info
Copying ../../build/bumperbot_py/bumperbot_py.egg-info to /home/emzx/ros2_ws/install/bumperbot_py/lib/python3.12/site-packages/bumperbot_py-0.0.0-py3.12.egg-info
running install_scripts
Installing simple_parameter script to /home/emzx/ros2_ws/install/bumperbot_py/lib/bumperbot_py
Installing simple_tf_kinematics script to /home/emzx/ros2_ws/install/bumperbot_py/lib/bumperbot_py
Installing simple_turtlesim_kinematics script to /home/emzx/ros2_ws/install/bumperbot_py/lib/bumperbot_py
Installing twist_converter script to /home/emzx/ros2_ws/install/bumperbot_py/lib/bumperbot_py
writing list of installed files to '/home/emzx/ros2_ws/build/bumperbot_py/install.log'
