[1.048s] Invoking command in '/home/emzx/ros2_ws/src/bumperbot_py': DEBUGINFOD_URLS=https://debuginfod.ubuntu.com PYTHONPATH=/home/emzx/ros2_ws/build/bumperbot_py/prefix_override:/usr/lib/python3/dist-packages/colcon_core/task/python/colcon_distutils_commands:/home/emzx/ros2_ws/install/bumperbot_py/lib/python3.12/site-packages:${PYTHONPATH} /usr/bin/python3 -W ignore:setup.py install is deprecated -W ignore:easy_install command is deprecated setup.py egg_info --egg-base ../../build/bumperbot_py build --build-base /home/emzx/ros2_ws/build/bumperbot_py/build install --record /home/emzx/ros2_ws/build/bumperbot_py/install.log --single-version-externally-managed install_data
[1.331s] running egg_info
[1.332s] creating ../../build/bumperbot_py/bumperbot_py.egg-info
[1.351s] writing ../../build/bumperbot_py/bumperbot_py.egg-info/PKG-INFO
[1.351s] writing dependency_links to ../../build/bumperbot_py/bumperbot_py.egg-info/dependency_links.txt
[1.352s] writing entry points to ../../build/bumperbot_py/bumperbot_py.egg-info/entry_points.txt
[1.352s] writing requirements to ../../build/bumperbot_py/bumperbot_py.egg-info/requires.txt
[1.352s] writing top-level names to ../../build/bumperbot_py/bumperbot_py.egg-info/top_level.txt
[1.352s] writing manifest file '../../build/bumperbot_py/bumperbot_py.egg-info/SOURCES.txt'
[1.392s] reading manifest file '../../build/bumperbot_py/bumperbot_py.egg-info/SOURCES.txt'
[1.393s] writing manifest file '../../build/bumperbot_py/bumperbot_py.egg-info/SOURCES.txt'
[1.394s] running build
[1.394s] running build_py
[1.394s] creating /home/emzx/ros2_ws/build/bumperbot_py/build
[1.394s] creating /home/emzx/ros2_ws/build/bumperbot_py/build/lib
[1.394s] creating /home/emzx/ros2_ws/build/bumperbot_py/build/lib/bumperbot_py
[1.394s] copying bumperbot_py/__init__.py -> /home/emzx/ros2_ws/build/bumperbot_py/build/lib/bumperbot_py
[1.395s] copying bumperbot_py/simple_tf_kinematics.py -> /home/emzx/ros2_ws/build/bumperbot_py/build/lib/bumperbot_py
[1.395s] copying bumperbot_py/turtlesim_kinematics.py -> /home/emzx/ros2_ws/build/bumperbot_py/build/lib/bumperbot_py
[1.395s] copying bumperbot_py/twist_converter.py -> /home/emzx/ros2_ws/build/bumperbot_py/build/lib/bumperbot_py
[1.395s] copying bumperbot_py/simple_parameter.py -> /home/emzx/ros2_ws/build/bumperbot_py/build/lib/bumperbot_py
[1.395s] running install
[1.402s] running install_lib
[1.423s] creating /home/emzx/ros2_ws/install/bumperbot_py/lib/python3.12/site-packages/bumperbot_py
[1.423s] copying /home/emzx/ros2_ws/build/bumperbot_py/build/lib/bumperbot_py/__init__.py -> /home/emzx/ros2_ws/install/bumperbot_py/lib/python3.12/site-packages/bumperbot_py
[1.423s] copying /home/emzx/ros2_ws/build/bumperbot_py/build/lib/bumperbot_py/simple_tf_kinematics.py -> /home/emzx/ros2_ws/install/bumperbot_py/lib/python3.12/site-packages/bumperbot_py
[1.423s] copying /home/emzx/ros2_ws/build/bumperbot_py/build/lib/bumperbot_py/turtlesim_kinematics.py -> /home/emzx/ros2_ws/install/bumperbot_py/lib/python3.12/site-packages/bumperbot_py
[1.423s] copying /home/emzx/ros2_ws/build/bumperbot_py/build/lib/bumperbot_py/twist_converter.py -> /home/emzx/ros2_ws/install/bumperbot_py/lib/python3.12/site-packages/bumperbot_py
[1.424s] copying /home/emzx/ros2_ws/build/bumperbot_py/build/lib/bumperbot_py/simple_parameter.py -> /home/emzx/ros2_ws/install/bumperbot_py/lib/python3.12/site-packages/bumperbot_py
[1.424s] byte-compiling /home/emzx/ros2_ws/install/bumperbot_py/lib/python3.12/site-packages/bumperbot_py/__init__.py to __init__.cpython-312.pyc
[1.424s] byte-compiling /home/emzx/ros2_ws/install/bumperbot_py/lib/python3.12/site-packages/bumperbot_py/simple_tf_kinematics.py to simple_tf_kinematics.cpython-312.pyc
[1.424s]   File "/home/emzx/ros2_ws/install/bumperbot_py/lib/python3.12/site-packages/bumperbot_py/simple_tf_kinematics.py", line 39
[1.424s]     self.get_transform_srv_ = self.create_service(GetTransform, "get_transform" self.getTransformCallback)
[1.425s]                                                                 ^^^^^^^^^^^^^^^^^^^^^^^^^^^^^^^^^^^^^^^^^
[1.425s] SyntaxError: invalid syntax. Perhaps you forgot a comma?
[1.425s] 
[1.425s] byte-compiling /home/emzx/ros2_ws/install/bumperbot_py/lib/python3.12/site-packages/bumperbot_py/turtlesim_kinematics.py to turtlesim_kinematics.cpython-312.pyc
[1.425s] byte-compiling /home/emzx/ros2_ws/install/bumperbot_py/lib/python3.12/site-packages/bumperbot_py/twist_converter.py to twist_converter.cpython-312.pyc
[1.425s] byte-compiling /home/emzx/ros2_ws/install/bumperbot_py/lib/python3.12/site-packages/bumperbot_py/simple_parameter.py to simple_parameter.cpython-312.pyc
[1.425s] running install_data
[1.426s] creating /home/emzx/ros2_ws/install/bumperbot_py/share/ament_index
[1.426s] creating /home/emzx/ros2_ws/install/bumperbot_py/share/ament_index/resource_index
[1.426s] creating /home/emzx/ros2_ws/install/bumperbot_py/share/ament_index/resource_index/packages
[1.426s] copying resource/bumperbot_py -> /home/emzx/ros2_ws/install/bumperbot_py/share/ament_index/resource_index/packages
[1.426s] copying package.xml -> /home/emzx/ros2_ws/install/bumperbot_py/share/bumperbot_py
[1.426s] running install_egg_info
[1.448s] Copying ../../build/bumperbot_py/bumperbot_py.egg-info to /home/emzx/ros2_ws/install/bumperbot_py/lib/python3.12/site-packages/bumperbot_py-0.0.0-py3.12.egg-info
[1.448s] running install_scripts
[1.577s] Installing simple_parameter script to /home/emzx/ros2_ws/install/bumperbot_py/lib/bumperbot_py
[1.577s] Installing simple_tf_kinematics script to /home/emzx/ros2_ws/install/bumperbot_py/lib/bumperbot_py
[1.577s] Installing simple_turtlesim_kinematics script to /home/emzx/ros2_ws/install/bumperbot_py/lib/bumperbot_py
[1.577s] Installing twist_converter script to /home/emzx/ros2_ws/install/bumperbot_py/lib/bumperbot_py
[1.578s] writing list of installed files to '/home/emzx/ros2_ws/build/bumperbot_py/install.log'
[1.612s] Invoked command in '/home/emzx/ros2_ws/src/bumperbot_py' returned '0': DEBUGINFOD_URLS=https://debuginfod.ubuntu.com PYTHONPATH=/home/emzx/ros2_ws/build/bumperbot_py/prefix_override:/usr/lib/python3/dist-packages/colcon_core/task/python/colcon_distutils_commands:/home/emzx/ros2_ws/install/bumperbot_py/lib/python3.12/site-packages:${PYTHONPATH} /usr/bin/python3 -W ignore:setup.py install is deprecated -W ignore:easy_install command is deprecated setup.py egg_info --egg-base ../../build/bumperbot_py build --build-base /home/emzx/ros2_ws/build/bumperbot_py/build install --record /home/emzx/ros2_ws/build/bumperbot_py/install.log --single-version-externally-managed install_data
