[0.027s] Invoking command in '/home/emzx/ros2_ws/build/bumperbot_controller': CMAKE_PREFIX_PATH=${CMAKE_PREFIX_PATH}:/home/emzx/ros2_ws/install/turtlesim_catch_them_all:/home/emzx/ros2_ws/install/pacote_teste:/home/emzx/ros2_ws/install/bumperbot_utils:/home/emzx/ros2_ws/install/bumperbot_py:/opt/ros/jazzy DEBUGINFOD_URLS=https://debuginfod.ubuntu.com /usr/bin/cmake --build /home/emzx/ros2_ws/build/bumperbot_controller -- -j8 -l8
[0.315s] Built target ament_cmake_python_symlink_bumperbot_controller
[0.437s] running egg_info
[0.458s] writing bumperbot_controller.egg-info/PKG-INFO
[0.458s] writing dependency_links to bumperbot_controller.egg-info/dependency_links.txt
[0.458s] writing top-level names to bumperbot_controller.egg-info/top_level.txt
[0.519s] reading manifest file 'bumperbot_controller.egg-info/SOURCES.txt'
[0.520s] writing manifest file 'bumperbot_controller.egg-info/SOURCES.txt'
[0.562s] Built target ament_cmake_python_build_bumperbot_controller_egg
[0.625s] Invoked command in '/home/emzx/ros2_ws/build/bumperbot_controller' returned '0': CMAKE_PREFIX_PATH=${CMAKE_PREFIX_PATH}:/home/emzx/ros2_ws/install/turtlesim_catch_them_all:/home/emzx/ros2_ws/install/pacote_teste:/home/emzx/ros2_ws/install/bumperbot_utils:/home/emzx/ros2_ws/install/bumperbot_py:/opt/ros/jazzy DEBUGINFOD_URLS=https://debuginfod.ubuntu.com /usr/bin/cmake --build /home/emzx/ros2_ws/build/bumperbot_controller -- -j8 -l8
[0.632s] Invoking command in '/home/emzx/ros2_ws/build/bumperbot_controller': CMAKE_PREFIX_PATH=${CMAKE_PREFIX_PATH}:/home/emzx/ros2_ws/install/turtlesim_catch_them_all:/home/emzx/ros2_ws/install/pacote_teste:/home/emzx/ros2_ws/install/bumperbot_utils:/home/emzx/ros2_ws/install/bumperbot_py:/opt/ros/jazzy DEBUGINFOD_URLS=https://debuginfod.ubuntu.com /usr/bin/cmake --install /home/emzx/ros2_ws/build/bumperbot_controller
[0.648s] -- Install configuration: ""
[0.649s] -- Execute custom install script
[0.649s] -- Up-to-date symlink: /home/emzx/ros2_ws/install/bumperbot_controller/share/bumperbot_controller/environment/pythonpath.sh
[0.649s] -- Up-to-date symlink: /home/emzx/ros2_ws/install/bumperbot_controller/share/bumperbot_controller/environment/pythonpath.dsv
[0.649s] -- Up-to-date symlink: /home/emzx/ros2_ws/install/bumperbot_controller/lib/python3.12/site-packages/bumperbot_controller-0.0.0-py3.12.egg-info/PKG-INFO
[0.649s] -- Up-to-date symlink: /home/emzx/ros2_ws/install/bumperbot_controller/lib/python3.12/site-packages/bumperbot_controller-0.0.0-py3.12.egg-info/SOURCES.txt
[0.649s] -- Up-to-date symlink: /home/emzx/ros2_ws/install/bumperbot_controller/lib/python3.12/site-packages/bumperbot_controller-0.0.0-py3.12.egg-info/dependency_links.txt
[0.650s] -- Up-to-date symlink: /home/emzx/ros2_ws/install/bumperbot_controller/lib/python3.12/site-packages/bumperbot_controller-0.0.0-py3.12.egg-info/top_level.txt
[0.650s] -- Up-to-date symlink: /home/emzx/ros2_ws/install/bumperbot_controller/lib/python3.12/site-packages/bumperbot_controller/__init__.py
[0.650s] -- Up-to-date symlink: /home/emzx/ros2_ws/install/bumperbot_controller/lib/python3.12/site-packages/bumperbot_controller/noisy_controller.py
[0.650s] -- Up-to-date symlink: /home/emzx/ros2_ws/install/bumperbot_controller/lib/python3.12/site-packages/bumperbot_controller/simple_controller.py
[0.650s] -- Up-to-date symlink: /home/emzx/ros2_ws/install/bumperbot_controller/lib/python3.12/site-packages/bumperbot_controller/twist_relay.py
[0.650s] -- Up-to-date symlink: /home/emzx/ros2_ws/install/bumperbot_controller/share/bumperbot_controller/config/bumperbot_controllers.yaml
[0.650s] -- Up-to-date symlink: /home/emzx/ros2_ws/install/bumperbot_controller/share/bumperbot_controller/config/gz_bridge.yaml
[0.650s] -- Up-to-date symlink: /home/emzx/ros2_ws/install/bumperbot_controller/share/bumperbot_controller/config/joy_config.yaml
[0.651s] -- Up-to-date symlink: /home/emzx/ros2_ws/install/bumperbot_controller/share/bumperbot_controller/config/joy_teleop.yaml
[0.651s] -- Up-to-date symlink: /home/emzx/ros2_ws/install/bumperbot_controller/share/bumperbot_controller/config/teleop_keyboard_config.yaml
[0.651s] -- Up-to-date symlink: /home/emzx/ros2_ws/install/bumperbot_controller/share/bumperbot_controller/config/twist_mux_joy.yaml
[0.654s] -- Up-to-date symlink: /home/emzx/ros2_ws/install/bumperbot_controller/share/bumperbot_controller/config/twist_mux_locks.yaml
[0.654s] -- Up-to-date symlink: /home/emzx/ros2_ws/install/bumperbot_controller/share/bumperbot_controller/config/twist_mux_topics.yaml
[0.654s] -- Up-to-date symlink: /home/emzx/ros2_ws/install/bumperbot_controller/share/bumperbot_controller/launch/controller.launch.py
[0.654s] -- Up-to-date symlink: /home/emzx/ros2_ws/install/bumperbot_controller/share/bumperbot_controller/launch/joystick_teleop.launch.py
[0.655s] -- Up-to-date symlink: /home/emzx/ros2_ws/install/bumperbot_controller/share/bumperbot_controller/launch/keyboard_teleop.launch.py
[0.655s] -- Up-to-date symlink: /home/emzx/ros2_ws/install/bumperbot_controller/lib/bumperbot_controller/simple_controller.py
[0.655s] -- Up-to-date symlink: /home/emzx/ros2_ws/install/bumperbot_controller/lib/bumperbot_controller/noisy_controller.py
[0.655s] -- Up-to-date symlink: /home/emzx/ros2_ws/install/bumperbot_controller/lib/bumperbot_controller/twist_relay.py
[0.656s] -- Up-to-date symlink: /home/emzx/ros2_ws/install/bumperbot_controller/share/ament_index/resource_index/package_run_dependencies/bumperbot_controller
[0.656s] -- Up-to-date symlink: /home/emzx/ros2_ws/install/bumperbot_controller/share/ament_index/resource_index/parent_prefix_path/bumperbot_controller
[0.656s] -- Up-to-date symlink: /home/emzx/ros2_ws/install/bumperbot_controller/share/bumperbot_controller/environment/ament_prefix_path.sh
[0.656s] -- Up-to-date symlink: /home/emzx/ros2_ws/install/bumperbot_controller/share/bumperbot_controller/environment/ament_prefix_path.dsv
[0.657s] -- Up-to-date symlink: /home/emzx/ros2_ws/install/bumperbot_controller/share/bumperbot_controller/environment/path.sh
[0.657s] -- Up-to-date symlink: /home/emzx/ros2_ws/install/bumperbot_controller/share/bumperbot_controller/environment/path.dsv
[0.657s] -- Up-to-date symlink: /home/emzx/ros2_ws/install/bumperbot_controller/share/bumperbot_controller/local_setup.bash
[0.657s] -- Up-to-date symlink: /home/emzx/ros2_ws/install/bumperbot_controller/share/bumperbot_controller/local_setup.sh
[0.657s] -- Up-to-date symlink: /home/emzx/ros2_ws/install/bumperbot_controller/share/bumperbot_controller/local_setup.zsh
[0.657s] -- Up-to-date symlink: /home/emzx/ros2_ws/install/bumperbot_controller/share/bumperbot_controller/local_setup.dsv
[0.658s] -- Symlinking: /home/emzx/ros2_ws/install/bumperbot_controller/share/bumperbot_controller/package.dsv
[0.659s] -- Up-to-date symlink: /home/emzx/ros2_ws/install/bumperbot_controller/share/ament_index/resource_index/packages/bumperbot_controller
[0.659s] -- Up-to-date symlink: /home/emzx/ros2_ws/install/bumperbot_controller/share/bumperbot_controller/cmake/bumperbot_controllerConfig.cmake
[0.659s] -- Up-to-date symlink: /home/emzx/ros2_ws/install/bumperbot_controller/share/bumperbot_controller/cmake/bumperbot_controllerConfig-version.cmake
[0.659s] -- Up-to-date symlink: /home/emzx/ros2_ws/install/bumperbot_controller/share/bumperbot_controller/package.xml
[0.680s] Listing '/home/emzx/ros2_ws/install/bumperbot_controller/lib/python3.12/site-packages/bumperbot_controller'...
[0.681s] Compiling '/home/emzx/ros2_ws/install/bumperbot_controller/lib/python3.12/site-packages/bumperbot_controller/simple_controller.py'...
[0.713s] Invoked command in '/home/emzx/ros2_ws/build/bumperbot_controller' returned '0': CMAKE_PREFIX_PATH=${CMAKE_PREFIX_PATH}:/home/emzx/ros2_ws/install/turtlesim_catch_them_all:/home/emzx/ros2_ws/install/pacote_teste:/home/emzx/ros2_ws/install/bumperbot_utils:/home/emzx/ros2_ws/install/bumperbot_py:/opt/ros/jazzy DEBUGINFOD_URLS=https://debuginfod.ubuntu.com /usr/bin/cmake --install /home/emzx/ros2_ws/build/bumperbot_controller
