[0.021s] Invoking command in '/home/pc/Documents/GitHub/HOME/src/build/bumperbot_localization': CMAKE_PREFIX_PATH=/opt/ros/humble /usr/bin/cmake /home/pc/Documents/GitHub/HOME/src/bumperbot_localization -DCMAKE_INSTALL_PREFIX=/home/pc/Documents/GitHub/HOME/src/install/bumperbot_localization
[0.376s] -- The C compiler identification is GNU 11.4.0
[0.377s] -- The CXX compiler identification is GNU 11.4.0
[0.377s] -- Detecting C compiler ABI info
[0.377s] -- Detecting C compiler ABI info - done
[0.377s] -- Check for working C compiler: /usr/bin/cc - skipped
[0.377s] -- Detecting C compile features
[0.377s] -- Detecting C compile features - done
[0.377s] -- Detecting CXX compiler ABI info
[0.377s] -- Detecting CXX compiler ABI info - done
[0.377s] -- Check for working CXX compiler: /usr/bin/c++ - skipped
[0.377s] -- Detecting CXX compile features
[0.377s] -- Detecting CXX compile features - done
[0.377s] -- Found ament_cmake: 1.3.11 (/opt/ros/humble/share/ament_cmake/cmake)
[0.378s] -- Found Python3: /usr/bin/python3 (found version "3.10.12") found components: Interpreter 
[0.440s] -- Found rclpy: 3.3.16 (/opt/ros/humble/share/rclpy/cmake)
[0.442s] -- Found nav_msgs: 4.8.0 (/opt/ros/humble/share/nav_msgs/cmake)
[0.477s] -- Found rosidl_generator_c: 3.1.6 (/opt/ros/humble/share/rosidl_generator_c/cmake)
[0.482s] -- Found rosidl_adapter: 3.1.6 (/opt/ros/humble/share/rosidl_adapter/cmake)
[0.490s] -- Found rosidl_generator_cpp: 3.1.6 (/opt/ros/humble/share/rosidl_generator_cpp/cmake)
[0.500s] -- Using all available rosidl_typesupport_c: rosidl_typesupport_fastrtps_c;rosidl_typesupport_introspection_c
[0.510s] -- Using all available rosidl_typesupport_cpp: rosidl_typesupport_fastrtps_cpp;rosidl_typesupport_introspection_cpp
[0.574s] -- Found sensor_msgs: 4.8.0 (/opt/ros/humble/share/sensor_msgs/cmake)
[0.660s] -- Found ament_lint_auto: 0.12.12 (/opt/ros/humble/share/ament_lint_auto/cmake)
[0.741s] -- Added test 'flake8' to check Python code syntax and style conventions
[0.742s] -- Added test 'lint_cmake' to check CMake code style
[0.742s] -- Added test 'pep257' to check Python code against some of the docstring style conventions in PEP 257
[0.743s] -- Added test 'xmllint' to check XML markup files
[0.744s] -- Configuring done
[0.749s] -- Generating done
[0.751s] -- Build files have been written to: /home/pc/Documents/GitHub/HOME/src/build/bumperbot_localization
[0.758s] Invoked command in '/home/pc/Documents/GitHub/HOME/src/build/bumperbot_localization' returned '0': CMAKE_PREFIX_PATH=/opt/ros/humble /usr/bin/cmake /home/pc/Documents/GitHub/HOME/src/bumperbot_localization -DCMAKE_INSTALL_PREFIX=/home/pc/Documents/GitHub/HOME/src/install/bumperbot_localization
[0.759s] Invoking command in '/home/pc/Documents/GitHub/HOME/src/build/bumperbot_localization': CMAKE_PREFIX_PATH=/opt/ros/humble /usr/bin/cmake --build /home/pc/Documents/GitHub/HOME/src/build/bumperbot_localization -- -j12 -l12
[0.808s] Built target ament_cmake_python_copy_bumperbot_localization
[1.013s] running egg_info
[1.014s] creating bumperbot_localization.egg-info
[1.014s] writing bumperbot_localization.egg-info/PKG-INFO
[1.014s] writing dependency_links to bumperbot_localization.egg-info/dependency_links.txt
[1.014s] writing top-level names to bumperbot_localization.egg-info/top_level.txt
[1.014s] writing manifest file 'bumperbot_localization.egg-info/SOURCES.txt'
[1.015s] reading manifest file 'bumperbot_localization.egg-info/SOURCES.txt'
[1.016s] writing manifest file 'bumperbot_localization.egg-info/SOURCES.txt'
[1.035s] Built target ament_cmake_python_build_bumperbot_localization_egg
[1.043s] Invoked command in '/home/pc/Documents/GitHub/HOME/src/build/bumperbot_localization' returned '0': CMAKE_PREFIX_PATH=/opt/ros/humble /usr/bin/cmake --build /home/pc/Documents/GitHub/HOME/src/build/bumperbot_localization -- -j12 -l12
[1.044s] Invoking command in '/home/pc/Documents/GitHub/HOME/src/build/bumperbot_localization': CMAKE_PREFIX_PATH=/opt/ros/humble /usr/bin/cmake --install /home/pc/Documents/GitHub/HOME/src/build/bumperbot_localization
[1.051s] -- Install configuration: ""
[1.051s] -- Installing: /home/pc/Documents/GitHub/HOME/src/install/bumperbot_localization/share/bumperbot_localization/environment/pythonpath.sh
[1.051s] -- Installing: /home/pc/Documents/GitHub/HOME/src/install/bumperbot_localization/share/bumperbot_localization/environment/pythonpath.dsv
[1.051s] -- Installing: /home/pc/Documents/GitHub/HOME/src/install/bumperbot_localization/local/lib/python3.10/dist-packages/bumperbot_localization-0.0.0-py3.10.egg-info
[1.052s] -- Installing: /home/pc/Documents/GitHub/HOME/src/install/bumperbot_localization/local/lib/python3.10/dist-packages/bumperbot_localization-0.0.0-py3.10.egg-info/dependency_links.txt
[1.052s] -- Installing: /home/pc/Documents/GitHub/HOME/src/install/bumperbot_localization/local/lib/python3.10/dist-packages/bumperbot_localization-0.0.0-py3.10.egg-info/top_level.txt
[1.052s] -- Installing: /home/pc/Documents/GitHub/HOME/src/install/bumperbot_localization/local/lib/python3.10/dist-packages/bumperbot_localization-0.0.0-py3.10.egg-info/SOURCES.txt
[1.052s] -- Installing: /home/pc/Documents/GitHub/HOME/src/install/bumperbot_localization/local/lib/python3.10/dist-packages/bumperbot_localization-0.0.0-py3.10.egg-info/PKG-INFO
[1.052s] -- Installing: /home/pc/Documents/GitHub/HOME/src/install/bumperbot_localization/local/lib/python3.10/dist-packages/bumperbot_localization
[1.052s] -- Installing: /home/pc/Documents/GitHub/HOME/src/install/bumperbot_localization/local/lib/python3.10/dist-packages/bumperbot_localization/odometry_motion_model.py
[1.052s] -- Installing: /home/pc/Documents/GitHub/HOME/src/install/bumperbot_localization/local/lib/python3.10/dist-packages/bumperbot_localization/rascunho.txt
[1.052s] -- Installing: /home/pc/Documents/GitHub/HOME/src/install/bumperbot_localization/local/lib/python3.10/dist-packages/bumperbot_localization/kalman_filter.py
[1.052s] -- Installing: /home/pc/Documents/GitHub/HOME/src/install/bumperbot_localization/local/lib/python3.10/dist-packages/bumperbot_localization/__init__.py
[1.052s] -- Installing: /home/pc/Documents/GitHub/HOME/src/install/bumperbot_localization/local/lib/python3.10/dist-packages/bumperbot_localization/imu_republisher.py
[1.085s] Listing '/home/pc/Documents/GitHub/HOME/src/install/bumperbot_localization/local/lib/python3.10/dist-packages/bumperbot_localization'...
[1.085s] Compiling '/home/pc/Documents/GitHub/HOME/src/install/bumperbot_localization/local/lib/python3.10/dist-packages/bumperbot_localization/__init__.py'...
[1.085s] Compiling '/home/pc/Documents/GitHub/HOME/src/install/bumperbot_localization/local/lib/python3.10/dist-packages/bumperbot_localization/imu_republisher.py'...
[1.085s] Compiling '/home/pc/Documents/GitHub/HOME/src/install/bumperbot_localization/local/lib/python3.10/dist-packages/bumperbot_localization/kalman_filter.py'...
[1.085s] Compiling '/home/pc/Documents/GitHub/HOME/src/install/bumperbot_localization/local/lib/python3.10/dist-packages/bumperbot_localization/odometry_motion_model.py'...
[1.090s] -- Installing: /home/pc/Documents/GitHub/HOME/src/install/bumperbot_localization/lib/bumperbot_localization/kalman_filter.py
[1.090s] -- Installing: /home/pc/Documents/GitHub/HOME/src/install/bumperbot_localization/lib/bumperbot_localization/imu_republisher.py
[1.090s] -- Installing: /home/pc/Documents/GitHub/HOME/src/install/bumperbot_localization/lib/bumperbot_localization/odometry_motion_model.py
[1.090s] -- Installing: /home/pc/Documents/GitHub/HOME/src/install/bumperbot_localization/share/bumperbot_localization/launch
[1.090s] -- Installing: /home/pc/Documents/GitHub/HOME/src/install/bumperbot_localization/share/bumperbot_localization/launch/local_localization.launch.py
[1.090s] -- Installing: /home/pc/Documents/GitHub/HOME/src/install/bumperbot_localization/share/bumperbot_localization/launch/global_localization.launch.py
[1.090s] -- Installing: /home/pc/Documents/GitHub/HOME/src/install/bumperbot_localization/share/bumperbot_localization/config
[1.090s] -- Installing: /home/pc/Documents/GitHub/HOME/src/install/bumperbot_localization/share/bumperbot_localization/config/amcl.yaml
[1.091s] -- Installing: /home/pc/Documents/GitHub/HOME/src/install/bumperbot_localization/share/bumperbot_localization/config/ekf.yaml
[1.091s] -- Installing: /home/pc/Documents/GitHub/HOME/src/install/bumperbot_localization/share/ament_index/resource_index/package_run_dependencies/bumperbot_localization
[1.091s] -- Installing: /home/pc/Documents/GitHub/HOME/src/install/bumperbot_localization/share/ament_index/resource_index/parent_prefix_path/bumperbot_localization
[1.091s] -- Installing: /home/pc/Documents/GitHub/HOME/src/install/bumperbot_localization/share/bumperbot_localization/environment/ament_prefix_path.sh
[1.091s] -- Installing: /home/pc/Documents/GitHub/HOME/src/install/bumperbot_localization/share/bumperbot_localization/environment/ament_prefix_path.dsv
[1.092s] -- Installing: /home/pc/Documents/GitHub/HOME/src/install/bumperbot_localization/share/bumperbot_localization/environment/path.sh
[1.092s] -- Installing: /home/pc/Documents/GitHub/HOME/src/install/bumperbot_localization/share/bumperbot_localization/environment/path.dsv
[1.092s] -- Installing: /home/pc/Documents/GitHub/HOME/src/install/bumperbot_localization/share/bumperbot_localization/local_setup.bash
[1.092s] -- Installing: /home/pc/Documents/GitHub/HOME/src/install/bumperbot_localization/share/bumperbot_localization/local_setup.sh
[1.092s] -- Installing: /home/pc/Documents/GitHub/HOME/src/install/bumperbot_localization/share/bumperbot_localization/local_setup.zsh
[1.092s] -- Installing: /home/pc/Documents/GitHub/HOME/src/install/bumperbot_localization/share/bumperbot_localization/local_setup.dsv
[1.092s] -- Installing: /home/pc/Documents/GitHub/HOME/src/install/bumperbot_localization/share/bumperbot_localization/package.dsv
[1.092s] -- Installing: /home/pc/Documents/GitHub/HOME/src/install/bumperbot_localization/share/ament_index/resource_index/packages/bumperbot_localization
[1.092s] -- Installing: /home/pc/Documents/GitHub/HOME/src/install/bumperbot_localization/share/bumperbot_localization/cmake/bumperbot_localizationConfig.cmake
[1.092s] -- Installing: /home/pc/Documents/GitHub/HOME/src/install/bumperbot_localization/share/bumperbot_localization/cmake/bumperbot_localizationConfig-version.cmake
[1.093s] -- Installing: /home/pc/Documents/GitHub/HOME/src/install/bumperbot_localization/share/bumperbot_localization/package.xml
[1.095s] Invoked command in '/home/pc/Documents/GitHub/HOME/src/build/bumperbot_localization' returned '0': CMAKE_PREFIX_PATH=/opt/ros/humble /usr/bin/cmake --install /home/pc/Documents/GitHub/HOME/src/build/bumperbot_localization
