[0.075s] Invoking command in '/home/emzx/ros2_ws/build/my_robot_interfaces': CMAKE_PREFIX_PATH=${CMAKE_PREFIX_PATH}:/home/emzx/ros2_ws/install/turtlesim_catch_them_all:/home/emzx/ros2_ws/install/pacote_teste:/home/emzx/ros2_ws/install/bumperbot_utils:/home/emzx/ros2_ws/install/bumperbot_py:/opt/ros/jazzy DEBUGINFOD_URLS=https://debuginfod.ubuntu.com /usr/bin/cmake --build /home/emzx/ros2_ws/build/my_robot_interfaces -- -j8 -l8
[0.423s] [  1%] Built target my_robot_interfaces__rosidl_generator_type_description
[0.424s] [  1%] Built target ament_cmake_python_symlink_my_robot_interfaces
[0.424s] [  1%] Built target my_robot_interfaces__cpp
[0.424s] [ 27%] Built target my_robot_interfaces__rosidl_generator_c
[0.424s] [ 37%] Built target my_robot_interfaces__rosidl_typesupport_introspection_c
[0.424s] [ 47%] Built target my_robot_interfaces__rosidl_typesupport_cpp
[0.424s] [ 57%] Built target my_robot_interfaces__rosidl_typesupport_c
[0.424s] [ 66%] Built target my_robot_interfaces__rosidl_typesupport_introspection_cpp
[0.424s] [ 76%] Built target my_robot_interfaces__rosidl_typesupport_fastrtps_cpp
[0.424s] [ 85%] Built target my_robot_interfaces__rosidl_typesupport_fastrtps_c
[0.424s] [ 85%] Built target my_robot_interfaces
[0.425s] [ 86%] Built target my_robot_interfaces__py
[0.425s] [ 94%] Built target my_robot_interfaces__rosidl_generator_py
[0.425s] [ 98%] Built target my_robot_interfaces_s__rosidl_typesupport_c
[0.425s] [ 98%] Built target my_robot_interfaces_s__rosidl_typesupport_fastrtps_c
[0.425s] [100%] Built target my_robot_interfaces_s__rosidl_typesupport_introspection_c
[0.544s] running egg_info
[0.582s] writing my_robot_interfaces.egg-info/PKG-INFO
[0.582s] writing dependency_links to my_robot_interfaces.egg-info/dependency_links.txt
[0.582s] writing top-level names to my_robot_interfaces.egg-info/top_level.txt
[0.653s] reading manifest file 'my_robot_interfaces.egg-info/SOURCES.txt'
[0.654s] writing manifest file 'my_robot_interfaces.egg-info/SOURCES.txt'
[0.683s] [100%] Built target ament_cmake_python_build_my_robot_interfaces_egg
[0.777s] Invoked command in '/home/emzx/ros2_ws/build/my_robot_interfaces' returned '0': CMAKE_PREFIX_PATH=${CMAKE_PREFIX_PATH}:/home/emzx/ros2_ws/install/turtlesim_catch_them_all:/home/emzx/ros2_ws/install/pacote_teste:/home/emzx/ros2_ws/install/bumperbot_utils:/home/emzx/ros2_ws/install/bumperbot_py:/opt/ros/jazzy DEBUGINFOD_URLS=https://debuginfod.ubuntu.com /usr/bin/cmake --build /home/emzx/ros2_ws/build/my_robot_interfaces -- -j8 -l8
[0.782s] Invoking command in '/home/emzx/ros2_ws/build/my_robot_interfaces': CMAKE_PREFIX_PATH=${CMAKE_PREFIX_PATH}:/home/emzx/ros2_ws/install/turtlesim_catch_them_all:/home/emzx/ros2_ws/install/pacote_teste:/home/emzx/ros2_ws/install/bumperbot_utils:/home/emzx/ros2_ws/install/bumperbot_py:/opt/ros/jazzy DEBUGINFOD_URLS=https://debuginfod.ubuntu.com /usr/bin/cmake --install /home/emzx/ros2_ws/build/my_robot_interfaces
[0.798s] -- Install configuration: ""
[0.801s] -- Execute custom install script
[0.801s] -- Up-to-date symlink: /home/emzx/ros2_ws/install/my_robot_interfaces/share/ament_index/resource_index/rosidl_interfaces/my_robot_interfaces
[0.801s] -- Up-to-date symlink: /home/emzx/ros2_ws/install/my_robot_interfaces/share/my_robot_interfaces/action/Fibonacci.json
[0.810s] -- Up-to-date symlink: /home/emzx/ros2_ws/install/my_robot_interfaces/share/my_robot_interfaces/msg/HardwareStatus.json
[0.810s] -- Up-to-date symlink: /home/emzx/ros2_ws/install/my_robot_interfaces/share/my_robot_interfaces/msg/LedStateArray.json
[0.811s] -- Up-to-date symlink: /home/emzx/ros2_ws/install/my_robot_interfaces/share/my_robot_interfaces/msg/Turtle.json
[0.811s] -- Up-to-date symlink: /home/emzx/ros2_ws/install/my_robot_interfaces/share/my_robot_interfaces/msg/TurtleArray.json
[0.811s] -- Up-to-date symlink: /home/emzx/ros2_ws/install/my_robot_interfaces/share/my_robot_interfaces/srv/ComputeRectangleArea.json
[0.811s] -- Up-to-date symlink: /home/emzx/ros2_ws/install/my_robot_interfaces/share/my_robot_interfaces/srv/SetLed.json
[0.811s] -- Up-to-date symlink: /home/emzx/ros2_ws/install/my_robot_interfaces/share/my_robot_interfaces/srv/CatchTurtle.json
[0.812s] -- Up-to-date symlink: /home/emzx/ros2_ws/install/my_robot_interfaces/share/my_robot_interfaces/srv/GetTransform.json
[0.814s] -- Up-to-date symlink: /home/emzx/ros2_ws/install/my_robot_interfaces/include/my_robot_interfaces/my_robot_interfaces/action/detail/fibonacci__functions.h
[0.815s] -- Up-to-date symlink: /home/emzx/ros2_ws/install/my_robot_interfaces/include/my_robot_interfaces/my_robot_interfaces/action/detail/fibonacci__struct.h
[0.815s] -- Up-to-date symlink: /home/emzx/ros2_ws/install/my_robot_interfaces/include/my_robot_interfaces/my_robot_interfaces/action/detail/fibonacci__type_support.h
[0.816s] -- Up-to-date symlink: /home/emzx/ros2_ws/install/my_robot_interfaces/include/my_robot_interfaces/my_robot_interfaces/action/fibonacci.h
[0.816s] -- Up-to-date symlink: /home/emzx/ros2_ws/install/my_robot_interfaces/include/my_robot_interfaces/my_robot_interfaces/msg/detail/hardware_status__functions.h
[0.817s] -- Up-to-date symlink: /home/emzx/ros2_ws/install/my_robot_interfaces/include/my_robot_interfaces/my_robot_interfaces/msg/detail/hardware_status__struct.h
[0.817s] -- Up-to-date symlink: /home/emzx/ros2_ws/install/my_robot_interfaces/include/my_robot_interfaces/my_robot_interfaces/msg/detail/hardware_status__type_support.h
[0.817s] -- Up-to-date symlink: /home/emzx/ros2_ws/install/my_robot_interfaces/include/my_robot_interfaces/my_robot_interfaces/msg/detail/led_state_array__functions.h
[0.818s] -- Up-to-date symlink: /home/emzx/ros2_ws/install/my_robot_interfaces/include/my_robot_interfaces/my_robot_interfaces/msg/detail/led_state_array__struct.h
[0.818s] -- Up-to-date symlink: /home/emzx/ros2_ws/install/my_robot_interfaces/include/my_robot_interfaces/my_robot_interfaces/msg/detail/led_state_array__type_support.h
[0.819s] -- Up-to-date symlink: /home/emzx/ros2_ws/install/my_robot_interfaces/include/my_robot_interfaces/my_robot_interfaces/msg/detail/turtle__functions.h
[0.819s] -- Up-to-date symlink: /home/emzx/ros2_ws/install/my_robot_interfaces/include/my_robot_interfaces/my_robot_interfaces/msg/detail/turtle__struct.h
[0.819s] -- Up-to-date symlink: /home/emzx/ros2_ws/install/my_robot_interfaces/include/my_robot_interfaces/my_robot_interfaces/msg/detail/turtle__type_support.h
[0.820s] -- Up-to-date symlink: /home/emzx/ros2_ws/install/my_robot_interfaces/include/my_robot_interfaces/my_robot_interfaces/msg/detail/turtle_array__functions.h
[0.820s] -- Up-to-date symlink: /home/emzx/ros2_ws/install/my_robot_interfaces/include/my_robot_interfaces/my_robot_interfaces/msg/detail/turtle_array__struct.h
[0.820s] -- Up-to-date symlink: /home/emzx/ros2_ws/install/my_robot_interfaces/include/my_robot_interfaces/my_robot_interfaces/msg/detail/turtle_array__type_support.h
[0.821s] -- Up-to-date symlink: /home/emzx/ros2_ws/install/my_robot_interfaces/include/my_robot_interfaces/my_robot_interfaces/msg/hardware_status.h
[0.821s] -- Up-to-date symlink: /home/emzx/ros2_ws/install/my_robot_interfaces/include/my_robot_interfaces/my_robot_interfaces/msg/led_state_array.h
[0.822s] -- Up-to-date symlink: /home/emzx/ros2_ws/install/my_robot_interfaces/include/my_robot_interfaces/my_robot_interfaces/msg/rosidl_generator_c__visibility_control.h
[0.822s] -- Up-to-date symlink: /home/emzx/ros2_ws/install/my_robot_interfaces/include/my_robot_interfaces/my_robot_interfaces/msg/turtle.h
[0.822s] -- Up-to-date symlink: /home/emzx/ros2_ws/install/my_robot_interfaces/include/my_robot_interfaces/my_robot_interfaces/msg/turtle_array.h
[0.822s] -- Up-to-date symlink: /home/emzx/ros2_ws/install/my_robot_interfaces/include/my_robot_interfaces/my_robot_interfaces/srv/catch_turtle.h
[0.822s] -- Up-to-date symlink: /home/emzx/ros2_ws/install/my_robot_interfaces/include/my_robot_interfaces/my_robot_interfaces/srv/compute_rectangle_area.h
[0.822s] -- Up-to-date symlink: /home/emzx/ros2_ws/install/my_robot_interfaces/include/my_robot_interfaces/my_robot_interfaces/srv/detail/catch_turtle__functions.h
[0.823s] -- Up-to-date symlink: /home/emzx/ros2_ws/install/my_robot_interfaces/include/my_robot_interfaces/my_robot_interfaces/srv/detail/catch_turtle__struct.h
[0.823s] -- Up-to-date symlink: /home/emzx/ros2_ws/install/my_robot_interfaces/include/my_robot_interfaces/my_robot_interfaces/srv/detail/catch_turtle__type_support.h
[0.823s] -- Up-to-date symlink: /home/emzx/ros2_ws/install/my_robot_interfaces/include/my_robot_interfaces/my_robot_interfaces/srv/detail/compute_rectangle_area__functions.h
[0.823s] -- Up-to-date symlink: /home/emzx/ros2_ws/install/my_robot_interfaces/include/my_robot_interfaces/my_robot_interfaces/srv/detail/compute_rectangle_area__struct.h
[0.823s] -- Up-to-date symlink: /home/emzx/ros2_ws/install/my_robot_interfaces/include/my_robot_interfaces/my_robot_interfaces/srv/detail/compute_rectangle_area__type_support.h
[0.824s] -- Up-to-date symlink: /home/emzx/ros2_ws/install/my_robot_interfaces/include/my_robot_interfaces/my_robot_interfaces/srv/detail/get_transform__functions.h
[0.824s] -- Up-to-date symlink: /home/emzx/ros2_ws/install/my_robot_interfaces/include/my_robot_interfaces/my_robot_interfaces/srv/detail/get_transform__struct.h
[0.824s] -- Up-to-date symlink: /home/emzx/ros2_ws/install/my_robot_interfaces/include/my_robot_interfaces/my_robot_interfaces/srv/detail/get_transform__type_support.h
[0.824s] -- Up-to-date symlink: /home/emzx/ros2_ws/install/my_robot_interfaces/include/my_robot_interfaces/my_robot_interfaces/srv/detail/set_led__functions.h
[0.824s] -- Up-to-date symlink: /home/emzx/ros2_ws/install/my_robot_interfaces/include/my_robot_interfaces/my_robot_interfaces/srv/detail/set_led__struct.h
[0.825s] -- Up-to-date symlink: /home/emzx/ros2_ws/install/my_robot_interfaces/include/my_robot_interfaces/my_robot_interfaces/srv/detail/set_led__type_support.h
[0.825s] -- Up-to-date symlink: /home/emzx/ros2_ws/install/my_robot_interfaces/include/my_robot_interfaces/my_robot_interfaces/srv/get_transform.h
[0.825s] -- Up-to-date symlink: /home/emzx/ros2_ws/install/my_robot_interfaces/include/my_robot_interfaces/my_robot_interfaces/srv/set_led.h
[0.825s] -- Up-to-date symlink: /home/emzx/ros2_ws/install/my_robot_interfaces/share/my_robot_interfaces/environment/library_path.sh
[0.830s] -- Up-to-date symlink: /home/emzx/ros2_ws/install/my_robot_interfaces/share/my_robot_interfaces/environment/library_path.dsv
[0.831s] -- Up-to-date symlink: /home/emzx/ros2_ws/install/my_robot_interfaces/include/my_robot_interfaces/my_robot_interfaces/action/detail/fibonacci__rosidl_typesupport_fastrtps_c.h
[0.832s] -- Up-to-date symlink: /home/emzx/ros2_ws/install/my_robot_interfaces/include/my_robot_interfaces/my_robot_interfaces/msg/detail/hardware_status__rosidl_typesupport_fastrtps_c.h
[0.832s] -- Up-to-date symlink: /home/emzx/ros2_ws/install/my_robot_interfaces/include/my_robot_interfaces/my_robot_interfaces/msg/detail/led_state_array__rosidl_typesupport_fastrtps_c.h
[0.832s] -- Up-to-date symlink: /home/emzx/ros2_ws/install/my_robot_interfaces/include/my_robot_interfaces/my_robot_interfaces/msg/detail/turtle__rosidl_typesupport_fastrtps_c.h
[0.833s] -- Up-to-date symlink: /home/emzx/ros2_ws/install/my_robot_interfaces/include/my_robot_interfaces/my_robot_interfaces/msg/detail/turtle_array__rosidl_typesupport_fastrtps_c.h
[0.833s] -- Up-to-date symlink: /home/emzx/ros2_ws/install/my_robot_interfaces/include/my_robot_interfaces/my_robot_interfaces/msg/rosidl_typesupport_fastrtps_c__visibility_control.h
[0.834s] -- Up-to-date symlink: /home/emzx/ros2_ws/install/my_robot_interfaces/include/my_robot_interfaces/my_robot_interfaces/srv/detail/catch_turtle__rosidl_typesupport_fastrtps_c.h
[0.834s] -- Up-to-date symlink: /home/emzx/ros2_ws/install/my_robot_interfaces/include/my_robot_interfaces/my_robot_interfaces/srv/detail/compute_rectangle_area__rosidl_typesupport_fastrtps_c.h
[0.834s] -- Up-to-date symlink: /home/emzx/ros2_ws/install/my_robot_interfaces/include/my_robot_interfaces/my_robot_interfaces/srv/detail/get_transform__rosidl_typesupport_fastrtps_c.h
[0.835s] -- Up-to-date symlink: /home/emzx/ros2_ws/install/my_robot_interfaces/include/my_robot_interfaces/my_robot_interfaces/srv/detail/set_led__rosidl_typesupport_fastrtps_c.h
[0.836s] -- Up-to-date symlink: /home/emzx/ros2_ws/install/my_robot_interfaces/include/my_robot_interfaces/my_robot_interfaces/action/detail/fibonacci__rosidl_typesupport_introspection_c.h
[0.836s] -- Up-to-date symlink: /home/emzx/ros2_ws/install/my_robot_interfaces/include/my_robot_interfaces/my_robot_interfaces/msg/detail/hardware_status__rosidl_typesupport_introspection_c.h
[0.837s] -- Up-to-date symlink: /home/emzx/ros2_ws/install/my_robot_interfaces/include/my_robot_interfaces/my_robot_interfaces/msg/detail/led_state_array__rosidl_typesupport_introspection_c.h
[0.837s] -- Up-to-date symlink: /home/emzx/ros2_ws/install/my_robot_interfaces/include/my_robot_interfaces/my_robot_interfaces/msg/detail/turtle__rosidl_typesupport_introspection_c.h
[0.837s] -- Up-to-date symlink: /home/emzx/ros2_ws/install/my_robot_interfaces/include/my_robot_interfaces/my_robot_interfaces/msg/detail/turtle_array__rosidl_typesupport_introspection_c.h
[0.838s] -- Up-to-date symlink: /home/emzx/ros2_ws/install/my_robot_interfaces/include/my_robot_interfaces/my_robot_interfaces/msg/rosidl_typesupport_introspection_c__visibility_control.h
[0.838s] -- Up-to-date symlink: /home/emzx/ros2_ws/install/my_robot_interfaces/include/my_robot_interfaces/my_robot_interfaces/srv/detail/catch_turtle__rosidl_typesupport_introspection_c.h
[0.838s] -- Up-to-date symlink: /home/emzx/ros2_ws/install/my_robot_interfaces/include/my_robot_interfaces/my_robot_interfaces/srv/detail/compute_rectangle_area__rosidl_typesupport_introspection_c.h
[0.838s] -- Up-to-date symlink: /home/emzx/ros2_ws/install/my_robot_interfaces/include/my_robot_interfaces/my_robot_interfaces/srv/detail/get_transform__rosidl_typesupport_introspection_c.h
[0.839s] -- Up-to-date symlink: /home/emzx/ros2_ws/install/my_robot_interfaces/include/my_robot_interfaces/my_robot_interfaces/srv/detail/set_led__rosidl_typesupport_introspection_c.h
[0.841s] -- Up-to-date symlink: /home/emzx/ros2_ws/install/my_robot_interfaces/include/my_robot_interfaces/my_robot_interfaces/action/detail/fibonacci__builder.hpp
[0.842s] -- Up-to-date symlink: /home/emzx/ros2_ws/install/my_robot_interfaces/include/my_robot_interfaces/my_robot_interfaces/action/detail/fibonacci__struct.hpp
[0.842s] -- Up-to-date symlink: /home/emzx/ros2_ws/install/my_robot_interfaces/include/my_robot_interfaces/my_robot_interfaces/action/detail/fibonacci__traits.hpp
[0.842s] -- Up-to-date symlink: /home/emzx/ros2_ws/install/my_robot_interfaces/include/my_robot_interfaces/my_robot_interfaces/action/detail/fibonacci__type_support.hpp
[0.842s] -- Up-to-date symlink: /home/emzx/ros2_ws/install/my_robot_interfaces/include/my_robot_interfaces/my_robot_interfaces/action/fibonacci.hpp
[0.843s] -- Up-to-date symlink: /home/emzx/ros2_ws/install/my_robot_interfaces/include/my_robot_interfaces/my_robot_interfaces/msg/detail/hardware_status__builder.hpp
[0.843s] -- Up-to-date symlink: /home/emzx/ros2_ws/install/my_robot_interfaces/include/my_robot_interfaces/my_robot_interfaces/msg/detail/hardware_status__struct.hpp
[0.843s] -- Up-to-date symlink: /home/emzx/ros2_ws/install/my_robot_interfaces/include/my_robot_interfaces/my_robot_interfaces/msg/detail/hardware_status__traits.hpp
[0.844s] -- Up-to-date symlink: /home/emzx/ros2_ws/install/my_robot_interfaces/include/my_robot_interfaces/my_robot_interfaces/msg/detail/hardware_status__type_support.hpp
[0.844s] -- Up-to-date symlink: /home/emzx/ros2_ws/install/my_robot_interfaces/include/my_robot_interfaces/my_robot_interfaces/msg/detail/led_state_array__builder.hpp
[0.844s] -- Up-to-date symlink: /home/emzx/ros2_ws/install/my_robot_interfaces/include/my_robot_interfaces/my_robot_interfaces/msg/detail/led_state_array__struct.hpp
[0.845s] -- Up-to-date symlink: /home/emzx/ros2_ws/install/my_robot_interfaces/include/my_robot_interfaces/my_robot_interfaces/msg/detail/led_state_array__traits.hpp
[0.845s] -- Up-to-date symlink: /home/emzx/ros2_ws/install/my_robot_interfaces/include/my_robot_interfaces/my_robot_interfaces/msg/detail/led_state_array__type_support.hpp
[0.845s] -- Up-to-date symlink: /home/emzx/ros2_ws/install/my_robot_interfaces/include/my_robot_interfaces/my_robot_interfaces/msg/detail/turtle__builder.hpp
[0.846s] -- Up-to-date symlink: /home/emzx/ros2_ws/install/my_robot_interfaces/include/my_robot_interfaces/my_robot_interfaces/msg/detail/turtle__struct.hpp
[0.846s] -- Up-to-date symlink: /home/emzx/ros2_ws/install/my_robot_interfaces/include/my_robot_interfaces/my_robot_interfaces/msg/detail/turtle__traits.hpp
[0.846s] -- Up-to-date symlink: /home/emzx/ros2_ws/install/my_robot_interfaces/include/my_robot_interfaces/my_robot_interfaces/msg/detail/turtle__type_support.hpp
[0.847s] -- Up-to-date symlink: /home/emzx/ros2_ws/install/my_robot_interfaces/include/my_robot_interfaces/my_robot_interfaces/msg/detail/turtle_array__builder.hpp
[0.847s] -- Up-to-date symlink: /home/emzx/ros2_ws/install/my_robot_interfaces/include/my_robot_interfaces/my_robot_interfaces/msg/detail/turtle_array__struct.hpp
[0.847s] -- Up-to-date symlink: /home/emzx/ros2_ws/install/my_robot_interfaces/include/my_robot_interfaces/my_robot_interfaces/msg/detail/turtle_array__traits.hpp
[0.848s] -- Up-to-date symlink: /home/emzx/ros2_ws/install/my_robot_interfaces/include/my_robot_interfaces/my_robot_interfaces/msg/detail/turtle_array__type_support.hpp
[0.848s] -- Up-to-date symlink: /home/emzx/ros2_ws/install/my_robot_interfaces/include/my_robot_interfaces/my_robot_interfaces/msg/hardware_status.hpp
[0.848s] -- Up-to-date symlink: /home/emzx/ros2_ws/install/my_robot_interfaces/include/my_robot_interfaces/my_robot_interfaces/msg/led_state_array.hpp
[0.848s] -- Up-to-date symlink: /home/emzx/ros2_ws/install/my_robot_interfaces/include/my_robot_interfaces/my_robot_interfaces/msg/rosidl_generator_cpp__visibility_control.hpp
[0.849s] -- Up-to-date symlink: /home/emzx/ros2_ws/install/my_robot_interfaces/include/my_robot_interfaces/my_robot_interfaces/msg/turtle.hpp
[0.849s] -- Up-to-date symlink: /home/emzx/ros2_ws/install/my_robot_interfaces/include/my_robot_interfaces/my_robot_interfaces/msg/turtle_array.hpp
[0.849s] -- Up-to-date symlink: /home/emzx/ros2_ws/install/my_robot_interfaces/include/my_robot_interfaces/my_robot_interfaces/srv/catch_turtle.hpp
[0.850s] -- Up-to-date symlink: /home/emzx/ros2_ws/install/my_robot_interfaces/include/my_robot_interfaces/my_robot_interfaces/srv/compute_rectangle_area.hpp
[0.850s] -- Up-to-date symlink: /home/emzx/ros2_ws/install/my_robot_interfaces/include/my_robot_interfaces/my_robot_interfaces/srv/detail/catch_turtle__builder.hpp
[0.850s] -- Up-to-date symlink: /home/emzx/ros2_ws/install/my_robot_interfaces/include/my_robot_interfaces/my_robot_interfaces/srv/detail/catch_turtle__struct.hpp
[0.850s] -- Up-to-date symlink: /home/emzx/ros2_ws/install/my_robot_interfaces/include/my_robot_interfaces/my_robot_interfaces/srv/detail/catch_turtle__traits.hpp
[0.850s] -- Up-to-date symlink: /home/emzx/ros2_ws/install/my_robot_interfaces/include/my_robot_interfaces/my_robot_interfaces/srv/detail/catch_turtle__type_support.hpp
[0.851s] -- Up-to-date symlink: /home/emzx/ros2_ws/install/my_robot_interfaces/include/my_robot_interfaces/my_robot_interfaces/srv/detail/compute_rectangle_area__builder.hpp
[0.851s] -- Up-to-date symlink: /home/emzx/ros2_ws/install/my_robot_interfaces/include/my_robot_interfaces/my_robot_interfaces/srv/detail/compute_rectangle_area__struct.hpp
[0.851s] -- Up-to-date symlink: /home/emzx/ros2_ws/install/my_robot_interfaces/include/my_robot_interfaces/my_robot_interfaces/srv/detail/compute_rectangle_area__traits.hpp
[0.852s] -- Up-to-date symlink: /home/emzx/ros2_ws/install/my_robot_interfaces/include/my_robot_interfaces/my_robot_interfaces/srv/detail/compute_rectangle_area__type_support.hpp
[0.852s] -- Up-to-date symlink: /home/emzx/ros2_ws/install/my_robot_interfaces/include/my_robot_interfaces/my_robot_interfaces/srv/detail/get_transform__builder.hpp
[0.852s] -- Up-to-date symlink: /home/emzx/ros2_ws/install/my_robot_interfaces/include/my_robot_interfaces/my_robot_interfaces/srv/detail/get_transform__struct.hpp
[0.852s] -- Up-to-date symlink: /home/emzx/ros2_ws/install/my_robot_interfaces/include/my_robot_interfaces/my_robot_interfaces/srv/detail/get_transform__traits.hpp
[0.853s] -- Up-to-date symlink: /home/emzx/ros2_ws/install/my_robot_interfaces/include/my_robot_interfaces/my_robot_interfaces/srv/detail/get_transform__type_support.hpp
[0.853s] -- Up-to-date symlink: /home/emzx/ros2_ws/install/my_robot_interfaces/include/my_robot_interfaces/my_robot_interfaces/srv/detail/set_led__builder.hpp
[0.853s] -- Up-to-date symlink: /home/emzx/ros2_ws/install/my_robot_interfaces/include/my_robot_interfaces/my_robot_interfaces/srv/detail/set_led__struct.hpp
[0.853s] -- Up-to-date symlink: /home/emzx/ros2_ws/install/my_robot_interfaces/include/my_robot_interfaces/my_robot_interfaces/srv/detail/set_led__traits.hpp
[0.854s] -- Up-to-date symlink: /home/emzx/ros2_ws/install/my_robot_interfaces/include/my_robot_interfaces/my_robot_interfaces/srv/detail/set_led__type_support.hpp
[0.854s] -- Up-to-date symlink: /home/emzx/ros2_ws/install/my_robot_interfaces/include/my_robot_interfaces/my_robot_interfaces/srv/get_transform.hpp
[0.854s] -- Up-to-date symlink: /home/emzx/ros2_ws/install/my_robot_interfaces/include/my_robot_interfaces/my_robot_interfaces/srv/set_led.hpp
[0.855s] -- Up-to-date symlink: /home/emzx/ros2_ws/install/my_robot_interfaces/include/my_robot_interfaces/my_robot_interfaces/action/detail/fibonacci__rosidl_typesupport_fastrtps_cpp.hpp
[0.855s] -- Up-to-date symlink: /home/emzx/ros2_ws/install/my_robot_interfaces/include/my_robot_interfaces/my_robot_interfaces/msg/detail/hardware_status__rosidl_typesupport_fastrtps_cpp.hpp
[0.856s] -- Up-to-date symlink: /home/emzx/ros2_ws/install/my_robot_interfaces/include/my_robot_interfaces/my_robot_interfaces/msg/detail/led_state_array__rosidl_typesupport_fastrtps_cpp.hpp
[0.856s] -- Up-to-date symlink: /home/emzx/ros2_ws/install/my_robot_interfaces/include/my_robot_interfaces/my_robot_interfaces/msg/detail/turtle__rosidl_typesupport_fastrtps_cpp.hpp
[0.856s] -- Up-to-date symlink: /home/emzx/ros2_ws/install/my_robot_interfaces/include/my_robot_interfaces/my_robot_interfaces/msg/detail/turtle_array__rosidl_typesupport_fastrtps_cpp.hpp
[0.857s] -- Up-to-date symlink: /home/emzx/ros2_ws/install/my_robot_interfaces/include/my_robot_interfaces/my_robot_interfaces/msg/rosidl_typesupport_fastrtps_cpp__visibility_control.h
[0.857s] -- Up-to-date symlink: /home/emzx/ros2_ws/install/my_robot_interfaces/include/my_robot_interfaces/my_robot_interfaces/srv/detail/catch_turtle__rosidl_typesupport_fastrtps_cpp.hpp
[0.857s] -- Up-to-date symlink: /home/emzx/ros2_ws/install/my_robot_interfaces/include/my_robot_interfaces/my_robot_interfaces/srv/detail/compute_rectangle_area__rosidl_typesupport_fastrtps_cpp.hpp
[0.858s] -- Up-to-date symlink: /home/emzx/ros2_ws/install/my_robot_interfaces/include/my_robot_interfaces/my_robot_interfaces/srv/detail/get_transform__rosidl_typesupport_fastrtps_cpp.hpp
[0.858s] -- Up-to-date symlink: /home/emzx/ros2_ws/install/my_robot_interfaces/include/my_robot_interfaces/my_robot_interfaces/srv/detail/set_led__rosidl_typesupport_fastrtps_cpp.hpp
[0.859s] -- Up-to-date symlink: /home/emzx/ros2_ws/install/my_robot_interfaces/include/my_robot_interfaces/my_robot_interfaces/action/detail/fibonacci__rosidl_typesupport_introspection_cpp.hpp
[0.859s] -- Up-to-date symlink: /home/emzx/ros2_ws/install/my_robot_interfaces/include/my_robot_interfaces/my_robot_interfaces/msg/detail/hardware_status__rosidl_typesupport_introspection_cpp.hpp
[0.859s] -- Up-to-date symlink: /home/emzx/ros2_ws/install/my_robot_interfaces/include/my_robot_interfaces/my_robot_interfaces/msg/detail/led_state_array__rosidl_typesupport_introspection_cpp.hpp
[0.859s] -- Up-to-date symlink: /home/emzx/ros2_ws/install/my_robot_interfaces/include/my_robot_interfaces/my_robot_interfaces/msg/detail/turtle__rosidl_typesupport_introspection_cpp.hpp
[0.859s] -- Up-to-date symlink: /home/emzx/ros2_ws/install/my_robot_interfaces/include/my_robot_interfaces/my_robot_interfaces/msg/detail/turtle_array__rosidl_typesupport_introspection_cpp.hpp
[0.860s] -- Up-to-date symlink: /home/emzx/ros2_ws/install/my_robot_interfaces/include/my_robot_interfaces/my_robot_interfaces/srv/detail/catch_turtle__rosidl_typesupport_introspection_cpp.hpp
[0.860s] -- Up-to-date symlink: /home/emzx/ros2_ws/install/my_robot_interfaces/include/my_robot_interfaces/my_robot_interfaces/srv/detail/compute_rectangle_area__rosidl_typesupport_introspection_cpp.hpp
[0.860s] -- Up-to-date symlink: /home/emzx/ros2_ws/install/my_robot_interfaces/include/my_robot_interfaces/my_robot_interfaces/srv/detail/get_transform__rosidl_typesupport_introspection_cpp.hpp
[0.861s] -- Up-to-date symlink: /home/emzx/ros2_ws/install/my_robot_interfaces/include/my_robot_interfaces/my_robot_interfaces/srv/detail/set_led__rosidl_typesupport_introspection_cpp.hpp
[0.861s] -- Up-to-date symlink: /home/emzx/ros2_ws/install/my_robot_interfaces/share/my_robot_interfaces/environment/pythonpath.sh
[0.861s] -- Up-to-date symlink: /home/emzx/ros2_ws/install/my_robot_interfaces/share/my_robot_interfaces/environment/pythonpath.dsv
[0.862s] -- Up-to-date symlink: /home/emzx/ros2_ws/install/my_robot_interfaces/lib/python3.12/site-packages/my_robot_interfaces-0.0.0-py3.12.egg-info/PKG-INFO
[0.863s] -- Up-to-date symlink: /home/emzx/ros2_ws/install/my_robot_interfaces/lib/python3.12/site-packages/my_robot_interfaces-0.0.0-py3.12.egg-info/SOURCES.txt
[0.863s] -- Up-to-date symlink: /home/emzx/ros2_ws/install/my_robot_interfaces/lib/python3.12/site-packages/my_robot_interfaces-0.0.0-py3.12.egg-info/dependency_links.txt
[0.863s] -- Up-to-date symlink: /home/emzx/ros2_ws/install/my_robot_interfaces/lib/python3.12/site-packages/my_robot_interfaces-0.0.0-py3.12.egg-info/top_level.txt
[0.865s] -- Up-to-date symlink: /home/emzx/ros2_ws/install/my_robot_interfaces/lib/python3.12/site-packages/my_robot_interfaces/__init__.py
[0.865s] -- Up-to-date symlink: /home/emzx/ros2_ws/install/my_robot_interfaces/lib/python3.12/site-packages/my_robot_interfaces/_my_robot_interfaces_s.ep.rosidl_typesupport_c.c
[0.865s] -- Up-to-date symlink: /home/emzx/ros2_ws/install/my_robot_interfaces/lib/python3.12/site-packages/my_robot_interfaces/_my_robot_interfaces_s.ep.rosidl_typesupport_fastrtps_c.c
[0.865s] -- Up-to-date symlink: /home/emzx/ros2_ws/install/my_robot_interfaces/lib/python3.12/site-packages/my_robot_interfaces/_my_robot_interfaces_s.ep.rosidl_typesupport_introspection_c.c
[0.866s] -- Up-to-date symlink: /home/emzx/ros2_ws/install/my_robot_interfaces/lib/python3.12/site-packages/my_robot_interfaces/action/__init__.py
[0.866s] -- Up-to-date symlink: /home/emzx/ros2_ws/install/my_robot_interfaces/lib/python3.12/site-packages/my_robot_interfaces/action/_fibonacci.py
[0.866s] -- Up-to-date symlink: /home/emzx/ros2_ws/install/my_robot_interfaces/lib/python3.12/site-packages/my_robot_interfaces/action/_fibonacci_s.c
[0.867s] -- Up-to-date symlink: /home/emzx/ros2_ws/install/my_robot_interfaces/lib/python3.12/site-packages/my_robot_interfaces/msg/__init__.py
[0.867s] -- Up-to-date symlink: /home/emzx/ros2_ws/install/my_robot_interfaces/lib/python3.12/site-packages/my_robot_interfaces/msg/_hardware_status.py
[0.867s] -- Up-to-date symlink: /home/emzx/ros2_ws/install/my_robot_interfaces/lib/python3.12/site-packages/my_robot_interfaces/msg/_hardware_status_s.c
[0.867s] -- Up-to-date symlink: /home/emzx/ros2_ws/install/my_robot_interfaces/lib/python3.12/site-packages/my_robot_interfaces/msg/_led_state_array.py
[0.868s] -- Up-to-date symlink: /home/emzx/ros2_ws/install/my_robot_interfaces/lib/python3.12/site-packages/my_robot_interfaces/msg/_led_state_array_s.c
[0.868s] -- Up-to-date symlink: /home/emzx/ros2_ws/install/my_robot_interfaces/lib/python3.12/site-packages/my_robot_interfaces/msg/_turtle.py
[0.868s] -- Up-to-date symlink: /home/emzx/ros2_ws/install/my_robot_interfaces/lib/python3.12/site-packages/my_robot_interfaces/msg/_turtle_array.py
[0.868s] -- Up-to-date symlink: /home/emzx/ros2_ws/install/my_robot_interfaces/lib/python3.12/site-packages/my_robot_interfaces/msg/_turtle_array_s.c
[0.869s] -- Up-to-date symlink: /home/emzx/ros2_ws/install/my_robot_interfaces/lib/python3.12/site-packages/my_robot_interfaces/msg/_turtle_s.c
[0.869s] -- Up-to-date symlink: /home/emzx/ros2_ws/install/my_robot_interfaces/lib/python3.12/site-packages/my_robot_interfaces/my_robot_interfaces_s__rosidl_typesupport_c.so
[0.869s] -- Up-to-date symlink: /home/emzx/ros2_ws/install/my_robot_interfaces/lib/python3.12/site-packages/my_robot_interfaces/my_robot_interfaces_s__rosidl_typesupport_fastrtps_c.so
[0.869s] -- Up-to-date symlink: /home/emzx/ros2_ws/install/my_robot_interfaces/lib/python3.12/site-packages/my_robot_interfaces/my_robot_interfaces_s__rosidl_typesupport_introspection_c.so
[0.870s] -- Up-to-date symlink: /home/emzx/ros2_ws/install/my_robot_interfaces/lib/python3.12/site-packages/my_robot_interfaces/srv/__init__.py
[0.870s] -- Up-to-date symlink: /home/emzx/ros2_ws/install/my_robot_interfaces/lib/python3.12/site-packages/my_robot_interfaces/srv/_catch_turtle.py
[0.871s] -- Up-to-date symlink: /home/emzx/ros2_ws/install/my_robot_interfaces/lib/python3.12/site-packages/my_robot_interfaces/srv/_catch_turtle_s.c
[0.871s] -- Up-to-date symlink: /home/emzx/ros2_ws/install/my_robot_interfaces/lib/python3.12/site-packages/my_robot_interfaces/srv/_compute_rectangle_area.py
[0.871s] -- Up-to-date symlink: /home/emzx/ros2_ws/install/my_robot_interfaces/lib/python3.12/site-packages/my_robot_interfaces/srv/_compute_rectangle_area_s.c
[0.871s] -- Up-to-date symlink: /home/emzx/ros2_ws/install/my_robot_interfaces/lib/python3.12/site-packages/my_robot_interfaces/srv/_get_transform.py
[0.872s] -- Up-to-date symlink: /home/emzx/ros2_ws/install/my_robot_interfaces/lib/python3.12/site-packages/my_robot_interfaces/srv/_get_transform_s.c
[0.872s] -- Up-to-date symlink: /home/emzx/ros2_ws/install/my_robot_interfaces/lib/python3.12/site-packages/my_robot_interfaces/srv/_set_led.py
[0.872s] -- Up-to-date symlink: /home/emzx/ros2_ws/install/my_robot_interfaces/lib/python3.12/site-packages/my_robot_interfaces/srv/_set_led_s.c
[0.873s] -- Up-to-date symlink: /home/emzx/ros2_ws/install/my_robot_interfaces/lib/python3.12/site-packages/my_robot_interfaces/my_robot_interfaces_s__rosidl_typesupport_fastrtps_c.so
[0.873s] -- Up-to-date symlink: /home/emzx/ros2_ws/install/my_robot_interfaces/lib/python3.12/site-packages/my_robot_interfaces/my_robot_interfaces_s__rosidl_typesupport_introspection_c.so
[0.874s] -- Up-to-date symlink: /home/emzx/ros2_ws/install/my_robot_interfaces/lib/python3.12/site-packages/my_robot_interfaces/my_robot_interfaces_s__rosidl_typesupport_c.so
[0.874s] -- Up-to-date symlink: /home/emzx/ros2_ws/install/my_robot_interfaces/share/my_robot_interfaces/action/Fibonacci.idl
[0.875s] -- Up-to-date symlink: /home/emzx/ros2_ws/install/my_robot_interfaces/share/my_robot_interfaces/msg/HardwareStatus.idl
[0.875s] -- Up-to-date symlink: /home/emzx/ros2_ws/install/my_robot_interfaces/share/my_robot_interfaces/msg/LedStateArray.idl
[0.875s] -- Up-to-date symlink: /home/emzx/ros2_ws/install/my_robot_interfaces/share/my_robot_interfaces/msg/Turtle.idl
[0.876s] -- Up-to-date symlink: /home/emzx/ros2_ws/install/my_robot_interfaces/share/my_robot_interfaces/msg/TurtleArray.idl
[0.876s] -- Up-to-date symlink: /home/emzx/ros2_ws/install/my_robot_interfaces/share/my_robot_interfaces/srv/ComputeRectangleArea.idl
[0.876s] -- Up-to-date symlink: /home/emzx/ros2_ws/install/my_robot_interfaces/share/my_robot_interfaces/srv/SetLed.idl
[0.877s] -- Up-to-date symlink: /home/emzx/ros2_ws/install/my_robot_interfaces/share/my_robot_interfaces/srv/CatchTurtle.idl
[0.877s] -- Up-to-date symlink: /home/emzx/ros2_ws/install/my_robot_interfaces/share/my_robot_interfaces/srv/GetTransform.idl
[0.878s] -- Up-to-date symlink: /home/emzx/ros2_ws/install/my_robot_interfaces/share/my_robot_interfaces/action/Fibonacci.action
[0.878s] -- Up-to-date symlink: /home/emzx/ros2_ws/install/my_robot_interfaces/share/my_robot_interfaces/msg/HardwareStatus.msg
[0.878s] -- Up-to-date symlink: /home/emzx/ros2_ws/install/my_robot_interfaces/share/my_robot_interfaces/msg/LedStateArray.msg
[0.879s] -- Up-to-date symlink: /home/emzx/ros2_ws/install/my_robot_interfaces/share/my_robot_interfaces/msg/Turtle.msg
[0.879s] -- Up-to-date symlink: /home/emzx/ros2_ws/install/my_robot_interfaces/share/my_robot_interfaces/msg/TurtleArray.msg
[0.880s] -- Up-to-date symlink: /home/emzx/ros2_ws/install/my_robot_interfaces/share/my_robot_interfaces/srv/ComputeRectangleArea.srv
[0.880s] -- Up-to-date symlink: /home/emzx/ros2_ws/install/my_robot_interfaces/share/my_robot_interfaces/srv/SetLed.srv
[0.881s] -- Up-to-date symlink: /home/emzx/ros2_ws/install/my_robot_interfaces/share/my_robot_interfaces/srv/CatchTurtle.srv
[0.881s] -- Up-to-date symlink: /home/emzx/ros2_ws/install/my_robot_interfaces/share/my_robot_interfaces/srv/GetTransform.srv
[0.881s] -- Up-to-date symlink: /home/emzx/ros2_ws/install/my_robot_interfaces/share/ament_index/resource_index/package_run_dependencies/my_robot_interfaces
[0.882s] -- Up-to-date symlink: /home/emzx/ros2_ws/install/my_robot_interfaces/share/ament_index/resource_index/parent_prefix_path/my_robot_interfaces
[0.882s] -- Up-to-date symlink: /home/emzx/ros2_ws/install/my_robot_interfaces/share/my_robot_interfaces/environment/ament_prefix_path.sh
[0.882s] -- Up-to-date symlink: /home/emzx/ros2_ws/install/my_robot_interfaces/share/my_robot_interfaces/environment/ament_prefix_path.dsv
[0.882s] -- Up-to-date symlink: /home/emzx/ros2_ws/install/my_robot_interfaces/share/my_robot_interfaces/environment/path.sh
[0.883s] -- Up-to-date symlink: /home/emzx/ros2_ws/install/my_robot_interfaces/share/my_robot_interfaces/environment/path.dsv
[0.884s] -- Up-to-date symlink: /home/emzx/ros2_ws/install/my_robot_interfaces/share/my_robot_interfaces/local_setup.bash
[0.884s] -- Up-to-date symlink: /home/emzx/ros2_ws/install/my_robot_interfaces/share/my_robot_interfaces/local_setup.sh
[0.885s] -- Up-to-date symlink: /home/emzx/ros2_ws/install/my_robot_interfaces/share/my_robot_interfaces/local_setup.zsh
[0.885s] -- Up-to-date symlink: /home/emzx/ros2_ws/install/my_robot_interfaces/share/my_robot_interfaces/local_setup.dsv
[0.886s] -- Symlinking: /home/emzx/ros2_ws/install/my_robot_interfaces/share/my_robot_interfaces/package.dsv
[0.895s] -- Up-to-date symlink: /home/emzx/ros2_ws/install/my_robot_interfaces/share/ament_index/resource_index/packages/my_robot_interfaces
[0.895s] -- Up-to-date symlink: /home/emzx/ros2_ws/install/my_robot_interfaces/share/my_robot_interfaces/cmake/rosidl_cmake-extras.cmake
[0.895s] -- Up-to-date symlink: /home/emzx/ros2_ws/install/my_robot_interfaces/share/my_robot_interfaces/cmake/ament_cmake_export_dependencies-extras.cmake
[0.895s] -- Up-to-date symlink: /home/emzx/ros2_ws/install/my_robot_interfaces/share/my_robot_interfaces/cmake/ament_cmake_export_include_directories-extras.cmake
[0.895s] -- Up-to-date symlink: /home/emzx/ros2_ws/install/my_robot_interfaces/share/my_robot_interfaces/cmake/ament_cmake_export_libraries-extras.cmake
[0.896s] -- Up-to-date symlink: /home/emzx/ros2_ws/install/my_robot_interfaces/share/my_robot_interfaces/cmake/ament_cmake_export_targets-extras.cmake
[0.896s] -- Up-to-date symlink: /home/emzx/ros2_ws/install/my_robot_interfaces/share/my_robot_interfaces/cmake/rosidl_cmake_export_typesupport_targets-extras.cmake
[0.896s] -- Up-to-date symlink: /home/emzx/ros2_ws/install/my_robot_interfaces/share/my_robot_interfaces/cmake/rosidl_cmake_export_typesupport_libraries-extras.cmake
[0.896s] -- Up-to-date symlink: /home/emzx/ros2_ws/install/my_robot_interfaces/share/my_robot_interfaces/cmake/my_robot_interfacesConfig.cmake
[0.896s] -- Up-to-date symlink: /home/emzx/ros2_ws/install/my_robot_interfaces/share/my_robot_interfaces/cmake/my_robot_interfacesConfig-version.cmake
[0.896s] -- Up-to-date symlink: /home/emzx/ros2_ws/install/my_robot_interfaces/share/my_robot_interfaces/package.xml
[0.897s] -- Up-to-date: /home/emzx/ros2_ws/install/my_robot_interfaces/lib/libmy_robot_interfaces__rosidl_generator_c.so
[0.898s] -- Up-to-date: /home/emzx/ros2_ws/install/my_robot_interfaces/lib/libmy_robot_interfaces__rosidl_typesupport_fastrtps_c.so
[0.898s] -- Up-to-date: /home/emzx/ros2_ws/install/my_robot_interfaces/lib/libmy_robot_interfaces__rosidl_typesupport_introspection_c.so
[0.898s] -- Up-to-date: /home/emzx/ros2_ws/install/my_robot_interfaces/lib/libmy_robot_interfaces__rosidl_typesupport_c.so
[0.899s] -- Up-to-date: /home/emzx/ros2_ws/install/my_robot_interfaces/lib/libmy_robot_interfaces__rosidl_typesupport_fastrtps_cpp.so
[0.901s] -- Up-to-date: /home/emzx/ros2_ws/install/my_robot_interfaces/lib/libmy_robot_interfaces__rosidl_typesupport_introspection_cpp.so
[0.901s] -- Up-to-date: /home/emzx/ros2_ws/install/my_robot_interfaces/lib/libmy_robot_interfaces__rosidl_typesupport_cpp.so
[0.927s] Listing '/home/emzx/ros2_ws/install/my_robot_interfaces/lib/python3.12/site-packages/my_robot_interfaces'...
[0.927s] Listing '/home/emzx/ros2_ws/install/my_robot_interfaces/lib/python3.12/site-packages/my_robot_interfaces/action'...
[0.927s] Listing '/home/emzx/ros2_ws/install/my_robot_interfaces/lib/python3.12/site-packages/my_robot_interfaces/msg'...
[0.927s] Listing '/home/emzx/ros2_ws/install/my_robot_interfaces/lib/python3.12/site-packages/my_robot_interfaces/srv'...
[0.935s] -- Up-to-date: /home/emzx/ros2_ws/install/my_robot_interfaces/lib/libmy_robot_interfaces__rosidl_generator_py.so
[0.936s] -- Up-to-date: /home/emzx/ros2_ws/install/my_robot_interfaces/share/my_robot_interfaces/cmake/export_my_robot_interfaces__rosidl_generator_cExport.cmake
[0.936s] -- Up-to-date: /home/emzx/ros2_ws/install/my_robot_interfaces/share/my_robot_interfaces/cmake/export_my_robot_interfaces__rosidl_generator_cExport-noconfig.cmake
[0.936s] -- Up-to-date: /home/emzx/ros2_ws/install/my_robot_interfaces/share/my_robot_interfaces/cmake/export_my_robot_interfaces__rosidl_typesupport_fastrtps_cExport.cmake
[0.936s] -- Up-to-date: /home/emzx/ros2_ws/install/my_robot_interfaces/share/my_robot_interfaces/cmake/export_my_robot_interfaces__rosidl_typesupport_fastrtps_cExport-noconfig.cmake
[0.937s] -- Up-to-date: /home/emzx/ros2_ws/install/my_robot_interfaces/share/my_robot_interfaces/cmake/my_robot_interfaces__rosidl_typesupport_introspection_cExport.cmake
[0.937s] -- Up-to-date: /home/emzx/ros2_ws/install/my_robot_interfaces/share/my_robot_interfaces/cmake/my_robot_interfaces__rosidl_typesupport_introspection_cExport-noconfig.cmake
[0.937s] -- Up-to-date: /home/emzx/ros2_ws/install/my_robot_interfaces/share/my_robot_interfaces/cmake/my_robot_interfaces__rosidl_typesupport_cExport.cmake
[0.937s] -- Up-to-date: /home/emzx/ros2_ws/install/my_robot_interfaces/share/my_robot_interfaces/cmake/my_robot_interfaces__rosidl_typesupport_cExport-noconfig.cmake
[0.938s] -- Up-to-date: /home/emzx/ros2_ws/install/my_robot_interfaces/share/my_robot_interfaces/cmake/export_my_robot_interfaces__rosidl_generator_cppExport.cmake
[0.938s] -- Up-to-date: /home/emzx/ros2_ws/install/my_robot_interfaces/share/my_robot_interfaces/cmake/export_my_robot_interfaces__rosidl_typesupport_fastrtps_cppExport.cmake
[0.938s] -- Up-to-date: /home/emzx/ros2_ws/install/my_robot_interfaces/share/my_robot_interfaces/cmake/export_my_robot_interfaces__rosidl_typesupport_fastrtps_cppExport-noconfig.cmake
[0.939s] -- Up-to-date: /home/emzx/ros2_ws/install/my_robot_interfaces/share/my_robot_interfaces/cmake/my_robot_interfaces__rosidl_typesupport_introspection_cppExport.cmake
[0.939s] -- Up-to-date: /home/emzx/ros2_ws/install/my_robot_interfaces/share/my_robot_interfaces/cmake/my_robot_interfaces__rosidl_typesupport_introspection_cppExport-noconfig.cmake
[0.939s] -- Up-to-date: /home/emzx/ros2_ws/install/my_robot_interfaces/share/my_robot_interfaces/cmake/my_robot_interfaces__rosidl_typesupport_cppExport.cmake
[0.939s] -- Up-to-date: /home/emzx/ros2_ws/install/my_robot_interfaces/share/my_robot_interfaces/cmake/my_robot_interfaces__rosidl_typesupport_cppExport-noconfig.cmake
[0.939s] -- Up-to-date: /home/emzx/ros2_ws/install/my_robot_interfaces/share/my_robot_interfaces/cmake/export_my_robot_interfaces__rosidl_generator_pyExport.cmake
[0.939s] -- Up-to-date: /home/emzx/ros2_ws/install/my_robot_interfaces/share/my_robot_interfaces/cmake/export_my_robot_interfaces__rosidl_generator_pyExport-noconfig.cmake
[0.975s] Invoked command in '/home/emzx/ros2_ws/build/my_robot_interfaces' returned '0': CMAKE_PREFIX_PATH=${CMAKE_PREFIX_PATH}:/home/emzx/ros2_ws/install/turtlesim_catch_them_all:/home/emzx/ros2_ws/install/pacote_teste:/home/emzx/ros2_ws/install/bumperbot_utils:/home/emzx/ros2_ws/install/bumperbot_py:/opt/ros/jazzy DEBUGINFOD_URLS=https://debuginfod.ubuntu.com /usr/bin/cmake --install /home/emzx/ros2_ws/build/my_robot_interfaces
