[0.050s] Invoking command in '/home/emzx/neuronbot2_ros2_ws/build/rplidar_ros2': CMAKE_PREFIX_PATH=${CMAKE_PREFIX_PATH}:/home/emzx/ros2_ws/install/yolo_ros:/home/emzx/ros2_ws/install/vision_pipeline_openvino:/home/emzx/ros2_ws/install/rtabmap_python:/home/emzx/ros2_ws/install/box_follower_pkg:/home/emzx/neuronbot2_ros2_ws/install/neuronbot2_led:/opt/ros/humble PS1=(opencv_env) \[\e]0;\u@\h: \w\a\]${debian_chroot:+($debian_chroot)}\[\033[01;32m\]\u@\h\[\033[00m\]:\[\033[01;34m\]\w\[\033[00m\]\$ VIRTUAL_ENV_PROMPT=(opencv_env) /usr/bin/cmake /home/emzx/neuronbot2_ros2_ws/src/rplidar_ros -DAMENT_CMAKE_SYMLINK_INSTALL=1 -DCMAKE_INSTALL_PREFIX=/home/emzx/neuronbot2_ros2_ws/install/rplidar_ros2
[0.134s] -- Found ament_cmake: 1.3.12 (/opt/ros/humble/share/ament_cmake/cmake)
[0.540s] -- Override CMake install command with custom implementation using symlinks instead of copying resources
[0.583s] -- Found rclcpp: 16.0.15 (/opt/ros/humble/share/rclcpp/cmake)
[0.664s] -- Found rosidl_generator_c: 3.1.7 (/opt/ros/humble/share/rosidl_generator_c/cmake)
[0.674s] -- Found rosidl_adapter: 3.1.7 (/opt/ros/humble/share/rosidl_adapter/cmake)
[0.690s] -- Found rosidl_generator_cpp: 3.1.7 (/opt/ros/humble/share/rosidl_generator_cpp/cmake)
[0.723s] -- Using all available rosidl_typesupport_c: rosidl_typesupport_fastrtps_c;rosidl_typesupport_introspection_c
[0.759s] -- Using all available rosidl_typesupport_cpp: rosidl_typesupport_fastrtps_cpp;rosidl_typesupport_introspection_cpp
[0.845s] -- Found rmw_implementation_cmake: 6.1.2 (/opt/ros/humble/share/rmw_implementation_cmake/cmake)
[0.857s] -- Found rmw_fastrtps_cpp: 6.2.9 (/opt/ros/humble/share/rmw_fastrtps_cpp/cmake)
[1.105s] -- Using RMW implementation 'rmw_fastrtps_cpp' as default
[1.199s] -- Found sensor_msgs: 4.9.0 (/opt/ros/humble/share/sensor_msgs/cmake)
[1.252s] -- Found std_srvs: 4.9.0 (/opt/ros/humble/share/std_srvs/cmake)
[1.450s] -- Configuring done
[1.469s] -- Generating done
[1.477s] -- Build files have been written to: /home/emzx/neuronbot2_ros2_ws/build/rplidar_ros2
[1.493s] Invoked command in '/home/emzx/neuronbot2_ros2_ws/build/rplidar_ros2' returned '0': CMAKE_PREFIX_PATH=${CMAKE_PREFIX_PATH}:/home/emzx/ros2_ws/install/yolo_ros:/home/emzx/ros2_ws/install/vision_pipeline_openvino:/home/emzx/ros2_ws/install/rtabmap_python:/home/emzx/ros2_ws/install/box_follower_pkg:/home/emzx/neuronbot2_ros2_ws/install/neuronbot2_led:/opt/ros/humble PS1=(opencv_env) \[\e]0;\u@\h: \w\a\]${debian_chroot:+($debian_chroot)}\[\033[01;32m\]\u@\h\[\033[00m\]:\[\033[01;34m\]\w\[\033[00m\]\$ VIRTUAL_ENV_PROMPT=(opencv_env) /usr/bin/cmake /home/emzx/neuronbot2_ros2_ws/src/rplidar_ros -DAMENT_CMAKE_SYMLINK_INSTALL=1 -DCMAKE_INSTALL_PREFIX=/home/emzx/neuronbot2_ros2_ws/install/rplidar_ros2
[1.495s] Invoking command in '/home/emzx/neuronbot2_ros2_ws/build/rplidar_ros2': CMAKE_PREFIX_PATH=${CMAKE_PREFIX_PATH}:/home/emzx/ros2_ws/install/yolo_ros:/home/emzx/ros2_ws/install/vision_pipeline_openvino:/home/emzx/ros2_ws/install/rtabmap_python:/home/emzx/ros2_ws/install/box_follower_pkg:/home/emzx/neuronbot2_ros2_ws/install/neuronbot2_led:/opt/ros/humble PS1=(opencv_env) \[\e]0;\u@\h: \w\a\]${debian_chroot:+($debian_chroot)}\[\033[01;32m\]\u@\h\[\033[00m\]:\[\033[01;34m\]\w\[\033[00m\]\$ VIRTUAL_ENV_PROMPT=(opencv_env) /usr/bin/cmake --build /home/emzx/neuronbot2_ros2_ws/build/rplidar_ros2 -- -j8 -l8
[1.571s] [35m[1mConsolidate compiler generated dependencies of target rplidar_scan_publisher[0m
[1.619s] [100%] Built target rplidar_scan_publisher
[1.641s] Invoked command in '/home/emzx/neuronbot2_ros2_ws/build/rplidar_ros2' returned '0': CMAKE_PREFIX_PATH=${CMAKE_PREFIX_PATH}:/home/emzx/ros2_ws/install/yolo_ros:/home/emzx/ros2_ws/install/vision_pipeline_openvino:/home/emzx/ros2_ws/install/rtabmap_python:/home/emzx/ros2_ws/install/box_follower_pkg:/home/emzx/neuronbot2_ros2_ws/install/neuronbot2_led:/opt/ros/humble PS1=(opencv_env) \[\e]0;\u@\h: \w\a\]${debian_chroot:+($debian_chroot)}\[\033[01;32m\]\u@\h\[\033[00m\]:\[\033[01;34m\]\w\[\033[00m\]\$ VIRTUAL_ENV_PROMPT=(opencv_env) /usr/bin/cmake --build /home/emzx/neuronbot2_ros2_ws/build/rplidar_ros2 -- -j8 -l8
[1.645s] Invoking command in '/home/emzx/neuronbot2_ros2_ws/build/rplidar_ros2': CMAKE_PREFIX_PATH=${CMAKE_PREFIX_PATH}:/home/emzx/ros2_ws/install/yolo_ros:/home/emzx/ros2_ws/install/vision_pipeline_openvino:/home/emzx/ros2_ws/install/rtabmap_python:/home/emzx/ros2_ws/install/box_follower_pkg:/home/emzx/neuronbot2_ros2_ws/install/neuronbot2_led:/opt/ros/humble PS1=(opencv_env) \[\e]0;\u@\h: \w\a\]${debian_chroot:+($debian_chroot)}\[\033[01;32m\]\u@\h\[\033[00m\]:\[\033[01;34m\]\w\[\033[00m\]\$ VIRTUAL_ENV_PROMPT=(opencv_env) /usr/bin/cmake --install /home/emzx/neuronbot2_ros2_ws/build/rplidar_ros2
[1.662s] -- Install configuration: "Release"
[1.663s] -- Execute custom install script
[1.664s] -- Up-to-date symlink: /home/emzx/neuronbot2_ros2_ws/install/rplidar_ros2/share/rplidar_ros2/launch/rplidar_a3_launch.py
[1.664s] -- Up-to-date symlink: /home/emzx/neuronbot2_ros2_ws/install/rplidar_ros2/share/rplidar_ros2/launch/rplidar_launch.py
[1.665s] -- Up-to-date symlink: /home/emzx/neuronbot2_ros2_ws/install/rplidar_ros2/share/rplidar_ros2/launch/rplidar_s1_launch.py
[1.665s] -- Up-to-date symlink: /home/emzx/neuronbot2_ros2_ws/install/rplidar_ros2/share/rplidar_ros2/launch/rplidar_s1_tcp_launch.py
[1.665s] -- Up-to-date symlink: /home/emzx/neuronbot2_ros2_ws/install/rplidar_ros2/share/rplidar_ros2/launch/view_rplidar_a3_launch.py
[1.665s] -- Up-to-date symlink: /home/emzx/neuronbot2_ros2_ws/install/rplidar_ros2/share/rplidar_ros2/launch/view_rplidar_launch.py
[1.666s] -- Up-to-date symlink: /home/emzx/neuronbot2_ros2_ws/install/rplidar_ros2/share/rplidar_ros2/launch/view_rplidar_s1_launch.py
[1.666s] -- Up-to-date symlink: /home/emzx/neuronbot2_ros2_ws/install/rplidar_ros2/share/rplidar_ros2/launch/view_rplidar_s1_tcp_launch.py
[1.667s] -- Up-to-date symlink: /home/emzx/neuronbot2_ros2_ws/install/rplidar_ros2/share/rplidar_ros2/rviz/rplidar_ros2.rviz
[1.667s] -- Up-to-date symlink: /home/emzx/neuronbot2_ros2_ws/install/rplidar_ros2/lib/rplidar_ros2/rplidar_scan_publisher
[1.668s] -- Up-to-date symlink: /home/emzx/neuronbot2_ros2_ws/install/rplidar_ros2/share/ament_index/resource_index/package_run_dependencies/rplidar_ros2
[1.668s] -- Up-to-date symlink: /home/emzx/neuronbot2_ros2_ws/install/rplidar_ros2/share/ament_index/resource_index/parent_prefix_path/rplidar_ros2
[1.669s] -- Up-to-date symlink: /home/emzx/neuronbot2_ros2_ws/install/rplidar_ros2/share/rplidar_ros2/environment/ament_prefix_path.sh
[1.669s] -- Up-to-date symlink: /home/emzx/neuronbot2_ros2_ws/install/rplidar_ros2/share/rplidar_ros2/environment/ament_prefix_path.dsv
[1.669s] -- Up-to-date symlink: /home/emzx/neuronbot2_ros2_ws/install/rplidar_ros2/share/rplidar_ros2/environment/path.sh
[1.669s] -- Up-to-date symlink: /home/emzx/neuronbot2_ros2_ws/install/rplidar_ros2/share/rplidar_ros2/environment/path.dsv
[1.670s] -- Up-to-date symlink: /home/emzx/neuronbot2_ros2_ws/install/rplidar_ros2/share/rplidar_ros2/local_setup.bash
[1.670s] -- Up-to-date symlink: /home/emzx/neuronbot2_ros2_ws/install/rplidar_ros2/share/rplidar_ros2/local_setup.sh
[1.670s] -- Up-to-date symlink: /home/emzx/neuronbot2_ros2_ws/install/rplidar_ros2/share/rplidar_ros2/local_setup.zsh
[1.671s] -- Up-to-date symlink: /home/emzx/neuronbot2_ros2_ws/install/rplidar_ros2/share/rplidar_ros2/local_setup.dsv
[1.671s] -- Symlinking: /home/emzx/neuronbot2_ros2_ws/install/rplidar_ros2/share/rplidar_ros2/package.dsv
[1.696s] -- Up-to-date symlink: /home/emzx/neuronbot2_ros2_ws/install/rplidar_ros2/share/ament_index/resource_index/packages/rplidar_ros2
[1.697s] -- Up-to-date symlink: /home/emzx/neuronbot2_ros2_ws/install/rplidar_ros2/share/rplidar_ros2/cmake/ament_cmake_export_dependencies-extras.cmake
[1.697s] -- Up-to-date symlink: /home/emzx/neuronbot2_ros2_ws/install/rplidar_ros2/share/rplidar_ros2/cmake/ament_cmake_export_include_directories-extras.cmake
[1.698s] -- Up-to-date symlink: /home/emzx/neuronbot2_ros2_ws/install/rplidar_ros2/share/rplidar_ros2/cmake/rplidar_ros2Config.cmake
[1.698s] -- Up-to-date symlink: /home/emzx/neuronbot2_ros2_ws/install/rplidar_ros2/share/rplidar_ros2/cmake/rplidar_ros2Config-version.cmake
[1.698s] -- Up-to-date symlink: /home/emzx/neuronbot2_ros2_ws/install/rplidar_ros2/share/rplidar_ros2/package.xml
[1.705s] Invoked command in '/home/emzx/neuronbot2_ros2_ws/build/rplidar_ros2' returned '0': CMAKE_PREFIX_PATH=${CMAKE_PREFIX_PATH}:/home/emzx/ros2_ws/install/yolo_ros:/home/emzx/ros2_ws/install/vision_pipeline_openvino:/home/emzx/ros2_ws/install/rtabmap_python:/home/emzx/ros2_ws/install/box_follower_pkg:/home/emzx/neuronbot2_ros2_ws/install/neuronbot2_led:/opt/ros/humble PS1=(opencv_env) \[\e]0;\u@\h: \w\a\]${debian_chroot:+($debian_chroot)}\[\033[01;32m\]\u@\h\[\033[00m\]:\[\033[01;34m\]\w\[\033[00m\]\$ VIRTUAL_ENV_PROMPT=(opencv_env) /usr/bin/cmake --install /home/emzx/neuronbot2_ros2_ws/build/rplidar_ros2
